<html>
<body>
<pre>
<h1>µVision Build Log</h1>
<h2>Tool Versions:</h2>
IDE-Version: ¦ÌVision V5.23.0.0
Copyright (C) 2017 ARM Ltd and ARM Germany GmbH. All rights reserved.
License Information: 1 admin, 1, LIC=14HV2-97ADH-CXEU6-D1FQE-HPE1A-WYZDQ
 
Tool Versions:
Toolchain:       MDK-ARM Plus  Version: 5.23
Toolchain Path:  C:\Keil_v5\ARM\ARMCC\Bin
C Compiler:      Armcc.exe V5.06 update 4 (build 422)
Assembler:       Armasm.exe V5.06 update 4 (build 422)
Linker/Locator:  ArmLink.exe V5.06 update 4 (build 422)
Library Manager: ArmAr.exe V5.06 update 4 (build 422)
Hex Converter:   FromElf.exe V5.06 update 4 (build 422)
CPU DLL:         SARMCM3.DLL V5.23
Dialog DLL:      DARMCM1.DLL V1.17.0.0
Target DLL:      Segger\JL2CM3.dll V2.99.23.0
Dialog DLL:      TARMCM1.DLL V1.12.0.0
 
<h2>Project:</h2>
D:\User_FileClass\Desktop\FreeRTOS_DeepSleep_Task\MDK-ARM\FreeRTOS_SLEEP.uvprojx
Project File Date:  04/08/2025

<h2>Output:</h2>
*** Using Compiler 'V5.06 update 4 (build 422)', folder: 'C:\Keil_v5\ARM\ARMCC\Bin'
Rebuild target 'FreeRTOS_DeepSleep'
compiling list.c...
compiling queue.c...
compiling Tickless_Hook.c...
compiling heap_4.c...
compiling timers.c...
compiling croutine.c...
compiling tasks.c...
compiling port.c...
compiling fm33lc0xx_fl_adc.c...
compiling fm33lc0xx_fl_dma.c...
compiling fm33lc0xx_fl_aes.c...
compiling fm33lc0xx_fl_gpio.c...
compiling fm33lc0xx_fl_crc.c...
compiling fm33lc0xx_fl.c...
compiling fm33lc0xx_fl_divas.c...
compiling fm33lc0xx_fl_comp.c...
compiling fm33lc0xx_fl_bstim32.c...
compiling fm33lc0xx_fl_exti.c...
compiling fm33lc0xx_fl_flash.c...
compiling fm33lc0xx_fl_atim.c...
compiling fm33lc0xx_fl_gptim.c...
compiling fm33lc0xx_fl_i2c.c...
compiling fm33lc0xx_fl_lptim32.c...
compiling fm33lc0xx_fl_iwdt.c...
compiling fm33lc0xx_fl_lpuart.c...
compiling fm33lc0xx_fl_opa.c...
compiling fm33lc0xx_fl_pmu.c...
compiling fm33lc0xx_fl_rcc.c...
assembling startup_fm33lc0xx.s...
compiling fm33lc0xx_fl_rng.c...
compiling fm33lc0xx_fl_rtc.c...
compiling system_fm33lc0xx.c...
compiling fm33lc0xx_fl_spi.c...
compiling NumberBaseLib.c...
compiling fm33lc0xx_fl_svd.c...
compiling fm33lc0xx_fl_u7816.c...
compiling fm33lc0xx_fl_uart.c...
compiling StrLib.c...
compiling fm33lc0xx_fl_wwdt.c...
compiling fm33lc0xx_fl_lcd.c...
compiling mf_config.c...
..\MF-config\mf_config.c(55): warning:  #1215-D: #warning directive: need check;
      #warning need check;
..\MF-config\mf_config.c(87): warning:  #1215-D: #warning directive: need check;
      #warning need check;
..\MF-config\mf_config.c: 2 warnings, 0 errors
compiling AT24CXXDataLoader.c...
..\Interflow\AT24CXXDataLoader.c(38): warning:  #1215-D: #warning directive: need check;
      #warning need check;
..\Interflow\AT24CXXDataLoader.c: 1 warning, 0 errors
compiling Check_XTHF_Or_XTLF.c...
compiling PublicLib_No_One.c...
compiling RTC_SetTime.c...
compiling SetTime.c...
compiling BSTim.c...
compiling ADC.c...
..\Src\ADC.c(121): warning:  #1215-D: #warning directive: need check;
      #warning need check;
..\Src\ADC.c: 1 warning, 0 errors
compiling AT24C02.c...
compiling Define.c...
..\Src\Define.c(14): warning:  #1215-D: #warning directive: need check;
      #warning need check;
..\Src\Define.c(29): warning:  #1215-D: #warning directive: need check;
      #warning need check;
..\Src\Define.c: 2 warnings, 0 errors
compiling LPTim32.c...
compiling main.c...
compiling MeasureTask.c...
compiling RTC.c...
compiling ReadEEpromTask.c...
compiling SendDataTask.c...
linking...
Program Size: Code=15412 RO-data=1180 RW-data=700 ZI-data=22836  
FromELF: creating hex file...
".\Objects\\ADC_Poll.axf" - 0 Error(s), 6 Warning(s).

<h2>Collection of Component include folders:</h2>
  .\RTE\_FreeRTOS_DeepSleep
  C:\Keil_v5\ARM\PACK\FMSH\FM33LC0XX_DFP\3.0.4\Device\Include

<h2>Collection of Component Files used:</h2>
Build Time Elapsed:  00:00:01
</pre>
</body>
</html>
