<html>
<body>
<pre>
<h1>�Vision Build Log</h1>
<h2>Tool Versions:</h2>
IDE-Version: ��Vision V5.35.0.0
Copyright (C) 2021 ARM Ltd and ARM Germany GmbH. All rights reserved.
License Information: 1 choulei, 1, LIC=VGXG8-3C1ST-IIA5V-PY5HX-N90ME-QZGHJ
 
Tool Versions:
Toolchain:       MDK-ARM Plus  Version: 5.35.0.2
Toolchain Path:  C:\Keil_v5\ARM\ARMCC\Bin
C Compiler:      Armcc.exe V5.06 update 7 (build 960)
Assembler:       Armasm.exe V5.06 update 7 (build 960)
Linker/Locator:  ArmLink.exe V5.06 update 7 (build 960)
Library Manager: ArmAr.exe V5.06 update 7 (build 960)
Hex Converter:   FromElf.exe V5.06 update 7 (build 960)
CPU DLL:         SARMCM3.DLL V5.35.0.2
Dialog DLL:      DARMCM1.DLL V1.19.4.0
Target DLL:      Segger\JL2CM3.dll V2.99.40.0
Dialog DLL:      TARMCM1.DLL V1.14.4.0
 
<h2>Project:</h2>
E:\work\git_room\QiuLei_WorkSpace\Motor_Ctrl_Dev_NB\FreeRTOS_DeepSleep_Task\MDK-ARM\FreeRTOS_SLEEP.uvprojx
Project File Date:  09/05/2025

<h2>Output:</h2>
*** Using Compiler 'V5.06 update 7 (build 960)', folder: 'C:\Keil_v5\ARM\ARMCC\Bin'
Rebuild target 'FreeRTOS_DeepSleep'
compiling croutine.c...
compiling timers.c...
compiling heap_4.c...
compiling queue.c...
compiling list.c...
compiling event_groups.c...
compiling port.c...
compiling tasks.c...
compiling fm33lc0xx_fl_aes.c...
compiling fm33lc0xx_fl.c...
compiling fm33lc0xx_fl_adc.c...
compiling Tickless_Hook.c...
compiling fm33lc0xx_fl_comp.c...
compiling fm33lc0xx_fl_bstim32.c...
compiling fm33lc0xx_fl_atim.c...
compiling fm33lc0xx_fl_crc.c...
compiling fm33lc0xx_fl_dma.c...
compiling fm33lc0xx_fl_exti.c...
compiling fm33lc0xx_fl_gpio.c...
compiling fm33lc0xx_fl_flash.c...
compiling fm33lc0xx_fl_divas.c...
compiling fm33lc0xx_fl_i2c.c...
compiling fm33lc0xx_fl_iwdt.c...
compiling fm33lc0xx_fl_gptim.c...
compiling fm33lc0xx_fl_lpuart.c...
compiling fm33lc0xx_fl_lptim32.c...
compiling fm33lc0xx_fl_opa.c...
compiling fm33lc0xx_fl_pmu.c...
compiling fm33lc0xx_fl_rcc.c...
compiling fm33lc0xx_fl_rng.c...
assembling startup_fm33lc0xx.s...
compiling fm33lc0xx_fl_spi.c...
compiling fm33lc0xx_fl_rtc.c...
compiling system_fm33lc0xx.c...
compiling JsonCheckFun.c...
compiling JsonDataAnalyzeLib.c...
compiling JsonSetLib.c...
compiling fm33lc0xx_fl_svd.c...
compiling NumberBaseLib.c...
compiling fm33lc0xx_fl_u7816.c...
compiling fm33lc0xx_fl_uart.c...
compiling fm33lc0xx_fl_wwdt.c...
compiling fm33lc0xx_fl_lcd.c...
compiling SetTime.c...
compiling StrLib.c...
compiling AT24CXXDataLoader.c...
..\Interflow\AT24CXXDataLoader.c(81): warning:  #1215-D: #warning directive: "调试用的临时权限";
  #warning "调试用的临时权限";
..\Interflow\AT24CXXDataLoader.c: 1 warning, 0 errors
compiling mf_config.c...
compiling Check_XTHF_Or_XTLF.c...
compiling PublicLib_No_One.c...
compiling MIN_SetTime.c...
compiling RTC_SetTime.c...
compiling UpData.c...
compiling HY_TXRX.c...
compiling NetProt_Module.c...
compiling _Module_ATCmd_FunctionSum.c...
compiling BSTim.c...
compiling ADC.c...
compiling AT24C02.c...
compiling Display_LCD_Lib.c...
compiling Define.c...
compiling LPTim32.c...
compiling GP21.c...
compiling Display.c...
..\Src\Display.c(73): warning:  #1215-D: #warning directive: "LCD_缺少汉字进、回";
  #warning "LCD_缺少汉字进、回";
..\Src\Display.c(96): warning:  #1215-D: #warning directive: "LCD_第六个数码管缺少小数�?;
  #warning "LCD_第六个数码管缺少小数�?";
..\Src\Display.c(118): warning:  #1215-D: #warning directive: "LCD_第六个数码管缺少小数�?;
  #warning "LCD_第六个数码管缺少小数�?";
..\Src\Display.c(141): warning:  #1215-D: #warning directive: "LCD_Time";
  #warning "LCD_Time";
..\Src\Display.c(200): warning:  #1215-D: #warning directive: "LCD_第六个数码管缺少小数�?;
  #warning "LCD_第六个数码管缺少小数�?";
..\Src\Display.c(455): warning:  #1215-D: #warning directive: "LCD_PleasePay";
  #warning "LCD_PleasePay";
..\Src\Display.c: 6 warnings, 0 errors
compiling LPUart_0_And_1_Lib.c...
compiling NB_Mode_Lib.c...
compiling main.c...
compiling MotorCtrlDev.c...
compiling PowerCtrl.c...
compiling PT1000.c...
compiling RTC.c...
compiling CI522_App.c...
compiling CI522_interface.c...
compiling TaskAboutTimer.c...
compiling TaskAllReceive.c...
compiling TaskEEprom.c...
compiling Task_Valve.c...
compiling TaskGpioInit.c...
compiling TaskNBAndWeb.c...
linking...
Program Size: Code=78948 RO-data=3804 RW-data=1904 ZI-data=20528  
FromELF: creating hex file...
After Build - User command #1: fromelf --bin --output Objects/FreeRTOS_DeepSleep.bin Objects/FreeRTOS_DeepSleep.axf
".\Objects\\FreeRTOS_DeepSleep.axf" - 0 Error(s), 7 Warning(s).

<h2>Software Packages used:</h2>

Package Vendor: FMSH
                https://fmdevelopers.oss-cn-shanghai.aliyuncs.com/FMSH.FM33LC0XX_DFP.3.0.4.pack
                FMSH.FM33LC0XX_DFP.3.0.4
                FMSH FM33LC0XX Series Device Family Pack

<h2>Collection of Component include folders:</h2>
  C:\Keil_v5\Arm\Packs\FMSH\FM33LC0XX_DFP\3.0.4\Device\Include

<h2>Collection of Component Files used:</h2>
Build Time Elapsed:  00:00:06
</pre>
</body>
</html>
