<html>
<body>
<pre>
<h1>µVision Build Log</h1>
<h2>Tool Versions:</h2>
IDE-Version: ¦ÌVision V5.35.0.0
Copyright (C) 2021 ARM Ltd and ARM Germany GmbH. All rights reserved.
License Information: 1 choulei, 1, LIC=VGXG8-3C1ST-IIA5V-PY5HX-N90ME-QZGHJ
 
Tool Versions:
Toolchain:       MDK-ARM Plus  Version: 5.35.0.2
Toolchain Path:  C:\Keil_v5\ARM\ARMCC\Bin
C Compiler:      Armcc.exe V5.06 update 7 (build 960)
Assembler:       Armasm.exe V5.06 update 7 (build 960)
Linker/Locator:  ArmLink.exe V5.06 update 7 (build 960)
Library Manager: ArmAr.exe V5.06 update 7 (build 960)
Hex Converter:   FromElf.exe V5.06 update 7 (build 960)
CPU DLL:         SARMCM3.DLL V5.35.0.2
Dialog DLL:      DARMCM1.DLL V1.19.4.0
Target DLL:      Segger\JL2CM3.dll V2.99.40.0
Dialog DLL:      TARMCM1.DLL V1.14.4.0
 
<h2>Project:</h2>
E:\work\git_room\QiuLei_WorkSpace\ReadDevOfTemperatureOrPressure\FreeRTOS_DeepSleep_Task\MDK-ARM\FreeRTOS_SLEEP.uvprojx
Project File Date:  06/16/2025

<h2>Output:</h2>
*** Using Compiler 'V5.06 update 7 (build 960)', folder: 'C:\Keil_v5\ARM\ARMCC\Bin'
Rebuild target 'FreeRTOS_DeepSleep'
compiling list.c...
compiling heap_4.c...
compiling timers.c...
compiling tasks.c...
compiling croutine.c...
compiling queue.c...
compiling port.c...
compiling fm33lc0xx_fl.c...
compiling Tickless_Hook.c...
compiling fm33lc0xx_fl_adc.c...
compiling fm33lc0xx_fl_aes.c...
compiling fm33lc0xx_fl_atim.c...
compiling fm33lc0xx_fl_bstim32.c...
compiling fm33lc0xx_fl_crc.c...
compiling fm33lc0xx_fl_comp.c...
compiling fm33lc0xx_fl_dma.c...
compiling fm33lc0xx_fl_exti.c...
compiling fm33lc0xx_fl_flash.c...
compiling fm33lc0xx_fl_gpio.c...
compiling fm33lc0xx_fl_divas.c...
compiling fm33lc0xx_fl_gptim.c...
compiling fm33lc0xx_fl_i2c.c...
compiling fm33lc0xx_fl_iwdt.c...
compiling fm33lc0xx_fl_lptim32.c...
compiling fm33lc0xx_fl_lpuart.c...
compiling fm33lc0xx_fl_opa.c...
compiling fm33lc0xx_fl_pmu.c...
compiling fm33lc0xx_fl_rcc.c...
compiling fm33lc0xx_fl_rng.c...
compiling fm33lc0xx_fl_rtc.c...
compiling fm33lc0xx_fl_spi.c...
assembling startup_fm33lc0xx.s...
compiling fm33lc0xx_fl_svd.c...
compiling NumberBaseLib.c...
compiling system_fm33lc0xx.c...
compiling fm33lc0xx_fl_u7816.c...
compiling fm33lc0xx_fl_uart.c...
compiling fm33lc0xx_fl_wwdt.c...
compiling fm33lc0xx_fl_lcd.c...
compiling StrLib.c...
compiling SetTime.c...
compiling mf_config.c...
compiling AT24CXXDataLoader.c...
compiling Check_XTHF_Or_XTLF.c...
compiling PublicLib_No_One.c...
compiling MIN_SetTime.c...
compiling RTC_SetTime.c...
compiling BSTim.c...
compiling ADC.c...
compiling AT24C02.c...
compiling Define.c...
..\Src\Define.c(338): warning:  #1215-D: #warning directive: "need to be implemented";
  #warning "need to be implemented";
..\Src\Define.c: 1 warning, 0 errors
compiling GPIO_Interrupt.c...
compiling GP21.c...
compiling LPTim32.c...
compiling LPUart_0_And_1_Lib.c...
compiling main.c...
compiling PT1000.c...
compiling RTC.c...
compiling SX276_Init.c...
compiling SX1276.c...
compiling SX1276_Receive.c...
compiling SX1276_TX.c...
compiling TaskReadEEprom.c...
compiling TaskAboutTimer.c...
compiling TaskLPUart_0_And_1.c...
compiling PowerCtrl.c...
linking...
Program Size: Code=37956 RO-data=5960 RW-data=660 ZI-data=14820  
FromELF: creating hex file...
".\Objects\\FreeRTOS_DeepSleep.axf" - 0 Error(s), 1 Warning(s).

<h2>Software Packages used:</h2>

Package Vendor: FMSH
                https://fmdevelopers.oss-cn-shanghai.aliyuncs.com/FMSH.FM33LC0XX_DFP.3.0.4.pack
                FMSH.FM33LC0XX_DFP.3.0.4
                FMSH FM33LC0XX Series Device Family Pack

<h2>Collection of Component include folders:</h2>
  C:\Keil_v5\Arm\Packs\FMSH\FM33LC0XX_DFP\3.0.4\Device\Include

<h2>Collection of Component Files used:</h2>
Build Time Elapsed:  00:00:07
</pre>
</body>
</html>
