<!doctype html public "-//w3c//dtd html 4.0 transitional//en">
<html><head>
<title>Static Call Graph - [.\Objects\\FreeRTOS_DeepSleep.axf]</title></head>
<body><HR>
<H1>Static Call Graph for image .\Objects\\FreeRTOS_DeepSleep.axf</H1><HR>
<BR><P>#&#060CALLGRAPH&#062# ARM Linker, 5060960: Last Updated: Thu Sep 04 16:42:52 2025
<BR><P>
<H3>Maximum Stack Usage =       1496 bytes + Unknown(Functions without stacksize, Cycles, Untraceable Function Pointers)</H3><H3>
Call chain for Maximum Stack Depth:</H3>
AllReceive &rArr; HY_USB_TTL_CheckBuff &rArr; UpData_Receive_Hex &rArr; SaveUpdataToPage8Buff &rArr; writeUpdataBuffDataToFlash &rArr; flash_write_page &rArr; FL_FLASH_Program_Page
<P>
<H3>
Functions with no stack information
</H3><UL>
 <LI><a href="#[ef]">__user_initial_stackheap</a>
</UL>
</UL>
<P>
<H3>
Mutually Recursive functions
</H3> <LI><a href="#[14]">NMI_Handler</a>&nbsp;&nbsp;&nbsp;&rArr;&nbsp;&nbsp;&nbsp;<a href="#[14]">NMI_Handler</a><BR>
 <LI><a href="#[15]">HardFault_Handler</a>&nbsp;&nbsp;&nbsp;&rArr;&nbsp;&nbsp;&nbsp;<a href="#[15]">HardFault_Handler</a><BR>
 <LI><a href="#[1e]">ADC_IRQHandler</a>&nbsp;&nbsp;&nbsp;&rArr;&nbsp;&nbsp;&nbsp;<a href="#[1e]">ADC_IRQHandler</a><BR>
 <LI><a href="#[20d]">readNowSendMode</a>&nbsp;&nbsp;&nbsp;&rArr;&nbsp;&nbsp;&nbsp;<a href="#[20d]">readNowSendMode</a><BR>
 <LI><a href="#[285]">quicksort</a>&nbsp;&nbsp;&nbsp;&rArr;&nbsp;&nbsp;&nbsp;<a href="#[285]">quicksort</a><BR>
</UL>
<P>
<H3>
Function Pointers
</H3><UL>
 <LI><a href="#[1e]">ADC_IRQHandler</a> from startup_fm33lc0xx.o(.text) referenced from startup_fm33lc0xx.o(RESET)
 <LI><a href="#[2c]">AES_IRQHandler</a> from startup_fm33lc0xx.o(.text) referenced from startup_fm33lc0xx.o(RESET)
 <LI><a href="#[35]">ATIM_IRQHandler</a> from startup_fm33lc0xx.o(.text) referenced from startup_fm33lc0xx.o(RESET)
 <LI><a href="#[56]">AllReceive</a> from taskallreceive.o(i.AllReceive) referenced from main.o(i.main)
 <LI><a href="#[5c]">Arr_get</a> from jsondataanalyzelib.o(i.Arr_get) referenced from jsondataanalyzelib.o(i.newJsonArrayByString)
 <LI><a href="#[5d]">Arr_getArray</a> from jsondataanalyzelib.o(i.Arr_getArray) referenced from jsondataanalyzelib.o(i.newJsonArrayByString)
 <LI><a href="#[5b]">Arr_isJsonNull</a> from jsondataanalyzelib.o(i.Arr_isJsonNull) referenced from jsondataanalyzelib.o(i.newJsonArrayByString)
 <LI><a href="#[5a]">Arr_sizeItemNum</a> from jsondataanalyzelib.o(i.Arr_sizeItemNum) referenced from jsondataanalyzelib.o(i.newJsonArrayByString)
 <LI><a href="#[31]">BSTIM_IRQHandler</a> from bstim.o(i.BSTIM_IRQHandler) referenced from startup_fm33lc0xx.o(RESET)
 <LI><a href="#[32]">COMPx_IRQHandler</a> from startup_fm33lc0xx.o(.text) referenced from startup_fm33lc0xx.o(RESET)
 <LI><a href="#[2e]">DMA_IRQHandler</a> from startup_fm33lc0xx.o(.text) referenced from startup_fm33lc0xx.o(RESET)
 <LI><a href="#[42]">DoneCardCmd</a> from taskallreceive.o(i.DoneCardCmd) referenced from taskallreceive.o(i.AllReceive)
 <LI><a href="#[1c]">FLASH_IRQHandler</a> from startup_fm33lc0xx.o(.text) referenced from startup_fm33lc0xx.o(RESET)
 <LI><a href="#[52]">FL_FDET_IsActiveFlag_XTLFFail</a> from check_xthf_or_xtlf.o(i.FL_FDET_IsActiveFlag_XTLFFail) referenced from check_xthf_or_xtlf.o(i.check_XTClock_isOk)
 <LI><a href="#[6d]">FL_GPIO_SetExtiLine0</a> from fm33lc0xx_fl_exti.o(i.FL_GPIO_SetExtiLine0) referenced from fm33lc0xx_fl_exti.o(.constdata)
 <LI><a href="#[6e]">FL_GPIO_SetExtiLine1</a> from fm33lc0xx_fl_exti.o(i.FL_GPIO_SetExtiLine1) referenced from fm33lc0xx_fl_exti.o(.constdata)
 <LI><a href="#[77]">FL_GPIO_SetExtiLine10</a> from fm33lc0xx_fl_exti.o(i.FL_GPIO_SetExtiLine10) referenced from fm33lc0xx_fl_exti.o(.constdata)
 <LI><a href="#[78]">FL_GPIO_SetExtiLine11</a> from fm33lc0xx_fl_exti.o(i.FL_GPIO_SetExtiLine11) referenced from fm33lc0xx_fl_exti.o(.constdata)
 <LI><a href="#[79]">FL_GPIO_SetExtiLine12</a> from fm33lc0xx_fl_exti.o(i.FL_GPIO_SetExtiLine12) referenced from fm33lc0xx_fl_exti.o(.constdata)
 <LI><a href="#[7a]">FL_GPIO_SetExtiLine13</a> from fm33lc0xx_fl_exti.o(i.FL_GPIO_SetExtiLine13) referenced from fm33lc0xx_fl_exti.o(.constdata)
 <LI><a href="#[7b]">FL_GPIO_SetExtiLine14</a> from fm33lc0xx_fl_exti.o(i.FL_GPIO_SetExtiLine14) referenced from fm33lc0xx_fl_exti.o(.constdata)
 <LI><a href="#[6f]">FL_GPIO_SetExtiLine2</a> from fm33lc0xx_fl_exti.o(i.FL_GPIO_SetExtiLine2) referenced from fm33lc0xx_fl_exti.o(.constdata)
 <LI><a href="#[70]">FL_GPIO_SetExtiLine3</a> from fm33lc0xx_fl_exti.o(i.FL_GPIO_SetExtiLine3) referenced from fm33lc0xx_fl_exti.o(.constdata)
 <LI><a href="#[71]">FL_GPIO_SetExtiLine4</a> from fm33lc0xx_fl_exti.o(i.FL_GPIO_SetExtiLine4) referenced from fm33lc0xx_fl_exti.o(.constdata)
 <LI><a href="#[72]">FL_GPIO_SetExtiLine5</a> from fm33lc0xx_fl_exti.o(i.FL_GPIO_SetExtiLine5) referenced from fm33lc0xx_fl_exti.o(.constdata)
 <LI><a href="#[73]">FL_GPIO_SetExtiLine6</a> from fm33lc0xx_fl_exti.o(i.FL_GPIO_SetExtiLine6) referenced from fm33lc0xx_fl_exti.o(.constdata)
 <LI><a href="#[74]">FL_GPIO_SetExtiLine7</a> from fm33lc0xx_fl_exti.o(i.FL_GPIO_SetExtiLine7) referenced from fm33lc0xx_fl_exti.o(.constdata)
 <LI><a href="#[75]">FL_GPIO_SetExtiLine8</a> from fm33lc0xx_fl_exti.o(i.FL_GPIO_SetExtiLine8) referenced from fm33lc0xx_fl_exti.o(.constdata)
 <LI><a href="#[76]">FL_GPIO_SetExtiLine9</a> from fm33lc0xx_fl_exti.o(i.FL_GPIO_SetExtiLine9) referenced from fm33lc0xx_fl_exti.o(.constdata)
 <LI><a href="#[7c]">FL_GPIO_SetTriggerEdge</a> from fm33lc0xx_fl_exti.o(i.FL_GPIO_SetTriggerEdge) referenced from fm33lc0xx_fl_exti.o(.constdata)
 <LI><a href="#[37]">GPIO_IRQHandler</a> from taskgpioinit.o(i.GPIO_IRQHandler) referenced from startup_fm33lc0xx.o(RESET)
 <LI><a href="#[33]">GPTIM0_IRQHandler</a> from startup_fm33lc0xx.o(.text) referenced from startup_fm33lc0xx.o(RESET)
 <LI><a href="#[34]">GPTIM1_IRQHandler</a> from startup_fm33lc0xx.o(.text) referenced from startup_fm33lc0xx.o(RESET)
 <LI><a href="#[55]">GpioTask</a> from taskgpioinit.o(i.GpioTask) referenced from main.o(i.main)
 <LI><a href="#[43]">GpioTaskTimerCallback</a> from taskgpioinit.o(i.GpioTaskTimerCallback) referenced from taskgpioinit.o(i.GpioTask)
 <LI><a href="#[27]">HFDET_IRQHandler</a> from startup_fm33lc0xx.o(.text) referenced from startup_fm33lc0xx.o(RESET)
 <LI><a href="#[15]">HardFault_Handler</a> from startup_fm33lc0xx.o(.text) referenced from startup_fm33lc0xx.o(RESET)
 <LI><a href="#[2a]">I2C_IRQHandler</a> from startup_fm33lc0xx.o(.text) referenced from startup_fm33lc0xx.o(RESET)
 <LI><a href="#[1f]">IWDT_IRQHandler</a> from startup_fm33lc0xx.o(.text) referenced from startup_fm33lc0xx.o(RESET)
 <LI><a href="#[22]">LCD_IRQHandler</a> from startup_fm33lc0xx.o(.text) referenced from startup_fm33lc0xx.o(RESET)
 <LI><a href="#[1d]">LFDET_IRQHandler</a> from check_xthf_or_xtlf.o(i.LFDET_IRQHandler) referenced from startup_fm33lc0xx.o(RESET)
 <LI><a href="#[2d]">LPTIM_IRQHandler</a> from lptim32.o(i.LPTIM_IRQHandler) referenced from startup_fm33lc0xx.o(RESET)
 <LI><a href="#[38]">LPUART0_IRQHandler</a> from lpuart_0_and_1_lib.o(i.LPUART0_IRQHandler) referenced from startup_fm33lc0xx.o(RESET)
 <LI><a href="#[46]">LPUART0_ReadData_Deal</a> from lpuart_0_and_1_lib.o(i.LPUART0_ReadData_Deal) referenced from lpuart_0_and_1_lib.o(i.LPUART0_IRQHandler)
 <LI><a href="#[29]">LPUART1_IRQHandler</a> from startup_fm33lc0xx.o(.text) referenced from startup_fm33lc0xx.o(RESET)
 <LI><a href="#[57]">NBModeTask</a> from tasknbandweb.o(i.NBModeTask) referenced from main.o(i.main)
 <LI><a href="#[14]">NMI_Handler</a> from startup_fm33lc0xx.o(.text) referenced from startup_fm33lc0xx.o(RESET)
 <LI><a href="#[30]">OPAx_IRQHandler</a> from startup_fm33lc0xx.o(.text) referenced from startup_fm33lc0xx.o(RESET)
 <LI><a href="#[64]">Obj_getArray</a> from jsondataanalyzelib.o(i.Obj_getArray) referenced from jsondataanalyzelib.o(i.newJsonObjectByString)
 <LI><a href="#[62]">Obj_getBool</a> from jsondataanalyzelib.o(i.Obj_getBool) referenced from jsondataanalyzelib.o(i.newJsonObjectByString)
 <LI><a href="#[61]">Obj_getDouble</a> from jsondataanalyzelib.o(i.Obj_getDouble) referenced from jsondataanalyzelib.o(i.newJsonObjectByString)
 <LI><a href="#[60]">Obj_getInt</a> from jsondataanalyzelib.o(i.Obj_getInt) referenced from jsondataanalyzelib.o(i.newJsonObjectByString)
 <LI><a href="#[65]">Obj_getObject</a> from jsondataanalyzelib.o(i.Obj_getObject) referenced from jsondataanalyzelib.o(i.newJsonObjectByString)
 <LI><a href="#[63]">Obj_getString</a> from jsondataanalyzelib.o(i.Obj_getString) referenced from jsondataanalyzelib.o(i.newJsonObjectByString)
 <LI><a href="#[5f]">Obj_isJsonNull</a> from jsondataanalyzelib.o(i.Obj_isJsonNull) referenced from jsondataanalyzelib.o(i.newJsonObjectByString)
 <LI><a href="#[5e]">Obj_sizeStr</a> from jsondataanalyzelib.o(i.Obj_sizeStr) referenced from jsondataanalyzelib.o(i.newJsonObjectByString)
 <LI><a href="#[4d]">Online_Timer</a> from tasknbandweb.o(i.Online_Timer) referenced from tasknbandweb.o(i.StartNB_SUB)
 <LI><a href="#[17]">PendSV_Handler</a> from port.o(.emb_text) referenced from startup_fm33lc0xx.o(RESET)
 <LI><a href="#[1b]">RTC_IRQHandler</a> from rtc.o(i.RTC_IRQHandler) referenced from startup_fm33lc0xx.o(RESET)
 <LI><a href="#[59]">ReadEEprom</a> from taskeeprom.o(i.ReadEEprom) referenced from main.o(i.main)
 <LI><a href="#[4c]">ReadEEpromTimerCallback</a> from taskeeprom.o(i.ReadEEpromTimerCallback) referenced from taskeeprom.o(i.ReadEEprom)
 <LI><a href="#[4c]">ReadEEpromTimerCallback</a> from taskeeprom.o(i.ReadEEpromTimerCallback) referenced from taskeeprom.o(i.ReadEEpromTimerCallback)
 <LI><a href="#[13]">Reset_Handler</a> from startup_fm33lc0xx.o(.text) referenced from startup_fm33lc0xx.o(RESET)
 <LI><a href="#[20]">SPI1_IRQHandler</a> from startup_fm33lc0xx.o(.text) referenced from startup_fm33lc0xx.o(RESET)
 <LI><a href="#[21]">SPI2_IRQHandler</a> from startup_fm33lc0xx.o(.text) referenced from startup_fm33lc0xx.o(RESET)
 <LI><a href="#[16]">SVC_Handler</a> from port.o(i.SVC_Handler) referenced from startup_fm33lc0xx.o(RESET)
 <LI><a href="#[1a]">SVD_IRQHandler</a> from startup_fm33lc0xx.o(.text) referenced from startup_fm33lc0xx.o(RESET)
 <LI><a href="#[85]">ShowBatV</a> from display.o(i.ShowBatV) referenced from display.o(.constdata)
 <LI><a href="#[8d]">ShowCCID</a> from display.o(i.ShowCCID) referenced 3 times from display.o(.constdata)
 <LI><a href="#[87]">ShowErrerCode</a> from display.o(i.ShowErrerCode) referenced from display.o(.constdata)
 <LI><a href="#[88]">ShowFrontValveCtrlUser</a> from display.o(i.ShowFrontValveCtrlUser) referenced from display.o(.constdata)
 <LI><a href="#[44]">ShowHomePage</a> from display.o(i.ShowHomePage) referenced from taskgpioinit.o(i.GpioTask)
 <LI><a href="#[44]">ShowHomePage</a> from display.o(i.ShowHomePage) referenced from define.o(i.HY_USB_TTL_CheckBuff)
 <LI><a href="#[44]">ShowHomePage</a> from display.o(i.ShowHomePage) referenced from display.o(i.LCD_MenuPage_Change)
 <LI><a href="#[44]">ShowHomePage</a> from display.o(i.ShowHomePage) referenced from tasknbandweb.o(i.NBModeTask)
 <LI><a href="#[44]">ShowHomePage</a> from display.o(i.ShowHomePage) referenced from display.o(i.ShowHomePage)
 <LI><a href="#[44]">ShowHomePage</a> from display.o(i.ShowHomePage) referenced from motorctrldev.o(i.Valve_SetDegree)
 <LI><a href="#[44]">ShowHomePage</a> from display.o(i.ShowHomePage) referenced from define.o(i.WeiteCmdSubData)
 <LI><a href="#[44]">ShowHomePage</a> from display.o(i.ShowHomePage) referenced from taskeeprom.o(i.WriteEEprom)
 <LI><a href="#[44]">ShowHomePage</a> from display.o(i.ShowHomePage) referenced from at24cxxdataloader.o(i.setNetArgumentInit)
 <LI><a href="#[44]">ShowHomePage</a> from display.o(i.ShowHomePage) referenced from taskabouttimer.o(i.startRunTask)
 <LI><a href="#[89]">ShowIMEI</a> from display.o(i.ShowIMEI) referenced 2 times from display.o(.constdata)
 <LI><a href="#[8a]">ShowIP</a> from display.o(i.ShowIP) referenced from display.o(.constdata)
 <LI><a href="#[7e]">ShowMeterID</a> from display.o(i.ShowMeterID) referenced from display.o(.constdata)
 <LI><a href="#[84]">ShowNBModeSignal_CSQ</a> from display.o(i.ShowNBModeSignal_CSQ) referenced from display.o(.constdata)
 <LI><a href="#[7f]">ShowNowLimitTime</a> from display.o(i.ShowNowLimitTime) referenced from display.o(.constdata)
 <LI><a href="#[8b]">ShowPort</a> from display.o(i.ShowPort) referenced from display.o(.constdata)
 <LI><a href="#[81]">ShowRTCDate_Now</a> from display.o(i.ShowRTCDate_Now) referenced from display.o(.constdata)
 <LI><a href="#[82]">ShowRTCTime_Now</a> from display.o(i.ShowRTCTime_Now) referenced from display.o(.constdata)
 <LI><a href="#[80]">ShowTemper</a> from display.o(i.ShowTemper) referenced from display.o(.constdata)
 <LI><a href="#[83]">ShowUserEnableFlag</a> from display.o(i.ShowUserEnableFlag) referenced from display.o(.constdata)
 <LI><a href="#[7d]">ShowValvePart</a> from display.o(i.ShowValvePart) referenced from display.o(.constdata)
 <LI><a href="#[86]">ShowVerNum</a> from display.o(i.ShowVerNum) referenced from display.o(.constdata)
 <LI><a href="#[8c]">Show_RSRP_RSRQ</a> from display.o(i.Show_RSRP_RSRQ) referenced from display.o(.constdata)
 <LI><a href="#[18]">SysTick_Handler</a> from port.o(i.SysTick_Handler) referenced from startup_fm33lc0xx.o(RESET)
 <LI><a href="#[39]">SystemInit</a> from system_fm33lc0xx.o(i.SystemInit) referenced from startup_fm33lc0xx.o(.text)
 <LI><a href="#[58]">TimeTask</a> from taskabouttimer.o(i.TimeTask) referenced from main.o(i.main)
 <LI><a href="#[28]">U7816_IRQHandler</a> from startup_fm33lc0xx.o(.text) referenced from startup_fm33lc0xx.o(RESET)
 <LI><a href="#[23]">UART0_IRQHandler</a> from startup_fm33lc0xx.o(.text) referenced from startup_fm33lc0xx.o(RESET)
 <LI><a href="#[24]">UART1_IRQHandler</a> from lpuart_0_and_1_lib.o(i.UART1_IRQHandler) referenced from startup_fm33lc0xx.o(RESET)
 <LI><a href="#[4f]">UART1_ReadData_Deal</a> from lpuart_0_and_1_lib.o(i.UART1_ReadData_Deal) referenced from lpuart_0_and_1_lib.o(i.UART1_IRQHandler)
 <LI><a href="#[25]">UART4_IRQHandler</a> from startup_fm33lc0xx.o(.text) referenced from startup_fm33lc0xx.o(RESET)
 <LI><a href="#[26]">UART5_IRQHandler</a> from startup_fm33lc0xx.o(.text) referenced from startup_fm33lc0xx.o(RESET)
 <LI><a href="#[2b]">USB_IRQHandler</a> from startup_fm33lc0xx.o(.text) referenced from startup_fm33lc0xx.o(RESET)
 <LI><a href="#[48]">UserGetDownCmd</a> from _module_atcmd_functionsum.o(i.UserGetDownCmd) referenced from netprot_module.o(i.NetAT_Init)
 <LI><a href="#[47]">UserSendData</a> from _module_atcmd_functionsum.o(i.UserSendData) referenced from netprot_module.o(i.NetAT_Init)
 <LI><a href="#[36]">VREF_IRQHandler</a> from startup_fm33lc0xx.o(.text) referenced from startup_fm33lc0xx.o(RESET)
 <LI><a href="#[54]">ValveCtrlTask</a> from task_valve.o(i.ValveCtrlTask) referenced from main.o(i.main)
 <LI><a href="#[2f]">WKUP_IRQHandler</a> from startup_fm33lc0xx.o(.text) referenced from startup_fm33lc0xx.o(RESET)
 <LI><a href="#[19]">WWDT_IRQHandler</a> from startup_fm33lc0xx.o(.text) referenced from startup_fm33lc0xx.o(RESET)
 <LI><a href="#[53]">WriteEEprom</a> from taskeeprom.o(i.WriteEEprom) referenced from main.o(i.main)
 <LI><a href="#[50]">WriteEEpromTimerCallback</a> from taskeeprom.o(i.WriteEEpromTimerCallback) referenced from taskeeprom.o(i.WriteEEprom)
 <LI><a href="#[50]">WriteEEpromTimerCallback</a> from taskeeprom.o(i.WriteEEpromTimerCallback) referenced from taskeeprom.o(i.WriteEEpromTimerCallback)
 <LI><a href="#[49]">_DataInstallation</a> from netprot_module.o(i._DataInstallation) referenced from netprot_module.o(i.New_NetDevAT_Obj)
 <LI><a href="#[10]">_DeleteQueue</a> from define.o(i._DeleteQueue) referenced 2 times from define.o(.data)
 <LI><a href="#[4a]">_DoingATCmdResData</a> from netprot_module.o(i._DoingATCmdResData) referenced from netprot_module.o(i.New_NetDevAT_Obj)
 <LI><a href="#[11]">_EC20_ReBoot_In_RTC_By_1Second</a> from rtc.o(i._EC20_ReBoot_In_RTC_By_1Second) referenced 2 times from rtc.o(.data)
 <LI><a href="#[f]">_EnterQueue</a> from define.o(i._EnterQueue) referenced 2 times from define.o(.data)
 <LI><a href="#[b]">_InitRTCTask</a> from rtc_settime.o(i._InitRTCTask) referenced 2 times from rtc_settime.o(.data)
 <LI><a href="#[d]">_InitSetTimeTask</a> from settime.o(i._InitSetTimeTask) referenced 2 times from settime.o(.data)
 <LI><a href="#[7]">_MinInitRTCTask</a> from min_settime.o(i._MinInitRTCTask) referenced 2 times from min_settime.o(.data)
 <LI><a href="#[8]">_MinRTCCloseTask</a> from min_settime.o(i._MinRTCCloseTask) referenced 2 times from min_settime.o(.data)
 <LI><a href="#[9]">_Min_15_InitRTCTask</a> from min_settime.o(i._Min_15_InitRTCTask) referenced 2 times from min_settime.o(.data)
 <LI><a href="#[a]">_Min_15_RTCCloseTask</a> from min_settime.o(i._Min_15_RTCCloseTask) referenced 2 times from min_settime.o(.data)
 <LI><a href="#[c]">_RTCCloseTask</a> from rtc_settime.o(i._RTCCloseTask) referenced 2 times from rtc_settime.o(.data)
 <LI><a href="#[12]">_RTC_ReBoot_Check</a> from rtc.o(i._RTC_ReBoot_Check) referenced 2 times from rtc.o(.data)
 <LI><a href="#[e]">_SetCloseTask</a> from settime.o(i._SetCloseTask) referenced 2 times from settime.o(.data)
 <LI><a href="#[8e]">__main</a> from __main.o(!!!main) referenced from startup_fm33lc0xx.o(.text)
 <LI><a href="#[51]">_getStrlen</a> from strlib.o(i._getStrlen) referenced from strlib.o(i._strnewInit)
 <LI><a href="#[41]">_get_lc_ctype</a> from lc_ctype_c.o(locale$$code) referenced from rt_ctype_table.o(.text)
 <LI><a href="#[3e]">_printf_input_char</a> from _printf_char_common.o(.text) referenced from _printf_char_common.o(.text)
 <LI><a href="#[3d]">_sbackspace</a> from _sgetc.o(.text) referenced 2 times from __0sscanf.o(.text)
 <LI><a href="#[3f]">_scanf_char_input</a> from scanf_char.o(.text) referenced from scanf_char.o(.text)
 <LI><a href="#[6b]">_scanf_really_hex_real</a> from scanf_hexfp.o(.text) referenced from scanf2.o(x$fpl$scanf2)
 <LI><a href="#[6c]">_scanf_really_infnan</a> from scanf_infnan.o(.text) referenced from scanf2.o(x$fpl$scanf2)
 <LI><a href="#[6a]">_scanf_really_real</a> from scanf_fp.o(.text) referenced from scanf1.o(x$fpl$scanf1)
 <LI><a href="#[3c]">_sgetc</a> from _sgetc.o(.text) referenced 2 times from __0sscanf.o(.text)
 <LI><a href="#[3b]">_sputc</a> from _sputc.o(.text) referenced from __2sprintf.o(.text)
 <LI><a href="#[45]">check_XTClock_isOk</a> from check_xthf_or_xtlf.o(i.check_XTClock_isOk) referenced from check_xthf_or_xtlf.o(i.LFDET_IRQHandler)
 <LI><a href="#[45]">check_XTClock_isOk</a> from check_xthf_or_xtlf.o(i.check_XTClock_isOk) referenced from check_xthf_or_xtlf.o(i.check_XTClock_isOk)
 <LI><a href="#[4b]">closeLightOrM1</a> from taskallreceive.o(i.closeLightOrM1) referenced from taskallreceive.o(i.OpenUartOfLightOrM1)
 <LI><a href="#[4b]">closeLightOrM1</a> from taskallreceive.o(i.closeLightOrM1) referenced from taskallreceive.o(i.closeLightOrM1)
 <LI><a href="#[40]">isspace</a> from isspace.o(.text) referenced 2 times from scanf_char.o(.text)
 <LI><a href="#[68]">prvIdleTask</a> from tasks.o(i.prvIdleTask) referenced from tasks.o(i.vTaskStartScheduler)
 <LI><a href="#[66]">prvTaskExitError</a> from port.o(i.prvTaskExitError) referenced from port.o(i.pxPortInitialiseStack)
 <LI><a href="#[69]">prvTimerTask</a> from timers.o(i.prvTimerTask) referenced from timers.o(i.xTimerCreateTimerTask)
 <LI><a href="#[4e]">startRunTask</a> from taskabouttimer.o(i.startRunTask) referenced from taskabouttimer.o(i.TimeTask)
 <LI><a href="#[67]">startTimeTask</a> from taskabouttimer.o(i.startTimeTask) referenced from taskabouttimer.o(i.startRunTask)
 <LI><a href="#[67]">startTimeTask</a> from taskabouttimer.o(i.startTimeTask) referenced from taskabouttimer.o(i.startTimeTask)
</UL>
<P>
<H3>
Global Symbols
</H3>
<P><STRONG><a name="[8e]"></a>__main</STRONG> (Thumb, 8 bytes, Stack size 0 bytes, __main.o(!!!main))
<BR><BR>[Calls]<UL><LI><a href="#[90]">&gt;&gt;</a>&nbsp;&nbsp;&nbsp;__rt_entry
<LI><a href="#[8f]">&gt;&gt;</a>&nbsp;&nbsp;&nbsp;__scatterload
</UL>

<P><STRONG><a name="[8f]"></a>__scatterload</STRONG> (Thumb, 0 bytes, Stack size unknown bytes, __scatter.o(!!!scatter))
<BR><BR>[Called By]<UL><LI><a href="#[8e]">&gt;&gt;</a>&nbsp;&nbsp;&nbsp;__main
</UL>

<P><STRONG><a name="[91]"></a>__scatterload_rt2</STRONG> (Thumb, 52 bytes, Stack size unknown bytes, __scatter.o(!!!scatter), UNUSED)
<BR><BR>[Calls]<UL><LI><a href="#[90]">&gt;&gt;</a>&nbsp;&nbsp;&nbsp;__rt_entry
</UL>

<P><STRONG><a name="[307]"></a>__scatterload_rt2_thumb_only</STRONG> (Thumb, 0 bytes, Stack size unknown bytes, __scatter.o(!!!scatter), UNUSED)

<P><STRONG><a name="[308]"></a>__scatterload_null</STRONG> (Thumb, 0 bytes, Stack size unknown bytes, __scatter.o(!!!scatter), UNUSED)

<P><STRONG><a name="[309]"></a>__scatterload_zeroinit</STRONG> (Thumb, 28 bytes, Stack size unknown bytes, __scatter_zi.o(!!handler_zi), UNUSED)

<P><STRONG><a name="[b6]"></a>_printf_percent</STRONG> (Thumb, 0 bytes, Stack size unknown bytes, _printf_percent.o(.ARM.Collect$$_printf_percent$$00000000))
<BR><BR>[Called By]<UL><LI><a href="#[b4]">&gt;&gt;</a>&nbsp;&nbsp;&nbsp;__printf
</UL>

<P><STRONG><a name="[92]"></a>_printf_d</STRONG> (Thumb, 0 bytes, Stack size unknown bytes, _printf_d.o(.ARM.Collect$$_printf_percent$$00000009))
<BR><BR>[Stack]<UL><LI>Max Depth = 96 + Unknown Stack Size
<LI>Call Chain = _printf_d &rArr; _printf_x &rArr; _printf_int_hex &rArr; _printf_longlong_hex &rArr; _printf_int_common &rArr; _printf_post_padding
</UL>
<BR>[Calls]<UL><LI><a href="#[93]">&gt;&gt;</a>&nbsp;&nbsp;&nbsp;_printf_x
<LI><a href="#[94]">&gt;&gt;</a>&nbsp;&nbsp;&nbsp;_printf_int_dec
</UL>

<P><STRONG><a name="[93]"></a>_printf_x</STRONG> (Thumb, 0 bytes, Stack size unknown bytes, _printf_x.o(.ARM.Collect$$_printf_percent$$0000000C))
<BR><BR>[Stack]<UL><LI>Max Depth = 96 + Unknown Stack Size
<LI>Call Chain = _printf_x &rArr; _printf_int_hex &rArr; _printf_longlong_hex &rArr; _printf_int_common &rArr; _printf_post_padding
</UL>
<BR>[Calls]<UL><LI><a href="#[95]">&gt;&gt;</a>&nbsp;&nbsp;&nbsp;_printf_s
<LI><a href="#[96]">&gt;&gt;</a>&nbsp;&nbsp;&nbsp;_printf_int_hex
</UL>
<BR>[Called By]<UL><LI><a href="#[92]">&gt;&gt;</a>&nbsp;&nbsp;&nbsp;_printf_d
</UL>

<P><STRONG><a name="[95]"></a>_printf_s</STRONG> (Thumb, 0 bytes, Stack size unknown bytes, _printf_s.o(.ARM.Collect$$_printf_percent$$00000014))
<BR><BR>[Stack]<UL><LI>Max Depth = 40 + Unknown Stack Size
<LI>Call Chain = _printf_s &rArr; _printf_string &rArr; _printf_cs_common &rArr; _printf_str &rArr; _printf_post_padding
</UL>
<BR>[Calls]<UL><LI><a href="#[97]">&gt;&gt;</a>&nbsp;&nbsp;&nbsp;_printf_percent_end
<LI><a href="#[98]">&gt;&gt;</a>&nbsp;&nbsp;&nbsp;_printf_string
</UL>
<BR>[Called By]<UL><LI><a href="#[93]">&gt;&gt;</a>&nbsp;&nbsp;&nbsp;_printf_x
</UL>

<P><STRONG><a name="[97]"></a>_printf_percent_end</STRONG> (Thumb, 0 bytes, Stack size unknown bytes, _printf_percent_end.o(.ARM.Collect$$_printf_percent$$00000017))
<BR><BR>[Called By]<UL><LI><a href="#[95]">&gt;&gt;</a>&nbsp;&nbsp;&nbsp;_printf_s
</UL>

<P><STRONG><a name="[a1]"></a>__rt_lib_init</STRONG> (Thumb, 0 bytes, Stack size unknown bytes, libinit.o(.ARM.Collect$$libinit$$00000000))
<BR><BR>[Called By]<UL><LI><a href="#[a0]">&gt;&gt;</a>&nbsp;&nbsp;&nbsp;__rt_entry_li
</UL>

<P><STRONG><a name="[30a]"></a>__rt_lib_init_fp_1</STRONG> (Thumb, 0 bytes, Stack size unknown bytes, libinit2.o(.ARM.Collect$$libinit$$00000002))

<P><STRONG><a name="[30b]"></a>__rt_lib_init_heap_1</STRONG> (Thumb, 0 bytes, Stack size unknown bytes, libinit2.o(.ARM.Collect$$libinit$$0000000A))

<P><STRONG><a name="[99]"></a>__rt_lib_init_lc_common</STRONG> (Thumb, 0 bytes, Stack size unknown bytes, libinit2.o(.ARM.Collect$$libinit$$0000000F))
<BR><BR>[Calls]<UL><LI><a href="#[9a]">&gt;&gt;</a>&nbsp;&nbsp;&nbsp;__rt_locale
</UL>

<P><STRONG><a name="[30c]"></a>__rt_lib_init_preinit_1</STRONG> (Thumb, 0 bytes, Stack size unknown bytes, libinit2.o(.ARM.Collect$$libinit$$00000004))

<P><STRONG><a name="[30d]"></a>__rt_lib_init_rand_1</STRONG> (Thumb, 0 bytes, Stack size unknown bytes, libinit2.o(.ARM.Collect$$libinit$$0000000E))

<P><STRONG><a name="[30e]"></a>__rt_lib_init_user_alloc_1</STRONG> (Thumb, 0 bytes, Stack size unknown bytes, libinit2.o(.ARM.Collect$$libinit$$0000000C))

<P><STRONG><a name="[30f]"></a>__rt_lib_init_lc_collate_1</STRONG> (Thumb, 0 bytes, Stack size unknown bytes, libinit2.o(.ARM.Collect$$libinit$$00000011))

<P><STRONG><a name="[9b]"></a>__rt_lib_init_lc_ctype_2</STRONG> (Thumb, 0 bytes, Stack size unknown bytes, libinit2.o(.ARM.Collect$$libinit$$00000012))
<BR><BR>[Stack]<UL><LI>Max Depth = 24 + Unknown Stack Size
<LI>Call Chain = __rt_lib_init_lc_ctype_2 &rArr; _get_lc_ctype &rArr; strcmp
</UL>
<BR>[Calls]<UL><LI><a href="#[41]">&gt;&gt;</a>&nbsp;&nbsp;&nbsp;_get_lc_ctype
</UL>

<P><STRONG><a name="[310]"></a>__rt_lib_init_lc_ctype_1</STRONG> (Thumb, 0 bytes, Stack size unknown bytes, libinit2.o(.ARM.Collect$$libinit$$00000013))

<P><STRONG><a name="[311]"></a>__rt_lib_init_lc_monetary_1</STRONG> (Thumb, 0 bytes, Stack size unknown bytes, libinit2.o(.ARM.Collect$$libinit$$00000015))

<P><STRONG><a name="[9c]"></a>__rt_lib_init_lc_numeric_2</STRONG> (Thumb, 0 bytes, Stack size unknown bytes, libinit2.o(.ARM.Collect$$libinit$$00000016))
<BR><BR>[Stack]<UL><LI>Max Depth = 24 + Unknown Stack Size
<LI>Call Chain = __rt_lib_init_lc_numeric_2 &rArr; _get_lc_numeric &rArr; strcmp
</UL>
<BR>[Calls]<UL><LI><a href="#[9d]">&gt;&gt;</a>&nbsp;&nbsp;&nbsp;_get_lc_numeric
</UL>

<P><STRONG><a name="[312]"></a>__rt_lib_init_alloca_1</STRONG> (Thumb, 0 bytes, Stack size unknown bytes, libinit2.o(.ARM.Collect$$libinit$$0000002E))

<P><STRONG><a name="[313]"></a>__rt_lib_init_argv_1</STRONG> (Thumb, 0 bytes, Stack size unknown bytes, libinit2.o(.ARM.Collect$$libinit$$0000002C))

<P><STRONG><a name="[314]"></a>__rt_lib_init_atexit_1</STRONG> (Thumb, 0 bytes, Stack size unknown bytes, libinit2.o(.ARM.Collect$$libinit$$0000001B))

<P><STRONG><a name="[315]"></a>__rt_lib_init_clock_1</STRONG> (Thumb, 0 bytes, Stack size unknown bytes, libinit2.o(.ARM.Collect$$libinit$$00000021))

<P><STRONG><a name="[316]"></a>__rt_lib_init_cpp_1</STRONG> (Thumb, 0 bytes, Stack size unknown bytes, libinit2.o(.ARM.Collect$$libinit$$00000032))

<P><STRONG><a name="[317]"></a>__rt_lib_init_exceptions_1</STRONG> (Thumb, 0 bytes, Stack size unknown bytes, libinit2.o(.ARM.Collect$$libinit$$00000030))

<P><STRONG><a name="[318]"></a>__rt_lib_init_fp_trap_1</STRONG> (Thumb, 0 bytes, Stack size unknown bytes, libinit2.o(.ARM.Collect$$libinit$$0000001F))

<P><STRONG><a name="[319]"></a>__rt_lib_init_getenv_1</STRONG> (Thumb, 0 bytes, Stack size unknown bytes, libinit2.o(.ARM.Collect$$libinit$$00000023))

<P><STRONG><a name="[31a]"></a>__rt_lib_init_lc_numeric_1</STRONG> (Thumb, 0 bytes, Stack size unknown bytes, libinit2.o(.ARM.Collect$$libinit$$00000017))

<P><STRONG><a name="[31b]"></a>__rt_lib_init_lc_time_1</STRONG> (Thumb, 0 bytes, Stack size unknown bytes, libinit2.o(.ARM.Collect$$libinit$$00000019))

<P><STRONG><a name="[31c]"></a>__rt_lib_init_return</STRONG> (Thumb, 0 bytes, Stack size unknown bytes, libinit2.o(.ARM.Collect$$libinit$$00000033))

<P><STRONG><a name="[31d]"></a>__rt_lib_init_signal_1</STRONG> (Thumb, 0 bytes, Stack size unknown bytes, libinit2.o(.ARM.Collect$$libinit$$0000001D))

<P><STRONG><a name="[31e]"></a>__rt_lib_init_stdio_1</STRONG> (Thumb, 0 bytes, Stack size unknown bytes, libinit2.o(.ARM.Collect$$libinit$$00000025))

<P><STRONG><a name="[a6]"></a>__rt_lib_shutdown</STRONG> (Thumb, 0 bytes, Stack size unknown bytes, libshutdown.o(.ARM.Collect$$libshutdown$$00000000))
<BR><BR>[Called By]<UL><LI><a href="#[a5]">&gt;&gt;</a>&nbsp;&nbsp;&nbsp;__rt_exit_ls
</UL>

<P><STRONG><a name="[31f]"></a>__rt_lib_shutdown_cpp_1</STRONG> (Thumb, 0 bytes, Stack size unknown bytes, libshutdown2.o(.ARM.Collect$$libshutdown$$00000004))

<P><STRONG><a name="[320]"></a>__rt_lib_shutdown_fini_1</STRONG> (Thumb, 0 bytes, Stack size unknown bytes, libshutdown2.o(.ARM.Collect$$libshutdown$$00000002))

<P><STRONG><a name="[321]"></a>__rt_lib_shutdown_fp_trap_1</STRONG> (Thumb, 0 bytes, Stack size unknown bytes, libshutdown2.o(.ARM.Collect$$libshutdown$$00000009))

<P><STRONG><a name="[322]"></a>__rt_lib_shutdown_heap_1</STRONG> (Thumb, 0 bytes, Stack size unknown bytes, libshutdown2.o(.ARM.Collect$$libshutdown$$00000011))

<P><STRONG><a name="[323]"></a>__rt_lib_shutdown_return</STRONG> (Thumb, 0 bytes, Stack size unknown bytes, libshutdown2.o(.ARM.Collect$$libshutdown$$00000012))

<P><STRONG><a name="[324]"></a>__rt_lib_shutdown_signal_1</STRONG> (Thumb, 0 bytes, Stack size unknown bytes, libshutdown2.o(.ARM.Collect$$libshutdown$$0000000C))

<P><STRONG><a name="[325]"></a>__rt_lib_shutdown_stdio_1</STRONG> (Thumb, 0 bytes, Stack size unknown bytes, libshutdown2.o(.ARM.Collect$$libshutdown$$00000006))

<P><STRONG><a name="[326]"></a>__rt_lib_shutdown_user_alloc_1</STRONG> (Thumb, 0 bytes, Stack size unknown bytes, libshutdown2.o(.ARM.Collect$$libshutdown$$0000000E))

<P><STRONG><a name="[90]"></a>__rt_entry</STRONG> (Thumb, 0 bytes, Stack size unknown bytes, __rtentry.o(.ARM.Collect$$rtentry$$00000000))
<BR><BR>[Called By]<UL><LI><a href="#[8e]">&gt;&gt;</a>&nbsp;&nbsp;&nbsp;__main
<LI><a href="#[91]">&gt;&gt;</a>&nbsp;&nbsp;&nbsp;__scatterload_rt2
</UL>

<P><STRONG><a name="[327]"></a>__rt_entry_presh_1</STRONG> (Thumb, 0 bytes, Stack size unknown bytes, __rtentry2.o(.ARM.Collect$$rtentry$$00000002))

<P><STRONG><a name="[9e]"></a>__rt_entry_sh</STRONG> (Thumb, 0 bytes, Stack size unknown bytes, __rtentry4.o(.ARM.Collect$$rtentry$$00000004))
<BR><BR>[Stack]<UL><LI>Max Depth = 8 + Unknown Stack Size
<LI>Call Chain = __rt_entry_sh &rArr; __user_setup_stackheap
</UL>
<BR>[Calls]<UL><LI><a href="#[9f]">&gt;&gt;</a>&nbsp;&nbsp;&nbsp;__user_setup_stackheap
</UL>

<P><STRONG><a name="[a0]"></a>__rt_entry_li</STRONG> (Thumb, 0 bytes, Stack size unknown bytes, __rtentry2.o(.ARM.Collect$$rtentry$$0000000A))
<BR><BR>[Calls]<UL><LI><a href="#[a1]">&gt;&gt;</a>&nbsp;&nbsp;&nbsp;__rt_lib_init
</UL>

<P><STRONG><a name="[328]"></a>__rt_entry_postsh_1</STRONG> (Thumb, 0 bytes, Stack size unknown bytes, __rtentry2.o(.ARM.Collect$$rtentry$$00000009))

<P><STRONG><a name="[a2]"></a>__rt_entry_main</STRONG> (Thumb, 0 bytes, Stack size unknown bytes, __rtentry2.o(.ARM.Collect$$rtentry$$0000000D))
<BR><BR>[Stack]<UL><LI>Max Depth = 288 + Unknown Stack Size
<LI>Call Chain = __rt_entry_main &rArr; main &rArr; StartOPenDevMode &rArr; Device_Init &rArr; Check_Temper_Battery_Init &rArr; MF_ADC_Sampling_Init &rArr; init_ADCTest_RunFlag &rArr; xQueueGenericCreate &rArr; pvPortMalloc &rArr; xTaskResumeAll &rArr; xTaskIncrementTick
</UL>
<BR>[Calls]<UL><LI><a href="#[a3]">&gt;&gt;</a>&nbsp;&nbsp;&nbsp;main
<LI><a href="#[a4]">&gt;&gt;</a>&nbsp;&nbsp;&nbsp;exit
</UL>

<P><STRONG><a name="[329]"></a>__rt_entry_postli_1</STRONG> (Thumb, 0 bytes, Stack size unknown bytes, __rtentry2.o(.ARM.Collect$$rtentry$$0000000C))

<P><STRONG><a name="[f6]"></a>__rt_exit</STRONG> (Thumb, 0 bytes, Stack size unknown bytes, rtexit.o(.ARM.Collect$$rtexit$$00000000))
<BR><BR>[Called By]<UL><LI><a href="#[a4]">&gt;&gt;</a>&nbsp;&nbsp;&nbsp;exit
</UL>

<P><STRONG><a name="[a5]"></a>__rt_exit_ls</STRONG> (Thumb, 0 bytes, Stack size unknown bytes, rtexit2.o(.ARM.Collect$$rtexit$$00000003))
<BR><BR>[Calls]<UL><LI><a href="#[a6]">&gt;&gt;</a>&nbsp;&nbsp;&nbsp;__rt_lib_shutdown
</UL>

<P><STRONG><a name="[32a]"></a>__rt_exit_prels_1</STRONG> (Thumb, 0 bytes, Stack size unknown bytes, rtexit2.o(.ARM.Collect$$rtexit$$00000002))

<P><STRONG><a name="[a7]"></a>__rt_exit_exit</STRONG> (Thumb, 0 bytes, Stack size unknown bytes, rtexit2.o(.ARM.Collect$$rtexit$$00000004))
<BR><BR>[Calls]<UL><LI><a href="#[a8]">&gt;&gt;</a>&nbsp;&nbsp;&nbsp;_sys_exit
</UL>

<P><STRONG><a name="[2f6]"></a>__asm___6_port_c_39a90d8d__prvPortStartFirstTask</STRONG> (Thumb, 36 bytes, Stack size 0 bytes, port.o(.emb_text))
<BR><BR>[Called By]<UL><LI><a href="#[2f3]">&gt;&gt;</a>&nbsp;&nbsp;&nbsp;xPortStartScheduler
</UL>

<P><STRONG><a name="[274]"></a>ulSetInterruptMaskFromISR</STRONG> (Thumb, 8 bytes, Stack size 0 bytes, port.o(.emb_text))
<BR><BR>[Called By]<UL><LI><a href="#[144]">&gt;&gt;</a>&nbsp;&nbsp;&nbsp;xQueueGiveFromISR
<LI><a href="#[2f9]">&gt;&gt;</a>&nbsp;&nbsp;&nbsp;xQueueGenericSendFromISR
<LI><a href="#[18]">&gt;&gt;</a>&nbsp;&nbsp;&nbsp;SysTick_Handler
<LI><a href="#[145]">&gt;&gt;</a>&nbsp;&nbsp;&nbsp;xTaskResumeFromISR
</UL>

<P><STRONG><a name="[276]"></a>vClearInterruptMaskFromISR</STRONG> (Thumb, 6 bytes, Stack size 0 bytes, port.o(.emb_text))
<BR><BR>[Called By]<UL><LI><a href="#[144]">&gt;&gt;</a>&nbsp;&nbsp;&nbsp;xQueueGiveFromISR
<LI><a href="#[2f9]">&gt;&gt;</a>&nbsp;&nbsp;&nbsp;xQueueGenericSendFromISR
<LI><a href="#[18]">&gt;&gt;</a>&nbsp;&nbsp;&nbsp;SysTick_Handler
<LI><a href="#[145]">&gt;&gt;</a>&nbsp;&nbsp;&nbsp;xTaskResumeFromISR
</UL>

<P><STRONG><a name="[17]"></a>PendSV_Handler</STRONG> (Thumb, 62 bytes, Stack size 0 bytes, port.o(.emb_text))
<BR><BR>[Calls]<UL><LI><a href="#[a9]">&gt;&gt;</a>&nbsp;&nbsp;&nbsp;vTaskSwitchContext
</UL>
<BR>[Address Reference Count : 1]<UL><LI> startup_fm33lc0xx.o(RESET)
</UL>
<P><STRONG><a name="[bc]"></a>__aeabi_memcpy4</STRONG> (Thumb, 56 bytes, Stack size 0 bytes, rt_memcpy.o(.emb_text))
<BR><BR>[Called By]<UL><LI><a href="#[26a]">&gt;&gt;</a>&nbsp;&nbsp;&nbsp;TimestampToRTCData
<LI><a href="#[240]">&gt;&gt;</a>&nbsp;&nbsp;&nbsp;newJsonArrayByString
<LI><a href="#[65]">&gt;&gt;</a>&nbsp;&nbsp;&nbsp;Obj_getObject
<LI><a href="#[64]">&gt;&gt;</a>&nbsp;&nbsp;&nbsp;Obj_getArray
<LI><a href="#[203]">&gt;&gt;</a>&nbsp;&nbsp;&nbsp;newJsonObjectByString
<LI><a href="#[252]">&gt;&gt;</a>&nbsp;&nbsp;&nbsp;RTCTimeAddSecToNewTime
<LI><a href="#[172]">&gt;&gt;</a>&nbsp;&nbsp;&nbsp;get_Module_DevCCLK
<LI><a href="#[15e]">&gt;&gt;</a>&nbsp;&nbsp;&nbsp;DataInstallation__NB
<LI><a href="#[238]">&gt;&gt;</a>&nbsp;&nbsp;&nbsp;New_NetDevAT_Obj
<LI><a href="#[237]">&gt;&gt;</a>&nbsp;&nbsp;&nbsp;NetAT_Init
<LI><a href="#[82]">&gt;&gt;</a>&nbsp;&nbsp;&nbsp;ShowRTCTime_Now
<LI><a href="#[81]">&gt;&gt;</a>&nbsp;&nbsp;&nbsp;ShowRTCDate_Now
<LI><a href="#[118]">&gt;&gt;</a>&nbsp;&nbsp;&nbsp;LCD_MenuPage_Change
<LI><a href="#[174]">&gt;&gt;</a>&nbsp;&nbsp;&nbsp;WeiteCmdSubData
<LI><a href="#[10f]">&gt;&gt;</a>&nbsp;&nbsp;&nbsp;HY_USB_TTL_CheckBuff
<LI><a href="#[42]">&gt;&gt;</a>&nbsp;&nbsp;&nbsp;DoneCardCmd
<LI><a href="#[253]">&gt;&gt;</a>&nbsp;&nbsp;&nbsp;getDaysInMonth
<LI><a href="#[254]">&gt;&gt;</a>&nbsp;&nbsp;&nbsp;RTC_GetRTC
<LI><a href="#[bb]">&gt;&gt;</a>&nbsp;&nbsp;&nbsp;__aeabi_memcpy
</UL>

<P><STRONG><a name="[32b]"></a>__aeabi_memcpy8</STRONG> (Thumb, 0 bytes, Stack size 0 bytes, rt_memcpy.o(.emb_text), UNUSED)

<P><STRONG><a name="[13]"></a>Reset_Handler</STRONG> (Thumb, 8 bytes, Stack size 0 bytes, startup_fm33lc0xx.o(.text))
<BR>[Address Reference Count : 1]<UL><LI> startup_fm33lc0xx.o(RESET)
</UL>
<P><STRONG><a name="[14]"></a>NMI_Handler</STRONG> (Thumb, 2 bytes, Stack size 0 bytes, startup_fm33lc0xx.o(.text))
<BR><BR>[Calls]<UL><LI><a href="#[14]">&gt;&gt;</a>&nbsp;&nbsp;&nbsp;NMI_Handler
</UL>
<BR>[Called By]<UL><LI><a href="#[14]">&gt;&gt;</a>&nbsp;&nbsp;&nbsp;NMI_Handler
</UL>
<BR>[Address Reference Count : 1]<UL><LI> startup_fm33lc0xx.o(RESET)
</UL>
<P><STRONG><a name="[15]"></a>HardFault_Handler</STRONG> (Thumb, 2 bytes, Stack size 0 bytes, startup_fm33lc0xx.o(.text))
<BR><BR>[Calls]<UL><LI><a href="#[15]">&gt;&gt;</a>&nbsp;&nbsp;&nbsp;HardFault_Handler
</UL>
<BR>[Called By]<UL><LI><a href="#[15]">&gt;&gt;</a>&nbsp;&nbsp;&nbsp;HardFault_Handler
</UL>
<BR>[Address Reference Count : 1]<UL><LI> startup_fm33lc0xx.o(RESET)
</UL>
<P><STRONG><a name="[1e]"></a>ADC_IRQHandler</STRONG> (Thumb, 0 bytes, Stack size 0 bytes, startup_fm33lc0xx.o(.text))
<BR><BR>[Calls]<UL><LI><a href="#[1e]">&gt;&gt;</a>&nbsp;&nbsp;&nbsp;ADC_IRQHandler
</UL>
<BR>[Called By]<UL><LI><a href="#[1e]">&gt;&gt;</a>&nbsp;&nbsp;&nbsp;ADC_IRQHandler
</UL>
<BR>[Address Reference Count : 1]<UL><LI> startup_fm33lc0xx.o(RESET)
</UL>
<P><STRONG><a name="[2c]"></a>AES_IRQHandler</STRONG> (Thumb, 0 bytes, Stack size 0 bytes, startup_fm33lc0xx.o(.text))
<BR>[Address Reference Count : 1]<UL><LI> startup_fm33lc0xx.o(RESET)
</UL>
<P><STRONG><a name="[35]"></a>ATIM_IRQHandler</STRONG> (Thumb, 0 bytes, Stack size 0 bytes, startup_fm33lc0xx.o(.text))
<BR>[Address Reference Count : 1]<UL><LI> startup_fm33lc0xx.o(RESET)
</UL>
<P><STRONG><a name="[32]"></a>COMPx_IRQHandler</STRONG> (Thumb, 0 bytes, Stack size 0 bytes, startup_fm33lc0xx.o(.text))
<BR>[Address Reference Count : 1]<UL><LI> startup_fm33lc0xx.o(RESET)
</UL>
<P><STRONG><a name="[2e]"></a>DMA_IRQHandler</STRONG> (Thumb, 0 bytes, Stack size 0 bytes, startup_fm33lc0xx.o(.text))
<BR>[Address Reference Count : 1]<UL><LI> startup_fm33lc0xx.o(RESET)
</UL>
<P><STRONG><a name="[1c]"></a>FLASH_IRQHandler</STRONG> (Thumb, 0 bytes, Stack size 0 bytes, startup_fm33lc0xx.o(.text))
<BR>[Address Reference Count : 1]<UL><LI> startup_fm33lc0xx.o(RESET)
</UL>
<P><STRONG><a name="[33]"></a>GPTIM0_IRQHandler</STRONG> (Thumb, 0 bytes, Stack size 0 bytes, startup_fm33lc0xx.o(.text))
<BR>[Address Reference Count : 1]<UL><LI> startup_fm33lc0xx.o(RESET)
</UL>
<P><STRONG><a name="[34]"></a>GPTIM1_IRQHandler</STRONG> (Thumb, 0 bytes, Stack size 0 bytes, startup_fm33lc0xx.o(.text))
<BR>[Address Reference Count : 1]<UL><LI> startup_fm33lc0xx.o(RESET)
</UL>
<P><STRONG><a name="[27]"></a>HFDET_IRQHandler</STRONG> (Thumb, 0 bytes, Stack size 0 bytes, startup_fm33lc0xx.o(.text))
<BR>[Address Reference Count : 1]<UL><LI> startup_fm33lc0xx.o(RESET)
</UL>
<P><STRONG><a name="[2a]"></a>I2C_IRQHandler</STRONG> (Thumb, 0 bytes, Stack size 0 bytes, startup_fm33lc0xx.o(.text))
<BR>[Address Reference Count : 1]<UL><LI> startup_fm33lc0xx.o(RESET)
</UL>
<P><STRONG><a name="[1f]"></a>IWDT_IRQHandler</STRONG> (Thumb, 0 bytes, Stack size 0 bytes, startup_fm33lc0xx.o(.text))
<BR>[Address Reference Count : 1]<UL><LI> startup_fm33lc0xx.o(RESET)
</UL>
<P><STRONG><a name="[22]"></a>LCD_IRQHandler</STRONG> (Thumb, 0 bytes, Stack size 0 bytes, startup_fm33lc0xx.o(.text))
<BR>[Address Reference Count : 1]<UL><LI> startup_fm33lc0xx.o(RESET)
</UL>
<P><STRONG><a name="[29]"></a>LPUART1_IRQHandler</STRONG> (Thumb, 0 bytes, Stack size 0 bytes, startup_fm33lc0xx.o(.text))
<BR>[Address Reference Count : 1]<UL><LI> startup_fm33lc0xx.o(RESET)
</UL>
<P><STRONG><a name="[30]"></a>OPAx_IRQHandler</STRONG> (Thumb, 0 bytes, Stack size 0 bytes, startup_fm33lc0xx.o(.text))
<BR>[Address Reference Count : 1]<UL><LI> startup_fm33lc0xx.o(RESET)
</UL>
<P><STRONG><a name="[20]"></a>SPI1_IRQHandler</STRONG> (Thumb, 0 bytes, Stack size 0 bytes, startup_fm33lc0xx.o(.text))
<BR>[Address Reference Count : 1]<UL><LI> startup_fm33lc0xx.o(RESET)
</UL>
<P><STRONG><a name="[21]"></a>SPI2_IRQHandler</STRONG> (Thumb, 0 bytes, Stack size 0 bytes, startup_fm33lc0xx.o(.text))
<BR>[Address Reference Count : 1]<UL><LI> startup_fm33lc0xx.o(RESET)
</UL>
<P><STRONG><a name="[1a]"></a>SVD_IRQHandler</STRONG> (Thumb, 0 bytes, Stack size 0 bytes, startup_fm33lc0xx.o(.text))
<BR>[Address Reference Count : 1]<UL><LI> startup_fm33lc0xx.o(RESET)
</UL>
<P><STRONG><a name="[28]"></a>U7816_IRQHandler</STRONG> (Thumb, 0 bytes, Stack size 0 bytes, startup_fm33lc0xx.o(.text))
<BR>[Address Reference Count : 1]<UL><LI> startup_fm33lc0xx.o(RESET)
</UL>
<P><STRONG><a name="[23]"></a>UART0_IRQHandler</STRONG> (Thumb, 0 bytes, Stack size 0 bytes, startup_fm33lc0xx.o(.text))
<BR>[Address Reference Count : 1]<UL><LI> startup_fm33lc0xx.o(RESET)
</UL>
<P><STRONG><a name="[25]"></a>UART4_IRQHandler</STRONG> (Thumb, 0 bytes, Stack size 0 bytes, startup_fm33lc0xx.o(.text))
<BR>[Address Reference Count : 1]<UL><LI> startup_fm33lc0xx.o(RESET)
</UL>
<P><STRONG><a name="[26]"></a>UART5_IRQHandler</STRONG> (Thumb, 0 bytes, Stack size 0 bytes, startup_fm33lc0xx.o(.text))
<BR>[Address Reference Count : 1]<UL><LI> startup_fm33lc0xx.o(RESET)
</UL>
<P><STRONG><a name="[2b]"></a>USB_IRQHandler</STRONG> (Thumb, 0 bytes, Stack size 0 bytes, startup_fm33lc0xx.o(.text))
<BR>[Address Reference Count : 1]<UL><LI> startup_fm33lc0xx.o(RESET)
</UL>
<P><STRONG><a name="[36]"></a>VREF_IRQHandler</STRONG> (Thumb, 0 bytes, Stack size 0 bytes, startup_fm33lc0xx.o(.text))
<BR>[Address Reference Count : 1]<UL><LI> startup_fm33lc0xx.o(RESET)
</UL>
<P><STRONG><a name="[2f]"></a>WKUP_IRQHandler</STRONG> (Thumb, 0 bytes, Stack size 0 bytes, startup_fm33lc0xx.o(.text))
<BR>[Address Reference Count : 1]<UL><LI> startup_fm33lc0xx.o(RESET)
</UL>
<P><STRONG><a name="[19]"></a>WWDT_IRQHandler</STRONG> (Thumb, 0 bytes, Stack size 0 bytes, startup_fm33lc0xx.o(.text))
<BR>[Address Reference Count : 1]<UL><LI> startup_fm33lc0xx.o(RESET)
</UL>
<P><STRONG><a name="[ef]"></a>__user_initial_stackheap</STRONG> (Thumb, 0 bytes, Stack size unknown bytes, startup_fm33lc0xx.o(.text))
<BR><BR>[Called By]<UL><LI><a href="#[9f]">&gt;&gt;</a>&nbsp;&nbsp;&nbsp;__user_setup_stackheap
</UL>

<P><STRONG><a name="[f7]"></a>__aeabi_llsl</STRONG> (Thumb, 32 bytes, Stack size 8 bytes, llshl.o(.text))
<BR><BR>[Stack]<UL><LI>Max Depth = 8<LI>Call Chain = __aeabi_llsl
</UL>
<BR>[Called By]<UL><LI><a href="#[14e]">&gt;&gt;</a>&nbsp;&nbsp;&nbsp;readDataBit
<LI><a href="#[1ff]">&gt;&gt;</a>&nbsp;&nbsp;&nbsp;setDataBit
<LI><a href="#[6b]">&gt;&gt;</a>&nbsp;&nbsp;&nbsp;_scanf_really_hex_real
</UL>

<P><STRONG><a name="[32c]"></a>_ll_shift_l</STRONG> (Thumb, 0 bytes, Stack size 8 bytes, llshl.o(.text), UNUSED)

<P><STRONG><a name="[17b]"></a>__aeabi_llsr</STRONG> (Thumb, 34 bytes, Stack size 8 bytes, llushr.o(.text))
<BR><BR>[Stack]<UL><LI>Max Depth = 8<LI>Call Chain = __aeabi_llsr
</UL>
<BR>[Called By]<UL><LI><a href="#[106]">&gt;&gt;</a>&nbsp;&nbsp;&nbsp;DoubleOrFloatToBuff
</UL>

<P><STRONG><a name="[32d]"></a>_ll_ushift_r</STRONG> (Thumb, 0 bytes, Stack size 8 bytes, llushr.o(.text), UNUSED)

<P><STRONG><a name="[f1]"></a>__aeabi_lmul</STRONG> (Thumb, 48 bytes, Stack size 12 bytes, llmul.o(.text))
<BR><BR>[Stack]<UL><LI>Max Depth = 12<LI>Call Chain = __aeabi_lmul
</UL>
<BR>[Called By]<UL><LI><a href="#[20b]">&gt;&gt;</a>&nbsp;&nbsp;&nbsp;anyBaseToAnyBase
<LI><a href="#[1ec]">&gt;&gt;</a>&nbsp;&nbsp;&nbsp;GetSingleChannelVoltage_POLL
<LI><a href="#[156]">&gt;&gt;</a>&nbsp;&nbsp;&nbsp;InitSendModeAndTimeTask
<LI><a href="#[27a]">&gt;&gt;</a>&nbsp;&nbsp;&nbsp;TEST_GP21_Temp
<LI><a href="#[f0]">&gt;&gt;</a>&nbsp;&nbsp;&nbsp;_fp_value
</UL>

<P><STRONG><a name="[32e]"></a>_ll_mul</STRONG> (Thumb, 0 bytes, Stack size 12 bytes, llmul.o(.text), UNUSED)

<P><STRONG><a name="[1ed]"></a>__aeabi_uldivmod</STRONG> (Thumb, 258 bytes, Stack size 32 bytes, lludiv.o(.text))
<BR><BR>[Stack]<UL><LI>Max Depth = 32<LI>Call Chain = __aeabi_uldivmod
</UL>
<BR>[Called By]<UL><LI><a href="#[20b]">&gt;&gt;</a>&nbsp;&nbsp;&nbsp;anyBaseToAnyBase
<LI><a href="#[1ef]">&gt;&gt;</a>&nbsp;&nbsp;&nbsp;GetTempVoltage
<LI><a href="#[1ec]">&gt;&gt;</a>&nbsp;&nbsp;&nbsp;GetSingleChannelVoltage_POLL
<LI><a href="#[27a]">&gt;&gt;</a>&nbsp;&nbsp;&nbsp;TEST_GP21_Temp
</UL>

<P><STRONG><a name="[32f]"></a>_ll_udiv</STRONG> (Thumb, 0 bytes, Stack size 32 bytes, lludiv.o(.text), UNUSED)

<P><STRONG><a name="[aa]"></a>__2sprintf</STRONG> (Thumb, 40 bytes, Stack size 32 bytes, __2sprintf.o(.text))
<BR><BR>[Stack]<UL><LI>Max Depth = 128 + Unknown Stack Size
<LI>Call Chain = __2sprintf &rArr; _printf_char_common &rArr; __printf
</UL>
<BR>[Calls]<UL><LI><a href="#[3b]">&gt;&gt;</a>&nbsp;&nbsp;&nbsp;_sputc
<LI><a href="#[ab]">&gt;&gt;</a>&nbsp;&nbsp;&nbsp;_printf_char_common
</UL>
<BR>[Called By]<UL><LI><a href="#[298]">&gt;&gt;</a>&nbsp;&nbsp;&nbsp;getStrUserTime
<LI><a href="#[161]">&gt;&gt;</a>&nbsp;&nbsp;&nbsp;setSIMBandCmdDataLoad
<LI><a href="#[162]">&gt;&gt;</a>&nbsp;&nbsp;&nbsp;setRemoteIPCmdDataLoad
<LI><a href="#[160]">&gt;&gt;</a>&nbsp;&nbsp;&nbsp;setDevBandCmdDataLoad
<LI><a href="#[172]">&gt;&gt;</a>&nbsp;&nbsp;&nbsp;get_Module_DevCCLK
<LI><a href="#[101]">&gt;&gt;</a>&nbsp;&nbsp;&nbsp;Add_HY_DataClass
<LI><a href="#[115]">&gt;&gt;</a>&nbsp;&nbsp;&nbsp;PackHYDataToAtData
<LI><a href="#[58]">&gt;&gt;</a>&nbsp;&nbsp;&nbsp;TimeTask
<LI><a href="#[10f]">&gt;&gt;</a>&nbsp;&nbsp;&nbsp;HY_USB_TTL_CheckBuff
<LI><a href="#[179]">&gt;&gt;</a>&nbsp;&nbsp;&nbsp;SetRTCtimeCard
<LI><a href="#[17a]">&gt;&gt;</a>&nbsp;&nbsp;&nbsp;LimitCard
</UL>

<P><STRONG><a name="[ad]"></a>_printf_pre_padding</STRONG> (Thumb, 44 bytes, Stack size 16 bytes, _printf_pad.o(.text))
<BR><BR>[Stack]<UL><LI>Max Depth = 16<LI>Call Chain = _printf_pre_padding
</UL>
<BR>[Called By]<UL><LI><a href="#[b0]">&gt;&gt;</a>&nbsp;&nbsp;&nbsp;_printf_int_common
<LI><a href="#[ac]">&gt;&gt;</a>&nbsp;&nbsp;&nbsp;_printf_str
</UL>

<P><STRONG><a name="[ae]"></a>_printf_post_padding</STRONG> (Thumb, 34 bytes, Stack size 16 bytes, _printf_pad.o(.text))
<BR><BR>[Stack]<UL><LI>Max Depth = 16<LI>Call Chain = _printf_post_padding
</UL>
<BR>[Called By]<UL><LI><a href="#[b0]">&gt;&gt;</a>&nbsp;&nbsp;&nbsp;_printf_int_common
<LI><a href="#[ac]">&gt;&gt;</a>&nbsp;&nbsp;&nbsp;_printf_str
</UL>

<P><STRONG><a name="[ac]"></a>_printf_str</STRONG> (Thumb, 82 bytes, Stack size 16 bytes, _printf_str.o(.text))
<BR><BR>[Stack]<UL><LI>Max Depth = 32<LI>Call Chain = _printf_str &rArr; _printf_post_padding
</UL>
<BR>[Calls]<UL><LI><a href="#[ae]">&gt;&gt;</a>&nbsp;&nbsp;&nbsp;_printf_post_padding
<LI><a href="#[ad]">&gt;&gt;</a>&nbsp;&nbsp;&nbsp;_printf_pre_padding
</UL>
<BR>[Called By]<UL><LI><a href="#[d4]">&gt;&gt;</a>&nbsp;&nbsp;&nbsp;_printf_cs_common
</UL>

<P><STRONG><a name="[94]"></a>_printf_int_dec</STRONG> (Thumb, 90 bytes, Stack size 32 bytes, _printf_dec.o(.text))
<BR><BR>[Stack]<UL><LI>Max Depth = 88<LI>Call Chain = _printf_int_dec &rArr; _printf_int_common &rArr; _printf_post_padding
</UL>
<BR>[Calls]<UL><LI><a href="#[af]">&gt;&gt;</a>&nbsp;&nbsp;&nbsp;__rt_udiv10
<LI><a href="#[b0]">&gt;&gt;</a>&nbsp;&nbsp;&nbsp;_printf_int_common
</UL>
<BR>[Called By]<UL><LI><a href="#[92]">&gt;&gt;</a>&nbsp;&nbsp;&nbsp;_printf_d
</UL>

<P><STRONG><a name="[b1]"></a>_printf_longlong_hex</STRONG> (Thumb, 88 bytes, Stack size 24 bytes, _printf_hex_int_ll_ptr.o(.text))
<BR><BR>[Stack]<UL><LI>Max Depth = 80<LI>Call Chain = _printf_longlong_hex &rArr; _printf_int_common &rArr; _printf_post_padding
</UL>
<BR>[Calls]<UL><LI><a href="#[b0]">&gt;&gt;</a>&nbsp;&nbsp;&nbsp;_printf_int_common
</UL>
<BR>[Called By]<UL><LI><a href="#[b3]">&gt;&gt;</a>&nbsp;&nbsp;&nbsp;_printf_hex_ptr
<LI><a href="#[b2]">&gt;&gt;</a>&nbsp;&nbsp;&nbsp;_printf_ll_hex
<LI><a href="#[96]">&gt;&gt;</a>&nbsp;&nbsp;&nbsp;_printf_int_hex
</UL>

<P><STRONG><a name="[96]"></a>_printf_int_hex</STRONG> (Thumb, 28 bytes, Stack size 16 bytes, _printf_hex_int_ll_ptr.o(.text))
<BR><BR>[Stack]<UL><LI>Max Depth = 96<LI>Call Chain = _printf_int_hex &rArr; _printf_longlong_hex &rArr; _printf_int_common &rArr; _printf_post_padding
</UL>
<BR>[Calls]<UL><LI><a href="#[b1]">&gt;&gt;</a>&nbsp;&nbsp;&nbsp;_printf_longlong_hex
</UL>
<BR>[Called By]<UL><LI><a href="#[93]">&gt;&gt;</a>&nbsp;&nbsp;&nbsp;_printf_x
</UL>

<P><STRONG><a name="[b2]"></a>_printf_ll_hex</STRONG> (Thumb, 10 bytes, Stack size 0 bytes, _printf_hex_int_ll_ptr.o(.text), UNUSED)
<BR><BR>[Calls]<UL><LI><a href="#[b1]">&gt;&gt;</a>&nbsp;&nbsp;&nbsp;_printf_longlong_hex
</UL>

<P><STRONG><a name="[b3]"></a>_printf_hex_ptr</STRONG> (Thumb, 22 bytes, Stack size 8 bytes, _printf_hex_int_ll_ptr.o(.text), UNUSED)
<BR><BR>[Calls]<UL><LI><a href="#[b1]">&gt;&gt;</a>&nbsp;&nbsp;&nbsp;_printf_longlong_hex
</UL>

<P><STRONG><a name="[b4]"></a>__printf</STRONG> (Thumb, 386 bytes, Stack size 32 bytes, __printf_flags_ss_wp.o(.text))
<BR><BR>[Stack]<UL><LI>Max Depth = 32 + Unknown Stack Size
<LI>Call Chain = __printf
</UL>
<BR>[Calls]<UL><LI><a href="#[b6]">&gt;&gt;</a>&nbsp;&nbsp;&nbsp;_printf_percent
<LI><a href="#[b5]">&gt;&gt;</a>&nbsp;&nbsp;&nbsp;_is_digit
</UL>
<BR>[Called By]<UL><LI><a href="#[ab]">&gt;&gt;</a>&nbsp;&nbsp;&nbsp;_printf_char_common
</UL>

<P><STRONG><a name="[b7]"></a>__0sscanf</STRONG> (Thumb, 54 bytes, Stack size 72 bytes, __0sscanf.o(.text))
<BR><BR>[Stack]<UL><LI>Max Depth = 216<LI>Call Chain = __0sscanf &rArr; __vfscanf_char &rArr; __vfscanf &rArr; _scanf_int
</UL>
<BR>[Calls]<UL><LI><a href="#[b8]">&gt;&gt;</a>&nbsp;&nbsp;&nbsp;__vfscanf_char
</UL>
<BR>[Called By]<UL><LI><a href="#[21b]">&gt;&gt;</a>&nbsp;&nbsp;&nbsp;getTimeNumber_UTCByRTCTime
<LI><a href="#[264]">&gt;&gt;</a>&nbsp;&nbsp;&nbsp;setRtcDate
<LI><a href="#[172]">&gt;&gt;</a>&nbsp;&nbsp;&nbsp;get_Module_DevCCLK
</UL>

<P><STRONG><a name="[b9]"></a>_scanf_int</STRONG> (Thumb, 330 bytes, Stack size 48 bytes, _scanf_int.o(.text))
<BR><BR>[Stack]<UL><LI>Max Depth = 48<LI>Call Chain = _scanf_int
</UL>
<BR>[Calls]<UL><LI><a href="#[ba]">&gt;&gt;</a>&nbsp;&nbsp;&nbsp;_chval
</UL>
<BR>[Called By]<UL><LI><a href="#[d7]">&gt;&gt;</a>&nbsp;&nbsp;&nbsp;__vfscanf
</UL>

<P><STRONG><a name="[29c]"></a>strchr</STRONG> (Thumb, 20 bytes, Stack size 0 bytes, strchr.o(.text))
<BR><BR>[Called By]<UL><LI><a href="#[16e]">&gt;&gt;</a>&nbsp;&nbsp;&nbsp;get_Module_DevCSQ
<LI><a href="#[16f]">&gt;&gt;</a>&nbsp;&nbsp;&nbsp;get_Module_DevCESQ
<LI><a href="#[171]">&gt;&gt;</a>&nbsp;&nbsp;&nbsp;get_Module_DevCCID
<LI><a href="#[1e1]">&gt;&gt;</a>&nbsp;&nbsp;&nbsp;_SetIsEnterLow_Power
</UL>

<P><STRONG><a name="[236]"></a>strstr</STRONG> (Thumb, 40 bytes, Stack size 12 bytes, strstr.o(.text))
<BR><BR>[Stack]<UL><LI>Max Depth = 12<LI>Call Chain = strstr
</UL>
<BR>[Called By]<UL><LI><a href="#[2aa]">&gt;&gt;</a>&nbsp;&nbsp;&nbsp;myStrstr
<LI><a href="#[5f]">&gt;&gt;</a>&nbsp;&nbsp;&nbsp;Obj_isJsonNull
<LI><a href="#[63]">&gt;&gt;</a>&nbsp;&nbsp;&nbsp;Obj_getString
<LI><a href="#[65]">&gt;&gt;</a>&nbsp;&nbsp;&nbsp;Obj_getObject
<LI><a href="#[60]">&gt;&gt;</a>&nbsp;&nbsp;&nbsp;Obj_getInt
<LI><a href="#[61]">&gt;&gt;</a>&nbsp;&nbsp;&nbsp;Obj_getDouble
<LI><a href="#[62]">&gt;&gt;</a>&nbsp;&nbsp;&nbsp;Obj_getBool
<LI><a href="#[64]">&gt;&gt;</a>&nbsp;&nbsp;&nbsp;Obj_getArray
<LI><a href="#[2a5]">&gt;&gt;</a>&nbsp;&nbsp;&nbsp;_getHYCmdFormATStr
<LI><a href="#[299]">&gt;&gt;</a>&nbsp;&nbsp;&nbsp;_FindStr_WaitTime
<LI><a href="#[234]">&gt;&gt;</a>&nbsp;&nbsp;&nbsp;NBUartCheckBuff
<LI><a href="#[174]">&gt;&gt;</a>&nbsp;&nbsp;&nbsp;WeiteCmdSubData
</UL>

<P><STRONG><a name="[2ae]"></a>strcpy</STRONG> (Thumb, 70 bytes, Stack size 16 bytes, strcpy.o(.text))
<BR><BR>[Stack]<UL><LI>Max Depth = 16<LI>Call Chain = strcpy
</UL>
<BR>[Called By]<UL><LI><a href="#[170]">&gt;&gt;</a>&nbsp;&nbsp;&nbsp;get_Module_DevIMSI
<LI><a href="#[16d]">&gt;&gt;</a>&nbsp;&nbsp;&nbsp;get_Module_DevIMEI
<LI><a href="#[171]">&gt;&gt;</a>&nbsp;&nbsp;&nbsp;get_Module_DevCCID
</UL>

<P><STRONG><a name="[107]"></a>strlen</STRONG> (Thumb, 62 bytes, Stack size 12 bytes, strlen.o(.text))
<BR><BR>[Stack]<UL><LI>Max Depth = 12<LI>Call Chain = strlen
</UL>
<BR>[Called By]<UL><LI><a href="#[51]">&gt;&gt;</a>&nbsp;&nbsp;&nbsp;_getStrlen
<LI><a href="#[241]">&gt;&gt;</a>&nbsp;&nbsp;&nbsp;_getKeyName
<LI><a href="#[5f]">&gt;&gt;</a>&nbsp;&nbsp;&nbsp;Obj_isJsonNull
<LI><a href="#[63]">&gt;&gt;</a>&nbsp;&nbsp;&nbsp;Obj_getString
<LI><a href="#[65]">&gt;&gt;</a>&nbsp;&nbsp;&nbsp;Obj_getObject
<LI><a href="#[60]">&gt;&gt;</a>&nbsp;&nbsp;&nbsp;Obj_getInt
<LI><a href="#[61]">&gt;&gt;</a>&nbsp;&nbsp;&nbsp;Obj_getDouble
<LI><a href="#[62]">&gt;&gt;</a>&nbsp;&nbsp;&nbsp;Obj_getBool
<LI><a href="#[64]">&gt;&gt;</a>&nbsp;&nbsp;&nbsp;Obj_getArray
<LI><a href="#[5d]">&gt;&gt;</a>&nbsp;&nbsp;&nbsp;Arr_getArray
<LI><a href="#[5c]">&gt;&gt;</a>&nbsp;&nbsp;&nbsp;Arr_get
<LI><a href="#[161]">&gt;&gt;</a>&nbsp;&nbsp;&nbsp;setSIMBandCmdDataLoad
<LI><a href="#[162]">&gt;&gt;</a>&nbsp;&nbsp;&nbsp;setRemoteIPCmdDataLoad
<LI><a href="#[16d]">&gt;&gt;</a>&nbsp;&nbsp;&nbsp;get_Module_DevIMEI
<LI><a href="#[15f]">&gt;&gt;</a>&nbsp;&nbsp;&nbsp;easyATCmdDataLoad
<LI><a href="#[101]">&gt;&gt;</a>&nbsp;&nbsp;&nbsp;Add_HY_DataClass
<LI><a href="#[115]">&gt;&gt;</a>&nbsp;&nbsp;&nbsp;PackHYDataToAtData
<LI><a href="#[174]">&gt;&gt;</a>&nbsp;&nbsp;&nbsp;WeiteCmdSubData
<LI><a href="#[1e1]">&gt;&gt;</a>&nbsp;&nbsp;&nbsp;_SetIsEnterLow_Power
</UL>

<P><STRONG><a name="[bb]"></a>__aeabi_memcpy</STRONG> (Thumb, 130 bytes, Stack size 24 bytes, rt_memcpy.o(.text))
<BR><BR>[Stack]<UL><LI>Max Depth = 24<LI>Call Chain = __aeabi_memcpy
</UL>
<BR>[Calls]<UL><LI><a href="#[bc]">&gt;&gt;</a>&nbsp;&nbsp;&nbsp;__aeabi_memcpy4
</UL>
<BR>[Called By]<UL><LI><a href="#[2c4]">&gt;&gt;</a>&nbsp;&nbsp;&nbsp;prvCopyDataToQueue
<LI><a href="#[2c3]">&gt;&gt;</a>&nbsp;&nbsp;&nbsp;prvCopyDataFromQueue
<LI><a href="#[25e]">&gt;&gt;</a>&nbsp;&nbsp;&nbsp;SaveUpdataToPage8Buff
<LI><a href="#[269]">&gt;&gt;</a>&nbsp;&nbsp;&nbsp;StringSlice
<LI><a href="#[266]">&gt;&gt;</a>&nbsp;&nbsp;&nbsp;anyBaseNumberToAnyBaseArray
<LI><a href="#[244]">&gt;&gt;</a>&nbsp;&nbsp;&nbsp;doneAsciiStrToAnyBaseNumberData
<LI><a href="#[16d]">&gt;&gt;</a>&nbsp;&nbsp;&nbsp;get_Module_DevIMEI
<LI><a href="#[101]">&gt;&gt;</a>&nbsp;&nbsp;&nbsp;Add_HY_DataClass
<LI><a href="#[29a]">&gt;&gt;</a>&nbsp;&nbsp;&nbsp;_Module_TXD_6844_GetTx
<LI><a href="#[235]">&gt;&gt;</a>&nbsp;&nbsp;&nbsp;copyDataFormUART
<LI><a href="#[174]">&gt;&gt;</a>&nbsp;&nbsp;&nbsp;WeiteCmdSubData
<LI><a href="#[10f]">&gt;&gt;</a>&nbsp;&nbsp;&nbsp;HY_USB_TTL_CheckBuff
<LI><a href="#[17a]">&gt;&gt;</a>&nbsp;&nbsp;&nbsp;LimitCard
<LI><a href="#[251]">&gt;&gt;</a>&nbsp;&nbsp;&nbsp;WriteCardData
<LI><a href="#[250]">&gt;&gt;</a>&nbsp;&nbsp;&nbsp;ReadCardData
<LI><a href="#[24f]">&gt;&gt;</a>&nbsp;&nbsp;&nbsp;PCDWrite
<LI><a href="#[24c]">&gt;&gt;</a>&nbsp;&nbsp;&nbsp;PCDRead
<LI><a href="#[24b]">&gt;&gt;</a>&nbsp;&nbsp;&nbsp;PCDAuthState
</UL>

<P><STRONG><a name="[330]"></a>__rt_memcpy</STRONG> (Thumb, 0 bytes, Stack size 24 bytes, rt_memcpy.o(.text), UNUSED)

<P><STRONG><a name="[bd]"></a>__aeabi_memset</STRONG> (Thumb, 18 bytes, Stack size 8 bytes, aeabi_memset.o(.text))
<BR><BR>[Stack]<UL><LI>Max Depth = 8<LI>Call Chain = __aeabi_memset
</UL>
<BR>[Calls]<UL><LI><a href="#[be]">&gt;&gt;</a>&nbsp;&nbsp;&nbsp;_memset
</UL>
<BR>[Called By]<UL><LI><a href="#[25e]">&gt;&gt;</a>&nbsp;&nbsp;&nbsp;SaveUpdataToPage8Buff
<LI><a href="#[28e]">&gt;&gt;</a>&nbsp;&nbsp;&nbsp;updataWriteSign
<LI><a href="#[28f]">&gt;&gt;</a>&nbsp;&nbsp;&nbsp;updataInit
<LI><a href="#[262]">&gt;&gt;</a>&nbsp;&nbsp;&nbsp;addHex_FF_ToBuff
<LI><a href="#[204]">&gt;&gt;</a>&nbsp;&nbsp;&nbsp;UpData_Receive_Hex
</UL>

<P><STRONG><a name="[bf]"></a>_memset_w</STRONG> (Thumb, 26 bytes, Stack size 0 bytes, rt_memclr.o(.text))
<BR><BR>[Called By]<UL><LI><a href="#[c1]">&gt;&gt;</a>&nbsp;&nbsp;&nbsp;__rt_memclr_w
<LI><a href="#[be]">&gt;&gt;</a>&nbsp;&nbsp;&nbsp;_memset
</UL>

<P><STRONG><a name="[be]"></a>_memset</STRONG> (Thumb, 30 bytes, Stack size 0 bytes, rt_memclr.o(.text))
<BR><BR>[Calls]<UL><LI><a href="#[bf]">&gt;&gt;</a>&nbsp;&nbsp;&nbsp;_memset_w
</UL>
<BR>[Called By]<UL><LI><a href="#[c0]">&gt;&gt;</a>&nbsp;&nbsp;&nbsp;__aeabi_memclr
<LI><a href="#[bd]">&gt;&gt;</a>&nbsp;&nbsp;&nbsp;__aeabi_memset
</UL>

<P><STRONG><a name="[c0]"></a>__aeabi_memclr</STRONG> (Thumb, 4 bytes, Stack size 0 bytes, rt_memclr.o(.text))
<BR><BR>[Calls]<UL><LI><a href="#[be]">&gt;&gt;</a>&nbsp;&nbsp;&nbsp;_memset
</UL>
<BR>[Called By]<UL><LI><a href="#[63]">&gt;&gt;</a>&nbsp;&nbsp;&nbsp;Obj_getString
<LI><a href="#[65]">&gt;&gt;</a>&nbsp;&nbsp;&nbsp;Obj_getObject
<LI><a href="#[64]">&gt;&gt;</a>&nbsp;&nbsp;&nbsp;Obj_getArray
<LI><a href="#[5c]">&gt;&gt;</a>&nbsp;&nbsp;&nbsp;Arr_get
<LI><a href="#[161]">&gt;&gt;</a>&nbsp;&nbsp;&nbsp;setSIMBandCmdDataLoad
<LI><a href="#[162]">&gt;&gt;</a>&nbsp;&nbsp;&nbsp;setRemoteIPCmdDataLoad
<LI><a href="#[160]">&gt;&gt;</a>&nbsp;&nbsp;&nbsp;setDevBandCmdDataLoad
<LI><a href="#[170]">&gt;&gt;</a>&nbsp;&nbsp;&nbsp;get_Module_DevIMSI
<LI><a href="#[16d]">&gt;&gt;</a>&nbsp;&nbsp;&nbsp;get_Module_DevIMEI
<LI><a href="#[171]">&gt;&gt;</a>&nbsp;&nbsp;&nbsp;get_Module_DevCCID
<LI><a href="#[291]">&gt;&gt;</a>&nbsp;&nbsp;&nbsp;_Module_Send_Data
<LI><a href="#[115]">&gt;&gt;</a>&nbsp;&nbsp;&nbsp;PackHYDataToAtData
<LI><a href="#[2a9]">&gt;&gt;</a>&nbsp;&nbsp;&nbsp;clearUartBuff
<LI><a href="#[56]">&gt;&gt;</a>&nbsp;&nbsp;&nbsp;AllReceive
<LI><a href="#[112]">&gt;&gt;</a>&nbsp;&nbsp;&nbsp;Clr_Uart1_RxBuffer
<LI><a href="#[111]">&gt;&gt;</a>&nbsp;&nbsp;&nbsp;Clr_LPUart0_RxBuffer
<LI><a href="#[10f]">&gt;&gt;</a>&nbsp;&nbsp;&nbsp;HY_USB_TTL_CheckBuff
<LI><a href="#[17a]">&gt;&gt;</a>&nbsp;&nbsp;&nbsp;LimitCard
<LI><a href="#[11c]">&gt;&gt;</a>&nbsp;&nbsp;&nbsp;PCD_CI522_TypeA_rw_block
</UL>

<P><STRONG><a name="[331]"></a>__rt_memclr</STRONG> (Thumb, 0 bytes, Stack size 0 bytes, rt_memclr.o(.text), UNUSED)

<P><STRONG><a name="[12d]"></a>__aeabi_memclr4</STRONG> (Thumb, 0 bytes, Stack size 0 bytes, rt_memclr.o(.text))
<BR><BR>[Called By]<UL><LI><a href="#[224]">&gt;&gt;</a>&nbsp;&nbsp;&nbsp;MF_LCD_Init
<LI><a href="#[229]">&gt;&gt;</a>&nbsp;&nbsp;&nbsp;MF_GPIO_Init
<LI><a href="#[26a]">&gt;&gt;</a>&nbsp;&nbsp;&nbsp;TimestampToRTCData
<LI><a href="#[5f]">&gt;&gt;</a>&nbsp;&nbsp;&nbsp;Obj_isJsonNull
<LI><a href="#[63]">&gt;&gt;</a>&nbsp;&nbsp;&nbsp;Obj_getString
<LI><a href="#[65]">&gt;&gt;</a>&nbsp;&nbsp;&nbsp;Obj_getObject
<LI><a href="#[60]">&gt;&gt;</a>&nbsp;&nbsp;&nbsp;Obj_getInt
<LI><a href="#[61]">&gt;&gt;</a>&nbsp;&nbsp;&nbsp;Obj_getDouble
<LI><a href="#[62]">&gt;&gt;</a>&nbsp;&nbsp;&nbsp;Obj_getBool
<LI><a href="#[64]">&gt;&gt;</a>&nbsp;&nbsp;&nbsp;Obj_getArray
<LI><a href="#[264]">&gt;&gt;</a>&nbsp;&nbsp;&nbsp;setRtcDate
<LI><a href="#[45]">&gt;&gt;</a>&nbsp;&nbsp;&nbsp;check_XTClock_isOk
<LI><a href="#[189]">&gt;&gt;</a>&nbsp;&nbsp;&nbsp;EEprom_SDA_OUT
<LI><a href="#[188]">&gt;&gt;</a>&nbsp;&nbsp;&nbsp;EEprom_SDA_IN
<LI><a href="#[1ef]">&gt;&gt;</a>&nbsp;&nbsp;&nbsp;GetTempVoltage
<LI><a href="#[12f]">&gt;&gt;</a>&nbsp;&nbsp;&nbsp;Battary_GND_ON
<LI><a href="#[12c]">&gt;&gt;</a>&nbsp;&nbsp;&nbsp;Battary_GND_OFF
<LI><a href="#[172]">&gt;&gt;</a>&nbsp;&nbsp;&nbsp;get_Module_DevCCLK
<LI><a href="#[23c]">&gt;&gt;</a>&nbsp;&nbsp;&nbsp;sendATCmdData
<LI><a href="#[204]">&gt;&gt;</a>&nbsp;&nbsp;&nbsp;UpData_Receive_Hex
<LI><a href="#[58]">&gt;&gt;</a>&nbsp;&nbsp;&nbsp;TimeTask
<LI><a href="#[166]">&gt;&gt;</a>&nbsp;&nbsp;&nbsp;MF_Motor_Init
<LI><a href="#[168]">&gt;&gt;</a>&nbsp;&nbsp;&nbsp;LPUART0_Init
<LI><a href="#[150]">&gt;&gt;</a>&nbsp;&nbsp;&nbsp;GP21_GPIO_Init
<LI><a href="#[10f]">&gt;&gt;</a>&nbsp;&nbsp;&nbsp;HY_USB_TTL_CheckBuff
<LI><a href="#[179]">&gt;&gt;</a>&nbsp;&nbsp;&nbsp;SetRTCtimeCard
<LI><a href="#[17a]">&gt;&gt;</a>&nbsp;&nbsp;&nbsp;LimitCard
<LI><a href="#[42]">&gt;&gt;</a>&nbsp;&nbsp;&nbsp;DoneCardCmd
<LI><a href="#[13b]">&gt;&gt;</a>&nbsp;&nbsp;&nbsp;CI522_SDA_OUT
<LI><a href="#[13a]">&gt;&gt;</a>&nbsp;&nbsp;&nbsp;CI522_SDA_IN
<LI><a href="#[11c]">&gt;&gt;</a>&nbsp;&nbsp;&nbsp;PCD_CI522_TypeA_rw_block
</UL>

<P><STRONG><a name="[332]"></a>__aeabi_memclr8</STRONG> (Thumb, 0 bytes, Stack size 0 bytes, rt_memclr.o(.text), UNUSED)

<P><STRONG><a name="[c1]"></a>__rt_memclr_w</STRONG> (Thumb, 4 bytes, Stack size 0 bytes, rt_memclr.o(.text), UNUSED)
<BR><BR>[Calls]<UL><LI><a href="#[bf]">&gt;&gt;</a>&nbsp;&nbsp;&nbsp;_memset_w
</UL>

<P><STRONG><a name="[125]"></a>strcmp</STRONG> (Thumb, 132 bytes, Stack size 16 bytes, strcmp.o(.text))
<BR><BR>[Stack]<UL><LI>Max Depth = 16<LI>Call Chain = strcmp
</UL>
<BR>[Called By]<UL><LI><a href="#[5f]">&gt;&gt;</a>&nbsp;&nbsp;&nbsp;Obj_isJsonNull
<LI><a href="#[62]">&gt;&gt;</a>&nbsp;&nbsp;&nbsp;Obj_getBool
<LI><a href="#[5b]">&gt;&gt;</a>&nbsp;&nbsp;&nbsp;Arr_isJsonNull
<LI><a href="#[170]">&gt;&gt;</a>&nbsp;&nbsp;&nbsp;get_Module_DevIMSI
<LI><a href="#[16d]">&gt;&gt;</a>&nbsp;&nbsp;&nbsp;get_Module_DevIMEI
<LI><a href="#[171]">&gt;&gt;</a>&nbsp;&nbsp;&nbsp;get_Module_DevCCID
<LI><a href="#[9d]">&gt;&gt;</a>&nbsp;&nbsp;&nbsp;_get_lc_numeric
<LI><a href="#[41]">&gt;&gt;</a>&nbsp;&nbsp;&nbsp;_get_lc_ctype
</UL>

<P><STRONG><a name="[333]"></a>__aeabi_uidiv</STRONG> (Thumb, 0 bytes, Stack size 0 bytes, aeabi_sdiv.o(.text), UNUSED)

<P><STRONG><a name="[147]"></a>__aeabi_uidivmod</STRONG> (Thumb, 20 bytes, Stack size 0 bytes, aeabi_sdiv.o(.text))
<BR><BR>[Called By]<UL><LI><a href="#[193]">&gt;&gt;</a>&nbsp;&nbsp;&nbsp;FL_EXTI_Init
<LI><a href="#[278]">&gt;&gt;</a>&nbsp;&nbsp;&nbsp;SystemPLLClockUpdate
<LI><a href="#[1cd]">&gt;&gt;</a>&nbsp;&nbsp;&nbsp;FL_UART_Init
<LI><a href="#[1c7]">&gt;&gt;</a>&nbsp;&nbsp;&nbsp;FL_RCC_GetPLLClockFreq
<LI><a href="#[28a]">&gt;&gt;</a>&nbsp;&nbsp;&nbsp;isLeapYear
<LI><a href="#[26a]">&gt;&gt;</a>&nbsp;&nbsp;&nbsp;TimestampToRTCData
<LI><a href="#[184]">&gt;&gt;</a>&nbsp;&nbsp;&nbsp;FL_DelayUs
<LI><a href="#[100]">&gt;&gt;</a>&nbsp;&nbsp;&nbsp;getDayOfWeek
<LI><a href="#[146]">&gt;&gt;</a>&nbsp;&nbsp;&nbsp;Check_Date_ByHEX
<LI><a href="#[1f6]">&gt;&gt;</a>&nbsp;&nbsp;&nbsp;Get_Temper_value
<LI><a href="#[156]">&gt;&gt;</a>&nbsp;&nbsp;&nbsp;InitSendModeAndTimeTask
<LI><a href="#[210]">&gt;&gt;</a>&nbsp;&nbsp;&nbsp;background
<LI><a href="#[82]">&gt;&gt;</a>&nbsp;&nbsp;&nbsp;ShowRTCTime_Now
<LI><a href="#[81]">&gt;&gt;</a>&nbsp;&nbsp;&nbsp;ShowRTCDate_Now
<LI><a href="#[7f]">&gt;&gt;</a>&nbsp;&nbsp;&nbsp;ShowNowLimitTime
<LI><a href="#[67]">&gt;&gt;</a>&nbsp;&nbsp;&nbsp;startTimeTask
<LI><a href="#[253]">&gt;&gt;</a>&nbsp;&nbsp;&nbsp;getDaysInMonth
<LI><a href="#[1b]">&gt;&gt;</a>&nbsp;&nbsp;&nbsp;RTC_IRQHandler
</UL>

<P><STRONG><a name="[334]"></a>__aeabi_idiv</STRONG> (Thumb, 0 bytes, Stack size 8 bytes, aeabi_sdiv.o(.text), UNUSED)

<P><STRONG><a name="[e5]"></a>__aeabi_idivmod</STRONG> (Thumb, 326 bytes, Stack size 8 bytes, aeabi_sdiv.o(.text))
<BR><BR>[Stack]<UL><LI>Max Depth = 8<LI>Call Chain = __aeabi_idivmod
</UL>
<BR>[Called By]<UL><LI><a href="#[21b]">&gt;&gt;</a>&nbsp;&nbsp;&nbsp;getTimeNumber_UTCByRTCTime
<LI><a href="#[100]">&gt;&gt;</a>&nbsp;&nbsp;&nbsp;getDayOfWeek
<LI><a href="#[101]">&gt;&gt;</a>&nbsp;&nbsp;&nbsp;Add_HY_DataClass
<LI><a href="#[239]">&gt;&gt;</a>&nbsp;&nbsp;&nbsp;Net_Task
<LI><a href="#[55]">&gt;&gt;</a>&nbsp;&nbsp;&nbsp;GpioTask
<LI><a href="#[156]">&gt;&gt;</a>&nbsp;&nbsp;&nbsp;InitSendModeAndTimeTask
<LI><a href="#[84]">&gt;&gt;</a>&nbsp;&nbsp;&nbsp;ShowNBModeSignal_CSQ
<LI><a href="#[85]">&gt;&gt;</a>&nbsp;&nbsp;&nbsp;ShowBatV
<LI><a href="#[f]">&gt;&gt;</a>&nbsp;&nbsp;&nbsp;_EnterQueue
<LI><a href="#[10]">&gt;&gt;</a>&nbsp;&nbsp;&nbsp;_DeleteQueue
<LI><a href="#[50]">&gt;&gt;</a>&nbsp;&nbsp;&nbsp;WriteEEpromTimerCallback
<LI><a href="#[e4]">&gt;&gt;</a>&nbsp;&nbsp;&nbsp;_btod_etento
</UL>

<P><STRONG><a name="[335]"></a>__use_two_region_memory</STRONG> (Thumb, 2 bytes, Stack size 0 bytes, heapauxi.o(.text), UNUSED)

<P><STRONG><a name="[336]"></a>__rt_heap_escrow$2region</STRONG> (Thumb, 2 bytes, Stack size 0 bytes, heapauxi.o(.text), UNUSED)

<P><STRONG><a name="[337]"></a>__rt_heap_expand$2region</STRONG> (Thumb, 2 bytes, Stack size 0 bytes, heapauxi.o(.text), UNUSED)

<P><STRONG><a name="[15d]"></a>__aeabi_d2f</STRONG> (Thumb, 0 bytes, Stack size 12 bytes, d2f.o(.text))
<BR><BR>[Stack]<UL><LI>Max Depth = 12<LI>Call Chain = __aeabi_d2f
</UL>
<BR>[Called By]<UL><LI><a href="#[1b6]">&gt;&gt;</a>&nbsp;&nbsp;&nbsp;FL_LCD_FlickTime
<LI><a href="#[106]">&gt;&gt;</a>&nbsp;&nbsp;&nbsp;DoubleOrFloatToBuff
<LI><a href="#[1f6]">&gt;&gt;</a>&nbsp;&nbsp;&nbsp;Get_Temper_value
<LI><a href="#[1ee]">&gt;&gt;</a>&nbsp;&nbsp;&nbsp;GetTempDegree
<LI><a href="#[174]">&gt;&gt;</a>&nbsp;&nbsp;&nbsp;WeiteCmdSubData
<LI><a href="#[279]">&gt;&gt;</a>&nbsp;&nbsp;&nbsp;TEMP_CAL
<LI><a href="#[15a]">&gt;&gt;</a>&nbsp;&nbsp;&nbsp;CountValveDegree_Now
<LI><a href="#[2a0]">&gt;&gt;</a>&nbsp;&nbsp;&nbsp;__mathlib_tofloat
</UL>

<P><STRONG><a name="[338]"></a>_d2f</STRONG> (Thumb, 120 bytes, Stack size 12 bytes, d2f.o(.text), UNUSED)

<P><STRONG><a name="[1b4]"></a>__aeabi_dadd</STRONG> (Thumb, 0 bytes, Stack size 8 bytes, daddsub.o(.text))
<BR><BR>[Stack]<UL><LI>Max Depth = 8<LI>Call Chain = __aeabi_dadd
</UL>
<BR>[Called By]<UL><LI><a href="#[1b6]">&gt;&gt;</a>&nbsp;&nbsp;&nbsp;FL_LCD_FlickTime
<LI><a href="#[1b2]">&gt;&gt;</a>&nbsp;&nbsp;&nbsp;FL_LCD_DisplayFreq
<LI><a href="#[108]">&gt;&gt;</a>&nbsp;&nbsp;&nbsp;floatToint6410Rate
<LI><a href="#[279]">&gt;&gt;</a>&nbsp;&nbsp;&nbsp;TEMP_CAL
</UL>

<P><STRONG><a name="[c2]"></a>_dadd</STRONG> (Thumb, 26 bytes, Stack size 8 bytes, daddsub.o(.text), UNUSED)
<BR><BR>[Calls]<UL><LI><a href="#[c3]">&gt;&gt;</a>&nbsp;&nbsp;&nbsp;_dsub1
<LI><a href="#[c4]">&gt;&gt;</a>&nbsp;&nbsp;&nbsp;_dadd1
</UL>

<P><STRONG><a name="[1f3]"></a>__aeabi_dsub</STRONG> (Thumb, 0 bytes, Stack size 8 bytes, daddsub.o(.text))
<BR><BR>[Stack]<UL><LI>Max Depth = 8<LI>Call Chain = __aeabi_dsub
</UL>
<BR>[Called By]<UL><LI><a href="#[1ee]">&gt;&gt;</a>&nbsp;&nbsp;&nbsp;GetTempDegree
</UL>

<P><STRONG><a name="[c5]"></a>_dsub</STRONG> (Thumb, 22 bytes, Stack size 8 bytes, daddsub.o(.text), UNUSED)
<BR><BR>[Calls]<UL><LI><a href="#[c3]">&gt;&gt;</a>&nbsp;&nbsp;&nbsp;_dsub1
<LI><a href="#[c4]">&gt;&gt;</a>&nbsp;&nbsp;&nbsp;_dadd1
</UL>

<P><STRONG><a name="[339]"></a>__aeabi_drsub</STRONG> (Thumb, 0 bytes, Stack size 16 bytes, daddsub.o(.text), UNUSED)

<P><STRONG><a name="[c6]"></a>_drsb</STRONG> (Thumb, 28 bytes, Stack size 16 bytes, daddsub.o(.text), UNUSED)
<BR><BR>[Calls]<UL><LI><a href="#[c3]">&gt;&gt;</a>&nbsp;&nbsp;&nbsp;_dsub1
<LI><a href="#[c4]">&gt;&gt;</a>&nbsp;&nbsp;&nbsp;_dadd1
</UL>

<P><STRONG><a name="[15c]"></a>__aeabi_ddiv</STRONG> (Thumb, 0 bytes, Stack size 64 bytes, ddiv.o(.text))
<BR><BR>[Stack]<UL><LI>Max Depth = 64<LI>Call Chain = __aeabi_ddiv
</UL>
<BR>[Called By]<UL><LI><a href="#[1b6]">&gt;&gt;</a>&nbsp;&nbsp;&nbsp;FL_LCD_FlickTime
<LI><a href="#[1b2]">&gt;&gt;</a>&nbsp;&nbsp;&nbsp;FL_LCD_DisplayFreq
<LI><a href="#[1ee]">&gt;&gt;</a>&nbsp;&nbsp;&nbsp;GetTempDegree
<LI><a href="#[15a]">&gt;&gt;</a>&nbsp;&nbsp;&nbsp;CountValveDegree_Now
</UL>

<P><STRONG><a name="[c8]"></a>_ddiv</STRONG> (Thumb, 1072 bytes, Stack size 64 bytes, ddiv.o(.text), UNUSED)
<BR><BR>[Called By]<UL><LI><a href="#[c7]">&gt;&gt;</a>&nbsp;&nbsp;&nbsp;_drdiv
</UL>

<P><STRONG><a name="[c7]"></a>_drdiv</STRONG> (Thumb, 20 bytes, Stack size 16 bytes, ddiv.o(.text), UNUSED)
<BR><BR>[Calls]<UL><LI><a href="#[c8]">&gt;&gt;</a>&nbsp;&nbsp;&nbsp;_ddiv
</UL>

<P><STRONG><a name="[2ad]"></a>__aeabi_d2iz</STRONG> (Thumb, 0 bytes, Stack size 12 bytes, dfixi.o(.text))
<BR><BR>[Stack]<UL><LI>Max Depth = 12<LI>Call Chain = __aeabi_d2iz
</UL>
<BR>[Called By]<UL><LI><a href="#[108]">&gt;&gt;</a>&nbsp;&nbsp;&nbsp;floatToint6410Rate
</UL>

<P><STRONG><a name="[33a]"></a>_dfix</STRONG> (Thumb, 98 bytes, Stack size 12 bytes, dfixi.o(.text), UNUSED)

<P><STRONG><a name="[1b5]"></a>__aeabi_d2uiz</STRONG> (Thumb, 0 bytes, Stack size 8 bytes, dfixui.o(.text))
<BR><BR>[Stack]<UL><LI>Max Depth = 8<LI>Call Chain = __aeabi_d2uiz
</UL>
<BR>[Called By]<UL><LI><a href="#[1b6]">&gt;&gt;</a>&nbsp;&nbsp;&nbsp;FL_LCD_FlickTime
<LI><a href="#[1b2]">&gt;&gt;</a>&nbsp;&nbsp;&nbsp;FL_LCD_DisplayFreq
</UL>

<P><STRONG><a name="[33b]"></a>_dfixu</STRONG> (Thumb, 68 bytes, Stack size 8 bytes, dfixui.o(.text), UNUSED)

<P><STRONG><a name="[ca]"></a>__aeabi_i2d_normalise</STRONG> (Thumb, 66 bytes, Stack size 0 bytes, dflti.o(.text))
<BR><BR>[Called By]<UL><LI><a href="#[cb]">&gt;&gt;</a>&nbsp;&nbsp;&nbsp;__aeabi_ui2d
<LI><a href="#[c9]">&gt;&gt;</a>&nbsp;&nbsp;&nbsp;__aeabi_i2d
</UL>

<P><STRONG><a name="[c9]"></a>__aeabi_i2d</STRONG> (Thumb, 16 bytes, Stack size 0 bytes, dflti.o(.text), UNUSED)
<BR><BR>[Calls]<UL><LI><a href="#[ca]">&gt;&gt;</a>&nbsp;&nbsp;&nbsp;__aeabi_i2d_normalise
</UL>

<P><STRONG><a name="[33c]"></a>_dflt</STRONG> (Thumb, 0 bytes, Stack size 0 bytes, dflti.o(.text), UNUSED)

<P><STRONG><a name="[cb]"></a>__aeabi_ui2d</STRONG> (Thumb, 6 bytes, Stack size 0 bytes, dflti.o(.text))
<BR><BR>[Calls]<UL><LI><a href="#[ca]">&gt;&gt;</a>&nbsp;&nbsp;&nbsp;__aeabi_i2d_normalise
</UL>
<BR>[Called By]<UL><LI><a href="#[1f6]">&gt;&gt;</a>&nbsp;&nbsp;&nbsp;Get_Temper_value
<LI><a href="#[1ee]">&gt;&gt;</a>&nbsp;&nbsp;&nbsp;GetTempDegree
<LI><a href="#[279]">&gt;&gt;</a>&nbsp;&nbsp;&nbsp;TEMP_CAL
<LI><a href="#[15a]">&gt;&gt;</a>&nbsp;&nbsp;&nbsp;CountValveDegree_Now
</UL>

<P><STRONG><a name="[33d]"></a>_dfltu</STRONG> (Thumb, 0 bytes, Stack size 0 bytes, dflti.o(.text), UNUSED)

<P><STRONG><a name="[15b]"></a>__aeabi_dmul</STRONG> (Thumb, 0 bytes, Stack size 56 bytes, dmul.o(.text))
<BR><BR>[Stack]<UL><LI>Max Depth = 56<LI>Call Chain = __aeabi_dmul
</UL>
<BR>[Called By]<UL><LI><a href="#[108]">&gt;&gt;</a>&nbsp;&nbsp;&nbsp;floatToint6410Rate
<LI><a href="#[1f6]">&gt;&gt;</a>&nbsp;&nbsp;&nbsp;Get_Temper_value
<LI><a href="#[1ee]">&gt;&gt;</a>&nbsp;&nbsp;&nbsp;GetTempDegree
<LI><a href="#[279]">&gt;&gt;</a>&nbsp;&nbsp;&nbsp;TEMP_CAL
<LI><a href="#[15a]">&gt;&gt;</a>&nbsp;&nbsp;&nbsp;CountValveDegree_Now
</UL>

<P><STRONG><a name="[33e]"></a>_dmul</STRONG> (Thumb, 558 bytes, Stack size 56 bytes, dmul.o(.text), UNUSED)

<P><STRONG><a name="[105]"></a>__aeabi_f2d</STRONG> (Thumb, 0 bytes, Stack size 0 bytes, f2d.o(.text))
<BR><BR>[Called By]<UL><LI><a href="#[1b6]">&gt;&gt;</a>&nbsp;&nbsp;&nbsp;FL_LCD_FlickTime
<LI><a href="#[1b2]">&gt;&gt;</a>&nbsp;&nbsp;&nbsp;FL_LCD_DisplayFreq
<LI><a href="#[131]">&gt;&gt;</a>&nbsp;&nbsp;&nbsp;BuffToFloatOrDouble
<LI><a href="#[258]">&gt;&gt;</a>&nbsp;&nbsp;&nbsp;SaveDevData
<LI><a href="#[108]">&gt;&gt;</a>&nbsp;&nbsp;&nbsp;floatToint6410Rate
<LI><a href="#[1ee]">&gt;&gt;</a>&nbsp;&nbsp;&nbsp;GetTempDegree
<LI><a href="#[101]">&gt;&gt;</a>&nbsp;&nbsp;&nbsp;Add_HY_DataClass
</UL>

<P><STRONG><a name="[33f]"></a>_f2d</STRONG> (Thumb, 80 bytes, Stack size 0 bytes, f2d.o(.text), UNUSED)

<P><STRONG><a name="[1b7]"></a>__aeabi_fdiv</STRONG> (Thumb, 0 bytes, Stack size 20 bytes, fdiv.o(.text))
<BR><BR>[Stack]<UL><LI>Max Depth = 20<LI>Call Chain = __aeabi_fdiv
</UL>
<BR>[Called By]<UL><LI><a href="#[1b6]">&gt;&gt;</a>&nbsp;&nbsp;&nbsp;FL_LCD_FlickTime
<LI><a href="#[1f5]">&gt;&gt;</a>&nbsp;&nbsp;&nbsp;GetTemper_NTC
</UL>

<P><STRONG><a name="[cd]"></a>_fdiv</STRONG> (Thumb, 334 bytes, Stack size 20 bytes, fdiv.o(.text), UNUSED)
<BR><BR>[Called By]<UL><LI><a href="#[cc]">&gt;&gt;</a>&nbsp;&nbsp;&nbsp;_frdiv
</UL>

<P><STRONG><a name="[cc]"></a>_frdiv</STRONG> (Thumb, 8 bytes, Stack size 0 bytes, fdiv.o(.text), UNUSED)
<BR><BR>[Calls]<UL><LI><a href="#[cd]">&gt;&gt;</a>&nbsp;&nbsp;&nbsp;_fdiv
</UL>

<P><STRONG><a name="[cf]"></a>__aeabi_i2f_normalise</STRONG> (Thumb, 72 bytes, Stack size 0 bytes, fflti.o(.text))
<BR><BR>[Called By]<UL><LI><a href="#[d0]">&gt;&gt;</a>&nbsp;&nbsp;&nbsp;__aeabi_ui2f
<LI><a href="#[ce]">&gt;&gt;</a>&nbsp;&nbsp;&nbsp;__aeabi_i2f
</UL>

<P><STRONG><a name="[ce]"></a>__aeabi_i2f</STRONG> (Thumb, 16 bytes, Stack size 0 bytes, fflti.o(.text))
<BR><BR>[Calls]<UL><LI><a href="#[cf]">&gt;&gt;</a>&nbsp;&nbsp;&nbsp;__aeabi_i2f_normalise
</UL>
<BR>[Called By]<UL><LI><a href="#[1f5]">&gt;&gt;</a>&nbsp;&nbsp;&nbsp;GetTemper_NTC
</UL>

<P><STRONG><a name="[340]"></a>_fflt</STRONG> (Thumb, 0 bytes, Stack size 0 bytes, fflti.o(.text), UNUSED)

<P><STRONG><a name="[d0]"></a>__aeabi_ui2f</STRONG> (Thumb, 6 bytes, Stack size 0 bytes, fflti.o(.text))
<BR><BR>[Calls]<UL><LI><a href="#[cf]">&gt;&gt;</a>&nbsp;&nbsp;&nbsp;__aeabi_i2f_normalise
</UL>
<BR>[Called By]<UL><LI><a href="#[1b6]">&gt;&gt;</a>&nbsp;&nbsp;&nbsp;FL_LCD_FlickTime
<LI><a href="#[1b2]">&gt;&gt;</a>&nbsp;&nbsp;&nbsp;FL_LCD_DisplayFreq
<LI><a href="#[1f5]">&gt;&gt;</a>&nbsp;&nbsp;&nbsp;GetTemper_NTC
</UL>

<P><STRONG><a name="[341]"></a>_ffltu</STRONG> (Thumb, 0 bytes, Stack size 0 bytes, fflti.o(.text), UNUSED)

<P><STRONG><a name="[d1]"></a>__read_errno</STRONG> (Thumb, 10 bytes, Stack size 8 bytes, _rserrno.o(.text))
<BR><BR>[Stack]<UL><LI>Max Depth = 8<LI>Call Chain = __read_errno
</UL>
<BR>[Calls]<UL><LI><a href="#[d2]">&gt;&gt;</a>&nbsp;&nbsp;&nbsp;__aeabi_errno_addr
</UL>
<BR>[Called By]<UL><LI><a href="#[243]">&gt;&gt;</a>&nbsp;&nbsp;&nbsp;atof
</UL>

<P><STRONG><a name="[d3]"></a>__set_errno</STRONG> (Thumb, 12 bytes, Stack size 8 bytes, _rserrno.o(.text))
<BR><BR>[Stack]<UL><LI>Max Depth = 8<LI>Call Chain = __set_errno
</UL>
<BR>[Calls]<UL><LI><a href="#[d2]">&gt;&gt;</a>&nbsp;&nbsp;&nbsp;__aeabi_errno_addr
</UL>
<BR>[Called By]<UL><LI><a href="#[243]">&gt;&gt;</a>&nbsp;&nbsp;&nbsp;atof
<LI><a href="#[2a4]">&gt;&gt;</a>&nbsp;&nbsp;&nbsp;ldexp
<LI><a href="#[2a0]">&gt;&gt;</a>&nbsp;&nbsp;&nbsp;__mathlib_tofloat
</UL>

<P><STRONG><a name="[b0]"></a>_printf_int_common</STRONG> (Thumb, 176 bytes, Stack size 40 bytes, _printf_intcommon.o(.text))
<BR><BR>[Stack]<UL><LI>Max Depth = 56<LI>Call Chain = _printf_int_common &rArr; _printf_post_padding
</UL>
<BR>[Calls]<UL><LI><a href="#[ae]">&gt;&gt;</a>&nbsp;&nbsp;&nbsp;_printf_post_padding
<LI><a href="#[ad]">&gt;&gt;</a>&nbsp;&nbsp;&nbsp;_printf_pre_padding
</UL>
<BR>[Called By]<UL><LI><a href="#[b1]">&gt;&gt;</a>&nbsp;&nbsp;&nbsp;_printf_longlong_hex
<LI><a href="#[94]">&gt;&gt;</a>&nbsp;&nbsp;&nbsp;_printf_int_dec
</UL>

<P><STRONG><a name="[ab]"></a>_printf_char_common</STRONG> (Thumb, 32 bytes, Stack size 64 bytes, _printf_char_common.o(.text))
<BR><BR>[Stack]<UL><LI>Max Depth = 96 + Unknown Stack Size
<LI>Call Chain = _printf_char_common &rArr; __printf
</UL>
<BR>[Calls]<UL><LI><a href="#[b4]">&gt;&gt;</a>&nbsp;&nbsp;&nbsp;__printf
</UL>
<BR>[Called By]<UL><LI><a href="#[aa]">&gt;&gt;</a>&nbsp;&nbsp;&nbsp;__2sprintf
</UL>

<P><STRONG><a name="[3b]"></a>_sputc</STRONG> (Thumb, 10 bytes, Stack size 0 bytes, _sputc.o(.text))
<BR><BR>[Called By]<UL><LI><a href="#[aa]">&gt;&gt;</a>&nbsp;&nbsp;&nbsp;__2sprintf
</UL>
<BR>[Address Reference Count : 1]<UL><LI> __2sprintf.o(.text)
</UL>
<P><STRONG><a name="[d4]"></a>_printf_cs_common</STRONG> (Thumb, 22 bytes, Stack size 8 bytes, _printf_char.o(.text))
<BR><BR>[Stack]<UL><LI>Max Depth = 40<LI>Call Chain = _printf_cs_common &rArr; _printf_str &rArr; _printf_post_padding
</UL>
<BR>[Calls]<UL><LI><a href="#[d5]">&gt;&gt;</a>&nbsp;&nbsp;&nbsp;_printf_mbtowc (Weak Reference)
<LI><a href="#[ac]">&gt;&gt;</a>&nbsp;&nbsp;&nbsp;_printf_str
</UL>
<BR>[Called By]<UL><LI><a href="#[98]">&gt;&gt;</a>&nbsp;&nbsp;&nbsp;_printf_string
<LI><a href="#[d6]">&gt;&gt;</a>&nbsp;&nbsp;&nbsp;_printf_char
</UL>

<P><STRONG><a name="[d6]"></a>_printf_char</STRONG> (Thumb, 16 bytes, Stack size 0 bytes, _printf_char.o(.text), UNUSED)
<BR><BR>[Calls]<UL><LI><a href="#[d4]">&gt;&gt;</a>&nbsp;&nbsp;&nbsp;_printf_cs_common
</UL>

<P><STRONG><a name="[98]"></a>_printf_string</STRONG> (Thumb, 8 bytes, Stack size 0 bytes, _printf_char.o(.text))
<BR><BR>[Stack]<UL><LI>Max Depth = 40<LI>Call Chain = _printf_string &rArr; _printf_cs_common &rArr; _printf_str &rArr; _printf_post_padding
</UL>
<BR>[Calls]<UL><LI><a href="#[d4]">&gt;&gt;</a>&nbsp;&nbsp;&nbsp;_printf_cs_common
</UL>
<BR>[Called By]<UL><LI><a href="#[95]">&gt;&gt;</a>&nbsp;&nbsp;&nbsp;_printf_s
</UL>

<P><STRONG><a name="[ba]"></a>_chval</STRONG> (Thumb, 30 bytes, Stack size 0 bytes, _chval.o(.text))
<BR><BR>[Called By]<UL><LI><a href="#[b9]">&gt;&gt;</a>&nbsp;&nbsp;&nbsp;_scanf_int
<LI><a href="#[6b]">&gt;&gt;</a>&nbsp;&nbsp;&nbsp;_scanf_really_hex_real
</UL>

<P><STRONG><a name="[b8]"></a>__vfscanf_char</STRONG> (Thumb, 28 bytes, Stack size 8 bytes, scanf_char.o(.text))
<BR><BR>[Stack]<UL><LI>Max Depth = 144<LI>Call Chain = __vfscanf_char &rArr; __vfscanf &rArr; _scanf_int
</UL>
<BR>[Calls]<UL><LI><a href="#[d7]">&gt;&gt;</a>&nbsp;&nbsp;&nbsp;__vfscanf
</UL>
<BR>[Called By]<UL><LI><a href="#[b7]">&gt;&gt;</a>&nbsp;&nbsp;&nbsp;__0sscanf
</UL>

<P><STRONG><a name="[3c]"></a>_sgetc</STRONG> (Thumb, 32 bytes, Stack size 0 bytes, _sgetc.o(.text))
<BR>[Address Reference Count : 2]<UL><LI> __0sscanf.o(.text)
<LI> strtod.o(.text)
</UL>
<P><STRONG><a name="[3d]"></a>_sbackspace</STRONG> (Thumb, 36 bytes, Stack size 0 bytes, _sgetc.o(.text))
<BR>[Address Reference Count : 2]<UL><LI> __0sscanf.o(.text)
<LI> strtod.o(.text)
</UL>
<P><STRONG><a name="[da]"></a>__strtod_int</STRONG> (Thumb, 94 bytes, Stack size 40 bytes, strtod.o(.text))
<BR><BR>[Stack]<UL><LI>Max Depth = 104<LI>Call Chain = __strtod_int &rArr; _local_sscanf &rArr; _scanf_real
</UL>
<BR>[Calls]<UL><LI><a href="#[d8]">&gt;&gt;</a>&nbsp;&nbsp;&nbsp;_local_sscanf
</UL>
<BR>[Called By]<UL><LI><a href="#[243]">&gt;&gt;</a>&nbsp;&nbsp;&nbsp;atof
</UL>

<P><STRONG><a name="[af]"></a>__rt_udiv10</STRONG> (Thumb, 40 bytes, Stack size 0 bytes, rtudiv10.o(.text))
<BR><BR>[Called By]<UL><LI><a href="#[94]">&gt;&gt;</a>&nbsp;&nbsp;&nbsp;_printf_int_dec
</UL>

<P><STRONG><a name="[db]"></a>__fpl_fcmp_InfNaN</STRONG> (Thumb, 96 bytes, Stack size 8 bytes, fcmpin.o(.text), UNUSED)
<BR><BR>[Calls]<UL><LI><a href="#[dd]">&gt;&gt;</a>&nbsp;&nbsp;&nbsp;__fpl_fcheck_NaN2
<LI><a href="#[dc]">&gt;&gt;</a>&nbsp;&nbsp;&nbsp;__fpl_cmpreturn
</UL>
<BR>[Called By]<UL><LI><a href="#[303]">&gt;&gt;</a>&nbsp;&nbsp;&nbsp;_frcmple
<LI><a href="#[302]">&gt;&gt;</a>&nbsp;&nbsp;&nbsp;_fcmple
<LI><a href="#[301]">&gt;&gt;</a>&nbsp;&nbsp;&nbsp;_fcmpeq
</UL>

<P><STRONG><a name="[9a]"></a>__rt_locale</STRONG> (Thumb, 8 bytes, Stack size 0 bytes, rt_locale_intlibspace.o(.text))
<BR><BR>[Called By]<UL><LI><a href="#[6a]">&gt;&gt;</a>&nbsp;&nbsp;&nbsp;_scanf_really_real
<LI><a href="#[de]">&gt;&gt;</a>&nbsp;&nbsp;&nbsp;__rt_ctype_table
<LI><a href="#[99]">&gt;&gt;</a>&nbsp;&nbsp;&nbsp;__rt_lib_init_lc_common
</UL>

<P><STRONG><a name="[d2]"></a>__aeabi_errno_addr</STRONG> (Thumb, 8 bytes, Stack size 0 bytes, rt_errno_addr_intlibspace.o(.text))
<BR><BR>[Called By]<UL><LI><a href="#[f0]">&gt;&gt;</a>&nbsp;&nbsp;&nbsp;_fp_value
<LI><a href="#[d3]">&gt;&gt;</a>&nbsp;&nbsp;&nbsp;__set_errno
<LI><a href="#[d1]">&gt;&gt;</a>&nbsp;&nbsp;&nbsp;__read_errno
</UL>

<P><STRONG><a name="[342]"></a>__errno$intlibspace</STRONG> (Thumb, 0 bytes, Stack size 0 bytes, rt_errno_addr_intlibspace.o(.text), UNUSED)

<P><STRONG><a name="[343]"></a>__rt_errno_addr$intlibspace</STRONG> (Thumb, 0 bytes, Stack size 0 bytes, rt_errno_addr_intlibspace.o(.text), UNUSED)

<P><STRONG><a name="[40]"></a>isspace</STRONG> (Thumb, 18 bytes, Stack size 8 bytes, isspace.o(.text))
<BR><BR>[Stack]<UL><LI>Max Depth = 16<LI>Call Chain = isspace &rArr; __rt_ctype_table
</UL>
<BR>[Calls]<UL><LI><a href="#[de]">&gt;&gt;</a>&nbsp;&nbsp;&nbsp;__rt_ctype_table
</UL>
<BR>[Address Reference Count : 2]<UL><LI> scanf_char.o(.text)
<LI> strtod.o(.text)
</UL>
<P><STRONG><a name="[d7]"></a>__vfscanf</STRONG> (Thumb, 900 bytes, Stack size 88 bytes, _scanf.o(.text))
<BR><BR>[Stack]<UL><LI>Max Depth = 136<LI>Call Chain = __vfscanf &rArr; _scanf_int
</UL>
<BR>[Calls]<UL><LI><a href="#[d9]">&gt;&gt;</a>&nbsp;&nbsp;&nbsp;_scanf_real
<LI><a href="#[e0]">&gt;&gt;</a>&nbsp;&nbsp;&nbsp;_scanf_wstring (Weak Reference)
<LI><a href="#[e3]">&gt;&gt;</a>&nbsp;&nbsp;&nbsp;_scanf_wctomb (Weak Reference)
[...]
<LI><a href="#[14f]">&gt;&gt;</a>&nbsp;&nbsp;&nbsp;MF_ADC_Sampling_Init
<LI><a href="#[1f6]">&gt;&gt;</a>&nbsp;&nbsp;&nbsp;Get_Temper_value
</UL>

<P><STRONG><a name="[1e3]"></a>FL_RCC_SetADCPrescaler</STRONG> (Thumb, 18 bytes, Stack size 0 bytes, adc.o(i.FL_RCC_SetADCPrescaler))
<BR><BR>[Called By]<UL><LI><a href="#[1eb]">&gt;&gt;</a>&nbsp;&nbsp;&nbsp;GetSingleChannelSample_POLL
<LI><a href="#[1e2]">&gt;&gt;</a>&nbsp;&nbsp;&nbsp;GetAVREFSample_POLL
</UL>

<P><STRONG><a name="[1e2]"></a>GetAVREFSample_POLL</STRONG> (Thumb, 148 bytes, Stack size 24 bytes, adc.o(i.GetAVREFSample_POLL))
<BR><BR>[Stack]<UL><LI>Max Depth = 24<LI>Call Chain = GetAVREFSample_POLL
</UL>
<BR>[Calls]<UL><LI><a href="#[1e3]">&gt;&gt;</a>&nbsp;&nbsp;&nbsp;FL_RCC_SetADCPrescaler
<LI><a href="#[1e9]">&gt;&gt;</a>&nbsp;&nbsp;&nbsp;FL_ADC_IsActiveFlag_EndOfConversion
<LI><a href="#[1e5]">&gt;&gt;</a>&nbsp;&nbsp;&nbsp;FL_ADC_EnableSequencerChannel
<LI><a href="#[1e8]">&gt;&gt;</a>&nbsp;&nbsp;&nbsp;FL_ADC_EnableSWConversion
<LI><a href="#[1e7]">&gt;&gt;</a>&nbsp;&nbsp;&nbsp;FL_ADC_Enable
<LI><a href="#[1e4]">&gt;&gt;</a>&nbsp;&nbsp;&nbsp;FL_ADC_DisableSequencerChannel
<LI><a href="#[1ea]">&gt;&gt;</a>&nbsp;&nbsp;&nbsp;FL_ADC_Disable
<LI><a href="#[1e6]">&gt;&gt;</a>&nbsp;&nbsp;&nbsp;FL_ADC_ClearFlag_EndOfConversion
</UL>
<BR>[Called By]<UL><LI><a href="#[1ec]">&gt;&gt;</a>&nbsp;&nbsp;&nbsp;GetSingleChannelVoltage_POLL
</UL>

<P><STRONG><a name="[1eb]"></a>GetSingleChannelSample_POLL</STRONG> (Thumb, 116 bytes, Stack size 32 bytes, adc.o(i.GetSingleChannelSample_POLL))
<BR><BR>[Stack]<UL><LI>Max Depth = 32<LI>Call Chain = GetSingleChannelSample_POLL
</UL>
<BR>[Calls]<UL><LI><a href="#[1e3]">&gt;&gt;</a>&nbsp;&nbsp;&nbsp;FL_RCC_SetADCPrescaler
<LI><a href="#[1e9]">&gt;&gt;</a>&nbsp;&nbsp;&nbsp;FL_ADC_IsActiveFlag_EndOfConversion
<LI><a href="#[1e5]">&gt;&gt;</a>&nbsp;&nbsp;&nbsp;FL_ADC_EnableSequencerChannel
<LI><a href="#[1e8]">&gt;&gt;</a>&nbsp;&nbsp;&nbsp;FL_ADC_EnableSWConversion
<LI><a href="#[1e7]">&gt;&gt;</a>&nbsp;&nbsp;&nbsp;FL_ADC_Enable
<LI><a href="#[1e4]">&gt;&gt;</a>&nbsp;&nbsp;&nbsp;FL_ADC_DisableSequencerChannel
<LI><a href="#[1ea]">&gt;&gt;</a>&nbsp;&nbsp;&nbsp;FL_ADC_Disable
<LI><a href="#[1e6]">&gt;&gt;</a>&nbsp;&nbsp;&nbsp;FL_ADC_ClearFlag_EndOfConversion
</UL>
<BR>[Called By]<UL><LI><a href="#[1ec]">&gt;&gt;</a>&nbsp;&nbsp;&nbsp;GetSingleChannelVoltage_POLL
</UL>

<P><STRONG><a name="[188]"></a>EEprom_SDA_IN</STRONG> (Thumb, 42 bytes, Stack size 24 bytes, at24c02.o(i.EEprom_SDA_IN))
<BR><BR>[Stack]<UL><LI>Max Depth = 60<LI>Call Chain = EEprom_SDA_IN &rArr; FL_GPIO_Init &rArr; FL_GPIO_SetPinMode
</UL>
<BR>[Calls]<UL><LI><a href="#[12e]">&gt;&gt;</a>&nbsp;&nbsp;&nbsp;FL_GPIO_Init
<LI><a href="#[12d]">&gt;&gt;</a>&nbsp;&nbsp;&nbsp;__aeabi_memclr4
</UL>
<BR>[Called By]<UL><LI><a href="#[185]">&gt;&gt;</a>&nbsp;&nbsp;&nbsp;IIC_RevByte
<LI><a href="#[182]">&gt;&gt;</a>&nbsp;&nbsp;&nbsp;IIC_Check_Ack
</UL>

<P><STRONG><a name="[189]"></a>EEprom_SDA_OUT</STRONG> (Thumb, 50 bytes, Stack size 24 bytes, at24c02.o(i.EEprom_SDA_OUT))
<BR><BR>[Stack]<UL><LI>Max Depth = 60<LI>Call Chain = EEprom_SDA_OUT &rArr; FL_GPIO_Init &rArr; FL_GPIO_SetPinMode
</UL>
<BR>[Calls]<UL><LI><a href="#[12e]">&gt;&gt;</a>&nbsp;&nbsp;&nbsp;FL_GPIO_Init
<LI><a href="#[18a]">&gt;&gt;</a>&nbsp;&nbsp;&nbsp;FL_GPIO_SetOutputPin
<LI><a href="#[12d]">&gt;&gt;</a>&nbsp;&nbsp;&nbsp;__aeabi_memclr4
</UL>
<BR>[Called By]<UL><LI><a href="#[183]">&gt;&gt;</a>&nbsp;&nbsp;&nbsp;IIC_Stop
<LI><a href="#[180]">&gt;&gt;</a>&nbsp;&nbsp;&nbsp;IIC_Start
<LI><a href="#[186]">&gt;&gt;</a>&nbsp;&nbsp;&nbsp;IIC_SendNoAck
<LI><a href="#[181]">&gt;&gt;</a>&nbsp;&nbsp;&nbsp;IIC_SendByte
<LI><a href="#[185]">&gt;&gt;</a>&nbsp;&nbsp;&nbsp;IIC_RevByte
<LI><a href="#[182]">&gt;&gt;</a>&nbsp;&nbsp;&nbsp;IIC_Check_Ack
</UL>

<P><STRONG><a name="[209]"></a>FL_GPIO_ResetOutputPin</STRONG> (Thumb, 6 bytes, Stack size 0 bytes, at24c02.o(i.FL_GPIO_ResetOutputPin))
<BR><BR>[Called By]<UL><LI><a href="#[183]">&gt;&gt;</a>&nbsp;&nbsp;&nbsp;IIC_Stop
<LI><a href="#[180]">&gt;&gt;</a>&nbsp;&nbsp;&nbsp;IIC_Start
<LI><a href="#[186]">&gt;&gt;</a>&nbsp;&nbsp;&nbsp;IIC_SendNoAck
<LI><a href="#[181]">&gt;&gt;</a>&nbsp;&nbsp;&nbsp;IIC_SendByte
<LI><a href="#[185]">&gt;&gt;</a>&nbsp;&nbsp;&nbsp;IIC_RevByte
<LI><a href="#[182]">&gt;&gt;</a>&nbsp;&nbsp;&nbsp;IIC_Check_Ack
</UL>

<P><STRONG><a name="[18a]"></a>FL_GPIO_SetOutputPin</STRONG> (Thumb, 6 bytes, Stack size 0 bytes, at24c02.o(i.FL_GPIO_SetOutputPin))
<BR><BR>[Called By]<UL><LI><a href="#[225]">&gt;&gt;</a>&nbsp;&nbsp;&nbsp;MF_I2C_MASTER_Init
<LI><a href="#[183]">&gt;&gt;</a>&nbsp;&nbsp;&nbsp;IIC_Stop
<LI><a href="#[180]">&gt;&gt;</a>&nbsp;&nbsp;&nbsp;IIC_Start
<LI><a href="#[186]">&gt;&gt;</a>&nbsp;&nbsp;&nbsp;IIC_SendNoAck
<LI><a href="#[181]">&gt;&gt;</a>&nbsp;&nbsp;&nbsp;IIC_SendByte
<LI><a href="#[185]">&gt;&gt;</a>&nbsp;&nbsp;&nbsp;IIC_RevByte
<LI><a href="#[182]">&gt;&gt;</a>&nbsp;&nbsp;&nbsp;IIC_Check_Ack
<LI><a href="#[189]">&gt;&gt;</a>&nbsp;&nbsp;&nbsp;EEprom_SDA_OUT
</UL>

<P><STRONG><a name="[12a]"></a>FL_BSTIM32_Enable</STRONG> (Thumb, 10 bytes, Stack size 0 bytes, bstim.o(i.FL_BSTIM32_Enable))
<BR><BR>[Called By]<UL><LI><a href="#[128]">&gt;&gt;</a>&nbsp;&nbsp;&nbsp;BSTIM32_Setup
<LI><a href="#[129]">&gt;&gt;</a>&nbsp;&nbsp;&nbsp;MF_BSTIM32_Init
</UL>

<P><STRONG><a name="[14d]"></a>FL_GPIO_ResetOutputPin</STRONG> (Thumb, 6 bytes, Stack size 0 bytes, define.o(i.FL_GPIO_ResetOutputPin))
<BR><BR>[Called By]<UL><LI><a href="#[14b]">&gt;&gt;</a>&nbsp;&nbsp;&nbsp;Check_Temper_Battery_Init
<LI><a href="#[273]">&gt;&gt;</a>&nbsp;&nbsp;&nbsp;StartOPenDevMode
</UL>

<P><STRONG><a name="[22d]"></a>FL_LCD_EnableCOMEN</STRONG> (Thumb, 24 bytes, Stack size 0 bytes, display_lcd_lib.o(i.FL_LCD_EnableCOMEN))
<BR><BR>[Called By]<UL><LI><a href="#[224]">&gt;&gt;</a>&nbsp;&nbsp;&nbsp;MF_LCD_Init
</UL>

<P><STRONG><a name="[22e]"></a>FL_LCD_EnableSEGEN0</STRONG> (Thumb, 8 bytes, Stack size 0 bytes, display_lcd_lib.o(i.FL_LCD_EnableSEGEN0))
<BR><BR>[Called By]<UL><LI><a href="#[224]">&gt;&gt;</a>&nbsp;&nbsp;&nbsp;MF_LCD_Init
</UL>

<P><STRONG><a name="[21a]"></a>FL_LCD_WriteData</STRONG> (Thumb, 16 bytes, Stack size 12 bytes, display_lcd_lib.o(i.FL_LCD_WriteData))
<BR><BR>[Stack]<UL><LI>Max Depth = 12<LI>Call Chain = FL_LCD_WriteData
</UL>
<BR>[Called By]<UL><LI><a href="#[152]">&gt;&gt;</a>&nbsp;&nbsp;&nbsp;LcdDisplayRefresh
</UL>

<P><STRONG><a name="[1d0]"></a>FL_GPIO_ResetOutputPin</STRONG> (Thumb, 6 bytes, Stack size 0 bytes, gp21.o(i.FL_GPIO_ResetOutputPin))
<BR><BR>[Called By]<UL><LI><a href="#[1da]">&gt;&gt;</a>&nbsp;&nbsp;&nbsp;GP21_Write_Reg16
<LI><a href="#[1d7]">&gt;&gt;</a>&nbsp;&nbsp;&nbsp;GP21_Spi_Init
<LI><a href="#[1d6]">&gt;&gt;</a>&nbsp;&nbsp;&nbsp;GP21_Reset
<LI><a href="#[1d2]">&gt;&gt;</a>&nbsp;&nbsp;&nbsp;GP21_Read_Reg32
<LI><a href="#[1d8]">&gt;&gt;</a>&nbsp;&nbsp;&nbsp;GP21_Read_Reg16
<LI><a href="#[1d3]">&gt;&gt;</a>&nbsp;&nbsp;&nbsp;GP21_Goto_Low_Pwr
<LI><a href="#[150]">&gt;&gt;</a>&nbsp;&nbsp;&nbsp;GP21_GPIO_Init
</UL>

<P><STRONG><a name="[1d4]"></a>FL_GPIO_SetOutputPin</STRONG> (Thumb, 6 bytes, Stack size 0 bytes, gp21.o(i.FL_GPIO_SetOutputPin))
<BR><BR>[Called By]<UL><LI><a href="#[1da]">&gt;&gt;</a>&nbsp;&nbsp;&nbsp;GP21_Write_Reg16
<LI><a href="#[1d7]">&gt;&gt;</a>&nbsp;&nbsp;&nbsp;GP21_Spi_Init
<LI><a href="#[1d6]">&gt;&gt;</a>&nbsp;&nbsp;&nbsp;GP21_Reset
<LI><a href="#[1d2]">&gt;&gt;</a>&nbsp;&nbsp;&nbsp;GP21_Read_Reg32
<LI><a href="#[1d8]">&gt;&gt;</a>&nbsp;&nbsp;&nbsp;GP21_Read_Reg16
<LI><a href="#[1d5]">&gt;&gt;</a>&nbsp;&nbsp;&nbsp;GP21_Goto_Realy
<LI><a href="#[1d3]">&gt;&gt;</a>&nbsp;&nbsp;&nbsp;GP21_Goto_Low_Pwr
</UL>

<P><STRONG><a name="[216]"></a>FL_LPTIM32_Enable</STRONG> (Thumb, 10 bytes, Stack size 0 bytes, lptim32.o(i.FL_LPTIM32_Enable))
<BR><BR>[Called By]<UL><LI><a href="#[214]">&gt;&gt;</a>&nbsp;&nbsp;&nbsp;LPTIM_Setup
<LI><a href="#[215]">&gt;&gt;</a>&nbsp;&nbsp;&nbsp;MF_LPTIM_Init
</UL>

<P><STRONG><a name="[154]"></a>FL_GPIO_ResetOutputPin</STRONG> (Thumb, 6 bytes, Stack size 0 bytes, lpuart_0_and_1_lib.o(i.FL_GPIO_ResetOutputPin))
<BR><BR>[Called By]<UL><LI><a href="#[157]">&gt;&gt;</a>&nbsp;&nbsp;&nbsp;CloseUart1TTL
<LI><a href="#[168]">&gt;&gt;</a>&nbsp;&nbsp;&nbsp;LPUART0_Init
<LI><a href="#[153]">&gt;&gt;</a>&nbsp;&nbsp;&nbsp;CloseLPUart0TTL
</UL>

<P><STRONG><a name="[22f]"></a>FL_GPIO_ResetOutputPin</STRONG> (Thumb, 6 bytes, Stack size 0 bytes, motorctrldev.o(i.FL_GPIO_ResetOutputPin))
<BR><BR>[Called By]<UL><LI><a href="#[166]">&gt;&gt;</a>&nbsp;&nbsp;&nbsp;MF_Motor_Init
<LI><a href="#[296]">&gt;&gt;</a>&nbsp;&nbsp;&nbsp;isCtrlOver
</UL>

<P><STRONG><a name="[295]"></a>FL_GPIO_SetOutputPin</STRONG> (Thumb, 6 bytes, Stack size 0 bytes, motorctrldev.o(i.FL_GPIO_SetOutputPin))
<BR><BR>[Called By]<UL><LI><a href="#[296]">&gt;&gt;</a>&nbsp;&nbsp;&nbsp;isCtrlOver
<LI><a href="#[294]">&gt;&gt;</a>&nbsp;&nbsp;&nbsp;Valve_SetDegree
</UL>

<P><STRONG><a name="[27b]"></a>FL_GPIO_ResetOutputPin</STRONG> (Thumb, 6 bytes, Stack size 0 bytes, pt1000.o(i.FL_GPIO_ResetOutputPin))
<BR><BR>[Called By]<UL><LI><a href="#[27a]">&gt;&gt;</a>&nbsp;&nbsp;&nbsp;TEST_GP21_Temp
</UL>

<P><STRONG><a name="[27c]"></a>FL_GPIO_SetOutputPin</STRONG> (Thumb, 6 bytes, Stack size 0 bytes, pt1000.o(i.FL_GPIO_SetOutputPin))
<BR><BR>[Called By]<UL><LI><a href="#[27a]">&gt;&gt;</a>&nbsp;&nbsp;&nbsp;TEST_GP21_Temp
</UL>

<P><STRONG><a name="[254]"></a>RTC_GetRTC</STRONG> (Thumb, 88 bytes, Stack size 72 bytes, rtc.o(i.RTC_GetRTC))
<BR><BR>[Stack]<UL><LI>Max Depth = 72<LI>Call Chain = RTC_GetRTC
</UL>
<BR>[Calls]<UL><LI><a href="#[255]">&gt;&gt;</a>&nbsp;&nbsp;&nbsp;FL_RTC_GetTime
<LI><a href="#[bc]">&gt;&gt;</a>&nbsp;&nbsp;&nbsp;__aeabi_memcpy4
</UL>
<BR>[Called By]<UL><LI><a href="#[25a]">&gt;&gt;</a>&nbsp;&nbsp;&nbsp;RTC_SetRTC
<LI><a href="#[1b]">&gt;&gt;</a>&nbsp;&nbsp;&nbsp;RTC_IRQHandler
</UL>

<P><STRONG><a name="[13a]"></a>CI522_SDA_IN</STRONG> (Thumb, 40 bytes, Stack size 24 bytes, ci522_interface.o(i.CI522_SDA_IN))
<BR><BR>[Stack]<UL><LI>Max Depth = 60<LI>Call Chain = CI522_SDA_IN &rArr; FL_GPIO_Init &rArr; FL_GPIO_SetPinMode
</UL>
<BR>[Calls]<UL><LI><a href="#[12e]">&gt;&gt;</a>&nbsp;&nbsp;&nbsp;FL_GPIO_Init
<LI><a href="#[12d]">&gt;&gt;</a>&nbsp;&nbsp;&nbsp;__aeabi_memclr4
</UL>
<BR>[Called By]<UL><LI><a href="#[136]">&gt;&gt;</a>&nbsp;&nbsp;&nbsp;IIC_Wait_Ack
<LI><a href="#[137]">&gt;&gt;</a>&nbsp;&nbsp;&nbsp;IIC_Read_Byte
</UL>

<P><STRONG><a name="[13b]"></a>CI522_SDA_OUT</STRONG> (Thumb, 36 bytes, Stack size 24 bytes, ci522_interface.o(i.CI522_SDA_OUT))
<BR><BR>[Stack]<UL><LI>Max Depth = 60<LI>Call Chain = CI522_SDA_OUT &rArr; FL_GPIO_Init &rArr; FL_GPIO_SetPinMode
</UL>
<BR>[Calls]<UL><LI><a href="#[12e]">&gt;&gt;</a>&nbsp;&nbsp;&nbsp;FL_GPIO_Init
<LI><a href="#[12d]">&gt;&gt;</a>&nbsp;&nbsp;&nbsp;__aeabi_memclr4
</UL>
<BR>[Called By]<UL><LI><a href="#[138]">&gt;&gt;</a>&nbsp;&nbsp;&nbsp;IIC_Stop_CI522
<LI><a href="#[134]">&gt;&gt;</a>&nbsp;&nbsp;&nbsp;IIC_Start_CI522
<LI><a href="#[135]">&gt;&gt;</a>&nbsp;&nbsp;&nbsp;IIC_Send_Byte
<LI><a href="#[20a]">&gt;&gt;</a>&nbsp;&nbsp;&nbsp;IIC_NAck
<LI><a href="#[206]">&gt;&gt;</a>&nbsp;&nbsp;&nbsp;IIC_Ack
</UL>

<P><STRONG><a name="[207]"></a>FL_GPIO_ResetOutputPin</STRONG> (Thumb, 6 bytes, Stack size 0 bytes, ci522_interface.o(i.FL_GPIO_ResetOutputPin))
<BR><BR>[Called By]<UL><LI><a href="#[136]">&gt;&gt;</a>&nbsp;&nbsp;&nbsp;IIC_Wait_Ack
<LI><a href="#[138]">&gt;&gt;</a>&nbsp;&nbsp;&nbsp;IIC_Stop_CI522
<LI><a href="#[134]">&gt;&gt;</a>&nbsp;&nbsp;&nbsp;IIC_Start_CI522
<LI><a href="#[135]">&gt;&gt;</a>&nbsp;&nbsp;&nbsp;IIC_Send_Byte
<LI><a href="#[137]">&gt;&gt;</a>&nbsp;&nbsp;&nbsp;IIC_Read_Byte
<LI><a href="#[20a]">&gt;&gt;</a>&nbsp;&nbsp;&nbsp;IIC_NAck
<LI><a href="#[206]">&gt;&gt;</a>&nbsp;&nbsp;&nbsp;IIC_Ack
</UL>

<P><STRONG><a name="[208]"></a>FL_GPIO_SetOutputPin</STRONG> (Thumb, 6 bytes, Stack size 0 bytes, ci522_interface.o(i.FL_GPIO_SetOutputPin))
<BR><BR>[Called By]<UL><LI><a href="#[165]">&gt;&gt;</a>&nbsp;&nbsp;&nbsp;MF_CI522_Init
<LI><a href="#[136]">&gt;&gt;</a>&nbsp;&nbsp;&nbsp;IIC_Wait_Ack
<LI><a href="#[138]">&gt;&gt;</a>&nbsp;&nbsp;&nbsp;IIC_Stop_CI522
<LI><a href="#[134]">&gt;&gt;</a>&nbsp;&nbsp;&nbsp;IIC_Start_CI522
<LI><a href="#[135]">&gt;&gt;</a>&nbsp;&nbsp;&nbsp;IIC_Send_Byte
<LI><a href="#[137]">&gt;&gt;</a>&nbsp;&nbsp;&nbsp;IIC_Read_Byte
<LI><a href="#[20a]">&gt;&gt;</a>&nbsp;&nbsp;&nbsp;IIC_NAck
<LI><a href="#[206]">&gt;&gt;</a>&nbsp;&nbsp;&nbsp;IIC_Ack
</UL>

<P><STRONG><a name="[2e6]"></a>FL_GPIO_ResetOutputPin</STRONG> (Thumb, 6 bytes, Stack size 0 bytes, taskabouttimer.o(i.FL_GPIO_ResetOutputPin))
<BR><BR>[Called By]<UL><LI><a href="#[1fe]">&gt;&gt;</a>&nbsp;&nbsp;&nbsp;setLED_Or_CtrlLinght
</UL>

<P><STRONG><a name="[2e5]"></a>FL_GPIO_SetOutputPin</STRONG> (Thumb, 6 bytes, Stack size 0 bytes, taskabouttimer.o(i.FL_GPIO_SetOutputPin))
<BR><BR>[Called By]<UL><LI><a href="#[1fe]">&gt;&gt;</a>&nbsp;&nbsp;&nbsp;setLED_Or_CtrlLinght
</UL>

<P><STRONG><a name="[246]"></a>FL_GPIO_SetOutputPin</STRONG> (Thumb, 6 bytes, Stack size 0 bytes, taskallreceive.o(i.FL_GPIO_SetOutputPin))
<BR><BR>[Called By]<UL><LI><a href="#[1fd]">&gt;&gt;</a>&nbsp;&nbsp;&nbsp;OpenUartOfLightOrM1
</UL>

<P><STRONG><a name="[219]"></a>NVIC_DisableIRQ</STRONG> (Thumb, 18 bytes, Stack size 0 bytes, taskallreceive.o(i.NVIC_DisableIRQ))
<BR><BR>[Called By]<UL><LI><a href="#[234]">&gt;&gt;</a>&nbsp;&nbsp;&nbsp;NBUartCheckBuff
<LI><a href="#[218]">&gt;&gt;</a>&nbsp;&nbsp;&nbsp;LPUart0CheckBuff
</UL>

<P><STRONG><a name="[110]"></a>NVIC_EnableIRQ</STRONG> (Thumb, 18 bytes, Stack size 0 bytes, taskallreceive.o(i.NVIC_EnableIRQ))
<BR><BR>[Called By]<UL><LI><a href="#[56]">&gt;&gt;</a>&nbsp;&nbsp;&nbsp;AllReceive
<LI><a href="#[234]">&gt;&gt;</a>&nbsp;&nbsp;&nbsp;NBUartCheckBuff
</UL>

<P><STRONG><a name="[1de]"></a>FL_GPIO_ClearFlag_EXTI</STRONG> (Thumb, 6 bytes, Stack size 0 bytes, taskgpioinit.o(i.FL_GPIO_ClearFlag_EXTI))
<BR><BR>[Called By]<UL><LI><a href="#[227]">&gt;&gt;</a>&nbsp;&nbsp;&nbsp;MF_EXTI_Line_Init
<LI><a href="#[37]">&gt;&gt;</a>&nbsp;&nbsp;&nbsp;GPIO_IRQHandler
</UL>

<P><STRONG><a name="[1dd]"></a>FL_GPIO_IsActiveFlag_EXTI</STRONG> (Thumb, 22 bytes, Stack size 0 bytes, taskgpioinit.o(i.FL_GPIO_IsActiveFlag_EXTI))
<BR><BR>[Called By]<UL><LI><a href="#[37]">&gt;&gt;</a>&nbsp;&nbsp;&nbsp;GPIO_IRQHandler
</UL>

<P><STRONG><a name="[14a]"></a>FL_GPIO_ResetOutputPin</STRONG> (Thumb, 6 bytes, Stack size 0 bytes, taskgpioinit.o(i.FL_GPIO_ResetOutputPin))
<BR><BR>[Called By]<UL><LI><a href="#[148]">&gt;&gt;</a>&nbsp;&nbsp;&nbsp;Check_Key_Line_value
</UL>

<P><STRONG><a name="[228]"></a>FL_GPIO_SetOutputPin</STRONG> (Thumb, 6 bytes, Stack size 0 bytes, taskgpioinit.o(i.FL_GPIO_SetOutputPin))
<BR><BR>[Called By]<UL><LI><a href="#[227]">&gt;&gt;</a>&nbsp;&nbsp;&nbsp;MF_EXTI_Line_Init
</UL>

<P><STRONG><a name="[c4]"></a>_dadd1</STRONG> (Thumb, 290 bytes, Stack size 20 bytes, daddsub.o(.text), UNUSED)
<BR><BR>[Called By]<UL><LI><a href="#[c6]">&gt;&gt;</a>&nbsp;&nbsp;&nbsp;_drsb
<LI><a href="#[c5]">&gt;&gt;</a>&nbsp;&nbsp;&nbsp;_dsub
<LI><a href="#[c2]">&gt;&gt;</a>&nbsp;&nbsp;&nbsp;_dadd
</UL>

<P><STRONG><a name="[c3]"></a>_dsub1</STRONG> (Thumb, 470 bytes, Stack size 40 bytes, daddsub.o(.text), UNUSED)
<BR><BR>[Called By]<UL><LI><a href="#[c6]">&gt;&gt;</a>&nbsp;&nbsp;&nbsp;_drsb
<LI><a href="#[c5]">&gt;&gt;</a>&nbsp;&nbsp;&nbsp;_dsub
<LI><a href="#[c2]">&gt;&gt;</a>&nbsp;&nbsp;&nbsp;_dadd
</UL>

<P><STRONG><a name="[305]"></a>_fadd1</STRONG> (Thumb, 0 bytes, Stack size unknown bytes, faddsub.o(x$fpl$fadd), UNUSED)
<BR><BR>[Called By]<UL><LI><a href="#[306]">&gt;&gt;</a>&nbsp;&nbsp;&nbsp;_fsub
<LI><a href="#[304]">&gt;&gt;</a>&nbsp;&nbsp;&nbsp;_frsb
</UL>

<P><STRONG><a name="[300]"></a>_fsub1</STRONG> (Thumb, 0 bytes, Stack size unknown bytes, faddsub.o(x$fpl$fsub), UNUSED)
<BR><BR>[Called By]<UL><LI><a href="#[304]">&gt;&gt;</a>&nbsp;&nbsp;&nbsp;_frsb
<LI><a href="#[2ff]">&gt;&gt;</a>&nbsp;&nbsp;&nbsp;_fadd
</UL>

<P><STRONG><a name="[3e]"></a>_printf_input_char</STRONG> (Thumb, 10 bytes, Stack size 0 bytes, _printf_char_common.o(.text))
<BR>[Address Reference Count : 1]<UL><LI> _printf_char_common.o(.text)
</UL>
<P><STRONG><a name="[3f]"></a>_scanf_char_input</STRONG> (Thumb, 12 bytes, Stack size 0 bytes, scanf_char.o(.text))
<BR>[Address Reference Count : 1]<UL><LI> scanf_char.o(.text)
</UL>
<P><STRONG><a name="[d8]"></a>_local_sscanf</STRONG> (Thumb, 60 bytes, Stack size 56 bytes, strtod.o(.text))
<BR><BR>[Stack]<UL><LI>Max Depth = 64<LI>Call Chain = _local_sscanf &rArr; _scanf_real
</UL>
<BR>[Calls]<UL><LI><a href="#[d9]">&gt;&gt;</a>&nbsp;&nbsp;&nbsp;_scanf_real
</UL>
<BR>[Called By]<UL><LI><a href="#[da]">&gt;&gt;</a>&nbsp;&nbsp;&nbsp;__strtod_int
</UL>

<P><STRONG><a name="[e8]"></a>btod_internal_mul</STRONG> (Thumb, 492 bytes, Stack size 56 bytes, btod.o(.text))
<BR><BR>[Stack]<UL><LI>Max Depth = 80<LI>Call Chain = btod_internal_mul &rArr; __ARM_common_ll_muluu
</UL>
<BR>[Calls]<UL><LI><a href="#[e9]">&gt;&gt;</a>&nbsp;&nbsp;&nbsp;__ARM_common_ll_muluu
</UL>
<BR>[Called By]<UL><LI><a href="#[ea]">&gt;&gt;</a>&nbsp;&nbsp;&nbsp;_btod_emuld
<LI><a href="#[e6]">&gt;&gt;</a>&nbsp;&nbsp;&nbsp;_btod_emul
</UL>

<P><STRONG><a name="[eb]"></a>btod_internal_div</STRONG> (Thumb, 520 bytes, Stack size 64 bytes, btod.o(.text))
<BR><BR>[Stack]<UL><LI>Max Depth = 64<LI>Call Chain = btod_internal_div
</UL>
<BR>[Called By]<UL><LI><a href="#[ec]">&gt;&gt;</a>&nbsp;&nbsp;&nbsp;_btod_edivd
<LI><a href="#[e7]">&gt;&gt;</a>&nbsp;&nbsp;&nbsp;_btod_ediv
</UL>

<P><STRONG><a name="[f0]"></a>_fp_value</STRONG> (Thumb, 602 bytes, Stack size 80 bytes, scanf_fp.o(.text))
<BR><BR>[Stack]<UL><LI>Max Depth = 256<LI>Call Chain = _fp_value &rArr; _btod_etento &rArr; _btod_emul &rArr; btod_internal_mul &rArr; __ARM_common_ll_muluu
</UL>
<BR>[Calls]<UL><LI><a href="#[ec]">&gt;&gt;</a>&nbsp;&nbsp;&nbsp;_btod_edivd
<LI><a href="#[ea]">&gt;&gt;</a>&nbsp;&nbsp;&nbsp;_btod_emuld
<LI><a href="#[e4]">&gt;&gt;</a>&nbsp;&nbsp;&nbsp;_btod_etento
<LI><a href="#[d2]">&gt;&gt;</a>&nbsp;&nbsp;&nbsp;__aeabi_errno_addr
<LI><a href="#[f1]">&gt;&gt;</a>&nbsp;&nbsp;&nbsp;__aeabi_lmul
</UL>
<BR>[Called By]<UL><LI><a href="#[6a]">&gt;&gt;</a>&nbsp;&nbsp;&nbsp;_scanf_really_real
</UL>
<P>
<H3>
Undefined Global Symbols
</H3>
<P><STRONG><a name="[f5]"></a>_call_atexit_fns</STRONG> (ARM, 0 bytes, Stack size 0 bytes, UNDEFINED)
<BR><BR>[Called By]<UL><LI><a href="#[a4]">&gt;&gt;</a>&nbsp;&nbsp;&nbsp;exit
</UL>

<P><STRONG><a name="[d5]"></a>_printf_mbtowc</STRONG> (ARM, 0 bytes, Stack size 0 bytes, UNDEFINED)
<BR><BR>[Called By]<UL><LI><a href="#[d4]">&gt;&gt;</a>&nbsp;&nbsp;&nbsp;_printf_cs_common
</UL>

<P><STRONG><a name="[df]"></a>_scanf_longlong</STRONG> (ARM, 0 bytes, Stack size 0 bytes, UNDEFINED)
<BR><BR>[Called By]<UL><LI><a href="#[d7]">&gt;&gt;</a>&nbsp;&nbsp;&nbsp;__vfscanf
</UL>

<P><STRONG><a name="[e1]"></a>_scanf_mbtowc</STRONG> (ARM, 0 bytes, Stack size 0 bytes, UNDEFINED)
<BR><BR>[Called By]<UL><LI><a href="#[d7]">&gt;&gt;</a>&nbsp;&nbsp;&nbsp;__vfscanf
</UL>

<P><STRONG><a name="[e2]"></a>_scanf_string</STRONG> (ARM, 0 bytes, Stack size 0 bytes, UNDEFINED)
<BR><BR>[Called By]<UL><LI><a href="#[d7]">&gt;&gt;</a>&nbsp;&nbsp;&nbsp;__vfscanf
</UL>

<P><STRONG><a name="[e3]"></a>_scanf_wctomb</STRONG> (ARM, 0 bytes, Stack size 0 bytes, UNDEFINED)
<BR><BR>[Called By]<UL><LI><a href="#[d7]">&gt;&gt;</a>&nbsp;&nbsp;&nbsp;__vfscanf
</UL>

<P><STRONG><a name="[e0]"></a>_scanf_wstring</STRONG> (ARM, 0 bytes, Stack size 0 bytes, UNDEFINED)
<BR><BR>[Called By]<UL><LI><a href="#[d7]">&gt;&gt;</a>&nbsp;&nbsp;&nbsp;__vfscanf
</UL>
<HR></body></html>
