<!doctype html public "-//w3c//dtd html 4.0 transitional//en">
<html><head>
<title>Static Call Graph - [.\Objects\\FreeRTOS_DeepSleep.axf]</title></head>
<body><HR>
<H1>Static Call Graph for image .\Objects\\FreeRTOS_DeepSleep.axf</H1><HR>
<BR><P>#&#060CALLGRAPH&#062# ARM Linker, 5060960: Last Updated: Sat Jul 05 12:20:55 2025
<BR><P>
<H3>Maximum Stack Usage =       1464 bytes + Unknown(Functions without stacksize, Cycles, Untraceable Function Pointers)</H3><H3>
Call chain for Maximum Stack Depth:</H3>
AllReceive &rArr; HY_USB_TTL_CheckBuff &rArr; UpData_Receive_Hex &rArr; SaveUpdataToPage8Buff &rArr; writeUpdataBuffDataToFlash &rArr; flash_write_page &rArr; FL_FLASH_Program_Page
<P>
<H3>
Functions with no stack information
</H3><UL>
 <LI><a href="#[f3]">__user_initial_stackheap</a>
</UL>
</UL>
<P>
<H3>
Mutually Recursive functions
</H3> <LI><a href="#[1c]">NMI_Handler</a>&nbsp;&nbsp;&nbsp;&rArr;&nbsp;&nbsp;&nbsp;<a href="#[1c]">NMI_Handler</a><BR>
 <LI><a href="#[1d]">HardFault_Handler</a>&nbsp;&nbsp;&nbsp;&rArr;&nbsp;&nbsp;&nbsp;<a href="#[1d]">HardFault_Handler</a><BR>
 <LI><a href="#[26]">ADC_IRQHandler</a>&nbsp;&nbsp;&nbsp;&rArr;&nbsp;&nbsp;&nbsp;<a href="#[26]">ADC_IRQHandler</a><BR>
 <LI><a href="#[273]">quicksort</a>&nbsp;&nbsp;&nbsp;&rArr;&nbsp;&nbsp;&nbsp;<a href="#[273]">quicksort</a><BR>
</UL>
<P>
<H3>
Function Pointers
</H3><UL>
 <LI><a href="#[26]">ADC_IRQHandler</a> from startup_fm33lc0xx.o(.text) referenced from startup_fm33lc0xx.o(RESET)
 <LI><a href="#[34]">AES_IRQHandler</a> from startup_fm33lc0xx.o(.text) referenced from startup_fm33lc0xx.o(RESET)
 <LI><a href="#[3d]">ATIM_IRQHandler</a> from startup_fm33lc0xx.o(.text) referenced from startup_fm33lc0xx.o(RESET)
 <LI><a href="#[5c]">AllReceive</a> from taskallreceive.o(i.AllReceive) referenced from main.o(i.main)
 <LI><a href="#[60]">Arr_get</a> from jsondataanalyzelib.o(i.Arr_get) referenced from jsondataanalyzelib.o(i.newJsonArrayByString)
 <LI><a href="#[61]">Arr_getArray</a> from jsondataanalyzelib.o(i.Arr_getArray) referenced from jsondataanalyzelib.o(i.newJsonArrayByString)
 <LI><a href="#[5f]">Arr_isJsonNull</a> from jsondataanalyzelib.o(i.Arr_isJsonNull) referenced from jsondataanalyzelib.o(i.newJsonArrayByString)
 <LI><a href="#[5e]">Arr_sizeItemNum</a> from jsondataanalyzelib.o(i.Arr_sizeItemNum) referenced from jsondataanalyzelib.o(i.newJsonArrayByString)
 <LI><a href="#[39]">BSTIM_IRQHandler</a> from bstim.o(i.BSTIM_IRQHandler) referenced from startup_fm33lc0xx.o(RESET)
 <LI><a href="#[3a]">COMPx_IRQHandler</a> from startup_fm33lc0xx.o(.text) referenced from startup_fm33lc0xx.o(RESET)
 <LI><a href="#[36]">DMA_IRQHandler</a> from startup_fm33lc0xx.o(.text) referenced from startup_fm33lc0xx.o(RESET)
 <LI><a href="#[4b]">DoneCardCmd</a> from taskallreceive.o(i.DoneCardCmd) referenced from taskallreceive.o(i.AllReceive)
 <LI><a href="#[24]">FLASH_IRQHandler</a> from startup_fm33lc0xx.o(.text) referenced from startup_fm33lc0xx.o(RESET)
 <LI><a href="#[57]">FL_FDET_IsActiveFlag_XTLFFail</a> from check_xthf_or_xtlf.o(i.FL_FDET_IsActiveFlag_XTLFFail) referenced from check_xthf_or_xtlf.o(i.check_XTClock_isOk)
 <LI><a href="#[70]">FL_GPIO_SetExtiLine0</a> from fm33lc0xx_fl_exti.o(i.FL_GPIO_SetExtiLine0) referenced from fm33lc0xx_fl_exti.o(.constdata)
 <LI><a href="#[71]">FL_GPIO_SetExtiLine1</a> from fm33lc0xx_fl_exti.o(i.FL_GPIO_SetExtiLine1) referenced from fm33lc0xx_fl_exti.o(.constdata)
 <LI><a href="#[7a]">FL_GPIO_SetExtiLine10</a> from fm33lc0xx_fl_exti.o(i.FL_GPIO_SetExtiLine10) referenced from fm33lc0xx_fl_exti.o(.constdata)
 <LI><a href="#[7b]">FL_GPIO_SetExtiLine11</a> from fm33lc0xx_fl_exti.o(i.FL_GPIO_SetExtiLine11) referenced from fm33lc0xx_fl_exti.o(.constdata)
 <LI><a href="#[7c]">FL_GPIO_SetExtiLine12</a> from fm33lc0xx_fl_exti.o(i.FL_GPIO_SetExtiLine12) referenced from fm33lc0xx_fl_exti.o(.constdata)
 <LI><a href="#[7d]">FL_GPIO_SetExtiLine13</a> from fm33lc0xx_fl_exti.o(i.FL_GPIO_SetExtiLine13) referenced from fm33lc0xx_fl_exti.o(.constdata)
 <LI><a href="#[7e]">FL_GPIO_SetExtiLine14</a> from fm33lc0xx_fl_exti.o(i.FL_GPIO_SetExtiLine14) referenced from fm33lc0xx_fl_exti.o(.constdata)
 <LI><a href="#[72]">FL_GPIO_SetExtiLine2</a> from fm33lc0xx_fl_exti.o(i.FL_GPIO_SetExtiLine2) referenced from fm33lc0xx_fl_exti.o(.constdata)
 <LI><a href="#[73]">FL_GPIO_SetExtiLine3</a> from fm33lc0xx_fl_exti.o(i.FL_GPIO_SetExtiLine3) referenced from fm33lc0xx_fl_exti.o(.constdata)
 <LI><a href="#[74]">FL_GPIO_SetExtiLine4</a> from fm33lc0xx_fl_exti.o(i.FL_GPIO_SetExtiLine4) referenced from fm33lc0xx_fl_exti.o(.constdata)
 <LI><a href="#[75]">FL_GPIO_SetExtiLine5</a> from fm33lc0xx_fl_exti.o(i.FL_GPIO_SetExtiLine5) referenced from fm33lc0xx_fl_exti.o(.constdata)
 <LI><a href="#[76]">FL_GPIO_SetExtiLine6</a> from fm33lc0xx_fl_exti.o(i.FL_GPIO_SetExtiLine6) referenced from fm33lc0xx_fl_exti.o(.constdata)
 <LI><a href="#[77]">FL_GPIO_SetExtiLine7</a> from fm33lc0xx_fl_exti.o(i.FL_GPIO_SetExtiLine7) referenced from fm33lc0xx_fl_exti.o(.constdata)
 <LI><a href="#[78]">FL_GPIO_SetExtiLine8</a> from fm33lc0xx_fl_exti.o(i.FL_GPIO_SetExtiLine8) referenced from fm33lc0xx_fl_exti.o(.constdata)
 <LI><a href="#[79]">FL_GPIO_SetExtiLine9</a> from fm33lc0xx_fl_exti.o(i.FL_GPIO_SetExtiLine9) referenced from fm33lc0xx_fl_exti.o(.constdata)
 <LI><a href="#[7f]">FL_GPIO_SetTriggerEdge</a> from fm33lc0xx_fl_exti.o(i.FL_GPIO_SetTriggerEdge) referenced from fm33lc0xx_fl_exti.o(.constdata)
 <LI><a href="#[3f]">GPIO_IRQHandler</a> from taskgpioinit.o(i.GPIO_IRQHandler) referenced from startup_fm33lc0xx.o(RESET)
 <LI><a href="#[3b]">GPTIM0_IRQHandler</a> from startup_fm33lc0xx.o(.text) referenced from startup_fm33lc0xx.o(RESET)
 <LI><a href="#[3c]">GPTIM1_IRQHandler</a> from startup_fm33lc0xx.o(.text) referenced from startup_fm33lc0xx.o(RESET)
 <LI><a href="#[5a]">GpioTask</a> from taskgpioinit.o(i.GpioTask) referenced from main.o(i.main)
 <LI><a href="#[4d]">GpioTaskTimerCallback</a> from taskgpioinit.o(i.GpioTaskTimerCallback) referenced from taskgpioinit.o(i.GpioTask)
 <LI><a href="#[2f]">HFDET_IRQHandler</a> from startup_fm33lc0xx.o(.text) referenced from startup_fm33lc0xx.o(RESET)
 <LI><a href="#[1d]">HardFault_Handler</a> from startup_fm33lc0xx.o(.text) referenced from startup_fm33lc0xx.o(RESET)
 <LI><a href="#[32]">I2C_IRQHandler</a> from startup_fm33lc0xx.o(.text) referenced from startup_fm33lc0xx.o(RESET)
 <LI><a href="#[27]">IWDT_IRQHandler</a> from startup_fm33lc0xx.o(.text) referenced from startup_fm33lc0xx.o(RESET)
 <LI><a href="#[2a]">LCD_IRQHandler</a> from startup_fm33lc0xx.o(.text) referenced from startup_fm33lc0xx.o(RESET)
 <LI><a href="#[25]">LFDET_IRQHandler</a> from check_xthf_or_xtlf.o(i.LFDET_IRQHandler) referenced from startup_fm33lc0xx.o(RESET)
 <LI><a href="#[35]">LPTIM_IRQHandler</a> from lptim32.o(i.LPTIM_IRQHandler) referenced from startup_fm33lc0xx.o(RESET)
 <LI><a href="#[40]">LPUART0_IRQHandler</a> from lpuart_0_and_1_lib.o(i.LPUART0_IRQHandler) referenced from startup_fm33lc0xx.o(RESET)
 <LI><a href="#[50]">LPUART0_ReadData_Deal</a> from lpuart_0_and_1_lib.o(i.LPUART0_ReadData_Deal) referenced from lpuart_0_and_1_lib.o(i.LPUART0_IRQHandler)
 <LI><a href="#[31]">LPUART1_IRQHandler</a> from startup_fm33lc0xx.o(.text) referenced from startup_fm33lc0xx.o(RESET)
 <LI><a href="#[1c]">NMI_Handler</a> from startup_fm33lc0xx.o(.text) referenced from startup_fm33lc0xx.o(RESET)
 <LI><a href="#[52]">NoExtrenPowerAndOpenValve</a> from taskabouttimer.o(i.NoExtrenPowerAndOpenValve) referenced from taskabouttimer.o(i.Test_Exter_Power)
 <LI><a href="#[38]">OPAx_IRQHandler</a> from startup_fm33lc0xx.o(.text) referenced from startup_fm33lc0xx.o(RESET)
 <LI><a href="#[68]">Obj_getArray</a> from jsondataanalyzelib.o(i.Obj_getArray) referenced from jsondataanalyzelib.o(i.newJsonObjectByString)
 <LI><a href="#[66]">Obj_getBool</a> from jsondataanalyzelib.o(i.Obj_getBool) referenced from jsondataanalyzelib.o(i.newJsonObjectByString)
 <LI><a href="#[65]">Obj_getDouble</a> from jsondataanalyzelib.o(i.Obj_getDouble) referenced from jsondataanalyzelib.o(i.newJsonObjectByString)
 <LI><a href="#[64]">Obj_getInt</a> from jsondataanalyzelib.o(i.Obj_getInt) referenced from jsondataanalyzelib.o(i.newJsonObjectByString)
 <LI><a href="#[69]">Obj_getObject</a> from jsondataanalyzelib.o(i.Obj_getObject) referenced from jsondataanalyzelib.o(i.newJsonObjectByString)
 <LI><a href="#[67]">Obj_getString</a> from jsondataanalyzelib.o(i.Obj_getString) referenced from jsondataanalyzelib.o(i.newJsonObjectByString)
 <LI><a href="#[63]">Obj_isJsonNull</a> from jsondataanalyzelib.o(i.Obj_isJsonNull) referenced from jsondataanalyzelib.o(i.newJsonObjectByString)
 <LI><a href="#[62]">Obj_sizeStr</a> from jsondataanalyzelib.o(i.Obj_sizeStr) referenced from jsondataanalyzelib.o(i.newJsonObjectByString)
 <LI><a href="#[1f]">PendSV_Handler</a> from port.o(.emb_text) referenced from startup_fm33lc0xx.o(RESET)
 <LI><a href="#[23]">RTC_IRQHandler</a> from rtc.o(i.RTC_IRQHandler) referenced from startup_fm33lc0xx.o(RESET)
 <LI><a href="#[58]">ReadEEprom</a> from taskeeprom.o(i.ReadEEprom) referenced from main.o(i.main)
 <LI><a href="#[51]">ReadEEpromTimerCallback</a> from taskeeprom.o(i.ReadEEpromTimerCallback) referenced from taskeeprom.o(i.ReadEEprom)
 <LI><a href="#[1b]">Reset_Handler</a> from startup_fm33lc0xx.o(.text) referenced from startup_fm33lc0xx.o(RESET)
 <LI><a href="#[28]">SPI1_IRQHandler</a> from startup_fm33lc0xx.o(.text) referenced from startup_fm33lc0xx.o(RESET)
 <LI><a href="#[29]">SPI2_IRQHandler</a> from startup_fm33lc0xx.o(.text) referenced from startup_fm33lc0xx.o(RESET)
 <LI><a href="#[1e]">SVC_Handler</a> from port.o(i.SVC_Handler) referenced from startup_fm33lc0xx.o(RESET)
 <LI><a href="#[22]">SVD_IRQHandler</a> from startup_fm33lc0xx.o(.text) referenced from startup_fm33lc0xx.o(RESET)
 <LI><a href="#[88]">ShowBatV</a> from display.o(i.ShowBatV) referenced from display.o(.constdata)
 <LI><a href="#[8a]">ShowErrerCode</a> from display.o(i.ShowErrerCode) referenced from display.o(.constdata)
 <LI><a href="#[8b]">ShowFrontValveCtrlUser</a> from display.o(i.ShowFrontValveCtrlUser) referenced from display.o(.constdata)
 <LI><a href="#[4e]">ShowHomePage</a> from display.o(i.ShowHomePage) referenced from taskgpioinit.o(i.GpioTask)
 <LI><a href="#[4e]">ShowHomePage</a> from display.o(i.ShowHomePage) referenced from display.o(i.ShowHomePage)
 <LI><a href="#[4e]">ShowHomePage</a> from display.o(i.ShowHomePage) referenced from motorctrldev.o(i.Valve_SetDegree)
 <LI><a href="#[4e]">ShowHomePage</a> from display.o(i.ShowHomePage) referenced from at24cxxdataloader.o(i.setNetArgumentInit)
 <LI><a href="#[82]">ShowMeterID</a> from display.o(i.ShowMeterID) referenced from display.o(.constdata)
 <LI><a href="#[83]">ShowNowLimitTime</a> from display.o(i.ShowNowLimitTime) referenced from display.o(.constdata)
 <LI><a href="#[84]">ShowRTCDate_Now</a> from display.o(i.ShowRTCDate_Now) referenced from display.o(.constdata)
 <LI><a href="#[85]">ShowRTCTime_Now</a> from display.o(i.ShowRTCTime_Now) referenced from display.o(.constdata)
 <LI><a href="#[81]">ShowTemper</a> from display.o(i.ShowTemper) referenced from display.o(.constdata)
 <LI><a href="#[87]">ShowUserCtrlDevData</a> from display.o(i.ShowUserCtrlDevData) referenced from display.o(.constdata)
 <LI><a href="#[86]">ShowUserEnableFlag</a> from display.o(i.ShowUserEnableFlag) referenced from display.o(.constdata)
 <LI><a href="#[80]">ShowValvePart</a> from display.o(i.ShowValvePart) referenced from display.o(.constdata)
 <LI><a href="#[89]">ShowVerNum</a> from display.o(i.ShowVerNum) referenced from display.o(.constdata)
 <LI><a href="#[20]">SysTick_Handler</a> from port.o(i.SysTick_Handler) referenced from startup_fm33lc0xx.o(RESET)
 <LI><a href="#[41]">SystemInit</a> from system_fm33lc0xx.o(i.SystemInit) referenced from startup_fm33lc0xx.o(.text)
 <LI><a href="#[4c]">Test433AlarmTask</a> from taskabouttimer.o(i.Test433AlarmTask) referenced from rf_cmt2300a_receive.o(i.CMT2300A_RECEIVE_DATA)
 <LI><a href="#[4c]">Test433AlarmTask</a> from taskabouttimer.o(i.Test433AlarmTask) referenced from taskabouttimer.o(i.TimeTask)
 <LI><a href="#[53]">Test_Exter_Power</a> from taskabouttimer.o(i.Test_Exter_Power) referenced from taskabouttimer.o(i.TimeTask)
 <LI><a href="#[5b]">TimeTask</a> from taskabouttimer.o(i.TimeTask) referenced from main.o(i.main)
 <LI><a href="#[30]">U7816_IRQHandler</a> from startup_fm33lc0xx.o(.text) referenced from startup_fm33lc0xx.o(RESET)
 <LI><a href="#[2b]">UART0_IRQHandler</a> from startup_fm33lc0xx.o(.text) referenced from startup_fm33lc0xx.o(RESET)
 <LI><a href="#[2c]">UART1_IRQHandler</a> from startup_fm33lc0xx.o(.text) referenced from startup_fm33lc0xx.o(RESET)
 <LI><a href="#[2d]">UART4_IRQHandler</a> from startup_fm33lc0xx.o(.text) referenced from startup_fm33lc0xx.o(RESET)
 <LI><a href="#[2e]">UART5_IRQHandler</a> from startup_fm33lc0xx.o(.text) referenced from startup_fm33lc0xx.o(RESET)
 <LI><a href="#[33]">USB_IRQHandler</a> from startup_fm33lc0xx.o(.text) referenced from startup_fm33lc0xx.o(RESET)
 <LI><a href="#[3e]">VREF_IRQHandler</a> from startup_fm33lc0xx.o(.text) referenced from startup_fm33lc0xx.o(RESET)
 <LI><a href="#[5d]">ValveCtrlTask</a> from task_valve.o(i.ValveCtrlTask) referenced from main.o(i.main)
 <LI><a href="#[37]">WKUP_IRQHandler</a> from startup_fm33lc0xx.o(.text) referenced from startup_fm33lc0xx.o(RESET)
 <LI><a href="#[21]">WWDT_IRQHandler</a> from startup_fm33lc0xx.o(.text) referenced from startup_fm33lc0xx.o(RESET)
 <LI><a href="#[59]">WriteEEprom</a> from taskeeprom.o(i.WriteEEprom) referenced from main.o(i.main)
 <LI><a href="#[55]">WriteEEpromTimerCallback</a> from taskeeprom.o(i.WriteEEpromTimerCallback) referenced from taskeeprom.o(i.WriteEEprom)
 <LI><a href="#[19]">_EC20_ReBoot_In_RTC_By_1Second</a> from rtc.o(i._EC20_ReBoot_In_RTC_By_1Second) referenced 2 times from rtc.o(.data)
 <LI><a href="#[15]">_InitRTCTask</a> from rtc_settime.o(i._InitRTCTask) referenced 2 times from rtc_settime.o(.data)
 <LI><a href="#[17]">_InitSetTimeTask</a> from settime.o(i._InitSetTimeTask) referenced 2 times from settime.o(.data)
 <LI><a href="#[11]">_MinInitRTCTask</a> from min_settime.o(i._MinInitRTCTask) referenced 2 times from min_settime.o(.data)
 <LI><a href="#[12]">_MinRTCCloseTask</a> from min_settime.o(i._MinRTCCloseTask) referenced 2 times from min_settime.o(.data)
 <LI><a href="#[13]">_Min_15_InitRTCTask</a> from min_settime.o(i._Min_15_InitRTCTask) referenced 2 times from min_settime.o(.data)
 <LI><a href="#[14]">_Min_15_RTCCloseTask</a> from min_settime.o(i._Min_15_RTCCloseTask) referenced 2 times from min_settime.o(.data)
 <LI><a href="#[16]">_RTCCloseTask</a> from rtc_settime.o(i._RTCCloseTask) referenced 2 times from rtc_settime.o(.data)
 <LI><a href="#[1a]">_RTC_ReBoot_Check</a> from rtc.o(i._RTC_ReBoot_Check) referenced 2 times from rtc.o(.data)
 <LI><a href="#[18]">_SetCloseTask</a> from settime.o(i._SetCloseTask) referenced 2 times from settime.o(.data)
 <LI><a href="#[8c]">__main</a> from __main.o(!!!main) referenced from startup_fm33lc0xx.o(.text)
 <LI><a href="#[56]">_getStrlen</a> from strlib.o(i._getStrlen) referenced from strlib.o(i._strnewInit)
 <LI><a href="#[49]">_get_lc_ctype</a> from lc_ctype_c.o(locale$$code) referenced from rt_ctype_table.o(.text)
 <LI><a href="#[46]">_printf_input_char</a> from _printf_char_common.o(.text) referenced from _printf_char_common.o(.text)
 <LI><a href="#[45]">_sbackspace</a> from _sgetc.o(.text) referenced 2 times from __0sscanf.o(.text)
 <LI><a href="#[47]">_scanf_char_input</a> from scanf_char.o(.text) referenced from scanf_char.o(.text)
 <LI><a href="#[6e]">_scanf_really_hex_real</a> from scanf_hexfp.o(.text) referenced from scanf2.o(x$fpl$scanf2)
 <LI><a href="#[6f]">_scanf_really_infnan</a> from scanf_infnan.o(.text) referenced from scanf2.o(x$fpl$scanf2)
 <LI><a href="#[6d]">_scanf_really_real</a> from scanf_fp.o(.text) referenced from scanf1.o(x$fpl$scanf1)
 <LI><a href="#[44]">_sgetc</a> from _sgetc.o(.text) referenced 2 times from __0sscanf.o(.text)
 <LI><a href="#[43]">_sputc</a> from _sputc.o(.text) referenced from __2sprintf.o(.text)
 <LI><a href="#[4f]">check_XTClock_isOk</a> from check_xthf_or_xtlf.o(i.check_XTClock_isOk) referenced from check_xthf_or_xtlf.o(i.LFDET_IRQHandler)
 <LI><a href="#[4f]">check_XTClock_isOk</a> from check_xthf_or_xtlf.o(i.check_XTClock_isOk) referenced from check_xthf_or_xtlf.o(i.check_XTClock_isOk)
 <LI><a href="#[4a]">closeLightOrM1</a> from taskallreceive.o(i.closeLightOrM1) referenced from taskallreceive.o(i.AllReceive)
 <LI><a href="#[48]">isspace</a> from isspace.o(.text) referenced 2 times from scanf_char.o(.text)
 <LI><a href="#[6b]">prvIdleTask</a> from tasks.o(i.prvIdleTask) referenced from tasks.o(i.vTaskStartScheduler)
 <LI><a href="#[6a]">prvTaskExitError</a> from port.o(i.prvTaskExitError) referenced from port.o(i.pxPortInitialiseStack)
 <LI><a href="#[6c]">prvTimerTask</a> from timers.o(i.prvTimerTask) referenced from timers.o(i.xTimerCreateTimerTask)
 <LI><a href="#[54]">startTimeTask</a> from taskabouttimer.o(i.startTimeTask) referenced from taskabouttimer.o(i.TimeTask)
</UL>
<P>
<H3>
Global Symbols
</H3>
<P><STRONG><a name="[8c]"></a>__main</STRONG> (Thumb, 8 bytes, Stack size 0 bytes, __main.o(!!!main))
<BR><BR>[Calls]<UL><LI><a href="#[8e]">&gt;&gt;</a>&nbsp;&nbsp;&nbsp;__rt_entry
<LI><a href="#[8d]">&gt;&gt;</a>&nbsp;&nbsp;&nbsp;__scatterload
</UL>

<P><STRONG><a name="[8d]"></a>__scatterload</STRONG> (Thumb, 0 bytes, Stack size unknown bytes, __scatter.o(!!!scatter))
<BR><BR>[Called By]<UL><LI><a href="#[8c]">&gt;&gt;</a>&nbsp;&nbsp;&nbsp;__main
</UL>

<P><STRONG><a name="[8f]"></a>__scatterload_rt2</STRONG> (Thumb, 52 bytes, Stack size unknown bytes, __scatter.o(!!!scatter), UNUSED)
<BR><BR>[Calls]<UL><LI><a href="#[8e]">&gt;&gt;</a>&nbsp;&nbsp;&nbsp;__rt_entry
</UL>

<P><STRONG><a name="[2d8]"></a>__scatterload_rt2_thumb_only</STRONG> (Thumb, 0 bytes, Stack size unknown bytes, __scatter.o(!!!scatter), UNUSED)

<P><STRONG><a name="[2d9]"></a>__scatterload_null</STRONG> (Thumb, 0 bytes, Stack size unknown bytes, __scatter.o(!!!scatter), UNUSED)

<P><STRONG><a name="[2da]"></a>__scatterload_zeroinit</STRONG> (Thumb, 28 bytes, Stack size unknown bytes, __scatter_zi.o(!!handler_zi), UNUSED)

<P><STRONG><a name="[b5]"></a>_printf_percent</STRONG> (Thumb, 0 bytes, Stack size unknown bytes, _printf_percent.o(.ARM.Collect$$_printf_percent$$00000000))
<BR><BR>[Called By]<UL><LI><a href="#[b3]">&gt;&gt;</a>&nbsp;&nbsp;&nbsp;__printf
</UL>

<P><STRONG><a name="[90]"></a>_printf_d</STRONG> (Thumb, 0 bytes, Stack size unknown bytes, _printf_d.o(.ARM.Collect$$_printf_percent$$00000009))
<BR><BR>[Stack]<UL><LI>Max Depth = 96 + Unknown Stack Size
<LI>Call Chain = _printf_d &rArr; _printf_x &rArr; _printf_int_hex &rArr; _printf_longlong_hex &rArr; _printf_int_common &rArr; _printf_post_padding
</UL>
<BR>[Calls]<UL><LI><a href="#[91]">&gt;&gt;</a>&nbsp;&nbsp;&nbsp;_printf_x
<LI><a href="#[92]">&gt;&gt;</a>&nbsp;&nbsp;&nbsp;_printf_int_dec
</UL>

<P><STRONG><a name="[91]"></a>_printf_x</STRONG> (Thumb, 0 bytes, Stack size unknown bytes, _printf_x.o(.ARM.Collect$$_printf_percent$$0000000C))
<BR><BR>[Stack]<UL><LI>Max Depth = 96 + Unknown Stack Size
<LI>Call Chain = _printf_x &rArr; _printf_int_hex &rArr; _printf_longlong_hex &rArr; _printf_int_common &rArr; _printf_post_padding
</UL>
<BR>[Calls]<UL><LI><a href="#[94]">&gt;&gt;</a>&nbsp;&nbsp;&nbsp;_printf_int_hex
<LI><a href="#[93]">&gt;&gt;</a>&nbsp;&nbsp;&nbsp;_printf_percent_end
</UL>
<BR>[Called By]<UL><LI><a href="#[90]">&gt;&gt;</a>&nbsp;&nbsp;&nbsp;_printf_d
</UL>

<P><STRONG><a name="[93]"></a>_printf_percent_end</STRONG> (Thumb, 0 bytes, Stack size unknown bytes, _printf_percent_end.o(.ARM.Collect$$_printf_percent$$00000017))
<BR><BR>[Called By]<UL><LI><a href="#[91]">&gt;&gt;</a>&nbsp;&nbsp;&nbsp;_printf_x
</UL>

<P><STRONG><a name="[9f]"></a>__rt_lib_init</STRONG> (Thumb, 0 bytes, Stack size unknown bytes, libinit.o(.ARM.Collect$$libinit$$00000000))
<BR><BR>[Called By]<UL><LI><a href="#[9e]">&gt;&gt;</a>&nbsp;&nbsp;&nbsp;__rt_entry_li
</UL>

<P><STRONG><a name="[2db]"></a>__rt_lib_init_fp_1</STRONG> (Thumb, 0 bytes, Stack size unknown bytes, libinit2.o(.ARM.Collect$$libinit$$00000002))

<P><STRONG><a name="[95]"></a>__rt_lib_init_heap_2</STRONG> (Thumb, 0 bytes, Stack size unknown bytes, libinit2.o(.ARM.Collect$$libinit$$00000005))
<BR><BR>[Stack]<UL><LI>Max Depth = 64 + Unknown Stack Size
<LI>Call Chain = __rt_lib_init_heap_2 &rArr; _init_alloc &rArr; __rt_SIGRTMEM &rArr; __rt_SIGRTMEM_inner &rArr; __default_signal_display &rArr; _ttywrch
</UL>
<BR>[Calls]<UL><LI><a href="#[96]">&gt;&gt;</a>&nbsp;&nbsp;&nbsp;_init_alloc
</UL>

<P><STRONG><a name="[2dc]"></a>__rt_lib_init_preinit_1</STRONG> (Thumb, 0 bytes, Stack size unknown bytes, libinit2.o(.ARM.Collect$$libinit$$00000004))

<P><STRONG><a name="[2dd]"></a>__rt_lib_init_heap_1</STRONG> (Thumb, 0 bytes, Stack size unknown bytes, libinit2.o(.ARM.Collect$$libinit$$0000000A))

<P><STRONG><a name="[97]"></a>__rt_lib_init_lc_common</STRONG> (Thumb, 0 bytes, Stack size unknown bytes, libinit2.o(.ARM.Collect$$libinit$$0000000F))
<BR><BR>[Calls]<UL><LI><a href="#[98]">&gt;&gt;</a>&nbsp;&nbsp;&nbsp;__rt_locale
</UL>

<P><STRONG><a name="[2de]"></a>__rt_lib_init_rand_1</STRONG> (Thumb, 0 bytes, Stack size unknown bytes, libinit2.o(.ARM.Collect$$libinit$$0000000E))

<P><STRONG><a name="[2df]"></a>__rt_lib_init_user_alloc_1</STRONG> (Thumb, 0 bytes, Stack size unknown bytes, libinit2.o(.ARM.Collect$$libinit$$0000000C))

<P><STRONG><a name="[2e0]"></a>__rt_lib_init_lc_collate_1</STRONG> (Thumb, 0 bytes, Stack size unknown bytes, libinit2.o(.ARM.Collect$$libinit$$00000011))

<P><STRONG><a name="[99]"></a>__rt_lib_init_lc_ctype_2</STRONG> (Thumb, 0 bytes, Stack size unknown bytes, libinit2.o(.ARM.Collect$$libinit$$00000012))
<BR><BR>[Stack]<UL><LI>Max Depth = 24 + Unknown Stack Size
<LI>Call Chain = __rt_lib_init_lc_ctype_2 &rArr; _get_lc_ctype &rArr; strcmp
</UL>
<BR>[Calls]<UL><LI><a href="#[49]">&gt;&gt;</a>&nbsp;&nbsp;&nbsp;_get_lc_ctype
</UL>

<P><STRONG><a name="[2e1]"></a>__rt_lib_init_lc_ctype_1</STRONG> (Thumb, 0 bytes, Stack size unknown bytes, libinit2.o(.ARM.Collect$$libinit$$00000013))

<P><STRONG><a name="[2e2]"></a>__rt_lib_init_lc_monetary_1</STRONG> (Thumb, 0 bytes, Stack size unknown bytes, libinit2.o(.ARM.Collect$$libinit$$00000015))

<P><STRONG><a name="[9a]"></a>__rt_lib_init_lc_numeric_2</STRONG> (Thumb, 0 bytes, Stack size unknown bytes, libinit2.o(.ARM.Collect$$libinit$$00000016))
<BR><BR>[Stack]<UL><LI>Max Depth = 24 + Unknown Stack Size
<LI>Call Chain = __rt_lib_init_lc_numeric_2 &rArr; _get_lc_numeric &rArr; strcmp
</UL>
<BR>[Calls]<UL><LI><a href="#[9b]">&gt;&gt;</a>&nbsp;&nbsp;&nbsp;_get_lc_numeric
</UL>

<P><STRONG><a name="[2e3]"></a>__rt_lib_init_alloca_1</STRONG> (Thumb, 0 bytes, Stack size unknown bytes, libinit2.o(.ARM.Collect$$libinit$$0000002E))

<P><STRONG><a name="[2e4]"></a>__rt_lib_init_argv_1</STRONG> (Thumb, 0 bytes, Stack size unknown bytes, libinit2.o(.ARM.Collect$$libinit$$0000002C))

<P><STRONG><a name="[2e5]"></a>__rt_lib_init_atexit_1</STRONG> (Thumb, 0 bytes, Stack size unknown bytes, libinit2.o(.ARM.Collect$$libinit$$0000001B))

<P><STRONG><a name="[2e6]"></a>__rt_lib_init_clock_1</STRONG> (Thumb, 0 bytes, Stack size unknown bytes, libinit2.o(.ARM.Collect$$libinit$$00000021))

<P><STRONG><a name="[2e7]"></a>__rt_lib_init_cpp_1</STRONG> (Thumb, 0 bytes, Stack size unknown bytes, libinit2.o(.ARM.Collect$$libinit$$00000032))

<P><STRONG><a name="[2e8]"></a>__rt_lib_init_exceptions_1</STRONG> (Thumb, 0 bytes, Stack size unknown bytes, libinit2.o(.ARM.Collect$$libinit$$00000030))

<P><STRONG><a name="[2e9]"></a>__rt_lib_init_fp_trap_1</STRONG> (Thumb, 0 bytes, Stack size unknown bytes, libinit2.o(.ARM.Collect$$libinit$$0000001F))

<P><STRONG><a name="[2ea]"></a>__rt_lib_init_getenv_1</STRONG> (Thumb, 0 bytes, Stack size unknown bytes, libinit2.o(.ARM.Collect$$libinit$$00000023))

<P><STRONG><a name="[2eb]"></a>__rt_lib_init_lc_numeric_1</STRONG> (Thumb, 0 bytes, Stack size unknown bytes, libinit2.o(.ARM.Collect$$libinit$$00000017))

<P><STRONG><a name="[2ec]"></a>__rt_lib_init_lc_time_1</STRONG> (Thumb, 0 bytes, Stack size unknown bytes, libinit2.o(.ARM.Collect$$libinit$$00000019))

<P><STRONG><a name="[2ed]"></a>__rt_lib_init_return</STRONG> (Thumb, 0 bytes, Stack size unknown bytes, libinit2.o(.ARM.Collect$$libinit$$00000033))

<P><STRONG><a name="[2ee]"></a>__rt_lib_init_signal_1</STRONG> (Thumb, 0 bytes, Stack size unknown bytes, libinit2.o(.ARM.Collect$$libinit$$0000001D))

<P><STRONG><a name="[2ef]"></a>__rt_lib_init_stdio_1</STRONG> (Thumb, 0 bytes, Stack size unknown bytes, libinit2.o(.ARM.Collect$$libinit$$00000025))

<P><STRONG><a name="[a4]"></a>__rt_lib_shutdown</STRONG> (Thumb, 0 bytes, Stack size unknown bytes, libshutdown.o(.ARM.Collect$$libshutdown$$00000000))
<BR><BR>[Called By]<UL><LI><a href="#[a3]">&gt;&gt;</a>&nbsp;&nbsp;&nbsp;__rt_exit_ls
</UL>

<P><STRONG><a name="[2f0]"></a>__rt_lib_shutdown_cpp_1</STRONG> (Thumb, 0 bytes, Stack size unknown bytes, libshutdown2.o(.ARM.Collect$$libshutdown$$00000004))

<P><STRONG><a name="[2f1]"></a>__rt_lib_shutdown_fini_1</STRONG> (Thumb, 0 bytes, Stack size unknown bytes, libshutdown2.o(.ARM.Collect$$libshutdown$$00000002))

<P><STRONG><a name="[2f2]"></a>__rt_lib_shutdown_fp_trap_1</STRONG> (Thumb, 0 bytes, Stack size unknown bytes, libshutdown2.o(.ARM.Collect$$libshutdown$$00000009))

<P><STRONG><a name="[2f3]"></a>__rt_lib_shutdown_heap_1</STRONG> (Thumb, 0 bytes, Stack size unknown bytes, libshutdown2.o(.ARM.Collect$$libshutdown$$00000011))

<P><STRONG><a name="[2f4]"></a>__rt_lib_shutdown_return</STRONG> (Thumb, 0 bytes, Stack size unknown bytes, libshutdown2.o(.ARM.Collect$$libshutdown$$00000012))

<P><STRONG><a name="[2f5]"></a>__rt_lib_shutdown_signal_1</STRONG> (Thumb, 0 bytes, Stack size unknown bytes, libshutdown2.o(.ARM.Collect$$libshutdown$$0000000C))

<P><STRONG><a name="[2f6]"></a>__rt_lib_shutdown_stdio_1</STRONG> (Thumb, 0 bytes, Stack size unknown bytes, libshutdown2.o(.ARM.Collect$$libshutdown$$00000006))

<P><STRONG><a name="[2f7]"></a>__rt_lib_shutdown_user_alloc_1</STRONG> (Thumb, 0 bytes, Stack size unknown bytes, libshutdown2.o(.ARM.Collect$$libshutdown$$0000000E))

<P><STRONG><a name="[8e]"></a>__rt_entry</STRONG> (Thumb, 0 bytes, Stack size unknown bytes, __rtentry.o(.ARM.Collect$$rtentry$$00000000))
<BR><BR>[Called By]<UL><LI><a href="#[8c]">&gt;&gt;</a>&nbsp;&nbsp;&nbsp;__main
<LI><a href="#[8f]">&gt;&gt;</a>&nbsp;&nbsp;&nbsp;__scatterload_rt2
</UL>

<P><STRONG><a name="[2f8]"></a>__rt_entry_presh_1</STRONG> (Thumb, 0 bytes, Stack size unknown bytes, __rtentry2.o(.ARM.Collect$$rtentry$$00000002))

<P><STRONG><a name="[9c]"></a>__rt_entry_sh</STRONG> (Thumb, 0 bytes, Stack size unknown bytes, __rtentry4.o(.ARM.Collect$$rtentry$$00000004))
<BR><BR>[Stack]<UL><LI>Max Depth = 8 + Unknown Stack Size
<LI>Call Chain = __rt_entry_sh &rArr; __user_setup_stackheap
</UL>
<BR>[Calls]<UL><LI><a href="#[9d]">&gt;&gt;</a>&nbsp;&nbsp;&nbsp;__user_setup_stackheap
</UL>

<P><STRONG><a name="[9e]"></a>__rt_entry_li</STRONG> (Thumb, 0 bytes, Stack size unknown bytes, __rtentry2.o(.ARM.Collect$$rtentry$$0000000A))
<BR><BR>[Calls]<UL><LI><a href="#[9f]">&gt;&gt;</a>&nbsp;&nbsp;&nbsp;__rt_lib_init
</UL>

<P><STRONG><a name="[2f9]"></a>__rt_entry_postsh_1</STRONG> (Thumb, 0 bytes, Stack size unknown bytes, __rtentry2.o(.ARM.Collect$$rtentry$$00000009))

<P><STRONG><a name="[a0]"></a>__rt_entry_main</STRONG> (Thumb, 0 bytes, Stack size unknown bytes, __rtentry2.o(.ARM.Collect$$rtentry$$0000000D))
<BR><BR>[Stack]<UL><LI>Max Depth = 240 + Unknown Stack Size
<LI>Call Chain = __rt_entry_main &rArr; main &rArr; StartOPenDevMode &rArr; RTC_SetRTC &rArr; getDayOfWeek &rArr; anyBaseToAnyBase &rArr; __aeabi_uldivmod
</UL>
<BR>[Calls]<UL><LI><a href="#[a1]">&gt;&gt;</a>&nbsp;&nbsp;&nbsp;main
<LI><a href="#[a2]">&gt;&gt;</a>&nbsp;&nbsp;&nbsp;exit
</UL>

<P><STRONG><a name="[2fa]"></a>__rt_entry_postli_1</STRONG> (Thumb, 0 bytes, Stack size unknown bytes, __rtentry2.o(.ARM.Collect$$rtentry$$0000000C))

<P><STRONG><a name="[fa]"></a>__rt_exit</STRONG> (Thumb, 0 bytes, Stack size unknown bytes, rtexit.o(.ARM.Collect$$rtexit$$00000000))
<BR><BR>[Called By]<UL><LI><a href="#[a2]">&gt;&gt;</a>&nbsp;&nbsp;&nbsp;exit
</UL>

<P><STRONG><a name="[a3]"></a>__rt_exit_ls</STRONG> (Thumb, 0 bytes, Stack size unknown bytes, rtexit2.o(.ARM.Collect$$rtexit$$00000003))
<BR><BR>[Calls]<UL><LI><a href="#[a4]">&gt;&gt;</a>&nbsp;&nbsp;&nbsp;__rt_lib_shutdown
</UL>

<P><STRONG><a name="[2fb]"></a>__rt_exit_prels_1</STRONG> (Thumb, 0 bytes, Stack size unknown bytes, rtexit2.o(.ARM.Collect$$rtexit$$00000002))

<P><STRONG><a name="[a5]"></a>__rt_exit_exit</STRONG> (Thumb, 0 bytes, Stack size unknown bytes, rtexit2.o(.ARM.Collect$$rtexit$$00000004))
<BR><BR>[Calls]<UL><LI><a href="#[a6]">&gt;&gt;</a>&nbsp;&nbsp;&nbsp;_sys_exit
</UL>

<P><STRONG><a name="[2c7]"></a>__asm___6_port_c_39a90d8d__prvPortStartFirstTask</STRONG> (Thumb, 36 bytes, Stack size 0 bytes, port.o(.emb_text))
<BR><BR>[Called By]<UL><LI><a href="#[2c4]">&gt;&gt;</a>&nbsp;&nbsp;&nbsp;xPortStartScheduler
</UL>

<P><STRONG><a name="[263]"></a>ulSetInterruptMaskFromISR</STRONG> (Thumb, 8 bytes, Stack size 0 bytes, port.o(.emb_text))
<BR><BR>[Called By]<UL><LI><a href="#[21a]">&gt;&gt;</a>&nbsp;&nbsp;&nbsp;xQueueGiveFromISR
<LI><a href="#[2ca]">&gt;&gt;</a>&nbsp;&nbsp;&nbsp;xQueueGenericSendFromISR
<LI><a href="#[20]">&gt;&gt;</a>&nbsp;&nbsp;&nbsp;SysTick_Handler
<LI><a href="#[21b]">&gt;&gt;</a>&nbsp;&nbsp;&nbsp;xTaskResumeFromISR
</UL>

<P><STRONG><a name="[265]"></a>vClearInterruptMaskFromISR</STRONG> (Thumb, 6 bytes, Stack size 0 bytes, port.o(.emb_text))
<BR><BR>[Called By]<UL><LI><a href="#[21a]">&gt;&gt;</a>&nbsp;&nbsp;&nbsp;xQueueGiveFromISR
<LI><a href="#[2ca]">&gt;&gt;</a>&nbsp;&nbsp;&nbsp;xQueueGenericSendFromISR
<LI><a href="#[20]">&gt;&gt;</a>&nbsp;&nbsp;&nbsp;SysTick_Handler
<LI><a href="#[21b]">&gt;&gt;</a>&nbsp;&nbsp;&nbsp;xTaskResumeFromISR
</UL>

<P><STRONG><a name="[1f]"></a>PendSV_Handler</STRONG> (Thumb, 62 bytes, Stack size 0 bytes, port.o(.emb_text))
<BR><BR>[Calls]<UL><LI><a href="#[a7]">&gt;&gt;</a>&nbsp;&nbsp;&nbsp;vTaskSwitchContext
</UL>
<BR>[Address Reference Count : 1]<UL><LI> startup_fm33lc0xx.o(RESET)
</UL>
<P><STRONG><a name="[bb]"></a>__aeabi_memcpy4</STRONG> (Thumb, 56 bytes, Stack size 0 bytes, rt_memcpy.o(.emb_text))
<BR><BR>[Called By]<UL><LI><a href="#[236]">&gt;&gt;</a>&nbsp;&nbsp;&nbsp;newJsonArrayByString
<LI><a href="#[69]">&gt;&gt;</a>&nbsp;&nbsp;&nbsp;Obj_getObject
<LI><a href="#[68]">&gt;&gt;</a>&nbsp;&nbsp;&nbsp;Obj_getArray
<LI><a href="#[1ff]">&gt;&gt;</a>&nbsp;&nbsp;&nbsp;newJsonObjectByString
<LI><a href="#[25e]">&gt;&gt;</a>&nbsp;&nbsp;&nbsp;TimestampToRTCData
<LI><a href="#[1f8]">&gt;&gt;</a>&nbsp;&nbsp;&nbsp;LCD_MenuPage_Change
<LI><a href="#[184]">&gt;&gt;</a>&nbsp;&nbsp;&nbsp;WeiteCmdSubData
<LI><a href="#[115]">&gt;&gt;</a>&nbsp;&nbsp;&nbsp;HY_USB_TTL_CheckBuff
<LI><a href="#[11b]">&gt;&gt;</a>&nbsp;&nbsp;&nbsp;PCD_SI522A_TypeA_rw_block
<LI><a href="#[247]">&gt;&gt;</a>&nbsp;&nbsp;&nbsp;RTC_GetRTC
<LI><a href="#[ba]">&gt;&gt;</a>&nbsp;&nbsp;&nbsp;__aeabi_memcpy
</UL>

<P><STRONG><a name="[2fc]"></a>__aeabi_memcpy8</STRONG> (Thumb, 0 bytes, Stack size 0 bytes, rt_memcpy.o(.emb_text), UNUSED)

<P><STRONG><a name="[1b]"></a>Reset_Handler</STRONG> (Thumb, 8 bytes, Stack size 0 bytes, startup_fm33lc0xx.o(.text))
<BR>[Address Reference Count : 1]<UL><LI> startup_fm33lc0xx.o(RESET)
</UL>
<P><STRONG><a name="[2fd]"></a>_maybe_terminate_alloc</STRONG> (Thumb, 0 bytes, Stack size 0 bytes, maybetermalloc1.o(.emb_text), UNUSED)

<P><STRONG><a name="[1c]"></a>NMI_Handler</STRONG> (Thumb, 2 bytes, Stack size 0 bytes, startup_fm33lc0xx.o(.text))
<BR><BR>[Calls]<UL><LI><a href="#[1c]">&gt;&gt;</a>&nbsp;&nbsp;&nbsp;NMI_Handler
</UL>
<BR>[Called By]<UL><LI><a href="#[1c]">&gt;&gt;</a>&nbsp;&nbsp;&nbsp;NMI_Handler
</UL>
<BR>[Address Reference Count : 1]<UL><LI> startup_fm33lc0xx.o(RESET)
</UL>
<P><STRONG><a name="[1d]"></a>HardFault_Handler</STRONG> (Thumb, 2 bytes, Stack size 0 bytes, startup_fm33lc0xx.o(.text))
<BR><BR>[Calls]<UL><LI><a href="#[1d]">&gt;&gt;</a>&nbsp;&nbsp;&nbsp;HardFault_Handler
</UL>
<BR>[Called By]<UL><LI><a href="#[1d]">&gt;&gt;</a>&nbsp;&nbsp;&nbsp;HardFault_Handler
</UL>
<BR>[Address Reference Count : 1]<UL><LI> startup_fm33lc0xx.o(RESET)
</UL>
<P><STRONG><a name="[26]"></a>ADC_IRQHandler</STRONG> (Thumb, 0 bytes, Stack size 0 bytes, startup_fm33lc0xx.o(.text))
<BR><BR>[Calls]<UL><LI><a href="#[26]">&gt;&gt;</a>&nbsp;&nbsp;&nbsp;ADC_IRQHandler
</UL>
<BR>[Called By]<UL><LI><a href="#[26]">&gt;&gt;</a>&nbsp;&nbsp;&nbsp;ADC_IRQHandler
</UL>
<BR>[Address Reference Count : 1]<UL><LI> startup_fm33lc0xx.o(RESET)
</UL>
<P><STRONG><a name="[34]"></a>AES_IRQHandler</STRONG> (Thumb, 0 bytes, Stack size 0 bytes, startup_fm33lc0xx.o(.text))
<BR>[Address Reference Count : 1]<UL><LI> startup_fm33lc0xx.o(RESET)
</UL>
<P><STRONG><a name="[3d]"></a>ATIM_IRQHandler</STRONG> (Thumb, 0 bytes, Stack size 0 bytes, startup_fm33lc0xx.o(.text))
<BR>[Address Reference Count : 1]<UL><LI> startup_fm33lc0xx.o(RESET)
</UL>
<P><STRONG><a name="[3a]"></a>COMPx_IRQHandler</STRONG> (Thumb, 0 bytes, Stack size 0 bytes, startup_fm33lc0xx.o(.text))
<BR>[Address Reference Count : 1]<UL><LI> startup_fm33lc0xx.o(RESET)
</UL>
<P><STRONG><a name="[36]"></a>DMA_IRQHandler</STRONG> (Thumb, 0 bytes, Stack size 0 bytes, startup_fm33lc0xx.o(.text))
<BR>[Address Reference Count : 1]<UL><LI> startup_fm33lc0xx.o(RESET)
</UL>
<P><STRONG><a name="[24]"></a>FLASH_IRQHandler</STRONG> (Thumb, 0 bytes, Stack size 0 bytes, startup_fm33lc0xx.o(.text))
<BR>[Address Reference Count : 1]<UL><LI> startup_fm33lc0xx.o(RESET)
</UL>
<P><STRONG><a name="[3b]"></a>GPTIM0_IRQHandler</STRONG> (Thumb, 0 bytes, Stack size 0 bytes, startup_fm33lc0xx.o(.text))
<BR>[Address Reference Count : 1]<UL><LI> startup_fm33lc0xx.o(RESET)
</UL>
<P><STRONG><a name="[3c]"></a>GPTIM1_IRQHandler</STRONG> (Thumb, 0 bytes, Stack size 0 bytes, startup_fm33lc0xx.o(.text))
<BR>[Address Reference Count : 1]<UL><LI> startup_fm33lc0xx.o(RESET)
</UL>
<P><STRONG><a name="[2f]"></a>HFDET_IRQHandler</STRONG> (Thumb, 0 bytes, Stack size 0 bytes, startup_fm33lc0xx.o(.text))
<BR>[Address Reference Count : 1]<UL><LI> startup_fm33lc0xx.o(RESET)
</UL>
<P><STRONG><a name="[32]"></a>I2C_IRQHandler</STRONG> (Thumb, 0 bytes, Stack size 0 bytes, startup_fm33lc0xx.o(.text))
<BR>[Address Reference Count : 1]<UL><LI> startup_fm33lc0xx.o(RESET)
</UL>
<P><STRONG><a name="[27]"></a>IWDT_IRQHandler</STRONG> (Thumb, 0 bytes, Stack size 0 bytes, startup_fm33lc0xx.o(.text))
<BR>[Address Reference Count : 1]<UL><LI> startup_fm33lc0xx.o(RESET)
</UL>
<P><STRONG><a name="[2a]"></a>LCD_IRQHandler</STRONG> (Thumb, 0 bytes, Stack size 0 bytes, startup_fm33lc0xx.o(.text))
<BR>[Address Reference Count : 1]<UL><LI> startup_fm33lc0xx.o(RESET)
</UL>
<P><STRONG><a name="[31]"></a>LPUART1_IRQHandler</STRONG> (Thumb, 0 bytes, Stack size 0 bytes, startup_fm33lc0xx.o(.text))
<BR>[Address Reference Count : 1]<UL><LI> startup_fm33lc0xx.o(RESET)
</UL>
<P><STRONG><a name="[38]"></a>OPAx_IRQHandler</STRONG> (Thumb, 0 bytes, Stack size 0 bytes, startup_fm33lc0xx.o(.text))
<BR>[Address Reference Count : 1]<UL><LI> startup_fm33lc0xx.o(RESET)
</UL>
<P><STRONG><a name="[28]"></a>SPI1_IRQHandler</STRONG> (Thumb, 0 bytes, Stack size 0 bytes, startup_fm33lc0xx.o(.text))
<BR>[Address Reference Count : 1]<UL><LI> startup_fm33lc0xx.o(RESET)
</UL>
<P><STRONG><a name="[29]"></a>SPI2_IRQHandler</STRONG> (Thumb, 0 bytes, Stack size 0 bytes, startup_fm33lc0xx.o(.text))
<BR>[Address Reference Count : 1]<UL><LI> startup_fm33lc0xx.o(RESET)
</UL>
<P><STRONG><a name="[22]"></a>SVD_IRQHandler</STRONG> (Thumb, 0 bytes, Stack size 0 bytes, startup_fm33lc0xx.o(.text))
<BR>[Address Reference Count : 1]<UL><LI> startup_fm33lc0xx.o(RESET)
</UL>
<P><STRONG><a name="[30]"></a>U7816_IRQHandler</STRONG> (Thumb, 0 bytes, Stack size 0 bytes, startup_fm33lc0xx.o(.text))
<BR>[Address Reference Count : 1]<UL><LI> startup_fm33lc0xx.o(RESET)
</UL>
<P><STRONG><a name="[2b]"></a>UART0_IRQHandler</STRONG> (Thumb, 0 bytes, Stack size 0 bytes, startup_fm33lc0xx.o(.text))
<BR>[Address Reference Count : 1]<UL><LI> startup_fm33lc0xx.o(RESET)
</UL>
<P><STRONG><a name="[2c]"></a>UART1_IRQHandler</STRONG> (Thumb, 0 bytes, Stack size 0 bytes, startup_fm33lc0xx.o(.text))
<BR>[Address Reference Count : 1]<UL><LI> startup_fm33lc0xx.o(RESET)
</UL>
<P><STRONG><a name="[2d]"></a>UART4_IRQHandler</STRONG> (Thumb, 0 bytes, Stack size 0 bytes, startup_fm33lc0xx.o(.text))
<BR>[Address Reference Count : 1]<UL><LI> startup_fm33lc0xx.o(RESET)
</UL>
<P><STRONG><a name="[2e]"></a>UART5_IRQHandler</STRONG> (Thumb, 0 bytes, Stack size 0 bytes, startup_fm33lc0xx.o(.text))
<BR>[Address Reference Count : 1]<UL><LI> startup_fm33lc0xx.o(RESET)
</UL>
<P><STRONG><a name="[33]"></a>USB_IRQHandler</STRONG> (Thumb, 0 bytes, Stack size 0 bytes, startup_fm33lc0xx.o(.text))
<BR>[Address Reference Count : 1]<UL><LI> startup_fm33lc0xx.o(RESET)
</UL>
<P><STRONG><a name="[3e]"></a>VREF_IRQHandler</STRONG> (Thumb, 0 bytes, Stack size 0 bytes, startup_fm33lc0xx.o(.text))
<BR>[Address Reference Count : 1]<UL><LI> startup_fm33lc0xx.o(RESET)
</UL>
<P><STRONG><a name="[37]"></a>WKUP_IRQHandler</STRONG> (Thumb, 0 bytes, Stack size 0 bytes, startup_fm33lc0xx.o(.text))
<BR>[Address Reference Count : 1]<UL><LI> startup_fm33lc0xx.o(RESET)
</UL>
<P><STRONG><a name="[21]"></a>WWDT_IRQHandler</STRONG> (Thumb, 0 bytes, Stack size 0 bytes, startup_fm33lc0xx.o(.text))
<BR>[Address Reference Count : 1]<UL><LI> startup_fm33lc0xx.o(RESET)
</UL>
<P><STRONG><a name="[f3]"></a>__user_initial_stackheap</STRONG> (Thumb, 0 bytes, Stack size unknown bytes, startup_fm33lc0xx.o(.text))
<BR><BR>[Called By]<UL><LI><a href="#[9d]">&gt;&gt;</a>&nbsp;&nbsp;&nbsp;__user_setup_stackheap
</UL>

<P><STRONG><a name="[a8]"></a>malloc</STRONG> (Thumb, 98 bytes, Stack size 16 bytes, h1_alloc.o(.text))
<BR><BR>[Stack]<UL><LI>Max Depth = 56<LI>Call Chain = malloc &rArr; __Heap_Full &rArr; __Heap_ProvideMemory &rArr; free
</UL>
<BR>[Calls]<UL><LI><a href="#[aa]">&gt;&gt;</a>&nbsp;&nbsp;&nbsp;__Heap_Full
<LI><a href="#[a9]">&gt;&gt;</a>&nbsp;&nbsp;&nbsp;__rt_heap_descriptor
</UL>
<BR>[Called By]<UL><LI><a href="#[241]">&gt;&gt;</a>&nbsp;&nbsp;&nbsp;PcdSelect1
<LI><a href="#[23f]">&gt;&gt;</a>&nbsp;&nbsp;&nbsp;PcdRequest
<LI><a href="#[243]">&gt;&gt;</a>&nbsp;&nbsp;&nbsp;PcdRead
<LI><a href="#[244]">&gt;&gt;</a>&nbsp;&nbsp;&nbsp;PcdHalt
<LI><a href="#[242]">&gt;&gt;</a>&nbsp;&nbsp;&nbsp;PcdAuthState
<LI><a href="#[240]">&gt;&gt;</a>&nbsp;&nbsp;&nbsp;PcdAnticoll
</UL>

<P><STRONG><a name="[ab]"></a>free</STRONG> (Thumb, 76 bytes, Stack size 16 bytes, h1_free.o(.text))
<BR><BR>[Stack]<UL><LI>Max Depth = 16<LI>Call Chain = free
</UL>
<BR>[Calls]<UL><LI><a href="#[a9]">&gt;&gt;</a>&nbsp;&nbsp;&nbsp;__rt_heap_descriptor
</UL>
<BR>[Called By]<UL><LI><a href="#[241]">&gt;&gt;</a>&nbsp;&nbsp;&nbsp;PcdSelect1
<LI><a href="#[23f]">&gt;&gt;</a>&nbsp;&nbsp;&nbsp;PcdRequest
<LI><a href="#[243]">&gt;&gt;</a>&nbsp;&nbsp;&nbsp;PcdRead
<LI><a href="#[244]">&gt;&gt;</a>&nbsp;&nbsp;&nbsp;PcdHalt
<LI><a href="#[242]">&gt;&gt;</a>&nbsp;&nbsp;&nbsp;PcdAuthState
<LI><a href="#[240]">&gt;&gt;</a>&nbsp;&nbsp;&nbsp;PcdAnticoll
<LI><a href="#[d0]">&gt;&gt;</a>&nbsp;&nbsp;&nbsp;__Heap_ProvideMemory
</UL>

<P><STRONG><a name="[fd]"></a>__aeabi_llsl</STRONG> (Thumb, 32 bytes, Stack size 8 bytes, llshl.o(.text))
<BR><BR>[Stack]<UL><LI>Max Depth = 8<LI>Call Chain = __aeabi_llsl
</UL>
<BR>[Called By]<UL><LI><a href="#[110]">&gt;&gt;</a>&nbsp;&nbsp;&nbsp;readDataBit
<LI><a href="#[1fb]">&gt;&gt;</a>&nbsp;&nbsp;&nbsp;setDataBit
<LI><a href="#[6e]">&gt;&gt;</a>&nbsp;&nbsp;&nbsp;_scanf_really_hex_real
</UL>

<P><STRONG><a name="[2fe]"></a>_ll_shift_l</STRONG> (Thumb, 0 bytes, Stack size 8 bytes, llshl.o(.text), UNUSED)

<P><STRONG><a name="[18b]"></a>__aeabi_llsr</STRONG> (Thumb, 34 bytes, Stack size 8 bytes, llushr.o(.text))
<BR><BR>[Stack]<UL><LI>Max Depth = 8<LI>Call Chain = __aeabi_llsr
</UL>
<BR>[Called By]<UL><LI><a href="#[10b]">&gt;&gt;</a>&nbsp;&nbsp;&nbsp;DoubleOrFloatToBuff
</UL>

<P><STRONG><a name="[2ff]"></a>_ll_ushift_r</STRONG> (Thumb, 0 bytes, Stack size 8 bytes, llushr.o(.text), UNUSED)

<P><STRONG><a name="[f5]"></a>__aeabi_lmul</STRONG> (Thumb, 48 bytes, Stack size 12 bytes, llmul.o(.text))
<BR><BR>[Stack]<UL><LI>Max Depth = 12<LI>Call Chain = __aeabi_lmul
</UL>
<BR>[Called By]<UL><LI><a href="#[288]">&gt;&gt;</a>&nbsp;&nbsp;&nbsp;anyBaseToAnyBase
<LI><a href="#[1e9]">&gt;&gt;</a>&nbsp;&nbsp;&nbsp;GetSingleChannelVoltage_POLL
<LI><a href="#[26a]">&gt;&gt;</a>&nbsp;&nbsp;&nbsp;TEST_GP21_Temp
<LI><a href="#[f4]">&gt;&gt;</a>&nbsp;&nbsp;&nbsp;_fp_value
</UL>

<P><STRONG><a name="[300]"></a>_ll_mul</STRONG> (Thumb, 0 bytes, Stack size 12 bytes, llmul.o(.text), UNUSED)

<P><STRONG><a name="[1ea]"></a>__aeabi_uldivmod</STRONG> (Thumb, 258 bytes, Stack size 32 bytes, lludiv.o(.text))
<BR><BR>[Stack]<UL><LI>Max Depth = 32<LI>Call Chain = __aeabi_uldivmod
</UL>
<BR>[Called By]<UL><LI><a href="#[288]">&gt;&gt;</a>&nbsp;&nbsp;&nbsp;anyBaseToAnyBase
<LI><a href="#[1f2]">&gt;&gt;</a>&nbsp;&nbsp;&nbsp;GetTempVoltage
<LI><a href="#[1e9]">&gt;&gt;</a>&nbsp;&nbsp;&nbsp;GetSingleChannelVoltage_POLL
<LI><a href="#[1e6]">&gt;&gt;</a>&nbsp;&nbsp;&nbsp;GetBatVoltage
<LI><a href="#[26a]">&gt;&gt;</a>&nbsp;&nbsp;&nbsp;TEST_GP21_Temp
</UL>

<P><STRONG><a name="[301]"></a>_ll_udiv</STRONG> (Thumb, 0 bytes, Stack size 32 bytes, lludiv.o(.text), UNUSED)

<P><STRONG><a name="[ac]"></a>__2sprintf</STRONG> (Thumb, 40 bytes, Stack size 32 bytes, __2sprintf.o(.text))
<BR><BR>[Stack]<UL><LI>Max Depth = 128 + Unknown Stack Size
<LI>Call Chain = __2sprintf &rArr; _printf_char_common &rArr; __printf
</UL>
<BR>[Calls]<UL><LI><a href="#[43]">&gt;&gt;</a>&nbsp;&nbsp;&nbsp;_sputc
<LI><a href="#[ad]">&gt;&gt;</a>&nbsp;&nbsp;&nbsp;_printf_char_common
</UL>
<BR>[Called By]<UL><LI><a href="#[5b]">&gt;&gt;</a>&nbsp;&nbsp;&nbsp;TimeTask
<LI><a href="#[115]">&gt;&gt;</a>&nbsp;&nbsp;&nbsp;HY_USB_TTL_CheckBuff
<LI><a href="#[189]">&gt;&gt;</a>&nbsp;&nbsp;&nbsp;SetRTCtimeCard
<LI><a href="#[187]">&gt;&gt;</a>&nbsp;&nbsp;&nbsp;LimitCard
<LI><a href="#[290]">&gt;&gt;</a>&nbsp;&nbsp;&nbsp;getStrUserTime
</UL>

<P><STRONG><a name="[d7]"></a>_printf_pre_padding</STRONG> (Thumb, 44 bytes, Stack size 16 bytes, _printf_pad.o(.text))
<BR><BR>[Stack]<UL><LI>Max Depth = 16<LI>Call Chain = _printf_pre_padding
</UL>
<BR>[Called By]<UL><LI><a href="#[af]">&gt;&gt;</a>&nbsp;&nbsp;&nbsp;_printf_int_common
</UL>

<P><STRONG><a name="[d8]"></a>_printf_post_padding</STRONG> (Thumb, 34 bytes, Stack size 16 bytes, _printf_pad.o(.text))
<BR><BR>[Stack]<UL><LI>Max Depth = 16<LI>Call Chain = _printf_post_padding
</UL>
<BR>[Called By]<UL><LI><a href="#[af]">&gt;&gt;</a>&nbsp;&nbsp;&nbsp;_printf_int_common
</UL>

<P><STRONG><a name="[92]"></a>_printf_int_dec</STRONG> (Thumb, 90 bytes, Stack size 32 bytes, _printf_dec.o(.text))
<BR><BR>[Stack]<UL><LI>Max Depth = 88<LI>Call Chain = _printf_int_dec &rArr; _printf_int_common &rArr; _printf_post_padding
</UL>
<BR>[Calls]<UL><LI><a href="#[af]">&gt;&gt;</a>&nbsp;&nbsp;&nbsp;_printf_int_common
<LI><a href="#[ae]">&gt;&gt;</a>&nbsp;&nbsp;&nbsp;__rt_udiv10
</UL>
<BR>[Called By]<UL><LI><a href="#[90]">&gt;&gt;</a>&nbsp;&nbsp;&nbsp;_printf_d
</UL>

<P><STRONG><a name="[b0]"></a>_printf_longlong_hex</STRONG> (Thumb, 88 bytes, Stack size 24 bytes, _printf_hex_int_ll_ptr.o(.text))
<BR><BR>[Stack]<UL><LI>Max Depth = 80<LI>Call Chain = _printf_longlong_hex &rArr; _printf_int_common &rArr; _printf_post_padding
</UL>
<BR>[Calls]<UL><LI><a href="#[af]">&gt;&gt;</a>&nbsp;&nbsp;&nbsp;_printf_int_common
</UL>
<BR>[Called By]<UL><LI><a href="#[b2]">&gt;&gt;</a>&nbsp;&nbsp;&nbsp;_printf_hex_ptr
<LI><a href="#[b1]">&gt;&gt;</a>&nbsp;&nbsp;&nbsp;_printf_ll_hex
<LI><a href="#[94]">&gt;&gt;</a>&nbsp;&nbsp;&nbsp;_printf_int_hex
</UL>

<P><STRONG><a name="[94]"></a>_printf_int_hex</STRONG> (Thumb, 28 bytes, Stack size 16 bytes, _printf_hex_int_ll_ptr.o(.text))
<BR><BR>[Stack]<UL><LI>Max Depth = 96<LI>Call Chain = _printf_int_hex &rArr; _printf_longlong_hex &rArr; _printf_int_common &rArr; _printf_post_padding
</UL>
<BR>[Calls]<UL><LI><a href="#[b0]">&gt;&gt;</a>&nbsp;&nbsp;&nbsp;_printf_longlong_hex
</UL>
<BR>[Called By]<UL><LI><a href="#[91]">&gt;&gt;</a>&nbsp;&nbsp;&nbsp;_printf_x
</UL>

<P><STRONG><a name="[b1]"></a>_printf_ll_hex</STRONG> (Thumb, 10 bytes, Stack size 0 bytes, _printf_hex_int_ll_ptr.o(.text), UNUSED)
<BR><BR>[Calls]<UL><LI><a href="#[b0]">&gt;&gt;</a>&nbsp;&nbsp;&nbsp;_printf_longlong_hex
</UL>

<P><STRONG><a name="[b2]"></a>_printf_hex_ptr</STRONG> (Thumb, 22 bytes, Stack size 8 bytes, _printf_hex_int_ll_ptr.o(.text), UNUSED)
<BR><BR>[Calls]<UL><LI><a href="#[b0]">&gt;&gt;</a>&nbsp;&nbsp;&nbsp;_printf_longlong_hex
</UL>

<P><STRONG><a name="[b3]"></a>__printf</STRONG> (Thumb, 386 bytes, Stack size 32 bytes, __printf_flags_ss_wp.o(.text))
<BR><BR>[Stack]<UL><LI>Max Depth = 32 + Unknown Stack Size
<LI>Call Chain = __printf
</UL>
<BR>[Calls]<UL><LI><a href="#[b5]">&gt;&gt;</a>&nbsp;&nbsp;&nbsp;_printf_percent
<LI><a href="#[b4]">&gt;&gt;</a>&nbsp;&nbsp;&nbsp;_is_digit
</UL>
<BR>[Called By]<UL><LI><a href="#[ad]">&gt;&gt;</a>&nbsp;&nbsp;&nbsp;_printf_char_common
</UL>

<P><STRONG><a name="[b6]"></a>__0sscanf</STRONG> (Thumb, 54 bytes, Stack size 72 bytes, __0sscanf.o(.text))
<BR><BR>[Stack]<UL><LI>Max Depth = 216<LI>Call Chain = __0sscanf &rArr; __vfscanf_char &rArr; __vfscanf &rArr; _scanf_int
</UL>
<BR>[Calls]<UL><LI><a href="#[b7]">&gt;&gt;</a>&nbsp;&nbsp;&nbsp;__vfscanf_char
</UL>
<BR>[Called By]<UL><LI><a href="#[21d]">&gt;&gt;</a>&nbsp;&nbsp;&nbsp;getTimeNumber_UTCByRTCTime
<LI><a href="#[259]">&gt;&gt;</a>&nbsp;&nbsp;&nbsp;setRtcDate
</UL>

<P><STRONG><a name="[b8]"></a>_scanf_int</STRONG> (Thumb, 330 bytes, Stack size 48 bytes, _scanf_int.o(.text))
<BR><BR>[Stack]<UL><LI>Max Depth = 48<LI>Call Chain = _scanf_int
</UL>
<BR>[Calls]<UL><LI><a href="#[b9]">&gt;&gt;</a>&nbsp;&nbsp;&nbsp;_chval
</UL>
<BR>[Called By]<UL><LI><a href="#[d9]">&gt;&gt;</a>&nbsp;&nbsp;&nbsp;__vfscanf
</UL>

<P><STRONG><a name="[238]"></a>strstr</STRONG> (Thumb, 40 bytes, Stack size 12 bytes, strstr.o(.text))
<BR><BR>[Stack]<UL><LI>Max Depth = 12<LI>Call Chain = strstr
</UL>
<BR>[Called By]<UL><LI><a href="#[296]">&gt;&gt;</a>&nbsp;&nbsp;&nbsp;myStrstr
<LI><a href="#[63]">&gt;&gt;</a>&nbsp;&nbsp;&nbsp;Obj_isJsonNull
<LI><a href="#[67]">&gt;&gt;</a>&nbsp;&nbsp;&nbsp;Obj_getString
<LI><a href="#[69]">&gt;&gt;</a>&nbsp;&nbsp;&nbsp;Obj_getObject
<LI><a href="#[64]">&gt;&gt;</a>&nbsp;&nbsp;&nbsp;Obj_getInt
<LI><a href="#[65]">&gt;&gt;</a>&nbsp;&nbsp;&nbsp;Obj_getDouble
<LI><a href="#[66]">&gt;&gt;</a>&nbsp;&nbsp;&nbsp;Obj_getBool
<LI><a href="#[68]">&gt;&gt;</a>&nbsp;&nbsp;&nbsp;Obj_getArray
</UL>

<P><STRONG><a name="[10c]"></a>strlen</STRONG> (Thumb, 62 bytes, Stack size 12 bytes, strlen.o(.text))
<BR><BR>[Stack]<UL><LI>Max Depth = 12<LI>Call Chain = strlen
</UL>
<BR>[Called By]<UL><LI><a href="#[56]">&gt;&gt;</a>&nbsp;&nbsp;&nbsp;_getStrlen
<LI><a href="#[237]">&gt;&gt;</a>&nbsp;&nbsp;&nbsp;_getKeyName
<LI><a href="#[63]">&gt;&gt;</a>&nbsp;&nbsp;&nbsp;Obj_isJsonNull
<LI><a href="#[67]">&gt;&gt;</a>&nbsp;&nbsp;&nbsp;Obj_getString
<LI><a href="#[69]">&gt;&gt;</a>&nbsp;&nbsp;&nbsp;Obj_getObject
<LI><a href="#[64]">&gt;&gt;</a>&nbsp;&nbsp;&nbsp;Obj_getInt
<LI><a href="#[65]">&gt;&gt;</a>&nbsp;&nbsp;&nbsp;Obj_getDouble
<LI><a href="#[66]">&gt;&gt;</a>&nbsp;&nbsp;&nbsp;Obj_getBool
<LI><a href="#[68]">&gt;&gt;</a>&nbsp;&nbsp;&nbsp;Obj_getArray
<LI><a href="#[61]">&gt;&gt;</a>&nbsp;&nbsp;&nbsp;Arr_getArray
<LI><a href="#[60]">&gt;&gt;</a>&nbsp;&nbsp;&nbsp;Arr_get
<LI><a href="#[107]">&gt;&gt;</a>&nbsp;&nbsp;&nbsp;Add_HY_DataClass
</UL>

<P><STRONG><a name="[ba]"></a>__aeabi_memcpy</STRONG> (Thumb, 130 bytes, Stack size 24 bytes, rt_memcpy.o(.text))
<BR><BR>[Stack]<UL><LI>Max Depth = 24<LI>Call Chain = __aeabi_memcpy
</UL>
<BR>[Calls]<UL><LI><a href="#[bb]">&gt;&gt;</a>&nbsp;&nbsp;&nbsp;__aeabi_memcpy4
</UL>
<BR>[Called By]<UL><LI><a href="#[2a5]">&gt;&gt;</a>&nbsp;&nbsp;&nbsp;prvCopyDataToQueue
<LI><a href="#[2a4]">&gt;&gt;</a>&nbsp;&nbsp;&nbsp;prvCopyDataFromQueue
<LI><a href="#[252]">&gt;&gt;</a>&nbsp;&nbsp;&nbsp;SaveUpdataToPage8Buff
<LI><a href="#[23b]">&gt;&gt;</a>&nbsp;&nbsp;&nbsp;doneAsciiStrToAnyBaseNumberData
<LI><a href="#[184]">&gt;&gt;</a>&nbsp;&nbsp;&nbsp;WeiteCmdSubData
<LI><a href="#[115]">&gt;&gt;</a>&nbsp;&nbsp;&nbsp;HY_USB_TTL_CheckBuff
<LI><a href="#[107]">&gt;&gt;</a>&nbsp;&nbsp;&nbsp;Add_HY_DataClass
<LI><a href="#[243]">&gt;&gt;</a>&nbsp;&nbsp;&nbsp;PcdRead
<LI><a href="#[242]">&gt;&gt;</a>&nbsp;&nbsp;&nbsp;PcdAuthState
</UL>

<P><STRONG><a name="[302]"></a>__rt_memcpy</STRONG> (Thumb, 0 bytes, Stack size 24 bytes, rt_memcpy.o(.text), UNUSED)

<P><STRONG><a name="[bc]"></a>__aeabi_memset</STRONG> (Thumb, 18 bytes, Stack size 8 bytes, aeabi_memset.o(.text))
<BR><BR>[Stack]<UL><LI>Max Depth = 8<LI>Call Chain = __aeabi_memset
</UL>
<BR>[Calls]<UL><LI><a href="#[bd]">&gt;&gt;</a>&nbsp;&nbsp;&nbsp;_memset
</UL>
<BR>[Called By]<UL><LI><a href="#[276]">&gt;&gt;</a>&nbsp;&nbsp;&nbsp;updataWriteSign
<LI><a href="#[277]">&gt;&gt;</a>&nbsp;&nbsp;&nbsp;updataInit
<LI><a href="#[256]">&gt;&gt;</a>&nbsp;&nbsp;&nbsp;addHex_FF_ToBuff
<LI><a href="#[200]">&gt;&gt;</a>&nbsp;&nbsp;&nbsp;UpData_Receive_Hex
<LI><a href="#[252]">&gt;&gt;</a>&nbsp;&nbsp;&nbsp;SaveUpdataToPage8Buff
</UL>

<P><STRONG><a name="[be]"></a>_memset_w</STRONG> (Thumb, 26 bytes, Stack size 0 bytes, rt_memclr.o(.text))
<BR><BR>[Called By]<UL><LI><a href="#[c0]">&gt;&gt;</a>&nbsp;&nbsp;&nbsp;__rt_memclr_w
<LI><a href="#[bd]">&gt;&gt;</a>&nbsp;&nbsp;&nbsp;_memset
</UL>

<P><STRONG><a name="[bd]"></a>_memset</STRONG> (Thumb, 30 bytes, Stack size 0 bytes, rt_memclr.o(.text))
<BR><BR>[Calls]<UL><LI><a href="#[be]">&gt;&gt;</a>&nbsp;&nbsp;&nbsp;_memset_w
</UL>
<BR>[Called By]<UL><LI><a href="#[bf]">&gt;&gt;</a>&nbsp;&nbsp;&nbsp;__aeabi_memclr
<LI><a href="#[bc]">&gt;&gt;</a>&nbsp;&nbsp;&nbsp;__aeabi_memset
</UL>

<P><STRONG><a name="[bf]"></a>__aeabi_memclr</STRONG> (Thumb, 4 bytes, Stack size 0 bytes, rt_memclr.o(.text))
<BR><BR>[Calls]<UL><LI><a href="#[bd]">&gt;&gt;</a>&nbsp;&nbsp;&nbsp;_memset
</UL>
<BR>[Called By]<UL><LI><a href="#[67]">&gt;&gt;</a>&nbsp;&nbsp;&nbsp;Obj_getString
<LI><a href="#[69]">&gt;&gt;</a>&nbsp;&nbsp;&nbsp;Obj_getObject
<LI><a href="#[68]">&gt;&gt;</a>&nbsp;&nbsp;&nbsp;Obj_getArray
<LI><a href="#[60]">&gt;&gt;</a>&nbsp;&nbsp;&nbsp;Arr_get
<LI><a href="#[117]">&gt;&gt;</a>&nbsp;&nbsp;&nbsp;Clr_LPUart0_RxBuffer
<LI><a href="#[115]">&gt;&gt;</a>&nbsp;&nbsp;&nbsp;HY_USB_TTL_CheckBuff
<LI><a href="#[187]">&gt;&gt;</a>&nbsp;&nbsp;&nbsp;LimitCard
</UL>

<P><STRONG><a name="[303]"></a>__rt_memclr</STRONG> (Thumb, 0 bytes, Stack size 0 bytes, rt_memclr.o(.text), UNUSED)

<P><STRONG><a name="[12d]"></a>__aeabi_memclr4</STRONG> (Thumb, 0 bytes, Stack size 0 bytes, rt_memclr.o(.text))
<BR><BR>[Called By]<UL><LI><a href="#[4f]">&gt;&gt;</a>&nbsp;&nbsp;&nbsp;check_XTClock_isOk
<LI><a href="#[227]">&gt;&gt;</a>&nbsp;&nbsp;&nbsp;MF_Motor_Init
<LI><a href="#[225]">&gt;&gt;</a>&nbsp;&nbsp;&nbsp;MF_LCD_Init
<LI><a href="#[22c]">&gt;&gt;</a>&nbsp;&nbsp;&nbsp;MF_GPIO_Init
<LI><a href="#[200]">&gt;&gt;</a>&nbsp;&nbsp;&nbsp;UpData_Receive_Hex
<LI><a href="#[63]">&gt;&gt;</a>&nbsp;&nbsp;&nbsp;Obj_isJsonNull
<LI><a href="#[67]">&gt;&gt;</a>&nbsp;&nbsp;&nbsp;Obj_getString
<LI><a href="#[69]">&gt;&gt;</a>&nbsp;&nbsp;&nbsp;Obj_getObject
<LI><a href="#[64]">&gt;&gt;</a>&nbsp;&nbsp;&nbsp;Obj_getInt
<LI><a href="#[65]">&gt;&gt;</a>&nbsp;&nbsp;&nbsp;Obj_getDouble
<LI><a href="#[66]">&gt;&gt;</a>&nbsp;&nbsp;&nbsp;Obj_getBool
<LI><a href="#[68]">&gt;&gt;</a>&nbsp;&nbsp;&nbsp;Obj_getArray
<LI><a href="#[259]">&gt;&gt;</a>&nbsp;&nbsp;&nbsp;setRtcDate
<LI><a href="#[156]">&gt;&gt;</a>&nbsp;&nbsp;&nbsp;CMT_SPI_SDIO_Set_Out
<LI><a href="#[169]">&gt;&gt;</a>&nbsp;&nbsp;&nbsp;CMT_SPI_SDIO_Set_In
<LI><a href="#[151]">&gt;&gt;</a>&nbsp;&nbsp;&nbsp;CMT_SPI_GPIO1_Set_In
<LI><a href="#[19a]">&gt;&gt;</a>&nbsp;&nbsp;&nbsp;EEprom_SDA_OUT
<LI><a href="#[199]">&gt;&gt;</a>&nbsp;&nbsp;&nbsp;EEprom_SDA_IN
<LI><a href="#[1f2]">&gt;&gt;</a>&nbsp;&nbsp;&nbsp;GetTempVoltage
<LI><a href="#[1e6]">&gt;&gt;</a>&nbsp;&nbsp;&nbsp;GetBatVoltage
<LI><a href="#[130]">&gt;&gt;</a>&nbsp;&nbsp;&nbsp;Battary_GND_ON
<LI><a href="#[12c]">&gt;&gt;</a>&nbsp;&nbsp;&nbsp;Battary_GND_OFF
<LI><a href="#[5b]">&gt;&gt;</a>&nbsp;&nbsp;&nbsp;TimeTask
<LI><a href="#[25e]">&gt;&gt;</a>&nbsp;&nbsp;&nbsp;TimestampToRTCData
<LI><a href="#[212]">&gt;&gt;</a>&nbsp;&nbsp;&nbsp;LPUART0_Init
<LI><a href="#[143]">&gt;&gt;</a>&nbsp;&nbsp;&nbsp;CMT2300A_GPIO_Init
<LI><a href="#[115]">&gt;&gt;</a>&nbsp;&nbsp;&nbsp;HY_USB_TTL_CheckBuff
<LI><a href="#[189]">&gt;&gt;</a>&nbsp;&nbsp;&nbsp;SetRTCtimeCard
<LI><a href="#[187]">&gt;&gt;</a>&nbsp;&nbsp;&nbsp;LimitCard
<LI><a href="#[204]">&gt;&gt;</a>&nbsp;&nbsp;&nbsp;SDA_OUT
<LI><a href="#[209]">&gt;&gt;</a>&nbsp;&nbsp;&nbsp;SDA_IN
</UL>

<P><STRONG><a name="[304]"></a>__aeabi_memclr8</STRONG> (Thumb, 0 bytes, Stack size 0 bytes, rt_memclr.o(.text), UNUSED)

<P><STRONG><a name="[c0]"></a>__rt_memclr_w</STRONG> (Thumb, 4 bytes, Stack size 0 bytes, rt_memclr.o(.text), UNUSED)
<BR><BR>[Calls]<UL><LI><a href="#[be]">&gt;&gt;</a>&nbsp;&nbsp;&nbsp;_memset_w
</UL>

<P><STRONG><a name="[127]"></a>strcmp</STRONG> (Thumb, 132 bytes, Stack size 16 bytes, strcmp.o(.text))
<BR><BR>[Stack]<UL><LI>Max Depth = 16<LI>Call Chain = strcmp
</UL>
<BR>[Called By]<UL><LI><a href="#[63]">&gt;&gt;</a>&nbsp;&nbsp;&nbsp;Obj_isJsonNull
<LI><a href="#[66]">&gt;&gt;</a>&nbsp;&nbsp;&nbsp;Obj_getBool
<LI><a href="#[5f]">&gt;&gt;</a>&nbsp;&nbsp;&nbsp;Arr_isJsonNull
<LI><a href="#[49]">&gt;&gt;</a>&nbsp;&nbsp;&nbsp;_get_lc_ctype
<LI><a href="#[9b]">&gt;&gt;</a>&nbsp;&nbsp;&nbsp;_get_lc_numeric
</UL>

<P><STRONG><a name="[305]"></a>__aeabi_uidiv</STRONG> (Thumb, 0 bytes, Stack size 0 bytes, aeabi_sdiv.o(.text), UNUSED)

<P><STRONG><a name="[171]"></a>__aeabi_uidivmod</STRONG> (Thumb, 20 bytes, Stack size 0 bytes, aeabi_sdiv.o(.text))
<BR><BR>[Called By]<UL><LI><a href="#[146]">&gt;&gt;</a>&nbsp;&nbsp;&nbsp;FL_EXTI_Init
<LI><a href="#[106]">&gt;&gt;</a>&nbsp;&nbsp;&nbsp;getDayOfWeek
<LI><a href="#[170]">&gt;&gt;</a>&nbsp;&nbsp;&nbsp;Check_Date_ByHEX
<LI><a href="#[267]">&gt;&gt;</a>&nbsp;&nbsp;&nbsp;SystemPLLClockUpdate
<LI><a href="#[136]">&gt;&gt;</a>&nbsp;&nbsp;&nbsp;FL_DelayUs
<LI><a href="#[17e]">&gt;&gt;</a>&nbsp;&nbsp;&nbsp;getPartOfSetPointOnRing
<LI><a href="#[1f4]">&gt;&gt;</a>&nbsp;&nbsp;&nbsp;Get_Temper_value
<LI><a href="#[85]">&gt;&gt;</a>&nbsp;&nbsp;&nbsp;ShowRTCTime_Now
<LI><a href="#[84]">&gt;&gt;</a>&nbsp;&nbsp;&nbsp;ShowRTCDate_Now
<LI><a href="#[83]">&gt;&gt;</a>&nbsp;&nbsp;&nbsp;ShowNowLimitTime
<LI><a href="#[54]">&gt;&gt;</a>&nbsp;&nbsp;&nbsp;startTimeTask
<LI><a href="#[23]">&gt;&gt;</a>&nbsp;&nbsp;&nbsp;RTC_IRQHandler
</UL>

<P><STRONG><a name="[306]"></a>__aeabi_idiv</STRONG> (Thumb, 0 bytes, Stack size 8 bytes, aeabi_sdiv.o(.text), UNUSED)

<P><STRONG><a name="[e7]"></a>__aeabi_idivmod</STRONG> (Thumb, 326 bytes, Stack size 8 bytes, aeabi_sdiv.o(.text))
<BR><BR>[Stack]<UL><LI>Max Depth = 8<LI>Call Chain = __aeabi_idivmod
</UL>
<BR>[Called By]<UL><LI><a href="#[106]">&gt;&gt;</a>&nbsp;&nbsp;&nbsp;getDayOfWeek
<LI><a href="#[21d]">&gt;&gt;</a>&nbsp;&nbsp;&nbsp;getTimeNumber_UTCByRTCTime
<LI><a href="#[5a]">&gt;&gt;</a>&nbsp;&nbsp;&nbsp;GpioTask
<LI><a href="#[55]">&gt;&gt;</a>&nbsp;&nbsp;&nbsp;WriteEEpromTimerCallback
<LI><a href="#[51]">&gt;&gt;</a>&nbsp;&nbsp;&nbsp;ReadEEpromTimerCallback
<LI><a href="#[e6]">&gt;&gt;</a>&nbsp;&nbsp;&nbsp;_btod_etento
</UL>

<P><STRONG><a name="[307]"></a>__use_two_region_memory</STRONG> (Thumb, 2 bytes, Stack size 0 bytes, heapauxi.o(.text), UNUSED)

<P><STRONG><a name="[7]"></a>__rt_heap_escrow</STRONG> (Thumb, 2 bytes, Stack size 0 bytes, heapauxi.o(.text), UNUSED)

<P><STRONG><a name="[6]"></a>__rt_heap_expand</STRONG> (Thumb, 2 bytes, Stack size 0 bytes, heapauxi.o(.text), UNUSED)

<P><STRONG><a name="[18a]"></a>__aeabi_d2f</STRONG> (Thumb, 0 bytes, Stack size 12 bytes, d2f.o(.text))
<BR><BR>[Stack]<UL><LI>Max Depth = 12<LI>Call Chain = __aeabi_d2f
</UL>
<BR>[Called By]<UL><LI><a href="#[1c1]">&gt;&gt;</a>&nbsp;&nbsp;&nbsp;FL_LCD_FlickTime
<LI><a href="#[10b]">&gt;&gt;</a>&nbsp;&nbsp;&nbsp;DoubleOrFloatToBuff
<LI><a href="#[268]">&gt;&gt;</a>&nbsp;&nbsp;&nbsp;TEMP_CAL
<LI><a href="#[184]">&gt;&gt;</a>&nbsp;&nbsp;&nbsp;WeiteCmdSubData
<LI><a href="#[281]">&gt;&gt;</a>&nbsp;&nbsp;&nbsp;__mathlib_tofloat
</UL>

<P><STRONG><a name="[308]"></a>_d2f</STRONG> (Thumb, 120 bytes, Stack size 12 bytes, d2f.o(.text), UNUSED)

<P><STRONG><a name="[1bf]"></a>__aeabi_dadd</STRONG> (Thumb, 0 bytes, Stack size 8 bytes, daddsub.o(.text))
<BR><BR>[Stack]<UL><LI>Max Depth = 8<LI>Call Chain = __aeabi_dadd
</UL>
<BR>[Called By]<UL><LI><a href="#[1c1]">&gt;&gt;</a>&nbsp;&nbsp;&nbsp;FL_LCD_FlickTime
<LI><a href="#[1bc]">&gt;&gt;</a>&nbsp;&nbsp;&nbsp;FL_LCD_DisplayFreq
<LI><a href="#[268]">&gt;&gt;</a>&nbsp;&nbsp;&nbsp;TEMP_CAL
<LI><a href="#[10d]">&gt;&gt;</a>&nbsp;&nbsp;&nbsp;floatToUint6410Rate
</UL>

<P><STRONG><a name="[c1]"></a>_dadd</STRONG> (Thumb, 26 bytes, Stack size 8 bytes, daddsub.o(.text), UNUSED)
<BR><BR>[Calls]<UL><LI><a href="#[c2]">&gt;&gt;</a>&nbsp;&nbsp;&nbsp;_dsub1
<LI><a href="#[c3]">&gt;&gt;</a>&nbsp;&nbsp;&nbsp;_dadd1
</UL>

<P><STRONG><a name="[309]"></a>__aeabi_dsub</STRONG> (Thumb, 0 bytes, Stack size 8 bytes, daddsub.o(.text), UNUSED)

<P><STRONG><a name="[c4]"></a>_dsub</STRONG> (Thumb, 22 bytes, Stack size 8 bytes, daddsub.o(.text), UNUSED)
<BR><BR>[Calls]<UL><LI><a href="#[c2]">&gt;&gt;</a>&nbsp;&nbsp;&nbsp;_dsub1
<LI><a href="#[c3]">&gt;&gt;</a>&nbsp;&nbsp;&nbsp;_dadd1
</UL>

<P><STRONG><a name="[30a]"></a>__aeabi_drsub</STRONG> (Thumb, 0 bytes, Stack size 16 bytes, daddsub.o(.text), UNUSED)

<P><STRONG><a name="[c5]"></a>_drsb</STRONG> (Thumb, 28 bytes, Stack size 16 bytes, daddsub.o(.text), UNUSED)
<BR><BR>[Calls]<UL><LI><a href="#[c2]">&gt;&gt;</a>&nbsp;&nbsp;&nbsp;_dsub1
<LI><a href="#[c3]">&gt;&gt;</a>&nbsp;&nbsp;&nbsp;_dadd1
</UL>

<P><STRONG><a name="[1be]"></a>__aeabi_ddiv</STRONG> (Thumb, 0 bytes, Stack size 64 bytes, ddiv.o(.text))
<BR><BR>[Stack]<UL><LI>Max Depth = 64<LI>Call Chain = __aeabi_ddiv
</UL>
<BR>[Called By]<UL><LI><a href="#[1c1]">&gt;&gt;</a>&nbsp;&nbsp;&nbsp;FL_LCD_FlickTime
<LI><a href="#[1bc]">&gt;&gt;</a>&nbsp;&nbsp;&nbsp;FL_LCD_DisplayFreq
</UL>

<P><STRONG><a name="[c7]"></a>_ddiv</STRONG> (Thumb, 1072 bytes, Stack size 64 bytes, ddiv.o(.text), UNUSED)
<BR><BR>[Called By]<UL><LI><a href="#[c6]">&gt;&gt;</a>&nbsp;&nbsp;&nbsp;_drdiv
</UL>

<P><STRONG><a name="[c6]"></a>_drdiv</STRONG> (Thumb, 20 bytes, Stack size 16 bytes, ddiv.o(.text), UNUSED)
<BR><BR>[Calls]<UL><LI><a href="#[c7]">&gt;&gt;</a>&nbsp;&nbsp;&nbsp;_ddiv
</UL>

<P><STRONG><a name="[28f]"></a>__aeabi_d2iz</STRONG> (Thumb, 0 bytes, Stack size 12 bytes, dfixi.o(.text))
<BR><BR>[Stack]<UL><LI>Max Depth = 12<LI>Call Chain = __aeabi_d2iz
</UL>
<BR>[Called By]<UL><LI><a href="#[10d]">&gt;&gt;</a>&nbsp;&nbsp;&nbsp;floatToUint6410Rate
</UL>

<P><STRONG><a name="[30b]"></a>_dfix</STRONG> (Thumb, 98 bytes, Stack size 12 bytes, dfixi.o(.text), UNUSED)

<P><STRONG><a name="[1c0]"></a>__aeabi_d2uiz</STRONG> (Thumb, 0 bytes, Stack size 8 bytes, dfixui.o(.text))
<BR><BR>[Stack]<UL><LI>Max Depth = 8<LI>Call Chain = __aeabi_d2uiz
</UL>
<BR>[Called By]<UL><LI><a href="#[1c1]">&gt;&gt;</a>&nbsp;&nbsp;&nbsp;FL_LCD_FlickTime
<LI><a href="#[1bc]">&gt;&gt;</a>&nbsp;&nbsp;&nbsp;FL_LCD_DisplayFreq
</UL>

<P><STRONG><a name="[30c]"></a>_dfixu</STRONG> (Thumb, 68 bytes, Stack size 8 bytes, dfixui.o(.text), UNUSED)

<P><STRONG><a name="[c9]"></a>__aeabi_i2d_normalise</STRONG> (Thumb, 66 bytes, Stack size 0 bytes, dflti.o(.text))
<BR><BR>[Called By]<UL><LI><a href="#[ca]">&gt;&gt;</a>&nbsp;&nbsp;&nbsp;__aeabi_ui2d
<LI><a href="#[c8]">&gt;&gt;</a>&nbsp;&nbsp;&nbsp;__aeabi_i2d
</UL>

<P><STRONG><a name="[c8]"></a>__aeabi_i2d</STRONG> (Thumb, 16 bytes, Stack size 0 bytes, dflti.o(.text), UNUSED)
<BR><BR>[Calls]<UL><LI><a href="#[c9]">&gt;&gt;</a>&nbsp;&nbsp;&nbsp;__aeabi_i2d_normalise
</UL>

<P><STRONG><a name="[30d]"></a>_dflt</STRONG> (Thumb, 0 bytes, Stack size 0 bytes, dflti.o(.text), UNUSED)

<P><STRONG><a name="[ca]"></a>__aeabi_ui2d</STRONG> (Thumb, 6 bytes, Stack size 0 bytes, dflti.o(.text))
<BR><BR>[Calls]<UL><LI><a href="#[c9]">&gt;&gt;</a>&nbsp;&nbsp;&nbsp;__aeabi_i2d_normalise
</UL>
<BR>[Called By]<UL><LI><a href="#[268]">&gt;&gt;</a>&nbsp;&nbsp;&nbsp;TEMP_CAL
</UL>

<P><STRONG><a name="[30e]"></a>_dfltu</STRONG> (Thumb, 0 bytes, Stack size 0 bytes, dflti.o(.text), UNUSED)

<P><STRONG><a name="[269]"></a>__aeabi_dmul</STRONG> (Thumb, 0 bytes, Stack size 56 bytes, dmul.o(.text))
<BR><BR>[Stack]<UL><LI>Max Depth = 56<LI>Call Chain = __aeabi_dmul
</UL>
<BR>[Called By]<UL><LI><a href="#[268]">&gt;&gt;</a>&nbsp;&nbsp;&nbsp;TEMP_CAL
<LI><a href="#[10d]">&gt;&gt;</a>&nbsp;&nbsp;&nbsp;floatToUint6410Rate
</UL>

<P><STRONG><a name="[30f]"></a>_dmul</STRONG> (Thumb, 558 bytes, Stack size 56 bytes, dmul.o(.text), UNUSED)

<P><STRONG><a name="[109]"></a>__aeabi_f2d</STRONG> (Thumb, 0 bytes, Stack size 0 bytes, f2d.o(.text))
<BR><BR>[Called By]<UL><LI><a href="#[1c1]">&gt;&gt;</a>&nbsp;&nbsp;&nbsp;FL_LCD_FlickTime
<LI><a href="#[1bc]">&gt;&gt;</a>&nbsp;&nbsp;&nbsp;FL_LCD_DisplayFreq
<LI><a href="#[132]">&gt;&gt;</a>&nbsp;&nbsp;&nbsp;BuffToFloatOrDouble
<LI><a href="#[10d]">&gt;&gt;</a>&nbsp;&nbsp;&nbsp;floatToUint6410Rate
<LI><a href="#[107]">&gt;&gt;</a>&nbsp;&nbsp;&nbsp;Add_HY_DataClass
</UL>

<P><STRONG><a name="[310]"></a>_f2d</STRONG> (Thumb, 80 bytes, Stack size 0 bytes, f2d.o(.text), UNUSED)

<P><STRONG><a name="[1c2]"></a>__aeabi_fdiv</STRONG> (Thumb, 0 bytes, Stack size 20 bytes, fdiv.o(.text))
<BR><BR>[Stack]<UL><LI>Max Depth = 20<LI>Call Chain = __aeabi_fdiv
</UL>
<BR>[Called By]<UL><LI><a href="#[1c1]">&gt;&gt;</a>&nbsp;&nbsp;&nbsp;FL_LCD_FlickTime
<LI><a href="#[1f3]">&gt;&gt;</a>&nbsp;&nbsp;&nbsp;GetTemper_NTC
<LI><a href="#[1ed]">&gt;&gt;</a>&nbsp;&nbsp;&nbsp;GetMotorDegree
</UL>

<P><STRONG><a name="[cc]"></a>_fdiv</STRONG> (Thumb, 334 bytes, Stack size 20 bytes, fdiv.o(.text), UNUSED)
<BR><BR>[Called By]<UL><LI><a href="#[cb]">&gt;&gt;</a>&nbsp;&nbsp;&nbsp;_frdiv
</UL>

<P><STRONG><a name="[cb]"></a>_frdiv</STRONG> (Thumb, 8 bytes, Stack size 0 bytes, fdiv.o(.text), UNUSED)
<BR><BR>[Calls]<UL><LI><a href="#[cc]">&gt;&gt;</a>&nbsp;&nbsp;&nbsp;_fdiv
</UL>

<P><STRONG><a name="[17d]"></a>__aeabi_f2uiz</STRONG> (Thumb, 0 bytes, Stack size 0 bytes, ffixui.o(.text))
<BR><BR>[Called By]<UL><LI><a href="#[1ed]">&gt;&gt;</a>&nbsp;&nbsp;&nbsp;GetMotorDegree
<LI><a href="#[17b]">&gt;&gt;</a>&nbsp;&nbsp;&nbsp;CtrlValveByT2AutoSub
</UL>

<P><STRONG><a name="[311]"></a>_ffixu</STRONG> (Thumb, 48 bytes, Stack size 0 bytes, ffixui.o(.text), UNUSED)

<P><STRONG><a name="[ce]"></a>__aeabi_i2f_normalise</STRONG> (Thumb, 72 bytes, Stack size 0 bytes, fflti.o(.text))
<BR><BR>[Called By]<UL><LI><a href="#[cf]">&gt;&gt;</a>&nbsp;&nbsp;&nbsp;__aeabi_ui2f
<LI><a href="#[cd]">&gt;&gt;</a>&nbsp;&nbsp;&nbsp;__aeabi_i2f
</UL>

<P><STRONG><a name="[cd]"></a>__aeabi_i2f</STRONG> (Thumb, 16 bytes, Stack size 0 bytes, fflti.o(.text))
<BR><BR>[Calls]<UL><LI><a href="#[ce]">&gt;&gt;</a>&nbsp;&nbsp;&nbsp;__aeabi_i2f_normalise
</UL>
<BR>[Called By]<UL><LI><a href="#[1f3]">&gt;&gt;</a>&nbsp;&nbsp;&nbsp;GetTemper_NTC
<LI><a href="#[1ed]">&gt;&gt;</a>&nbsp;&nbsp;&nbsp;GetMotorDegree
<LI><a href="#[27b]">&gt;&gt;</a>&nbsp;&nbsp;&nbsp;Valve_SetDegree
</UL>

<P><STRONG><a name="[312]"></a>_fflt</STRONG> (Thumb, 0 bytes, Stack size 0 bytes, fflti.o(.text), UNUSED)

<P><STRONG><a name="[cf]"></a>__aeabi_ui2f</STRONG> (Thumb, 6 bytes, Stack size 0 bytes, fflti.o(.text))
<BR><BR>[Calls]<UL><LI><a href="#[ce]">&gt;&gt;</a>&nbsp;&nbsp;&nbsp;__aeabi_i2f_normalise
</UL>
<BR>[Called By]<UL><LI><a href="#[1c1]">&gt;&gt;</a>&nbsp;&nbsp;&nbsp;FL_LCD_FlickTime
<LI><a href="#[1bc]">&gt;&gt;</a>&nbsp;&nbsp;&nbsp;FL_LCD_DisplayFreq
<LI><a href="#[17e]">&gt;&gt;</a>&nbsp;&nbsp;&nbsp;getPartOfSetPointOnRing
<LI><a href="#[1f3]">&gt;&gt;</a>&nbsp;&nbsp;&nbsp;GetTemper_NTC
<LI><a href="#[1ed]">&gt;&gt;</a>&nbsp;&nbsp;&nbsp;GetMotorDegree
</UL>

<P><STRONG><a name="[313]"></a>_ffltu</STRONG> (Thumb, 0 bytes, Stack size 0 bytes, fflti.o(.text), UNUSED)

<P><STRONG><a name="[a9]"></a>__rt_heap_descriptor</STRONG> (Thumb, 8 bytes, Stack size 0 bytes, rt_heap_descriptor_intlibspace.o(.text))
<BR><BR>[Called By]<UL><LI><a href="#[96]">&gt;&gt;</a>&nbsp;&nbsp;&nbsp;_init_alloc
<LI><a href="#[ab]">&gt;&gt;</a>&nbsp;&nbsp;&nbsp;free
<LI><a href="#[a8]">&gt;&gt;</a>&nbsp;&nbsp;&nbsp;malloc
</UL>

<P><STRONG><a name="[314]"></a>__use_no_heap</STRONG> (Thumb, 2 bytes, Stack size 0 bytes, hguard.o(.text), UNUSED)

<P><STRONG><a name="[315]"></a>__heap$guard</STRONG> (Thumb, 2 bytes, Stack size 0 bytes, hguard.o(.text), UNUSED)

<P><STRONG><a name="[f]"></a>_terminate_user_alloc</STRONG> (Thumb, 2 bytes, Stack size 0 bytes, init_alloc.o(.text), UNUSED)

<P><STRONG><a name="[b]"></a>_init_user_alloc</STRONG> (Thumb, 2 bytes, Stack size 0 bytes, init_alloc.o(.text), UNUSED)

<P><STRONG><a name="[aa]"></a>__Heap_Full</STRONG> (Thumb, 32 bytes, Stack size 16 bytes, init_alloc.o(.text))
<BR><BR>[Stack]<UL><LI>Max Depth = 40<LI>Call Chain = __Heap_Full &rArr; __Heap_ProvideMemory &rArr; free
</UL>
<BR>[Calls]<UL><LI><a href="#[d0]">&gt;&gt;</a>&nbsp;&nbsp;&nbsp;__Heap_ProvideMemory
</UL>
<BR>[Called By]<UL><LI><a href="#[a8]">&gt;&gt;</a>&nbsp;&nbsp;&nbsp;malloc
</UL>

<P><STRONG><a name="[d1]"></a>__Heap_Broken</STRONG> (Thumb, 10 bytes, Stack size 8 bytes, init_alloc.o(.text), UNUSED)
<BR><BR>[Calls]<UL><LI><a href="#[d2]">&gt;&gt;</a>&nbsp;&nbsp;&nbsp;__rt_SIGRTMEM
</UL>

<P><STRONG><a name="[96]"></a>_init_alloc</STRONG> (Thumb, 90 bytes, Stack size 24 bytes, init_alloc.o(.text))
<BR><BR>[Stack]<UL><LI>Max Depth = 64<LI>Call Chain = _init_alloc &rArr; __rt_SIGRTMEM &rArr; __rt_SIGRTMEM_inner &rArr; __default_signal_display &rArr; _ttywrch
</UL>
<BR>[Calls]<UL><LI><a href="#[d3]">&gt;&gt;</a>&nbsp;&nbsp;&nbsp;__Heap_Initialize
<LI><a href="#[a9]">&gt;&gt;</a>&nbsp;&nbsp;&nbsp;__rt_heap_descriptor
<LI><a href="#[d2]">&gt;&gt;</a>&nbsp;&nbsp;&nbsp;__rt_SIGRTMEM
<LI><a href="#[d0]">&gt;&gt;</a>&nbsp;&nbsp;&nbsp;__Heap_ProvideMemory
</UL>
<BR>[Called By]<UL><LI><a href="#[95]">&gt;&gt;</a>&nbsp;&nbsp;&nbsp;__rt_lib_init_heap_2
</UL>

<P><STRONG><a name="[d3]"></a>__Heap_Initialize</STRONG> (Thumb, 10 bytes, Stack size 0 bytes, h1_init.o(.text))
<BR><BR>[Called By]<UL><LI><a href="#[96]">&gt;&gt;</a>&nbsp;&nbsp;&nbsp;_init_alloc
</UL>

<P><STRONG><a name="[8]"></a>__Heap_DescSize</STRONG> (Thumb, 4 bytes, Stack size 0 bytes, h1_init.o(.text), UNUSED)

<P><STRONG><a name="[d4]"></a>__read_errno</STRONG> (Thumb, 10 bytes, Stack size 8 bytes, _rserrno.o(.text))
<BR><BR>[Stack]<UL><LI>Max Depth = 8<LI>Call Chain = __read_errno
</UL>
<BR>[Calls]<UL><LI><a href="#[d5]">&gt;&gt;</a>&nbsp;&nbsp;&nbsp;__aeabi_errno_addr
</UL>
<BR>[Called By]<UL><LI><a href="#[23a]">&gt;&gt;</a>&nbsp;&nbsp;&nbsp;atof
</UL>

<P><STRONG><a name="[d6]"></a>__set_errno</STRONG> (Thumb, 12 bytes, Stack size 8 bytes, _rserrno.o(.text))
<BR><BR>[Stack]<UL><LI>Max Depth = 8<LI>Call Chain = __set_errno
</UL>
<BR>[Calls]<UL><LI><a href="#[d5]">&gt;&gt;</a>&nbsp;&nbsp;&nbsp;__aeabi_errno_addr
</UL>
<BR>[Called By]<UL><LI><a href="#[23a]">&gt;&gt;</a>&nbsp;&nbsp;&nbsp;atof
<LI><a href="#[285]">&gt;&gt;</a>&nbsp;&nbsp;&nbsp;ldexp
<LI><a href="#[281]">&gt;&gt;</a>&nbsp;&nbsp;&nbsp;__mathlib_tofloat
</UL>

<P><STRONG><a name="[af]"></a>_printf_int_common</STRONG> (Thumb, 176 bytes, Stack size 40 bytes, _printf_intcommon.o(.text))
<BR><BR>[Stack]<UL><LI>Max Depth = 56<LI>Call Chain = _printf_int_common &rArr; _printf_post_padding
</UL>
<BR>[Calls]<UL><LI><a href="#[d8]">&gt;&gt;</a>&nbsp;&nbsp;&nbsp;_printf_post_padding
<LI><a href="#[d7]">&gt;&gt;</a>&nbsp;&nbsp;&nbsp;_printf_pre_padding
</UL>
<BR>[Called By]<UL><LI><a href="#[b0]">&gt;&gt;</a>&nbsp;&nbsp;&nbsp;_printf_longlong_hex
<LI><a href="#[92]">&gt;&gt;</a>&nbsp;&nbsp;&nbsp;_printf_int_dec
</UL>

<P><STRONG><a name="[ad]"></a>_printf_char_common</STRONG> (Thumb, 32 bytes, Stack size 64 bytes, _printf_char_common.o(.text))
<BR><BR>[Stack]<UL><LI>Max Depth = 96 + Unknown Stack Size
<LI>Call Chain = _printf_char_common &rArr; __printf
</UL>
<BR>[Calls]<UL><LI><a href="#[b3]">&gt;&gt;</a>&nbsp;&nbsp;&nbsp;__printf
</UL>
<BR>[Called By]<UL><LI><a href="#[ac]">&gt;&gt;</a>&nbsp;&nbsp;&nbsp;__2sprintf
</UL>

<P><STRONG><a name="[43]"></a>_sputc</STRONG> (Thumb, 10 bytes, Stack size 0 bytes, _sputc.o(.text))
<BR><BR>[Called By]<UL><LI><a href="#[ac]">&gt;&gt;</a>&nbsp;&nbsp;&nbsp;__2sprintf
</UL>
<BR>[Address Reference Count : 1]<UL><LI> __2sprintf.o(.text)
</UL>
<P><STRONG><a name="[b9]"></a>_chval</STRONG> (Thumb, 30 bytes, Stack size 0 bytes, _chval.o(.text))
<BR><BR>[Called By]<UL><LI><a href="#[b8]">&gt;&gt;</a>&nbsp;&nbsp;&nbsp;_scanf_int
<LI><a href="#[6e]">&gt;&gt;</a>&nbsp;&nbsp;&nbsp;_scanf_really_hex_real
</UL>

<P><STRONG><a name="[b7]"></a>__vfscanf_char</STRONG> (Thumb, 28 bytes, Stack size 8 bytes, scanf_char.o(.text))
<BR><BR>[Stack]<UL><LI>Max Depth = 144<LI>Call Chain = __vfscanf_char &rArr; __vfscanf &rArr; _scanf_int
</UL>
<BR>[Calls]<UL><LI><a href="#[d9]">&gt;&gt;</a>&nbsp;&nbsp;&nbsp;__vfscanf
</UL>
<BR>[Called By]<UL><LI><a href="#[b6]">&gt;&gt;</a>&nbsp;&nbsp;&nbsp;__0sscanf
</UL>

<P><STRONG><a name="[44]"></a>_sgetc</STRONG> (Thumb, 32 bytes, Stack size 0 bytes, _sgetc.o(.text))
<BR>[Address Reference Count : 2]<UL><LI> __0sscanf.o(.text)
<LI> strtod.o(.text)
</UL>
<P><STRONG><a name="[45]"></a>_sbackspace</STRONG> (Thumb, 36 bytes, Stack size 0 bytes, _sgetc.o(.text))
<BR>[Address Reference Count : 2]<UL><LI> __0sscanf.o(.text)
<LI> strtod.o(.text)
</UL>
<P><STRONG><a name="[dc]"></a>__strtod_int</STRONG> (Thumb, 94 bytes, Stack size 40 bytes, strtod.o(.text))
<BR><BR>[Stack]<UL><LI>Max Depth = 104<LI>Call Chain = __strtod_int &rArr; _local_sscanf &rArr; _scanf_real
</UL>
<BR>[Calls]<UL><LI><a href="#[da]">&gt;&gt;</a>&nbsp;&nbsp;&nbsp;_local_sscanf
</UL>
<BR>[Called By]<UL><LI><a href="#[23a]">&gt;&gt;</a>&nbsp;&nbsp;&nbsp;atof
</UL>

<P><STRONG><a name="[ae]"></a>__rt_udiv10</STRONG> (Thumb, 40 bytes, Stack size 0 bytes, rtudiv10.o(.text))
<BR><BR>[Called By]<UL><LI><a href="#[92]">&gt;&gt;</a>&nbsp;&nbsp;&nbsp;_printf_int_dec
</UL>

<P><STRONG><a name="[dd]"></a>__fpl_fcmp_InfNaN</STRONG> (Thumb, 96 bytes, Stack size 8 bytes, fcmpin.o(.text), UNUSED)
<BR><BR>[Calls]<UL><LI><a href="#[df]">&gt;&gt;</a>&nbsp;&nbsp;&nbsp;__fpl_fcheck_NaN2
<LI><a href="#[de]">&gt;&gt;</a>&nbsp;&nbsp;&nbsp;__fpl_cmpreturn
</UL>
<BR>[Called By]<UL><LI><a href="#[2d4]">&gt;&gt;</a>&nbsp;&nbsp;&nbsp;_frcmple
<LI><a href="#[2d3]">&gt;&gt;</a>&nbsp;&nbsp;&nbsp;_fcmple
<LI><a href="#[2d2]">&gt;&gt;</a>&nbsp;&nbsp;&nbsp;_fcmpeq
</UL>

<P><STRONG><a name="[316]"></a>__user_libspace</STRONG> (Thumb, 8 bytes, Stack size 0 bytes, libspace.o(.text), UNUSED)

<P><STRONG><a name="[f2]"></a>__user_perproc_libspace</STRONG> (Thumb, 0 bytes, Stack size 0 bytes, libspace.o(.text))
<BR><BR>[Called By]<UL><LI><a href="#[9d]">&gt;&gt;</a>&nbsp;&nbsp;&nbsp;__user_setup_stackheap
</UL>

<P><STRONG><a name="[317]"></a>__user_perthread_libspace</STRONG> (Thumb, 0 bytes, Stack size 0 bytes, libspace.o(.text), UNUSED)

<P><STRONG><a name="[98]"></a>__rt_locale</STRONG> (Thumb, 8 bytes, Stack size 0 bytes, rt_locale_intlibspace.o(.text))
<BR><BR>[Called By]<UL><LI><a href="#[6d]">&gt;&gt;</a>&nbsp;&nbsp;&nbsp;_scanf_really_real
<LI><a href="#[e0]">&gt;&gt;</a>&nbsp;&nbsp;&nbsp;__rt_ctype_table
<LI><a href="#[97]">&gt;&gt;</a>&nbsp;&nbsp;&nbsp;__rt_lib_init_lc_common
</UL>

<P><STRONG><a name="[d5]"></a>__aeabi_errno_addr</STRONG> (Thumb, 8 bytes, Stack size 0 bytes, rt_errno_addr_intlibspace.o(.text))
<BR><BR>[Called By]<UL><LI><a href="#[d6]">&gt;&gt;</a>&nbsp;&nbsp;&nbsp;__set_errno
<LI><a href="#[d4]">&gt;&gt;</a>&nbsp;&nbsp;&nbsp;__read_errno
<LI><a href="#[f4]">&gt;&gt;</a>&nbsp;&nbsp;&nbsp;_fp_value
</UL>

<P><STRONG><a name="[318]"></a>__errno$intlibspace</STRONG> (Thumb, 0 bytes, Stack size 0 bytes, rt_errno_addr_intlibspace.o(.text), UNUSED)

<P><STRONG><a name="[319]"></a>__rt_errno_addr$intlibspace</STRONG> (Thumb, 0 bytes, Stack size 0 bytes, rt_errno_addr_intlibspace.o(.text), UNUSED)

<P><STRONG><a name="[d0]"></a>__Heap_ProvideMemory</STRONG> (Thumb, 52 bytes, Stack size 8 bytes, h1_extend.o(.text))
<BR><BR>[Stack]<UL><LI>Max Depth = 24<LI>Call Chain = __Heap_ProvideMemory &rArr; free
</UL>
<BR>[Calls]<UL><LI><a href="#[ab]">&gt;&gt;</a>&nbsp;&nbsp;&nbsp;free
</UL>
<BR>[Called By]<UL><LI><a href="#[96]">&gt;&gt;</a>&nbsp;&nbsp;&nbsp;_init_alloc
<LI><a href="#[aa]">&gt;&gt;</a>&nbsp;&nbsp;&nbsp;__Heap_Full
</UL>

<P><STRONG><a name="[48]"></a>isspace</STRONG> (Thumb, 18 bytes, Stack size 8 bytes, isspace.o(.text))
<BR><BR>[Stack]<UL><LI>Max Depth = 16<LI>Call Chain = isspace &rArr; __rt_ctype_table
</UL>
<BR>[Calls]<UL><LI><a href="#[e0]">&gt;&gt;</a>&nbsp;&nbsp;&nbsp;__rt_ctype_table
</UL>
<BR>[Address Reference Count : 2]<UL><LI> scanf_char.o(.text)
<LI> strtod.o(.text)
</UL>
<P><STRONG><a name="[d9]"></a>__vfscanf</STRONG> (Thumb, 900 bytes, Stack size 88 bytes, _scanf.o(.text))
<BR><BR>[Stack]<UL><LI>Max Depth = 136<LI>Call Chain = __vfscanf &rArr; _scanf_int
</UL>
<BR>[Calls]<UL><LI><a href="#[b8]">&gt;&gt;</a>&nbsp;&nbsp;&nbsp;_scanf_int
<LI><a href="#[db]">&gt;&gt;</a>&nbsp;&nbsp;&nbsp;_scanf_real
<LI><a href="#[e2]">&gt;&gt;</a>&nbsp;&nbsp;&nbsp;_scanf_wstring (Weak Reference)
<LI><a href="#[e5]">&gt;&gt;</a>&nbsp;&nbsp;&nbsp;_scanf_wctomb (Weak Reference)
<LI><a href="#[e4]">&gt;&gt;</a>&nbsp;&nbsp;&nbsp;_scanf_string (Weak Reference)
<LI><a href="#[e3]">&gt;&gt;</a>&nbsp;&nbsp;&nbsp;_scanf_mbtowc (Weak Reference)
<LI><a href="#[e1]">&gt;&gt;</a>&nbsp;&nbsp;&nbsp;_scanf_longlong (Weak Reference)
</UL>
<BR>[Called By]<UL><LI><a href="#[b7]">&gt;&gt;</a>&nbsp;&nbsp;&nbsp;__vfscanf_char
</UL>

<P><STRONG><a name="[e6]"></a>_btod_etento</STRONG> (Thumb, 210 bytes, Stack size 72 bytes, bigflt0.o(.text))
<BR><BR>[Stack]<UL><LI>Max Depth = 176<LI>Call Chain = _btod_etento &rArr; _btod_emul &rArr; btod_internal_mul &rArr; __ARM_common_ll_muluu
</UL>
<BR>[Calls]<UL><LI><a href="#[e7]">&gt;&gt;</a>&nbsp;&nbsp;&nbsp;__aeabi_idivmod
<LI><a href="#[e9]">&gt;&gt;</a>&nbsp;&nbsp;&nbsp;_btod_ediv
<LI><a href="#[e8]">&gt;&gt;</a>&nbsp;&nbsp;&nbsp;_btod_emul
</UL>
<BR>[Called By]<UL><LI><a href="#[f4]">&gt;&gt;</a>&nbsp;&nbsp;&nbsp;_fp_value
</UL>

<P><STRONG><a name="[31a]"></a>_btod_d2e</STRONG> (Thumb, 64 bytes, Stack size 8 bytes, btod.o(.text), UNUSED)

<P><STRONG><a name="[e8]"></a>_btod_emul</STRONG> (Thumb, 28 bytes, Stack size 24 bytes, btod.o(.text))
<BR><BR>[Stack]<UL><LI>Max Depth = 104<LI>Call Chain = _btod_emul &rArr; btod_internal_mul &rArr; __ARM_common_ll_muluu
</UL>
<BR>[Calls]<UL><LI><a href="#[ea]">&gt;&gt;</a>&nbsp;&nbsp;&nbsp;btod_internal_mul
</UL>
<BR>[Called By]<UL><LI><a href="#[e6]">&gt;&gt;</a>&nbsp;&nbsp;&nbsp;_btod_etento
</UL>

<P><STRONG><a name="[ec]"></a>_btod_emuld</STRONG> (Thumb, 144 bytes, Stack size 56 bytes, btod.o(.text))
<BR><BR>[Stack]<UL><LI>Max Depth = 136<LI>Call Chain = _btod_emuld &rArr; btod_internal_mul &rArr; __ARM_common_ll_muluu
</UL>
<BR>[Calls]<UL><LI><a href="#[ea]">&gt;&gt;</a>&nbsp;&nbsp;&nbsp;btod_internal_mul
</UL>
<BR>[Called By]<UL><LI><a href="#[f4]">&gt;&gt;</a>&nbsp;&nbsp;&nbsp;_fp_value
</UL>

<P><STRONG><a name="[e9]"></a>_btod_ediv</STRONG> (Thumb, 26 bytes, Stack size 24 bytes, btod.o(.text))
<BR><BR>[Stack]<UL><LI>Max Depth = 88<LI>Call Chain = _btod_ediv &rArr; btod_internal_div
</UL>
<BR>[Calls]<UL><LI><a href="#[ed]">&gt;&gt;</a>&nbsp;&nbsp;&nbsp;btod_internal_div
</UL>
<BR>[Called By]<UL><LI><a href="#[e6]">&gt;&gt;</a>&nbsp;&nbsp;&nbsp;_btod_etento
</UL>

<P><STRONG><a name="[ee]"></a>_btod_edivd</STRONG> (Thumb, 124 bytes, Stack size 56 bytes, btod.o(.text))
<BR><BR>[Stack]<UL><LI>Max Depth = 120<LI>Call Chain = _btod_edivd &rArr; btod_internal_div
</UL>
<BR>[Calls]<UL><LI><a href="#[ed]">&gt;&gt;</a>&nbsp;&nbsp;&nbsp;btod_internal_div
</UL>
<BR>[Called By]<UL><LI><a href="#[f4]">&gt;&gt;</a>&nbsp;&nbsp;&nbsp;_fp_value
</UL>

<P><STRONG><a name="[d2]"></a>__rt_SIGRTMEM</STRONG> (Thumb, 12 bytes, Stack size 8 bytes, defsig_rtmem_outer.o(.text))
<BR><BR>[Stack]<UL><LI>Max Depth = 40<LI>Call Chain = __rt_SIGRTMEM &rArr; __rt_SIGRTMEM_inner &rArr; __default_signal_display &rArr; _ttywrch
</UL>
<BR>[Calls]<UL><LI><a href="#[ef]">&gt;&gt;</a>&nbsp;&nbsp;&nbsp;__rt_SIGRTMEM_inner
<LI><a href="#[f0]">&gt;&gt;</a>&nbsp;&nbsp;&nbsp;__sig_exit
</UL>
<BR>[Called By]<UL><LI><a href="#[96]">&gt;&gt;</a>&nbsp;&nbsp;&nbsp;_init_alloc
<LI><a href="#[d1]">&gt;&gt;</a>&nbsp;&nbsp;&nbsp;__Heap_Broken
</UL>

<P><STRONG><a name="[de]"></a>__fpl_cmpreturn</STRONG> (Thumb, 46 bytes, Stack size 0 bytes, cmpret.o(.text), UNUSED)
<BR><BR>[Called By]<UL><LI><a href="#[ff]">&gt;&gt;</a>&nbsp;&nbsp;&nbsp;__fpl_dcmp_InfNaN
<LI><a href="#[f1]">&gt;&gt;</a>&nbsp;&nbsp;&nbsp;__fpl_return_NaN
<LI><a href="#[dd]">&gt;&gt;</a>&nbsp;&nbsp;&nbsp;__fpl_fcmp_InfNaN
</UL>

<P><STRONG><a name="[df]"></a>__fpl_fcheck_NaN2</STRONG> (Thumb, 10 bytes, Stack size 8 bytes, fnan2.o(.text), UNUSED)
<BR><BR>[Calls]<UL><LI><a href="#[f1]">&gt;&gt;</a>&nbsp;&nbsp;&nbsp;__fpl_return_NaN
</UL>
<BR>[Called By]<UL><LI><a href="#[dd]">&gt;&gt;</a>&nbsp;&nbsp;&nbsp;__fpl_fcmp_InfNaN
</UL>

<P><STRONG><a name="[31b]"></a>__I$use$semihosting</STRONG> (Thumb, 0 bytes, Stack size 0 bytes, use_no_semi.o(.text), UNUSED)

<P><STRONG><a name="[31c]"></a>__use_no_semihosting_swi</STRONG> (Thumb, 2 bytes, Stack size 0 bytes, use_no_semi.o(.text), UNUSED)

<P><STRONG><a name="[31d]"></a>__semihosting_library_function</STRONG> (Thumb, 0 bytes, Stack size 8 bytes, indicate_semi.o(.text), UNUSED)

<P><STRONG><a name="[9d]"></a>__user_setup_stackheap</STRONG> (Thumb, 62 bytes, Stack size 8 bytes, sys_stackheap_outer.o(.text))
<BR><BR>[Stack]<UL><LI>Max Depth = 8 + Unknown Stack Size
<LI>Call Chain = __user_setup_stackheap
</UL>
<BR>[Calls]<UL><LI><a href="#[f3]">&gt;&gt;</a>&nbsp;&nbsp;&nbsp;__user_initial_stackheap
<LI><a href="#[f2]">&gt;&gt;</a>&nbsp;&nbsp;&nbsp;__user_perproc_libspace
</UL>
<BR>[Called By]<UL><LI><a href="#[9c]">&gt;&gt;</a>&nbsp;&nbsp;&nbsp;__rt_entry_sh
</UL>

[...]
<BR><BR>[Called By]<UL><LI><a href="#[1f2]">&gt;&gt;</a>&nbsp;&nbsp;&nbsp;GetTempVoltage
<LI><a href="#[1e6]">&gt;&gt;</a>&nbsp;&nbsp;&nbsp;GetBatVoltage
</UL>

<P><STRONG><a name="[1dd]"></a>GetAVREFSample_POLL</STRONG> (Thumb, 146 bytes, Stack size 24 bytes, adc.o(i.GetAVREFSample_POLL))
<BR><BR>[Stack]<UL><LI>Max Depth = 24<LI>Call Chain = GetAVREFSample_POLL
</UL>
<BR>[Calls]<UL><LI><a href="#[1de]">&gt;&gt;</a>&nbsp;&nbsp;&nbsp;FL_RCC_SetADCPrescaler
<LI><a href="#[1e4]">&gt;&gt;</a>&nbsp;&nbsp;&nbsp;FL_ADC_IsActiveFlag_EndOfConversion
<LI><a href="#[1e0]">&gt;&gt;</a>&nbsp;&nbsp;&nbsp;FL_ADC_EnableSequencerChannel
<LI><a href="#[1e3]">&gt;&gt;</a>&nbsp;&nbsp;&nbsp;FL_ADC_EnableSWConversion
<LI><a href="#[1e2]">&gt;&gt;</a>&nbsp;&nbsp;&nbsp;FL_ADC_Enable
<LI><a href="#[1df]">&gt;&gt;</a>&nbsp;&nbsp;&nbsp;FL_ADC_DisableSequencerChannel
<LI><a href="#[1e5]">&gt;&gt;</a>&nbsp;&nbsp;&nbsp;FL_ADC_Disable
<LI><a href="#[1e1]">&gt;&gt;</a>&nbsp;&nbsp;&nbsp;FL_ADC_ClearFlag_EndOfConversion
</UL>
<BR>[Called By]<UL><LI><a href="#[1e9]">&gt;&gt;</a>&nbsp;&nbsp;&nbsp;GetSingleChannelVoltage_POLL
</UL>

<P><STRONG><a name="[1f1]"></a>GetSingleChannelSample_POLL</STRONG> (Thumb, 116 bytes, Stack size 32 bytes, adc.o(i.GetSingleChannelSample_POLL))
<BR><BR>[Stack]<UL><LI>Max Depth = 32<LI>Call Chain = GetSingleChannelSample_POLL
</UL>
<BR>[Calls]<UL><LI><a href="#[1de]">&gt;&gt;</a>&nbsp;&nbsp;&nbsp;FL_RCC_SetADCPrescaler
<LI><a href="#[1e4]">&gt;&gt;</a>&nbsp;&nbsp;&nbsp;FL_ADC_IsActiveFlag_EndOfConversion
<LI><a href="#[1e0]">&gt;&gt;</a>&nbsp;&nbsp;&nbsp;FL_ADC_EnableSequencerChannel
<LI><a href="#[1e3]">&gt;&gt;</a>&nbsp;&nbsp;&nbsp;FL_ADC_EnableSWConversion
<LI><a href="#[1e2]">&gt;&gt;</a>&nbsp;&nbsp;&nbsp;FL_ADC_Enable
<LI><a href="#[1df]">&gt;&gt;</a>&nbsp;&nbsp;&nbsp;FL_ADC_DisableSequencerChannel
<LI><a href="#[1e5]">&gt;&gt;</a>&nbsp;&nbsp;&nbsp;FL_ADC_Disable
<LI><a href="#[1e1]">&gt;&gt;</a>&nbsp;&nbsp;&nbsp;FL_ADC_ClearFlag_EndOfConversion
</UL>
<BR>[Called By]<UL><LI><a href="#[1e9]">&gt;&gt;</a>&nbsp;&nbsp;&nbsp;GetSingleChannelVoltage_POLL
</UL>

<P><STRONG><a name="[199]"></a>EEprom_SDA_IN</STRONG> (Thumb, 42 bytes, Stack size 24 bytes, at24c02.o(i.EEprom_SDA_IN))
<BR><BR>[Stack]<UL><LI>Max Depth = 60<LI>Call Chain = EEprom_SDA_IN &rArr; FL_GPIO_Init &rArr; FL_GPIO_SetPinMode
</UL>
<BR>[Calls]<UL><LI><a href="#[12e]">&gt;&gt;</a>&nbsp;&nbsp;&nbsp;FL_GPIO_Init
<LI><a href="#[12d]">&gt;&gt;</a>&nbsp;&nbsp;&nbsp;__aeabi_memclr4
</UL>
<BR>[Called By]<UL><LI><a href="#[196]">&gt;&gt;</a>&nbsp;&nbsp;&nbsp;IIC_RevByte
<LI><a href="#[194]">&gt;&gt;</a>&nbsp;&nbsp;&nbsp;IIC_Check_Ack
</UL>

<P><STRONG><a name="[19a]"></a>EEprom_SDA_OUT</STRONG> (Thumb, 50 bytes, Stack size 24 bytes, at24c02.o(i.EEprom_SDA_OUT))
<BR><BR>[Stack]<UL><LI>Max Depth = 60<LI>Call Chain = EEprom_SDA_OUT &rArr; FL_GPIO_Init &rArr; FL_GPIO_SetPinMode
</UL>
<BR>[Calls]<UL><LI><a href="#[12e]">&gt;&gt;</a>&nbsp;&nbsp;&nbsp;FL_GPIO_Init
<LI><a href="#[19b]">&gt;&gt;</a>&nbsp;&nbsp;&nbsp;FL_GPIO_SetOutputPin
<LI><a href="#[12d]">&gt;&gt;</a>&nbsp;&nbsp;&nbsp;__aeabi_memclr4
</UL>
<BR>[Called By]<UL><LI><a href="#[195]">&gt;&gt;</a>&nbsp;&nbsp;&nbsp;IIC_Stop
<LI><a href="#[192]">&gt;&gt;</a>&nbsp;&nbsp;&nbsp;IIC_Start
<LI><a href="#[197]">&gt;&gt;</a>&nbsp;&nbsp;&nbsp;IIC_SendNoAck
<LI><a href="#[193]">&gt;&gt;</a>&nbsp;&nbsp;&nbsp;IIC_SendByte
<LI><a href="#[196]">&gt;&gt;</a>&nbsp;&nbsp;&nbsp;IIC_RevByte
<LI><a href="#[194]">&gt;&gt;</a>&nbsp;&nbsp;&nbsp;IIC_Check_Ack
</UL>

<P><STRONG><a name="[206]"></a>FL_GPIO_ResetOutputPin</STRONG> (Thumb, 6 bytes, Stack size 0 bytes, at24c02.o(i.FL_GPIO_ResetOutputPin))
<BR><BR>[Called By]<UL><LI><a href="#[195]">&gt;&gt;</a>&nbsp;&nbsp;&nbsp;IIC_Stop
<LI><a href="#[192]">&gt;&gt;</a>&nbsp;&nbsp;&nbsp;IIC_Start
<LI><a href="#[197]">&gt;&gt;</a>&nbsp;&nbsp;&nbsp;IIC_SendNoAck
<LI><a href="#[193]">&gt;&gt;</a>&nbsp;&nbsp;&nbsp;IIC_SendByte
<LI><a href="#[196]">&gt;&gt;</a>&nbsp;&nbsp;&nbsp;IIC_RevByte
<LI><a href="#[194]">&gt;&gt;</a>&nbsp;&nbsp;&nbsp;IIC_Check_Ack
</UL>

<P><STRONG><a name="[19b]"></a>FL_GPIO_SetOutputPin</STRONG> (Thumb, 6 bytes, Stack size 0 bytes, at24c02.o(i.FL_GPIO_SetOutputPin))
<BR><BR>[Called By]<UL><LI><a href="#[226]">&gt;&gt;</a>&nbsp;&nbsp;&nbsp;MF_I2C_MASTER_Init
<LI><a href="#[195]">&gt;&gt;</a>&nbsp;&nbsp;&nbsp;IIC_Stop
<LI><a href="#[192]">&gt;&gt;</a>&nbsp;&nbsp;&nbsp;IIC_Start
<LI><a href="#[197]">&gt;&gt;</a>&nbsp;&nbsp;&nbsp;IIC_SendNoAck
<LI><a href="#[193]">&gt;&gt;</a>&nbsp;&nbsp;&nbsp;IIC_SendByte
<LI><a href="#[196]">&gt;&gt;</a>&nbsp;&nbsp;&nbsp;IIC_RevByte
<LI><a href="#[194]">&gt;&gt;</a>&nbsp;&nbsp;&nbsp;IIC_Check_Ack
<LI><a href="#[19a]">&gt;&gt;</a>&nbsp;&nbsp;&nbsp;EEprom_SDA_OUT
</UL>

<P><STRONG><a name="[12a]"></a>FL_BSTIM32_Enable</STRONG> (Thumb, 10 bytes, Stack size 0 bytes, bstim.o(i.FL_BSTIM32_Enable))
<BR><BR>[Called By]<UL><LI><a href="#[129]">&gt;&gt;</a>&nbsp;&nbsp;&nbsp;MF_BSTIM32_Init
<LI><a href="#[128]">&gt;&gt;</a>&nbsp;&nbsp;&nbsp;BSTIM32_Setup
</UL>

<P><STRONG><a name="[167]"></a>FL_GPIO_ResetOutputPin</STRONG> (Thumb, 6 bytes, Stack size 0 bytes, cmt2300a_spi.o(i.FL_GPIO_ResetOutputPin))
<BR><BR>[Called By]<UL><LI><a href="#[163]">&gt;&gt;</a>&nbsp;&nbsp;&nbsp;CMT_SPI_Write_fifo
<LI><a href="#[164]">&gt;&gt;</a>&nbsp;&nbsp;&nbsp;CMT_SPI_Write
<LI><a href="#[168]">&gt;&gt;</a>&nbsp;&nbsp;&nbsp;CMT_SPI_Send
<LI><a href="#[16a]">&gt;&gt;</a>&nbsp;&nbsp;&nbsp;CMT_SPI_Receive
<LI><a href="#[15f]">&gt;&gt;</a>&nbsp;&nbsp;&nbsp;CMT_SPI_Read_fifo
<LI><a href="#[160]">&gt;&gt;</a>&nbsp;&nbsp;&nbsp;CMT_SPI_Read
<LI><a href="#[152]">&gt;&gt;</a>&nbsp;&nbsp;&nbsp;CMT_SPI_Init
</UL>

<P><STRONG><a name="[166]"></a>FL_GPIO_SetOutputPin</STRONG> (Thumb, 6 bytes, Stack size 0 bytes, cmt2300a_spi.o(i.FL_GPIO_SetOutputPin))
<BR><BR>[Called By]<UL><LI><a href="#[163]">&gt;&gt;</a>&nbsp;&nbsp;&nbsp;CMT_SPI_Write_fifo
<LI><a href="#[164]">&gt;&gt;</a>&nbsp;&nbsp;&nbsp;CMT_SPI_Write
<LI><a href="#[168]">&gt;&gt;</a>&nbsp;&nbsp;&nbsp;CMT_SPI_Send
<LI><a href="#[16a]">&gt;&gt;</a>&nbsp;&nbsp;&nbsp;CMT_SPI_Receive
<LI><a href="#[15f]">&gt;&gt;</a>&nbsp;&nbsp;&nbsp;CMT_SPI_Read_fifo
<LI><a href="#[160]">&gt;&gt;</a>&nbsp;&nbsp;&nbsp;CMT_SPI_Read
<LI><a href="#[152]">&gt;&gt;</a>&nbsp;&nbsp;&nbsp;CMT_SPI_Init
</UL>

<P><STRONG><a name="[165]"></a>FL_GPIO_SetPinMode</STRONG> (Thumb, 26 bytes, Stack size 12 bytes, cmt2300a_spi.o(i.FL_GPIO_SetPinMode))
<BR><BR>[Stack]<UL><LI>Max Depth = 12<LI>Call Chain = FL_GPIO_SetPinMode
</UL>
<BR>[Called By]<UL><LI><a href="#[163]">&gt;&gt;</a>&nbsp;&nbsp;&nbsp;CMT_SPI_Write_fifo
<LI><a href="#[164]">&gt;&gt;</a>&nbsp;&nbsp;&nbsp;CMT_SPI_Write
<LI><a href="#[15f]">&gt;&gt;</a>&nbsp;&nbsp;&nbsp;CMT_SPI_Read_fifo
<LI><a href="#[160]">&gt;&gt;</a>&nbsp;&nbsp;&nbsp;CMT_SPI_Read
<LI><a href="#[152]">&gt;&gt;</a>&nbsp;&nbsp;&nbsp;CMT_SPI_Init
</UL>

<P><STRONG><a name="[230]"></a>FL_LCD_EnableCOMEN</STRONG> (Thumb, 24 bytes, Stack size 0 bytes, display_lcd_lib.o(i.FL_LCD_EnableCOMEN))
<BR><BR>[Called By]<UL><LI><a href="#[225]">&gt;&gt;</a>&nbsp;&nbsp;&nbsp;MF_LCD_Init
</UL>

<P><STRONG><a name="[231]"></a>FL_LCD_EnableSEGEN0</STRONG> (Thumb, 8 bytes, Stack size 0 bytes, display_lcd_lib.o(i.FL_LCD_EnableSEGEN0))
<BR><BR>[Called By]<UL><LI><a href="#[225]">&gt;&gt;</a>&nbsp;&nbsp;&nbsp;MF_LCD_Init
</UL>

<P><STRONG><a name="[21c]"></a>FL_LCD_WriteData</STRONG> (Thumb, 16 bytes, Stack size 12 bytes, display_lcd_lib.o(i.FL_LCD_WriteData))
<BR><BR>[Stack]<UL><LI>Max Depth = 12<LI>Call Chain = FL_LCD_WriteData
</UL>
<BR>[Called By]<UL><LI><a href="#[178]">&gt;&gt;</a>&nbsp;&nbsp;&nbsp;LcdDisplayRefresh
</UL>

<P><STRONG><a name="[1cf]"></a>FL_GPIO_ResetOutputPin</STRONG> (Thumb, 6 bytes, Stack size 0 bytes, gp21.o(i.FL_GPIO_ResetOutputPin))
<BR><BR>[Called By]<UL><LI><a href="#[1d5]">&gt;&gt;</a>&nbsp;&nbsp;&nbsp;GP21_Write_Reg16
<LI><a href="#[1d2]">&gt;&gt;</a>&nbsp;&nbsp;&nbsp;GP21_Spi_Init
<LI><a href="#[1d1]">&gt;&gt;</a>&nbsp;&nbsp;&nbsp;GP21_Reset
<LI><a href="#[1cc]">&gt;&gt;</a>&nbsp;&nbsp;&nbsp;GP21_Read_Reg32
<LI><a href="#[1d3]">&gt;&gt;</a>&nbsp;&nbsp;&nbsp;GP21_Read_Reg16
<LI><a href="#[1cd]">&gt;&gt;</a>&nbsp;&nbsp;&nbsp;GP21_Goto_Low_Pwr
</UL>

<P><STRONG><a name="[1ce]"></a>FL_GPIO_SetOutputPin</STRONG> (Thumb, 6 bytes, Stack size 0 bytes, gp21.o(i.FL_GPIO_SetOutputPin))
<BR><BR>[Called By]<UL><LI><a href="#[1d5]">&gt;&gt;</a>&nbsp;&nbsp;&nbsp;GP21_Write_Reg16
<LI><a href="#[1d2]">&gt;&gt;</a>&nbsp;&nbsp;&nbsp;GP21_Spi_Init
<LI><a href="#[1d1]">&gt;&gt;</a>&nbsp;&nbsp;&nbsp;GP21_Reset
<LI><a href="#[1cc]">&gt;&gt;</a>&nbsp;&nbsp;&nbsp;GP21_Read_Reg32
<LI><a href="#[1d3]">&gt;&gt;</a>&nbsp;&nbsp;&nbsp;GP21_Read_Reg16
<LI><a href="#[1d0]">&gt;&gt;</a>&nbsp;&nbsp;&nbsp;GP21_Goto_Realy
<LI><a href="#[1cd]">&gt;&gt;</a>&nbsp;&nbsp;&nbsp;GP21_Goto_Low_Pwr
</UL>

<P><STRONG><a name="[232]"></a>FL_GPIO_ResetOutputPin</STRONG> (Thumb, 6 bytes, Stack size 0 bytes, motorctrldev.o(i.FL_GPIO_ResetOutputPin))
<BR><BR>[Called By]<UL><LI><a href="#[227]">&gt;&gt;</a>&nbsp;&nbsp;&nbsp;MF_Motor_Init
<LI><a href="#[27b]">&gt;&gt;</a>&nbsp;&nbsp;&nbsp;Valve_SetDegree
</UL>

<P><STRONG><a name="[27c]"></a>FL_GPIO_SetOutputPin</STRONG> (Thumb, 6 bytes, Stack size 0 bytes, motorctrldev.o(i.FL_GPIO_SetOutputPin))
<BR><BR>[Called By]<UL><LI><a href="#[27b]">&gt;&gt;</a>&nbsp;&nbsp;&nbsp;Valve_SetDegree
</UL>

<P><STRONG><a name="[26b]"></a>FL_GPIO_ResetOutputPin</STRONG> (Thumb, 6 bytes, Stack size 0 bytes, pt1000.o(i.FL_GPIO_ResetOutputPin))
<BR><BR>[Called By]<UL><LI><a href="#[26a]">&gt;&gt;</a>&nbsp;&nbsp;&nbsp;TEST_GP21_Temp
</UL>

<P><STRONG><a name="[26c]"></a>FL_GPIO_SetOutputPin</STRONG> (Thumb, 6 bytes, Stack size 0 bytes, pt1000.o(i.FL_GPIO_SetOutputPin))
<BR><BR>[Called By]<UL><LI><a href="#[26a]">&gt;&gt;</a>&nbsp;&nbsp;&nbsp;TEST_GP21_Temp
</UL>

<P><STRONG><a name="[145]"></a>FL_GPIO_ResetOutputPin</STRONG> (Thumb, 6 bytes, Stack size 0 bytes, rf_cmt2300a_init.o(i.FL_GPIO_ResetOutputPin))
<BR><BR>[Called By]<UL><LI><a href="#[143]">&gt;&gt;</a>&nbsp;&nbsp;&nbsp;CMT2300A_GPIO_Init
<LI><a href="#[154]">&gt;&gt;</a>&nbsp;&nbsp;&nbsp;CMT2300A_PWR_OFF
</UL>

<P><STRONG><a name="[144]"></a>FL_GPIO_SetOutputPin</STRONG> (Thumb, 6 bytes, Stack size 0 bytes, rf_cmt2300a_init.o(i.FL_GPIO_SetOutputPin))
<BR><BR>[Called By]<UL><LI><a href="#[143]">&gt;&gt;</a>&nbsp;&nbsp;&nbsp;CMT2300A_GPIO_Init
<LI><a href="#[157]">&gt;&gt;</a>&nbsp;&nbsp;&nbsp;CMT2300A_PWR_ON
</UL>

<P><STRONG><a name="[155]"></a>FL_GPIO_SetPinMode</STRONG> (Thumb, 26 bytes, Stack size 12 bytes, rf_cmt2300a_init.o(i.FL_GPIO_SetPinMode))
<BR><BR>[Stack]<UL><LI>Max Depth = 12<LI>Call Chain = FL_GPIO_SetPinMode
</UL>
<BR>[Called By]<UL><LI><a href="#[157]">&gt;&gt;</a>&nbsp;&nbsp;&nbsp;CMT2300A_PWR_ON
<LI><a href="#[154]">&gt;&gt;</a>&nbsp;&nbsp;&nbsp;CMT2300A_PWR_OFF
</UL>

<P><STRONG><a name="[247]"></a>RTC_GetRTC</STRONG> (Thumb, 88 bytes, Stack size 72 bytes, rtc.o(i.RTC_GetRTC))
<BR><BR>[Stack]<UL><LI>Max Depth = 72<LI>Call Chain = RTC_GetRTC
</UL>
<BR>[Calls]<UL><LI><a href="#[248]">&gt;&gt;</a>&nbsp;&nbsp;&nbsp;FL_RTC_GetTime
<LI><a href="#[bb]">&gt;&gt;</a>&nbsp;&nbsp;&nbsp;__aeabi_memcpy4
</UL>
<BR>[Called By]<UL><LI><a href="#[259]">&gt;&gt;</a>&nbsp;&nbsp;&nbsp;setRtcDate
<LI><a href="#[23]">&gt;&gt;</a>&nbsp;&nbsp;&nbsp;RTC_IRQHandler
</UL>

<P><STRONG><a name="[203]"></a>FL_GPIO_ResetOutputPin</STRONG> (Thumb, 6 bytes, Stack size 0 bytes, si522a_interface.o(i.FL_GPIO_ResetOutputPin))
<BR><BR>[Called By]<UL><LI><a href="#[228]">&gt;&gt;</a>&nbsp;&nbsp;&nbsp;MF_SI522A_Init
<LI><a href="#[20d]">&gt;&gt;</a>&nbsp;&nbsp;&nbsp;IIC_Wait_Ack
<LI><a href="#[20c]">&gt;&gt;</a>&nbsp;&nbsp;&nbsp;IIC_Stop_SI522
<LI><a href="#[20b]">&gt;&gt;</a>&nbsp;&nbsp;&nbsp;IIC_Start_SI522
<LI><a href="#[20a]">&gt;&gt;</a>&nbsp;&nbsp;&nbsp;IIC_Send_Byte
<LI><a href="#[208]">&gt;&gt;</a>&nbsp;&nbsp;&nbsp;IIC_Read_Byte
<LI><a href="#[207]">&gt;&gt;</a>&nbsp;&nbsp;&nbsp;IIC_NAck
<LI><a href="#[202]">&gt;&gt;</a>&nbsp;&nbsp;&nbsp;IIC_Ack
</UL>

<P><STRONG><a name="[205]"></a>FL_GPIO_SetOutputPin</STRONG> (Thumb, 6 bytes, Stack size 0 bytes, si522a_interface.o(i.FL_GPIO_SetOutputPin))
<BR><BR>[Called By]<UL><LI><a href="#[228]">&gt;&gt;</a>&nbsp;&nbsp;&nbsp;MF_SI522A_Init
<LI><a href="#[20d]">&gt;&gt;</a>&nbsp;&nbsp;&nbsp;IIC_Wait_Ack
<LI><a href="#[20c]">&gt;&gt;</a>&nbsp;&nbsp;&nbsp;IIC_Stop_SI522
<LI><a href="#[20b]">&gt;&gt;</a>&nbsp;&nbsp;&nbsp;IIC_Start_SI522
<LI><a href="#[20a]">&gt;&gt;</a>&nbsp;&nbsp;&nbsp;IIC_Send_Byte
<LI><a href="#[208]">&gt;&gt;</a>&nbsp;&nbsp;&nbsp;IIC_Read_Byte
<LI><a href="#[207]">&gt;&gt;</a>&nbsp;&nbsp;&nbsp;IIC_NAck
<LI><a href="#[202]">&gt;&gt;</a>&nbsp;&nbsp;&nbsp;IIC_Ack
</UL>

<P><STRONG><a name="[209]"></a>SDA_IN</STRONG> (Thumb, 42 bytes, Stack size 24 bytes, si522a_interface.o(i.SDA_IN))
<BR><BR>[Stack]<UL><LI>Max Depth = 60<LI>Call Chain = SDA_IN &rArr; FL_GPIO_Init &rArr; FL_GPIO_SetPinMode
</UL>
<BR>[Calls]<UL><LI><a href="#[12e]">&gt;&gt;</a>&nbsp;&nbsp;&nbsp;FL_GPIO_Init
<LI><a href="#[12d]">&gt;&gt;</a>&nbsp;&nbsp;&nbsp;__aeabi_memclr4
</UL>
<BR>[Called By]<UL><LI><a href="#[20d]">&gt;&gt;</a>&nbsp;&nbsp;&nbsp;IIC_Wait_Ack
<LI><a href="#[208]">&gt;&gt;</a>&nbsp;&nbsp;&nbsp;IIC_Read_Byte
</UL>

<P><STRONG><a name="[204]"></a>SDA_OUT</STRONG> (Thumb, 40 bytes, Stack size 24 bytes, si522a_interface.o(i.SDA_OUT))
<BR><BR>[Stack]<UL><LI>Max Depth = 60<LI>Call Chain = SDA_OUT &rArr; FL_GPIO_Init &rArr; FL_GPIO_SetPinMode
</UL>
<BR>[Calls]<UL><LI><a href="#[12e]">&gt;&gt;</a>&nbsp;&nbsp;&nbsp;FL_GPIO_Init
<LI><a href="#[12d]">&gt;&gt;</a>&nbsp;&nbsp;&nbsp;__aeabi_memclr4
</UL>
<BR>[Called By]<UL><LI><a href="#[20c]">&gt;&gt;</a>&nbsp;&nbsp;&nbsp;IIC_Stop_SI522
<LI><a href="#[20b]">&gt;&gt;</a>&nbsp;&nbsp;&nbsp;IIC_Start_SI522
<LI><a href="#[20a]">&gt;&gt;</a>&nbsp;&nbsp;&nbsp;IIC_Send_Byte
<LI><a href="#[207]">&gt;&gt;</a>&nbsp;&nbsp;&nbsp;IIC_NAck
<LI><a href="#[202]">&gt;&gt;</a>&nbsp;&nbsp;&nbsp;IIC_Ack
</UL>

<P><STRONG><a name="[28c]"></a>FL_GPIO_ResetOutputPin</STRONG> (Thumb, 6 bytes, Stack size 0 bytes, taskallreceive.o(i.FL_GPIO_ResetOutputPin))
<BR><BR>[Called By]<UL><LI><a href="#[4a]">&gt;&gt;</a>&nbsp;&nbsp;&nbsp;closeLightOrM1
</UL>

<P><STRONG><a name="[23c]"></a>FL_GPIO_SetOutputPin</STRONG> (Thumb, 6 bytes, Stack size 0 bytes, taskallreceive.o(i.FL_GPIO_SetOutputPin))
<BR><BR>[Called By]<UL><LI><a href="#[1f6]">&gt;&gt;</a>&nbsp;&nbsp;&nbsp;OpenUartOfLightOrM1
</UL>

<P><STRONG><a name="[1d9]"></a>FL_GPIO_ClearFlag_EXTI</STRONG> (Thumb, 6 bytes, Stack size 0 bytes, taskgpioinit.o(i.FL_GPIO_ClearFlag_EXTI))
<BR><BR>[Called By]<UL><LI><a href="#[22b]">&gt;&gt;</a>&nbsp;&nbsp;&nbsp;MF_EXTI_Line_Init
<LI><a href="#[3f]">&gt;&gt;</a>&nbsp;&nbsp;&nbsp;GPIO_IRQHandler
</UL>

<P><STRONG><a name="[1d8]"></a>FL_GPIO_IsActiveFlag_EXTI</STRONG> (Thumb, 22 bytes, Stack size 0 bytes, taskgpioinit.o(i.FL_GPIO_IsActiveFlag_EXTI))
<BR><BR>[Called By]<UL><LI><a href="#[3f]">&gt;&gt;</a>&nbsp;&nbsp;&nbsp;GPIO_IRQHandler
</UL>

<P><STRONG><a name="[c3]"></a>_dadd1</STRONG> (Thumb, 290 bytes, Stack size 20 bytes, daddsub.o(.text), UNUSED)
<BR><BR>[Called By]<UL><LI><a href="#[c5]">&gt;&gt;</a>&nbsp;&nbsp;&nbsp;_drsb
<LI><a href="#[c4]">&gt;&gt;</a>&nbsp;&nbsp;&nbsp;_dsub
<LI><a href="#[c1]">&gt;&gt;</a>&nbsp;&nbsp;&nbsp;_dadd
</UL>

<P><STRONG><a name="[c2]"></a>_dsub1</STRONG> (Thumb, 470 bytes, Stack size 40 bytes, daddsub.o(.text), UNUSED)
<BR><BR>[Called By]<UL><LI><a href="#[c5]">&gt;&gt;</a>&nbsp;&nbsp;&nbsp;_drsb
<LI><a href="#[c4]">&gt;&gt;</a>&nbsp;&nbsp;&nbsp;_dsub
<LI><a href="#[c1]">&gt;&gt;</a>&nbsp;&nbsp;&nbsp;_dadd
</UL>

<P><STRONG><a name="[2d6]"></a>_fadd1</STRONG> (Thumb, 0 bytes, Stack size unknown bytes, faddsub.o(x$fpl$fadd), UNUSED)
<BR><BR>[Called By]<UL><LI><a href="#[2d7]">&gt;&gt;</a>&nbsp;&nbsp;&nbsp;_fsub
<LI><a href="#[2d5]">&gt;&gt;</a>&nbsp;&nbsp;&nbsp;_frsb
</UL>

<P><STRONG><a name="[2d1]"></a>_fsub1</STRONG> (Thumb, 0 bytes, Stack size unknown bytes, faddsub.o(x$fpl$fsub), UNUSED)
<BR><BR>[Called By]<UL><LI><a href="#[2d5]">&gt;&gt;</a>&nbsp;&nbsp;&nbsp;_frsb
<LI><a href="#[2d0]">&gt;&gt;</a>&nbsp;&nbsp;&nbsp;_fadd
</UL>

<P><STRONG><a name="[46]"></a>_printf_input_char</STRONG> (Thumb, 10 bytes, Stack size 0 bytes, _printf_char_common.o(.text))
<BR>[Address Reference Count : 1]<UL><LI> _printf_char_common.o(.text)
</UL>
<P><STRONG><a name="[47]"></a>_scanf_char_input</STRONG> (Thumb, 12 bytes, Stack size 0 bytes, scanf_char.o(.text))
<BR>[Address Reference Count : 1]<UL><LI> scanf_char.o(.text)
</UL>
<P><STRONG><a name="[da]"></a>_local_sscanf</STRONG> (Thumb, 60 bytes, Stack size 56 bytes, strtod.o(.text))
<BR><BR>[Stack]<UL><LI>Max Depth = 64<LI>Call Chain = _local_sscanf &rArr; _scanf_real
</UL>
<BR>[Calls]<UL><LI><a href="#[db]">&gt;&gt;</a>&nbsp;&nbsp;&nbsp;_scanf_real
</UL>
<BR>[Called By]<UL><LI><a href="#[dc]">&gt;&gt;</a>&nbsp;&nbsp;&nbsp;__strtod_int
</UL>

<P><STRONG><a name="[ea]"></a>btod_internal_mul</STRONG> (Thumb, 492 bytes, Stack size 56 bytes, btod.o(.text))
<BR><BR>[Stack]<UL><LI>Max Depth = 80<LI>Call Chain = btod_internal_mul &rArr; __ARM_common_ll_muluu
</UL>
<BR>[Calls]<UL><LI><a href="#[eb]">&gt;&gt;</a>&nbsp;&nbsp;&nbsp;__ARM_common_ll_muluu
</UL>
<BR>[Called By]<UL><LI><a href="#[ec]">&gt;&gt;</a>&nbsp;&nbsp;&nbsp;_btod_emuld
<LI><a href="#[e8]">&gt;&gt;</a>&nbsp;&nbsp;&nbsp;_btod_emul
</UL>

<P><STRONG><a name="[ed]"></a>btod_internal_div</STRONG> (Thumb, 520 bytes, Stack size 64 bytes, btod.o(.text))
<BR><BR>[Stack]<UL><LI>Max Depth = 64<LI>Call Chain = btod_internal_div
</UL>
<BR>[Called By]<UL><LI><a href="#[ee]">&gt;&gt;</a>&nbsp;&nbsp;&nbsp;_btod_edivd
<LI><a href="#[e9]">&gt;&gt;</a>&nbsp;&nbsp;&nbsp;_btod_ediv
</UL>

<P><STRONG><a name="[f4]"></a>_fp_value</STRONG> (Thumb, 602 bytes, Stack size 80 bytes, scanf_fp.o(.text))
<BR><BR>[Stack]<UL><LI>Max Depth = 256<LI>Call Chain = _fp_value &rArr; _btod_etento &rArr; _btod_emul &rArr; btod_internal_mul &rArr; __ARM_common_ll_muluu
</UL>
<BR>[Calls]<UL><LI><a href="#[f5]">&gt;&gt;</a>&nbsp;&nbsp;&nbsp;__aeabi_lmul
<LI><a href="#[ee]">&gt;&gt;</a>&nbsp;&nbsp;&nbsp;_btod_edivd
<LI><a href="#[ec]">&gt;&gt;</a>&nbsp;&nbsp;&nbsp;_btod_emuld
<LI><a href="#[e6]">&gt;&gt;</a>&nbsp;&nbsp;&nbsp;_btod_etento
<LI><a href="#[d5]">&gt;&gt;</a>&nbsp;&nbsp;&nbsp;__aeabi_errno_addr
</UL>
<BR>[Called By]<UL><LI><a href="#[6d]">&gt;&gt;</a>&nbsp;&nbsp;&nbsp;_scanf_really_real
</UL>
<P>
<H3>
Undefined Global Symbols
</H3>
<P><STRONG><a name="[f9]"></a>_call_atexit_fns</STRONG> (ARM, 0 bytes, Stack size 0 bytes, UNDEFINED)
<BR><BR>[Called By]<UL><LI><a href="#[a2]">&gt;&gt;</a>&nbsp;&nbsp;&nbsp;exit
</UL>

<P><STRONG><a name="[e1]"></a>_scanf_longlong</STRONG> (ARM, 0 bytes, Stack size 0 bytes, UNDEFINED)
<BR><BR>[Called By]<UL><LI><a href="#[d9]">&gt;&gt;</a>&nbsp;&nbsp;&nbsp;__vfscanf
</UL>

<P><STRONG><a name="[e3]"></a>_scanf_mbtowc</STRONG> (ARM, 0 bytes, Stack size 0 bytes, UNDEFINED)
<BR><BR>[Called By]<UL><LI><a href="#[d9]">&gt;&gt;</a>&nbsp;&nbsp;&nbsp;__vfscanf
</UL>

<P><STRONG><a name="[e4]"></a>_scanf_string</STRONG> (ARM, 0 bytes, Stack size 0 bytes, UNDEFINED)
<BR><BR>[Called By]<UL><LI><a href="#[d9]">&gt;&gt;</a>&nbsp;&nbsp;&nbsp;__vfscanf
</UL>

<P><STRONG><a name="[e5]"></a>_scanf_wctomb</STRONG> (ARM, 0 bytes, Stack size 0 bytes, UNDEFINED)
<BR><BR>[Called By]<UL><LI><a href="#[d9]">&gt;&gt;</a>&nbsp;&nbsp;&nbsp;__vfscanf
</UL>

<P><STRONG><a name="[e2]"></a>_scanf_wstring</STRONG> (ARM, 0 bytes, Stack size 0 bytes, UNDEFINED)
<BR><BR>[Called By]<UL><LI><a href="#[d9]">&gt;&gt;</a>&nbsp;&nbsp;&nbsp;__vfscanf
</UL>
<HR></body></html>
