Component: ARM Compiler 5.06 update 4 (build 422) Tool: armlink [4d35d2]

==============================================================================

Section Cross References

    heap_4.o(i.prvHeapInit) refers to heap_4.o(.bss) for ucHeap
    heap_4.o(i.prvHeapInit) refers to heap_4.o(.data) for xStart
    heap_4.o(i.prvInsertBlockIntoFreeList) refers to heap_4.o(.data) for xStart
    heap_4.o(i.pvPortMalloc) refers to tasks.o(i.vTaskSuspendAll) for vTaskSuspendAll
    heap_4.o(i.pvPortMalloc) refers to heap_4.o(i.prvHeapInit) for prvHeapInit
    heap_4.o(i.pvPortMalloc) refers to heap_4.o(i.prvInsertBlockIntoFreeList) for prvInsertBlockIntoFreeList
    heap_4.o(i.pvPortMalloc) refers to tasks.o(i.xTaskResumeAll) for xTaskResumeAll
    heap_4.o(i.pvPortMalloc) refers to heap_4.o(.data) for pxEnd
    heap_4.o(i.vPortFree) refers to tasks.o(i.vTaskSuspendAll) for vTaskSuspendAll
    heap_4.o(i.vPortFree) refers to heap_4.o(i.prvInsertBlockIntoFreeList) for prvInsertBlockIntoFreeList
    heap_4.o(i.vPortFree) refers to tasks.o(i.xTaskResumeAll) for xTaskResumeAll
    heap_4.o(i.vPortFree) refers to heap_4.o(.data) for xBlockAllocatedBit
    heap_4.o(i.xPortGetFreeHeapSize) refers to heap_4.o(.data) for xFreeBytesRemaining
    heap_4.o(i.xPortGetMinimumEverFreeHeapSize) refers to heap_4.o(.data) for xMinimumEverFreeBytesRemaining
    port.o(.emb_text) refers to tasks.o(.data) for pxCurrentTCB
    port.o(.emb_text) refers to tasks.o(i.vTaskSwitchContext) for vTaskSwitchContext
    port.o(i.SysTick_Handler) refers to port.o(.emb_text) for ulSetInterruptMaskFromISR
    port.o(i.SysTick_Handler) refers to tasks.o(i.xTaskIncrementTick) for xTaskIncrementTick
    port.o(i.pxPortInitialiseStack) refers to port.o(i.prvTaskExitError) for prvTaskExitError
    port.o(i.vPortEnterCritical) refers to port.o(.data) for uxCriticalNesting
    port.o(i.vPortExitCritical) refers to port.o(.data) for uxCriticalNesting
    port.o(i.xPortStartScheduler) refers to port.o(i.prvSetupTimerInterrupt) for prvSetupTimerInterrupt
    port.o(i.xPortStartScheduler) refers to port.o(.emb_text) for __asm___6_port_c_39a90d8d__prvPortStartFirstTask
    port.o(i.xPortStartScheduler) refers to port.o(.data) for uxCriticalNesting
    queue.o(i.prvCopyDataFromQueue) refers to rt_memcpy.o(.text) for __aeabi_memcpy
    queue.o(i.prvCopyDataToQueue) refers to rt_memcpy.o(.text) for __aeabi_memcpy
    queue.o(i.prvInitialiseNewQueue) refers to queue.o(i.xQueueGenericReset) for xQueueGenericReset
    queue.o(i.prvIsQueueEmpty) refers to port.o(i.vPortEnterCritical) for vPortEnterCritical
    queue.o(i.prvIsQueueEmpty) refers to port.o(i.vPortExitCritical) for vPortExitCritical
    queue.o(i.prvIsQueueFull) refers to port.o(i.vPortEnterCritical) for vPortEnterCritical
    queue.o(i.prvIsQueueFull) refers to port.o(i.vPortExitCritical) for vPortExitCritical
    queue.o(i.prvUnlockQueue) refers to port.o(i.vPortEnterCritical) for vPortEnterCritical
    queue.o(i.prvUnlockQueue) refers to tasks.o(i.xTaskRemoveFromEventList) for xTaskRemoveFromEventList
    queue.o(i.prvUnlockQueue) refers to tasks.o(i.vTaskMissedYield) for vTaskMissedYield
    queue.o(i.prvUnlockQueue) refers to port.o(i.vPortExitCritical) for vPortExitCritical
    queue.o(i.uxQueueMessagesWaiting) refers to port.o(i.vPortEnterCritical) for vPortEnterCritical
    queue.o(i.uxQueueMessagesWaiting) refers to port.o(i.vPortExitCritical) for vPortExitCritical
    queue.o(i.uxQueueSpacesAvailable) refers to port.o(i.vPortEnterCritical) for vPortEnterCritical
    queue.o(i.uxQueueSpacesAvailable) refers to port.o(i.vPortExitCritical) for vPortExitCritical
    queue.o(i.vQueueDelete) refers to heap_4.o(i.vPortFree) for vPortFree
    queue.o(i.xQueueGenericCreate) refers to heap_4.o(i.pvPortMalloc) for pvPortMalloc
    queue.o(i.xQueueGenericCreate) refers to queue.o(i.prvInitialiseNewQueue) for prvInitialiseNewQueue
    queue.o(i.xQueueGenericReceive) refers to port.o(i.vPortEnterCritical) for vPortEnterCritical
    queue.o(i.xQueueGenericReceive) refers to queue.o(i.prvCopyDataFromQueue) for prvCopyDataFromQueue
    queue.o(i.xQueueGenericReceive) refers to tasks.o(i.xTaskRemoveFromEventList) for xTaskRemoveFromEventList
    queue.o(i.xQueueGenericReceive) refers to port.o(i.vPortYield) for vPortYield
    queue.o(i.xQueueGenericReceive) refers to port.o(i.vPortExitCritical) for vPortExitCritical
    queue.o(i.xQueueGenericReceive) refers to tasks.o(i.vTaskSetTimeOutState) for vTaskSetTimeOutState
    queue.o(i.xQueueGenericReceive) refers to tasks.o(i.vTaskSuspendAll) for vTaskSuspendAll
    queue.o(i.xQueueGenericReceive) refers to tasks.o(i.xTaskCheckForTimeOut) for xTaskCheckForTimeOut
    queue.o(i.xQueueGenericReceive) refers to queue.o(i.prvIsQueueEmpty) for prvIsQueueEmpty
    queue.o(i.xQueueGenericReceive) refers to tasks.o(i.vTaskPlaceOnEventList) for vTaskPlaceOnEventList
[...]
    i.EEprom_AT24CXX_Parameter_Init          0x000014b0   Section        0  at24c02.o(i.EEprom_AT24CXX_Parameter_Init)
    i.EEprom_Byte1Read                       0x00001518   Section        0  at24c02.o(i.EEprom_Byte1Read)
    i.EEprom_Byte1Read_No_Check              0x00001584   Section        0  at24c02.o(i.EEprom_Byte1Read_No_Check)
    i.EEprom_Byte1Write                      0x000015f4   Section        0  at24c02.o(i.EEprom_Byte1Write)
    i.EEprom_Byte1Write_No_Check             0x00001634   Section        0  at24c02.o(i.EEprom_Byte1Write_No_Check)
    i.EEprom_SDA_SET_IN                      0x00001684   Section        0  at24c02.o(i.EEprom_SDA_SET_IN)
    EEprom_SDA_SET_IN                        0x00001685   Thumb Code    42  at24c02.o(i.EEprom_SDA_SET_IN)
    i.EEprom_SDA_SET_OUT                     0x000016b4   Section        0  at24c02.o(i.EEprom_SDA_SET_OUT)
    EEprom_SDA_SET_OUT                       0x000016b5   Thumb Code    50  at24c02.o(i.EEprom_SDA_SET_OUT)
    i.EEprom_Write_Start                     0x000016ec   Section        0  at24c02.o(i.EEprom_Write_Start)
    i.FL_ADC_ClearFlag_EndOfConversion       0x00001716   Section        0  adc.o(i.FL_ADC_ClearFlag_EndOfConversion)
    FL_ADC_ClearFlag_EndOfConversion         0x00001717   Thumb Code     6  adc.o(i.FL_ADC_ClearFlag_EndOfConversion)
    i.FL_ADC_Disable                         0x0000171c   Section        0  adc.o(i.FL_ADC_Disable)
    FL_ADC_Disable                           0x0000171d   Thumb Code    10  adc.o(i.FL_ADC_Disable)
    i.FL_ADC_DisableSequencerChannel         0x00001726   Section        0  adc.o(i.FL_ADC_DisableSequencerChannel)
    FL_ADC_DisableSequencerChannel           0x00001727   Thumb Code    12  adc.o(i.FL_ADC_DisableSequencerChannel)
    i.FL_ADC_Enable                          0x00001732   Section        0  adc.o(i.FL_ADC_Enable)
    FL_ADC_Enable                            0x00001733   Thumb Code    10  adc.o(i.FL_ADC_Enable)
    i.FL_ADC_EnableSWConversion              0x0000173c   Section        0  adc.o(i.FL_ADC_EnableSWConversion)
    FL_ADC_EnableSWConversion                0x0000173d   Thumb Code    10  adc.o(i.FL_ADC_EnableSWConversion)
    i.FL_ADC_EnableSequencerChannel          0x00001746   Section        0  adc.o(i.FL_ADC_EnableSequencerChannel)
    FL_ADC_EnableSequencerChannel            0x00001747   Thumb Code    12  adc.o(i.FL_ADC_EnableSequencerChannel)
    i.FL_ADC_IsActiveFlag_EndOfConversion    0x00001752   Section        0  adc.o(i.FL_ADC_IsActiveFlag_EndOfConversion)
    FL_ADC_IsActiveFlag_EndOfConversion      0x00001753   Thumb Code    16  adc.o(i.FL_ADC_IsActiveFlag_EndOfConversion)
    i.FL_DelayInit                           0x00001764   Section        0  fm33lc0xx_fl.o(i.FL_DelayInit)
    i.FL_DelayMs                             0x00001784   Section        0  fm33lc0xx_fl.o(i.FL_DelayMs)
    i.FL_DelayUs                             0x0000179c   Section        0  fm33lc0xx_fl.o(i.FL_DelayUs)
    i.FL_FDET_DisableIT_XTLFFail             0x000017e0   Section        0  check_xthf_or_xtlf.o(i.FL_FDET_DisableIT_XTLFFail)
    FL_FDET_DisableIT_XTLFFail               0x000017e1   Thumb Code    14  check_xthf_or_xtlf.o(i.FL_FDET_DisableIT_XTLFFail)
    i.FL_FDET_IsActiveFlag_XTLFFail          0x000017f4   Section        0  check_xthf_or_xtlf.o(i.FL_FDET_IsActiveFlag_XTLFFail)
    FL_FDET_IsActiveFlag_XTLFFail            0x000017f5   Thumb Code    16  check_xthf_or_xtlf.o(i.FL_FDET_IsActiveFlag_XTLFFail)
    i.FL_GPIO_DisablePinAnalogSwitch         0x00001808   Section        0  fm33lc0xx_fl_gpio.o(i.FL_GPIO_DisablePinAnalogSwitch)
    FL_GPIO_DisablePinAnalogSwitch           0x00001809   Thumb Code    10  fm33lc0xx_fl_gpio.o(i.FL_GPIO_DisablePinAnalogSwitch)
    i.FL_GPIO_DisablePinInput                0x00001812   Section        0  fm33lc0xx_fl_gpio.o(i.FL_GPIO_DisablePinInput)
    FL_GPIO_DisablePinInput                  0x00001813   Thumb Code    10  fm33lc0xx_fl_gpio.o(i.FL_GPIO_DisablePinInput)
    i.FL_GPIO_DisablePinOpenDrain            0x0000181c   Section        0  fm33lc0xx_fl_gpio.o(i.FL_GPIO_DisablePinOpenDrain)
    FL_GPIO_DisablePinOpenDrain              0x0000181d   Thumb Code    10  fm33lc0xx_fl_gpio.o(i.FL_GPIO_DisablePinOpenDrain)
    i.FL_GPIO_DisablePinPullup               0x00001826   Section        0  fm33lc0xx_fl_gpio.o(i.FL_GPIO_DisablePinPullup)
    FL_GPIO_DisablePinPullup                 0x00001827   Thumb Code    10  fm33lc0xx_fl_gpio.o(i.FL_GPIO_DisablePinPullup)
    i.FL_GPIO_DisablePinRemap                0x00001830   Section        0  fm33lc0xx_fl_gpio.o(i.FL_GPIO_DisablePinRemap)
    FL_GPIO_DisablePinRemap                  0x00001831   Thumb Code    10  fm33lc0xx_fl_gpio.o(i.FL_GPIO_DisablePinRemap)
    i.FL_GPIO_Init                           0x0000183c   Section        0  fm33lc0xx_fl_gpio.o(i.FL_GPIO_Init)
    i.FL_GPIO_ResetOutputPin                 0x000019ec   Section        0  at24c02.o(i.FL_GPIO_ResetOutputPin)
    FL_GPIO_ResetOutputPin                   0x000019ed   Thumb Code     6  at24c02.o(i.FL_GPIO_ResetOutputPin)
    i.FL_GPIO_SetOutputPin                   0x000019f2   Section        0  at24c02.o(i.FL_GPIO_SetOutputPin)
    FL_GPIO_SetOutputPin                     0x000019f3   Thumb Code     6  at24c02.o(i.FL_GPIO_SetOutputPin)
    i.FL_GPIO_SetPinMode                     0x000019f8   Section        0  fm33lc0xx_fl_gpio.o(i.FL_GPIO_SetPinMode)
    FL_GPIO_SetPinMode                       0x000019f9   Thumb Code    26  fm33lc0xx_fl_gpio.o(i.FL_GPIO_SetPinMode)
    i.FL_Init                                0x00001a12   Section        0  fm33lc0xx_fl.o(i.FL_Init)
    i.FL_NVIC_Init                           0x00001a1c   Section        0  fm33lc0xx_fl.o(i.FL_NVIC_Init)
    i.FL_RCC_SetADCPrescaler                 0x00001a64   Section        0  adc.o(i.FL_RCC_SetADCPrescaler)
    FL_RCC_SetADCPrescaler                   0x00001a65   Thumb Code    18  adc.o(i.FL_RCC_SetADCPrescaler)
    i.FL_RCC_SetLSCLKClockSource             0x00001a7c   Section        0  check_xthf_or_xtlf.o(i.FL_RCC_SetLSCLKClockSource)
    FL_RCC_SetLSCLKClockSource               0x00001a7d   Thumb Code    16  check_xthf_or_xtlf.o(i.FL_RCC_SetLSCLKClockSource)
    i.FL_RTC_ConfigTime                      0x00001a90   Section        0  fm33lc0xx_fl_rtc.o(i.FL_RTC_ConfigTime)
    i.FL_RTC_GetTime                         0x00001b10   Section        0  fm33lc0xx_fl_rtc.o(i.FL_RTC_GetTime)
    i.FL_RTC_Init                            0x00001b5c   Section        0  fm33lc0xx_fl_rtc.o(i.FL_RTC_Init)
    i.FL_SVD_DisableADCMonitor               0x00001b9c   Section        0  adc.o(i.FL_SVD_DisableADCMonitor)
    FL_SVD_DisableADCMonitor                 0x00001b9d   Thumb Code    12  adc.o(i.FL_SVD_DisableADCMonitor)
    i.FL_SVD_EnableADCMonitor                0x00001ba8   Section        0  adc.o(i.FL_SVD_EnableADCMonitor)
    FL_SVD_EnableADCMonitor                  0x00001ba9   Thumb Code    12  adc.o(i.FL_SVD_EnableADCMonitor)
    i.FL_VREF_Disable                        0x00001bb4   Section        0  adc.o(i.FL_VREF_Disable)
    FL_VREF_Disable                          0x00001bb5   Thumb Code    10  adc.o(i.FL_VREF_Disable)
    i.FL_VREF_Enable                         0x00001bbe   Section        0  adc.o(i.FL_VREF_Enable)
    FL_VREF_Enable                           0x00001bbf   Thumb Code    10  adc.o(i.FL_VREF_Enable)
    i.GetAVREFSample_POLL                    0x00001bc8   Section        0  adc.o(i.GetAVREFSample_POLL)
    GetAVREFSample_POLL                      0x00001bc9   Thumb Code   146  adc.o(i.GetAVREFSample_POLL)
    i.GetBatVoltage                          0x00001c6c   Section        0  adc.o(i.GetBatVoltage)
    i.GetSingleChannelSample_POLL            0x00001cf4   Section        0  adc.o(i.GetSingleChannelSample_POLL)
    GetSingleChannelSample_POLL              0x00001cf5   Thumb Code   116  adc.o(i.GetSingleChannelSample_POLL)
    i.GetSingleChannelVoltage_POLL           0x00001d74   Section        0  adc.o(i.GetSingleChannelVoltage_POLL)
    i.GetTempVoltage                         0x00001df4   Section        0  adc.o(i.GetTempVoltage)
    i.Get_Temper_value                       0x00001e80   Section        0  adc.o(i.Get_Temper_value)
    i.IIC_Check_Ack                          0x00001ec0   Section        0  at24c02.o(i.IIC_Check_Ack)
    i.IIC_RevByte                            0x00001f0c   Section        0  at24c02.o(i.IIC_RevByte)
    i.IIC_SendByte                           0x00001f78   Section        0  at24c02.o(i.IIC_SendByte)
    i.IIC_SendNoAck                          0x00001fe0   Section        0  at24c02.o(i.IIC_SendNoAck)
    i.IIC_Start                              0x00002028   Section        0  at24c02.o(i.IIC_Start)
    i.IIC_Stop                               0x0000207c   Section        0  at24c02.o(i.IIC_Stop)
    i.LFDET_IRQHandler                       0x000020c4   Section        0  check_xthf_or_xtlf.o(i.LFDET_IRQHandler)
    i.LPCountSetTimeTask                     0x0000210c   Section        0  settime.o(i.LPCountSetTimeTask)
    i.LPTIM_IRQHandler                       0x0000218c   Section        0  lptim32.o(i.LPTIM_IRQHandler)
    i.MF_Clock_Init                          0x000021c8   Section        0  mf_config.o(i.MF_Clock_Init)
    i.MF_Config_Init                         0x000021ca   Section        0  mf_config.o(i.MF_Config_Init)
    i.MF_GPIO_Init                           0x000021dc   Section        0  mf_config.o(i.MF_GPIO_Init)
    i.MF_RTC_1S_Init                         0x00002204   Section        0  rtc.o(i.MF_RTC_1S_Init)
    i.MeasureAll                             0x0000223c   Section        0  measuretask.o(i.MeasureAll)
    i.MeasureForworld                        0x00002248   Section        0  measuretask.o(i.MeasureForworld)
    i.NVIC_SetPriority                       0x00002284   Section        0  fm33lc0xx_fl.o(i.NVIC_SetPriority)
    NVIC_SetPriority                         0x00002285   Thumb Code   110  fm33lc0xx_fl.o(i.NVIC_SetPriority)
    i.New_Str_Obj                            0x000022fc   Section        0  strlib.o(i.New_Str_Obj)
    i.RTC_GetRTC                             0x00002328   Section        0  rtc.o(i.RTC_GetRTC)
    RTC_GetRTC                               0x00002329   Thumb Code    88  rtc.o(i.RTC_GetRTC)
    i.RTC_IRQHandler                         0x00002384   Section        0  rtc.o(i.RTC_IRQHandler)
    i.RTC_IRQ_Second                         0x0000241c   Section        0  rtc.o(i.RTC_IRQ_Second)
    i.RTC_SetRTC                             0x00002454   Section        0  rtc.o(i.RTC_SetRTC)
    i.ReadEEprom                             0x000024a8   Section        0  readeepromtask.o(i.ReadEEprom)
    i.SVC_Handler                            0x000024e8   Section        0  port.o(i.SVC_Handler)
    i.SendDataByUart                         0x000024ec   Section        0  senddatatask.o(i.SendDataByUart)
    i.SendDataForLoar                        0x00002500   Section        0  senddatatask.o(i.SendDataForLoar)
    i.StartOPenDevMode                       0x00002558   Section        0  define.o(i.StartOPenDevMode)
    i.SysTick_Handler                        0x00002560   Section        0  port.o(i.SysTick_Handler)
    i.SystemCoreClockUpdate                  0x00002584   Section        0  system_fm33lc0xx.o(i.SystemCoreClockUpdate)
    i.SystemInit                             0x00002714   Section        0  system_fm33lc0xx.o(i.SystemInit)
    i.SystemPLLClockUpdate                   0x00002838   Section        0  system_fm33lc0xx.o(i.SystemPLLClockUpdate)
    SystemPLLClockUpdate                     0x00002839   Thumb Code   174  system_fm33lc0xx.o(i.SystemPLLClockUpdate)
    i.Test_BatVoltge                         0x000028fc   Section        0  adc.o(i.Test_BatVoltge)
    i.Test_InsideT                           0x00002914   Section        0  adc.o(i.Test_InsideT)
    i.XTLF_Config_Init                       0x000029c0   Section        0  check_xthf_or_xtlf.o(i.XTLF_Config_Init)
    i._EC20_ReBoot_In_RTC_By_1Second         0x000029e4   Section        0  rtc.o(i._EC20_ReBoot_In_RTC_By_1Second)
    i._InitRTCTask                           0x000029ec   Section        0  rtc_settime.o(i._InitRTCTask)
    _InitRTCTask                             0x000029ed   Thumb Code    64  rtc_settime.o(i._InitRTCTask)
    i._InitSetTimeTask                       0x00002a30   Section        0  settime.o(i._InitSetTimeTask)
    _InitSetTimeTask                         0x00002a31   Thumb Code    64  settime.o(i._InitSetTimeTask)
    i._LPInitSetTimeTask                     0x00002a74   Section        0  settime.o(i._LPInitSetTimeTask)
    _LPInitSetTimeTask                       0x00002a75   Thumb Code    64  settime.o(i._LPInitSetTimeTask)
    i._LPSetCloseTask                        0x00002ab8   Section        0  settime.o(i._LPSetCloseTask)
    _LPSetCloseTask                          0x00002ab9   Thumb Code    50  settime.o(i._LPSetCloseTask)
    i._RTCCloseTask                          0x00002af0   Section        0  rtc_settime.o(i._RTCCloseTask)
    _RTCCloseTask                            0x00002af1   Thumb Code    50  rtc_settime.o(i._RTCCloseTask)
    i._RTC_ReBoot_Check                      0x00002b28   Section        0  rtc.o(i._RTC_ReBoot_Check)
    i._SetCloseTask                          0x00002b74   Section        0  settime.o(i._SetCloseTask)
    _SetCloseTask                            0x00002b75   Thumb Code    50  settime.o(i._SetCloseTask)
    i.__ARM_common_ll_muluu                  0x00002bac   Section        0  adc.o(i.__ARM_common_ll_muluu)
    i.__ARM_common_switch8                   0x00002bdc   Section        0  tasks.o(i.__ARM_common_switch8)
    i._getStrlen                             0x00002bf8   Section        0  strlib.o(i._getStrlen)
    i._is_digit                              0x00002c10   Section        0  __printf_wp.o(i._is_digit)
    i._strnewInit                            0x00002c20   Section        0  strlib.o(i._strnewInit)
    i.anyBaseToAnyBase                       0x00002c2c   Section        0  numberbaselib.o(i.anyBaseToAnyBase)
    i.checkTimeFrom                          0x00002d56   Section        0  at24cxxdataloader.o(i.checkTimeFrom)
    i.check_XTClock_isOk                     0x00002da0   Section        0  check_xthf_or_xtlf.o(i.check_XTClock_isOk)
    check_XTClock_isOk                       0x00002da1   Thumb Code   164  check_xthf_or_xtlf.o(i.check_XTClock_isOk)
    i.getDayOfWeek                           0x00002e58   Section        0  rtc.o(i.getDayOfWeek)
    i.getStrNowDataAndTimeByRTC              0x00002f28   Section        0  rtc.o(i.getStrNowDataAndTimeByRTC)
    i.getStrUserTime                         0x00002f58   Section        0  rtc.o(i.getStrUserTime)
    i.main                                   0x00002fa4   Section        0  main.o(i.main)
    i.prvAddNewTaskToReadyList               0x00003058   Section        0  tasks.o(i.prvAddNewTaskToReadyList)
    prvAddNewTaskToReadyList                 0x00003059   Thumb Code   140  tasks.o(i.prvAddNewTaskToReadyList)
    i.prvCheckTasksWaitingTermination        0x000030fc   Section        0  tasks.o(i.prvCheckTasksWaitingTermination)
    prvCheckTasksWaitingTermination          0x000030fd   Thumb Code    90  tasks.o(i.prvCheckTasksWaitingTermination)
    i.prvDeleteTCB                           0x00003164   Section        0  tasks.o(i.prvDeleteTCB)
    prvDeleteTCB                             0x00003165   Thumb Code    18  tasks.o(i.prvDeleteTCB)
    i.prvHeapInit                            0x00003178   Section        0  heap_4.o(i.prvHeapInit)
    prvHeapInit                              0x00003179   Thumb Code   100  heap_4.o(i.prvHeapInit)
    i.prvIdleTask                            0x000031f4   Section        0  tasks.o(i.prvIdleTask)
    prvIdleTask                              0x000031f5   Thumb Code    20  tasks.o(i.prvIdleTask)
    i.prvInitialiseNewQueue                  0x0000320c   Section        0  queue.o(i.prvInitialiseNewQueue)
    prvInitialiseNewQueue                    0x0000320d   Thumb Code    34  queue.o(i.prvInitialiseNewQueue)
    i.prvInitialiseNewTask                   0x0000322e   Section        0  tasks.o(i.prvInitialiseNewTask)
    prvInitialiseNewTask                     0x0000322f   Thumb Code   132  tasks.o(i.prvInitialiseNewTask)
    i.prvInitialiseTaskLists                 0x000032b4   Section        0  tasks.o(i.prvInitialiseTaskLists)
    prvInitialiseTaskLists                   0x000032b5   Thumb Code    68  tasks.o(i.prvInitialiseTaskLists)
    i.prvInsertBlockIntoFreeList             0x00003318   Section        0  heap_4.o(i.prvInsertBlockIntoFreeList)
    prvInsertBlockIntoFreeList               0x00003319   Thumb Code    96  heap_4.o(i.prvInsertBlockIntoFreeList)
    i.prvResetNextTaskUnblockTime            0x00003380   Section        0  tasks.o(i.prvResetNextTaskUnblockTime)
    prvResetNextTaskUnblockTime              0x00003381   Thumb Code    46  tasks.o(i.prvResetNextTaskUnblockTime)
    i.prvSetupTimerInterrupt                 0x000033b8   Section        0  port.o(i.prvSetupTimerInterrupt)
    prvSetupTimerInterrupt                   0x000033b9   Thumb Code    12  port.o(i.prvSetupTimerInterrupt)
    i.prvTaskExitError                       0x000033cc   Section        0  port.o(i.prvTaskExitError)
    prvTaskExitError                         0x000033cd   Thumb Code     6  port.o(i.prvTaskExitError)
    i.pvPortMalloc                           0x000033d4   Section        0  heap_4.o(i.pvPortMalloc)
    i.pxPortInitialiseStack                  0x000034a8   Section        0  port.o(i.pxPortInitialiseStack)
    i.setNetArgumentInit                     0x000034c8   Section        0  at24cxxdataloader.o(i.setNetArgumentInit)
    i.setRtcDate                             0x000034d8   Section        0  rtc.o(i.setRtcDate)
    i.startMeasureForworld                   0x000035a8   Section        0  measuretask.o(i.startMeasureForworld)
    i.startReadEEprom                        0x000035aa   Section        0  readeepromtask.o(i.startReadEEprom)
    i.startSendDataForLoar                   0x000035ac   Section        0  senddatatask.o(i.startSendDataForLoar)
    i.uxListRemove                           0x000035ae   Section        0  list.o(i.uxListRemove)
    i.vListInitialise                        0x000035d6   Section        0  list.o(i.vListInitialise)
    i.vListInitialiseItem                    0x000035f0   Section        0  list.o(i.vListInitialiseItem)
    i.vListInsertEnd                         0x000035f6   Section        0  list.o(i.vListInsertEnd)
    i.vPortEnterCritical                     0x00003610   Section        0  port.o(i.vPortEnterCritical)
    i.vPortExitCritical                      0x0000362c   Section        0  port.o(i.vPortExitCritical)
    i.vPortFree                              0x00003648   Section        0  heap_4.o(i.vPortFree)
    i.vPortYield                             0x00003698   Section        0  port.o(i.vPortYield)
    i.vTaskStartScheduler                    0x000036b0   Section        0  tasks.o(i.vTaskStartScheduler)
    i.vTaskSuspendAll                        0x00003704   Section        0  tasks.o(i.vTaskSuspendAll)
    i.vTaskSwitchContext                     0x00003714   Section        0  tasks.o(i.vTaskSwitchContext)
    i.xPortStartScheduler                    0x0000378c   Section        0  port.o(i.xPortStartScheduler)
    i.xQueueGenericCreate                    0x000037c4   Section        0  queue.o(i.xQueueGenericCreate)
    i.xQueueGenericReset                     0x00003800   Section        0  queue.o(i.xQueueGenericReset)
    i.xTaskCreate                            0x00003878   Section        0  tasks.o(i.xTaskCreate)
    i.xTaskIncrementTick                     0x000038d4   Section        0  tasks.o(i.xTaskIncrementTick)
    i.xTaskRemoveFromEventList               0x000039f4   Section        0  tasks.o(i.xTaskRemoveFromEventList)
    i.xTaskResumeAll                         0x00003a74   Section        0  tasks.o(i.xTaskResumeAll)
    locale$$code                             0x00003b54   Section       44  lc_ctype_c.o(locale$$code)
    x$fpl$fadd                               0x00003b80   Section      140  faddsub.o(x$fpl$fadd)
    _fadd1                                   0x00003b8d   Thumb Code     0  faddsub.o(x$fpl$fadd)
    x$fpl$frsb                               0x00003c0c   Section       24  faddsub.o(x$fpl$frsb)
    x$fpl$fsub                               0x00003c24   Section      208  faddsub.o(x$fpl$fsub)
    _fsub1                                   0x00003c31   Thumb Code     0  faddsub.o(x$fpl$fsub)
    .constdata                               0x00003cf4   Section      560  adc.o(.constdata)
    x$fpl$usenofp                            0x00003cf4   Section        0  usenofp.o(x$fpl$usenofp)
    .constdata                               0x00003f24   Section       40  _printf_hex_int.o(.constdata)
    uc_hextab                                0x00003f24   Data          20  _printf_hex_int.o(.constdata)
    lc_hextab                                0x00003f38   Data          20  _printf_hex_int.o(.constdata)
    .constdata                               0x00003f4c   Section       17  __printf_flags_ss_wp.o(.constdata)
    maptable                                 0x00003f4c   Data          17  __printf_flags_ss_wp.o(.constdata)
    .constdata                               0x00003f5d   Section       64  fdiv.o(.constdata)
    fdiv_tab                                 0x00003f5d   Data          64  fdiv.o(.constdata)
    locale$$data                             0x00003fc0   Section      272  lc_ctype_c.o(locale$$data)
    __lcctype_c_name                         0x00003fc4   Data           2  lc_ctype_c.o(locale$$data)
    __lcctype_c_start                        0x00003fcc   Data           0  lc_ctype_c.o(locale$$data)
    __lcctype_c_end                          0x000040d0   Data           0  lc_ctype_c.o(locale$$data)
    .data                                    0x20000000   Section       24  heap_4.o(.data)
    xStart                                   0x20000000   Data           8  heap_4.o(.data)
    pxEnd                                    0x20000008   Data           4  heap_4.o(.data)
    xFreeBytesRemaining                      0x2000000c   Data           4  heap_4.o(.data)
    xMinimumEverFreeBytesRemaining           0x20000010   Data           4  heap_4.o(.data)
    xBlockAllocatedBit                       0x20000014   Data           4  heap_4.o(.data)
    .data                                    0x20000018   Section        4  port.o(.data)
    uxCriticalNesting                        0x20000018   Data           4  port.o(.data)
    .data                                    0x2000001c   Section       60  tasks.o(.data)
    pxDelayedTaskList                        0x20000020   Data           4  tasks.o(.data)
    pxOverflowDelayedTaskList                0x20000024   Data           4  tasks.o(.data)
    uxDeletedTasksWaitingCleanUp             0x20000028   Data           4  tasks.o(.data)
    uxCurrentNumberOfTasks                   0x2000002c   Data           4  tasks.o(.data)
    xTickCount                               0x20000030   Data           4  tasks.o(.data)
    uxTopReadyPriority                       0x20000034   Data           4  tasks.o(.data)
    xSchedulerRunning                        0x20000038   Data           4  tasks.o(.data)
    uxPendedTicks                            0x2000003c   Data           4  tasks.o(.data)
    xYieldPending                            0x20000040   Data           4  tasks.o(.data)
    xNumOfOverflows                          0x20000044   Data           4  tasks.o(.data)
    uxTaskNumber                             0x20000048   Data           4  tasks.o(.data)
    xNextTaskUnblockTime                     0x2000004c   Data           4  tasks.o(.data)
    xIdleTaskHandle                          0x20000050   Data           4  tasks.o(.data)
    uxSchedulerSuspended                     0x20000054   Data           4  tasks.o(.data)
    .data                                    0x20000058   Section       12  system_fm33lc0xx.o(.data)
    .data                                    0x20000064   Section        4  at24cxxdataloader.o(.data)
    .data                                    0x20000068   Section        8  check_xthf_or_xtlf.o(.data)
    .data                                    0x20000070   Section      176  rtc_settime.o(.data)
    .data                                    0x20000120   Section      320  settime.o(.data)
    .data                                    0x20000260   Section       45  at24c02.o(.data)
    .data                                    0x20000290   Section       16  define.o(.data)
    .data                                    0x200002a0   Section        4  main.o(.data)
    .data                                    0x200002a4   Section       24  rtc.o(.data)
    IsWriteRTCFlag                           0x200002a8   Data           1  rtc.o(.data)
    .bss                                     0x200002bc   Section    17408  heap_4.o(.bss)
    ucHeap                                   0x200002bc   Data       17408  heap_4.o(.bss)
    .bss                                     0x200046bc   Section      200  tasks.o(.bss)
    pxReadyTasksLists                        0x200046bc   Data         100  tasks.o(.bss)
    xDelayedTaskList1                        0x20004720   Data          20  tasks.o(.bss)
    xDelayedTaskList2                        0x20004734   Data          20  tasks.o(.bss)
    xPendingReadyList                        0x20004748   Data          20  tasks.o(.bss)
    xTasksWaitingTermination                 0x2000475c   Data          20  tasks.o(.bss)
    xSuspendedTaskList                       0x20004770   Data          20  tasks.o(.bss)
    .bss                                     0x20004784   Section     1036  define.o(.bss)
    .bss                                     0x20004b90   Section       96  libspace.o(.bss)
    HEAP                                     0x20004bf0   Section     2048  startup_fm33lc0xx.o(HEAP)
    Heap_Mem                                 0x20004bf0   Data        2048  startup_fm33lc0xx.o(HEAP)
    STACK                                    0x200053f0   Section     2048  startup_fm33lc0xx.o(STACK)
    Stack_Mem                                0x200053f0   Data        2048  startup_fm33lc0xx.o(STACK)
    __initial_sp                             0x20005bf0   Data           0  startup_fm33lc0xx.o(STACK)

    Global Symbols

    Symbol Name                              Value     Ov Type        Size  Object(Section)

    BuildAttributes$$THM_ISAv3M$S$PE$A:L22$X:L11$S22$IEEE1$IW$USESV6$~STKCKD$USESV7$~SHL$OTIME$ROPI$IEEEX$EBA8$UX$STANDARDLIB$REQ8$PRES8$EABIv2 0x00000000   Number         0  anon$$obj.o ABSOLUTE
    __ARM_use_no_argv                        0x00000000   Number         0  main.o ABSOLUTE
    __Vectors                                0x00000000   Data           4  startup_fm33lc0xx.o(RESET)
    _printf_flags                            0x00000000   Number         0  printf_stubs.o ABSOLUTE
    _printf_return_value                     0x00000000   Number         0  printf_stubs.o ABSOLUTE
    _printf_sizespec                         0x00000000   Number         0  printf_stubs.o ABSOLUTE
    _printf_widthprec                        0x00000000   Number         0  printf_stubs.o ABSOLUTE
    __ARM_exceptions_init                     - Undefined Weak Reference
    __alloca_initialize                       - Undefined Weak Reference
    __arm_preinit_                            - Undefined Weak Reference
    __cpp_initialize__aeabi_                  - Undefined Weak Reference
    __cxa_finalize                            - Undefined Weak Reference
    __sigvec_lookup                           - Undefined Weak Reference
    _atexit_init                              - Undefined Weak Reference
    _call_atexit_fns                          - Undefined Weak Reference
    _clock_init                               - Undefined Weak Reference
    _fp_trap_init                             - Undefined Weak Reference
    _fp_trap_shutdown                         - Undefined Weak Reference
    _get_lc_collate                           - Undefined Weak Reference
    _get_lc_monetary                          - Undefined Weak Reference
    _get_lc_time                              - Undefined Weak Reference
    _getenv_init                              - Undefined Weak Reference
    _handle_redirection                       - Undefined Weak Reference
    _init_alloc                               - Undefined Weak Reference
    _init_user_alloc                          - Undefined Weak Reference
    _initio                                   - Undefined Weak Reference
    _printf_truncate_unsigned                 - Undefined Weak Reference
    _rand_init                                - Undefined Weak Reference
    _scanf_longlong                           - Undefined Weak Reference
    _scanf_mbtowc                             - Undefined Weak Reference
    _scanf_string                             - Undefined Weak Reference
    _scanf_wctomb                             - Undefined Weak Reference
    _scanf_wstring                            - Undefined Weak Reference
    _signal_finish                            - Undefined Weak Reference
    _signal_init                              - Undefined Weak Reference
    _terminate_alloc                          - Undefined Weak Reference
    _terminate_user_alloc                     - Undefined Weak Reference
    _terminateio                              - Undefined Weak Reference
    __Vectors_End                            0x000000c0   Data           0  startup_fm33lc0xx.o(RESET)
    __Vectors_Size                           0x000000c0   Number         0  startup_fm33lc0xx.o ABSOLUTE
    __main                                   0x000000c1   Thumb Code     8  __main.o(!!!main)
    __scatterload                            0x000000c9   Thumb Code     0  __scatter.o(!!!scatter)
    __scatterload_rt2                        0x000000c9   Thumb Code    52  __scatter.o(!!!scatter)
    __scatterload_rt2_thumb_only             0x000000c9   Thumb Code     0  __scatter.o(!!!scatter)
    __scatterload_null                       0x000000d9   Thumb Code     0  __scatter.o(!!!scatter)
    __scatterload_zeroinit                   0x00000105   Thumb Code    28  __scatter_zi.o(!!handler_zi)
    _printf_percent                          0x00000121   Thumb Code     0  _printf_percent.o(.ARM.Collect$$_printf_percent$$00000000)
    _printf_x                                0x00000123   Thumb Code     0  _printf_x.o(.ARM.Collect$$_printf_percent$$0000000C)
    _printf_percent_end                      0x0000012d   Thumb Code     0  _printf_percent_end.o(.ARM.Collect$$_printf_percent$$00000017)
    __rt_lib_init                            0x00000131   Thumb Code     0  libinit.o(.ARM.Collect$$libinit$$00000000)
    __rt_lib_init_fp_1                       0x00000133   Thumb Code     0  libinit2.o(.ARM.Collect$$libinit$$00000002)
    __rt_lib_init_heap_1                     0x00000133   Thumb Code     0  libinit2.o(.ARM.Collect$$libinit$$0000000A)
    __rt_lib_init_lc_common                  0x00000133   Thumb Code     0  libinit2.o(.ARM.Collect$$libinit$$0000000F)
    __rt_lib_init_preinit_1                  0x00000133   Thumb Code     0  libinit2.o(.ARM.Collect$$libinit$$00000004)
    __rt_lib_init_rand_1                     0x00000133   Thumb Code     0  libinit2.o(.ARM.Collect$$libinit$$0000000E)
    __rt_lib_init_user_alloc_1               0x00000133   Thumb Code     0  libinit2.o(.ARM.Collect$$libinit$$0000000C)
    __rt_lib_init_lc_collate_1               0x00000139   Thumb Code     0  libinit2.o(.ARM.Collect$$libinit$$00000011)
    __rt_lib_init_lc_ctype_2                 0x00000139   Thumb Code     0  libinit2.o(.ARM.Collect$$libinit$$00000012)
    __rt_lib_init_alloca_1                   0x00000145   Thumb Code     0  libinit2.o(.ARM.Collect$$libinit$$0000002E)
    __rt_lib_init_argv_1                     0x00000145   Thumb Code     0  libinit2.o(.ARM.Collect$$libinit$$0000002C)
    __rt_lib_init_atexit_1                   0x00000145   Thumb Code     0  libinit2.o(.ARM.Collect$$libinit$$0000001B)
    __rt_lib_init_clock_1                    0x00000145   Thumb Code     0  libinit2.o(.ARM.Collect$$libinit$$00000021)
    __rt_lib_init_cpp_1                      0x00000145   Thumb Code     0  libinit2.o(.ARM.Collect$$libinit$$00000032)
    __rt_lib_init_exceptions_1               0x00000145   Thumb Code     0  libinit2.o(.ARM.Collect$$libinit$$00000030)
    __rt_lib_init_fp_trap_1                  0x00000145   Thumb Code     0  libinit2.o(.ARM.Collect$$libinit$$0000001F)
    __rt_lib_init_getenv_1                   0x00000145   Thumb Code     0  libinit2.o(.ARM.Collect$$libinit$$00000023)
    __rt_lib_init_lc_ctype_1                 0x00000145   Thumb Code     0  libinit2.o(.ARM.Collect$$libinit$$00000013)
    __rt_lib_init_lc_monetary_1              0x00000145   Thumb Code     0  libinit2.o(.ARM.Collect$$libinit$$00000015)
    __rt_lib_init_lc_numeric_1               0x00000145   Thumb Code     0  libinit2.o(.ARM.Collect$$libinit$$00000017)
    __rt_lib_init_lc_time_1                  0x00000145   Thumb Code     0  libinit2.o(.ARM.Collect$$libinit$$00000019)
    __rt_lib_init_return                     0x00000145   Thumb Code     0  libinit2.o(.ARM.Collect$$libinit$$00000033)
    __rt_lib_init_signal_1                   0x00000145   Thumb Code     0  libinit2.o(.ARM.Collect$$libinit$$0000001D)
    __rt_lib_init_stdio_1                    0x00000145   Thumb Code     0  libinit2.o(.ARM.Collect$$libinit$$00000025)
    __rt_lib_shutdown                        0x00000147   Thumb Code     0  libshutdown.o(.ARM.Collect$$libshutdown$$00000000)
    __rt_lib_shutdown_cpp_1                  0x00000149   Thumb Code     0  libshutdown2.o(.ARM.Collect$$libshutdown$$00000002)
    __rt_lib_shutdown_fp_trap_1              0x00000149   Thumb Code     0  libshutdown2.o(.ARM.Collect$$libshutdown$$00000007)
    __rt_lib_shutdown_heap_1                 0x00000149   Thumb Code     0  libshutdown2.o(.ARM.Collect$$libshutdown$$0000000F)
    __rt_lib_shutdown_return                 0x00000149   Thumb Code     0  libshutdown2.o(.ARM.Collect$$libshutdown$$00000010)
    __rt_lib_shutdown_signal_1               0x00000149   Thumb Code     0  libshutdown2.o(.ARM.Collect$$libshutdown$$0000000A)
    __rt_lib_shutdown_stdio_1                0x00000149   Thumb Code     0  libshutdown2.o(.ARM.Collect$$libshutdown$$00000004)
    __rt_lib_shutdown_user_alloc_1           0x00000149   Thumb Code     0  libshutdown2.o(.ARM.Collect$$libshutdown$$0000000C)
    __rt_entry                               0x0000014b   Thumb Code     0  __rtentry.o(.ARM.Collect$$rtentry$$00000000)
    __rt_entry_presh_1                       0x0000014b   Thumb Code     0  __rtentry2.o(.ARM.Collect$$rtentry$$00000002)
    __rt_entry_sh                            0x0000014b   Thumb Code     0  __rtentry4.o(.ARM.Collect$$rtentry$$00000004)
    __rt_entry_li                            0x00000151   Thumb Code     0  __rtentry2.o(.ARM.Collect$$rtentry$$0000000A)
    __rt_entry_postsh_1                      0x00000151   Thumb Code     0  __rtentry2.o(.ARM.Collect$$rtentry$$00000009)
    __rt_entry_main                          0x00000155   Thumb Code     0  __rtentry2.o(.ARM.Collect$$rtentry$$0000000D)
    __rt_entry_postli_1                      0x00000155   Thumb Code     0  __rtentry2.o(.ARM.Collect$$rtentry$$0000000C)
    __rt_exit                                0x0000015d   Thumb Code     0  rtexit.o(.ARM.Collect$$rtexit$$00000000)
    __rt_exit_ls                             0x0000015f   Thumb Code     0  rtexit2.o(.ARM.Collect$$rtexit$$00000003)
    __rt_exit_prels_1                        0x0000015f   Thumb Code     0  rtexit2.o(.ARM.Collect$$rtexit$$00000002)
    __rt_exit_exit                           0x00000163   Thumb Code     0  rtexit2.o(.ARM.Collect$$rtexit$$00000004)
    __asm___6_port_c_39a90d8d__prvPortStartFirstTask 0x00000169   Thumb Code    36  port.o(.emb_text)
    ulSetInterruptMaskFromISR                0x00000191   Thumb Code     8  port.o(.emb_text)
    vClearInterruptMaskFromISR               0x00000199   Thumb Code     6  port.o(.emb_text)
    PendSV_Handler                           0x0000019f   Thumb Code    62  port.o(.emb_text)
    __aeabi_memcpy4                          0x000001e1   Thumb Code    56  rt_memcpy.o(.emb_text)
    __aeabi_memcpy8                          0x000001e1   Thumb Code     0  rt_memcpy.o(.emb_text)
    Reset_Handler                            0x00000219   Thumb Code     8  startup_fm33lc0xx.o(.text)
    NMI_Handler                              0x00000221   Thumb Code     2  startup_fm33lc0xx.o(.text)
    HardFault_Handler                        0x00000223   Thumb Code     2  startup_fm33lc0xx.o(.text)
    ADC_IRQHandler                           0x0000022b   Thumb Code     0  startup_fm33lc0xx.o(.text)
    AES_IRQHandler                           0x0000022b   Thumb Code     0  startup_fm33lc0xx.o(.text)
    ATIM_IRQHandler                          0x0000022b   Thumb Code     0  startup_fm33lc0xx.o(.text)
    COMPx_IRQHandler                         0x0000022b   Thumb Code     0  startup_fm33lc0xx.o(.text)
    DMA_IRQHandler                           0x0000022b   Thumb Code     0  startup_fm33lc0xx.o(.text)
    FLASH_IRQHandler                         0x0000022b   Thumb Code     0  startup_fm33lc0xx.o(.text)
    GPIO_IRQHandler                          0x0000022b   Thumb Code     0  startup_fm33lc0xx.o(.text)
    GPTIM0_IRQHandler                        0x0000022b   Thumb Code     0  startup_fm33lc0xx.o(.text)
    GPTIM1_IRQHandler                        0x0000022b   Thumb Code     0  startup_fm33lc0xx.o(.text)
    HFDET_IRQHandler                         0x0000022b   Thumb Code     0  startup_fm33lc0xx.o(.text)
    I2C_IRQHandler                           0x0000022b   Thumb Code     0  startup_fm33lc0xx.o(.text)
    IWDT_IRQHandler                          0x0000022b   Thumb Code     0  startup_fm33lc0xx.o(.text)
    LCD_IRQHandler                           0x0000022b   Thumb Code     0  startup_fm33lc0xx.o(.text)
    LPUART0_IRQHandler                       0x0000022b   Thumb Code     0  startup_fm33lc0xx.o(.text)
    LPUART1_IRQHandler                       0x0000022b   Thumb Code     0  startup_fm33lc0xx.o(.text)
    OPAx_IRQHandler                          0x0000022b   Thumb Code     0  startup_fm33lc0xx.o(.text)
    SPI1_IRQHandler                          0x0000022b   Thumb Code     0  startup_fm33lc0xx.o(.text)
    SPI2_IRQHandler                          0x0000022b   Thumb Code     0  startup_fm33lc0xx.o(.text)
    SVD_IRQHandler                           0x0000022b   Thumb Code     0  startup_fm33lc0xx.o(.text)
    U7816_IRQHandler                         0x0000022b   Thumb Code     0  startup_fm33lc0xx.o(.text)
    UART0_IRQHandler                         0x0000022b   Thumb Code     0  startup_fm33lc0xx.o(.text)
    UART1_IRQHandler                         0x0000022b   Thumb Code     0  startup_fm33lc0xx.o(.text)
    UART4_IRQHandler                         0x0000022b   Thumb Code     0  startup_fm33lc0xx.o(.text)
    UART5_IRQHandler                         0x0000022b   Thumb Code     0  startup_fm33lc0xx.o(.text)
    USB_IRQHandler                           0x0000022b   Thumb Code     0  startup_fm33lc0xx.o(.text)
    VREF_IRQHandler                          0x0000022b   Thumb Code     0  startup_fm33lc0xx.o(.text)
    WKUP_IRQHandler                          0x0000022b   Thumb Code     0  startup_fm33lc0xx.o(.text)
    WWDT_IRQHandler                          0x0000022b   Thumb Code     0  startup_fm33lc0xx.o(.text)
    __user_initial_stackheap                 0x0000022d   Thumb Code     0  startup_fm33lc0xx.o(.text)
    __aeabi_lmul                             0x00000251   Thumb Code    48  llmul.o(.text)
    _ll_mul                                  0x00000251   Thumb Code     0  llmul.o(.text)
    __aeabi_uldivmod                         0x00000281   Thumb Code   258  lludiv.o(.text)
    _ll_udiv                                 0x00000281   Thumb Code     0  lludiv.o(.text)
    __2sprintf                               0x00000385   Thumb Code    36  noretval__2sprintf.o(.text)
    _printf_pre_padding                      0x000003ad   Thumb Code    44  _printf_pad.o(.text)
    _printf_post_padding                     0x000003d9   Thumb Code    34  _printf_pad.o(.text)
    _printf_int_hex                          0x000003fd   Thumb Code    84  _printf_hex_int.o(.text)
    _printf_longlong_hex                     0x000003fd   Thumb Code     0  _printf_hex_int.o(.text)
    __printf                                 0x00000455   Thumb Code   386  __printf_flags_ss_wp.o(.text)
    __0sscanf                                0x000005dd   Thumb Code    54  __0sscanf.o(.text)
    _scanf_int                               0x0000061d   Thumb Code   330  _scanf_int.o(.text)
    strlen                                   0x00000769   Thumb Code    62  strlen.o(.text)
    _memset_w                                0x000007ad   Thumb Code    26  rt_memclr.o(.text)
    _memset                                  0x000007c7   Thumb Code    30  rt_memclr.o(.text)
    __aeabi_memclr                           0x000007e5   Thumb Code     4  rt_memclr.o(.text)
    __rt_memclr                              0x000007e5   Thumb Code     0  rt_memclr.o(.text)
    __aeabi_memclr4                          0x000007e9   Thumb Code     0  rt_memclr.o(.text)
    __aeabi_memclr8                          0x000007e9   Thumb Code     0  rt_memclr.o(.text)
    __rt_memclr_w                            0x000007e9   Thumb Code     4  rt_memclr.o(.text)
    __aeabi_uidiv                            0x000007ed   Thumb Code     0  aeabi_sdiv.o(.text)
    __aeabi_uidivmod                         0x000007ed   Thumb Code    20  aeabi_sdiv.o(.text)
    __aeabi_idiv                             0x00000801   Thumb Code     0  aeabi_sdiv.o(.text)
    __aeabi_idivmod                          0x00000801   Thumb Code   326  aeabi_sdiv.o(.text)
    __use_two_region_memory                  0x00000947   Thumb Code     2  heapauxi.o(.text)
    __rt_heap_escrow$2region                 0x00000949   Thumb Code     2  heapauxi.o(.text)
    __rt_heap_expand$2region                 0x0000094b   Thumb Code     2  heapauxi.o(.text)
    __aeabi_fdiv                             0x0000094d   Thumb Code     0  fdiv.o(.text)
    _fdiv                                    0x0000094d   Thumb Code   334  fdiv.o(.text)
    _frdiv                                   0x00000a9b   Thumb Code     8  fdiv.o(.text)
    __aeabi_i2f_normalise                    0x00000aad   Thumb Code    72  fflti.o(.text)
    __aeabi_i2f                              0x00000af5   Thumb Code    16  fflti.o(.text)
    _fflt                                    0x00000af5   Thumb Code     0  fflti.o(.text)
    __aeabi_ui2f                             0x00000b05   Thumb Code     6  fflti.o(.text)
    _ffltu                                   0x00000b05   Thumb Code     0  fflti.o(.text)
    _printf_int_common                       0x00000b0b   Thumb Code   176  _printf_intcommon.o(.text)
    _printf_char_common                      0x00000bc7   Thumb Code    32  _printf_char_common.o(.text)
    _sputc                                   0x00000bed   Thumb Code    10  _sputc.o(.text)
    _chval                                   0x00000bf7   Thumb Code    30  _chval.o(.text)
    __vfscanf_char                           0x00000c21   Thumb Code    28  scanf_char.o(.text)
    _sgetc                                   0x00000c45   Thumb Code    32  _sgetc.o(.text)
    _sbackspace                              0x00000c65   Thumb Code    36  _sgetc.o(.text)
    __rt_locale                              0x00000c89   Thumb Code     8  rt_locale_intlibspace.o(.text)
    isspace                                  0x00000c91   Thumb Code    18  isspace.o(.text)
    __vfscanf                                0x00000ca5   Thumb Code   880  _scanf.o(.text)
    __user_libspace                          0x00001025   Thumb Code     8  libspace.o(.text)
    __user_perproc_libspace                  0x00001025   Thumb Code     0  libspace.o(.text)
    __user_perthread_libspace                0x00001025   Thumb Code     0  libspace.o(.text)
    __user_setup_stackheap                   0x0000102d   Thumb Code    62  sys_stackheap_outer.o(.text)
    __rt_ctype_table                         0x0000106d   Thumb Code    16  rt_ctype_table.o(.text)
    exit                                     0x0000107d   Thumb Code    16  exit.o(.text)
    strcmp                                   0x0000108d   Thumb Code   132  strcmp.o(.text)
    _sys_exit                                0x00001115   Thumb Code     8  sys_exit.o(.text)
    __I$use$semihosting                      0x00001121   Thumb Code     0  use_no_semi.o(.text)
    __use_no_semihosting_swi                 0x00001121   Thumb Code     2  use_no_semi.o(.text)
    __decompress                             0x00001123   Thumb Code     0  __dczerorl2.o(.text)
    __decompress1                            0x00001123   Thumb Code    86  __dczerorl2.o(.text)
    __semihosting_library_function           0x00001123   Thumb Code     0  indicate_semi.o(.text)
    AT24CXXLoader_Init                       0x00001179   Thumb Code    72  at24cxxdataloader.o(i.AT24CXXLoader_Init)
    BSTIM_IRQHandler                         0x000011cd   Thumb Code    38  bstim.o(i.BSTIM_IRQHandler)
    CheckMeterNum                            0x000011f9   Thumb Code     2  define.o(i.CheckMeterNum)
    Check_Date_ByHEX                         0x000011fd   Thumb Code   268  rtc.o(i.Check_Date_ByHEX)
    Check_Time_ByHEX                         0x00001315   Thumb Code    92  rtc.o(i.Check_Time_ByHEX)
    Config_Init_XTHF_And_XTLF                0x00001371   Thumb Code     8  check_xthf_or_xtlf.o(i.Config_Init_XTHF_And_XTLF)
    CountRTCTask                             0x00001379   Thumb Code   122  rtc_settime.o(i.CountRTCTask)
    CountSetTimeTask                         0x000013f9   Thumb Code   122  settime.o(i.CountSetTimeTask)
    Device_Init                              0x00001479   Thumb Code    22  define.o(i.Device_Init)
    EEprom_AT24C0XXData_Write                0x00001495   Thumb Code    24  at24c02.o(i.EEprom_AT24C0XXData_Write)
    EEprom_AT24CXX_Parameter_Init            0x000014b1   Thumb Code   100  at24c02.o(i.EEprom_AT24CXX_Parameter_Init)
    EEprom_Byte1Read                         0x00001519   Thumb Code   102  at24c02.o(i.EEprom_Byte1Read)
    EEprom_Byte1Read_No_Check                0x00001585   Thumb Code   112  at24c02.o(i.EEprom_Byte1Read_No_Check)
    EEprom_Byte1Write                        0x000015f5   Thumb Code    60  at24c02.o(i.EEprom_Byte1Write)
    EEprom_Byte1Write_No_Check               0x00001635   Thumb Code    80  at24c02.o(i.EEprom_Byte1Write_No_Check)
    EEprom_Write_Start                       0x000016ed   Thumb Code    42  at24c02.o(i.EEprom_Write_Start)
    FL_DelayInit                             0x00001765   Thumb Code    26  fm33lc0xx_fl.o(i.FL_DelayInit)
    FL_DelayMs                               0x00001785   Thumb Code    24  fm33lc0xx_fl.o(i.FL_DelayMs)
    FL_DelayUs                               0x0000179d   Thumb Code    56  fm33lc0xx_fl.o(i.FL_DelayUs)
    FL_GPIO_Init                             0x0000183d   Thumb Code   418  fm33lc0xx_fl_gpio.o(i.FL_GPIO_Init)
    FL_Init                                  0x00001a13   Thumb Code     8  fm33lc0xx_fl.o(i.FL_Init)
    FL_NVIC_Init                             0x00001a1d   Thumb Code    68  fm33lc0xx_fl.o(i.FL_NVIC_Init)
    FL_RTC_ConfigTime                        0x00001a91   Thumb Code   120  fm33lc0xx_fl_rtc.o(i.FL_RTC_ConfigTime)
    FL_RTC_GetTime                           0x00001b11   Thumb Code    74  fm33lc0xx_fl_rtc.o(i.FL_RTC_GetTime)
    FL_RTC_Init                              0x00001b5d   Thumb Code    56  fm33lc0xx_fl_rtc.o(i.FL_RTC_Init)
    GetBatVoltage                            0x00001c6d   Thumb Code   126  adc.o(i.GetBatVoltage)
    GetSingleChannelVoltage_POLL             0x00001d75   Thumb Code   114  adc.o(i.GetSingleChannelVoltage_POLL)
    GetTempVoltage                           0x00001df5   Thumb Code   130  adc.o(i.GetTempVoltage)
    Get_Temper_value                         0x00001e81   Thumb Code    56  adc.o(i.Get_Temper_value)
    IIC_Check_Ack                            0x00001ec1   Thumb Code    70  at24c02.o(i.IIC_Check_Ack)
    IIC_RevByte                              0x00001f0d   Thumb Code   102  at24c02.o(i.IIC_RevByte)
    IIC_SendByte                             0x00001f79   Thumb Code   100  at24c02.o(i.IIC_SendByte)
    IIC_SendNoAck                            0x00001fe1   Thumb Code    66  at24c02.o(i.IIC_SendNoAck)
    IIC_Start                                0x00002029   Thumb Code    78  at24c02.o(i.IIC_Start)
    IIC_Stop                                 0x0000207d   Thumb Code    66  at24c02.o(i.IIC_Stop)
    LFDET_IRQHandler                         0x000020c5   Thumb Code    56  check_xthf_or_xtlf.o(i.LFDET_IRQHandler)
    LPCountSetTimeTask                       0x0000210d   Thumb Code   122  settime.o(i.LPCountSetTimeTask)
    LPTIM_IRQHandler                         0x0000218d   Thumb Code    46  lptim32.o(i.LPTIM_IRQHandler)
    MF_Clock_Init                            0x000021c9   Thumb Code     2  mf_config.o(i.MF_Clock_Init)
    MF_Config_Init                           0x000021cb   Thumb Code    18  mf_config.o(i.MF_Config_Init)
    MF_GPIO_Init                             0x000021dd   Thumb Code    36  mf_config.o(i.MF_GPIO_Init)
    MF_RTC_1S_Init                           0x00002205   Thumb Code    44  rtc.o(i.MF_RTC_1S_Init)
    MeasureAll                               0x0000223d   Thumb Code    12  measuretask.o(i.MeasureAll)
    MeasureForworld                          0x00002249   Thumb Code    52  measuretask.o(i.MeasureForworld)
    New_Str_Obj                              0x000022fd   Thumb Code    42  strlib.o(i.New_Str_Obj)
    RTC_IRQHandler                           0x00002385   Thumb Code   136  rtc.o(i.RTC_IRQHandler)
    RTC_IRQ_Second                           0x0000241d   Thumb Code    46  rtc.o(i.RTC_IRQ_Second)
    RTC_SetRTC                               0x00002455   Thumb Code    74  rtc.o(i.RTC_SetRTC)
    ReadEEprom                               0x000024a9   Thumb Code    54  readeepromtask.o(i.ReadEEprom)
    SVC_Handler                              0x000024e9   Thumb Code     2  port.o(i.SVC_Handler)
    SendDataByUart                           0x000024ed   Thumb Code    16  senddatatask.o(i.SendDataByUart)
    SendDataForLoar                          0x00002501   Thumb Code    76  senddatatask.o(i.SendDataForLoar)
    StartOPenDevMode                         0x00002559   Thumb Code     8  define.o(i.StartOPenDevMode)
    SysTick_Handler                          0x00002561   Thumb Code    32  port.o(i.SysTick_Handler)
    SystemCoreClockUpdate                    0x00002585   Thumb Code   348  system_fm33lc0xx.o(i.SystemCoreClockUpdate)
    SystemInit                               0x00002715   Thumb Code   270  system_fm33lc0xx.o(i.SystemInit)
    Test_BatVoltge                           0x000028fd   Thumb Code    20  adc.o(i.Test_BatVoltge)
    Test_InsideT                             0x00002915   Thumb Code   150  adc.o(i.Test_InsideT)
    XTLF_Config_Init                         0x000029c1   Thumb Code    32  check_xthf_or_xtlf.o(i.XTLF_Config_Init)
    _EC20_ReBoot_In_RTC_By_1Second           0x000029e5   Thumb Code     8  rtc.o(i._EC20_ReBoot_In_RTC_By_1Second)
    _RTC_ReBoot_Check                        0x00002b29   Thumb Code    68  rtc.o(i._RTC_ReBoot_Check)
    __ARM_common_ll_muluu                    0x00002bad   Thumb Code    48  adc.o(i.__ARM_common_ll_muluu)
    __ARM_common_switch8                     0x00002bdd   Thumb Code    28  tasks.o(i.__ARM_common_switch8)
    _getStrlen                               0x00002bf9   Thumb Code    24  strlib.o(i._getStrlen)
    _is_digit                                0x00002c11   Thumb Code    14  __printf_wp.o(i._is_digit)
    _strnewInit                              0x00002c21   Thumb Code     8  strlib.o(i._strnewInit)
    anyBaseToAnyBase                         0x00002c2d   Thumb Code   298  numberbaselib.o(i.anyBaseToAnyBase)
    checkTimeFrom                            0x00002d57   Thumb Code    74  at24cxxdataloader.o(i.checkTimeFrom)
    getDayOfWeek                             0x00002e59   Thumb Code   206  rtc.o(i.getDayOfWeek)
    getStrNowDataAndTimeByRTC                0x00002f29   Thumb Code    40  rtc.o(i.getStrNowDataAndTimeByRTC)
    getStrUserTime                           0x00002f59   Thumb Code    42  rtc.o(i.getStrUserTime)
    main                                     0x00002fa5   Thumb Code   132  main.o(i.main)
    pvPortMalloc                             0x000033d5   Thumb Code   190  heap_4.o(i.pvPortMalloc)
    pxPortInitialiseStack                    0x000034a9   Thumb Code    26  port.o(i.pxPortInitialiseStack)
    setNetArgumentInit                       0x000034c9   Thumb Code    10  at24cxxdataloader.o(i.setNetArgumentInit)
    setRtcDate                               0x000034d9   Thumb Code   180  rtc.o(i.setRtcDate)
    startMeasureForworld                     0x000035a9   Thumb Code     2  measuretask.o(i.startMeasureForworld)
    startReadEEprom                          0x000035ab   Thumb Code     2  readeepromtask.o(i.startReadEEprom)
    startSendDataForLoar                     0x000035ad   Thumb Code     2  senddatatask.o(i.startSendDataForLoar)
    uxListRemove                             0x000035af   Thumb Code    40  list.o(i.uxListRemove)
    vListInitialise                          0x000035d7   Thumb Code    26  list.o(i.vListInitialise)
    vListInitialiseItem                      0x000035f1   Thumb Code     6  list.o(i.vListInitialiseItem)
    vListInsertEnd                           0x000035f7   Thumb Code    24  list.o(i.vListInsertEnd)
    vPortEnterCritical                       0x00003611   Thumb Code    22  port.o(i.vPortEnterCritical)
    vPortExitCritical                        0x0000362d   Thumb Code    22  port.o(i.vPortExitCritical)
    vPortFree                                0x00003649   Thumb Code    70  heap_4.o(i.vPortFree)
    vPortYield                               0x00003699   Thumb Code    18  port.o(i.vPortYield)
    vTaskStartScheduler                      0x000036b1   Thumb Code    56  tasks.o(i.vTaskStartScheduler)
    vTaskSuspendAll                          0x00003705   Thumb Code    12  tasks.o(i.vTaskSuspendAll)
    vTaskSwitchContext                       0x00003715   Thumb Code    98  tasks.o(i.vTaskSwitchContext)
    xPortStartScheduler                      0x0000378d   Thumb Code    48  port.o(i.xPortStartScheduler)
    xQueueGenericCreate                      0x000037c5   Thumb Code    60  queue.o(i.xQueueGenericCreate)
    xQueueGenericReset                       0x00003801   Thumb Code   120  queue.o(i.xQueueGenericReset)
    xTaskCreate                              0x00003879   Thumb Code    92  tasks.o(i.xTaskCreate)
    xTaskIncrementTick                       0x000038d5   Thumb Code   242  tasks.o(i.xTaskIncrementTick)
    xTaskRemoveFromEventList                 0x000039f5   Thumb Code   102  tasks.o(i.xTaskRemoveFromEventList)
    xTaskResumeAll                           0x00003a75   Thumb Code   192  tasks.o(i.xTaskResumeAll)
    _get_lc_ctype                            0x00003b55   Thumb Code    44  lc_ctype_c.o(locale$$code)
    __aeabi_fadd                             0x00003b81   Thumb Code     0  faddsub.o(x$fpl$fadd)
    _fadd                                    0x00003b81   Thumb Code   134  faddsub.o(x$fpl$fadd)
    __aeabi_frsub                            0x00003c0d   Thumb Code     0  faddsub.o(x$fpl$frsb)
    _frsb                                    0x00003c0d   Thumb Code    24  faddsub.o(x$fpl$frsb)
    __aeabi_fsub                             0x00003c25   Thumb Code     0  faddsub.o(x$fpl$fsub)
    _fsub                                    0x00003c25   Thumb Code   204  faddsub.o(x$fpl$fsub)
    InsideT_TABLE                            0x00003cf4   Data         560  adc.o(.constdata)
    __I$use$fp                               0x00003cf4   Number         0  usenofp.o(x$fpl$usenofp)
    Region$$Table$$Base                      0x00003fa0   Number         0  anon$$obj.o(Region$$Table)
    Region$$Table$$Limit                     0x00003fc0   Number         0  anon$$obj.o(Region$$Table)
    __ctype                                  0x00003fcd   Data           0  lc_ctype_c.o(locale$$data)
    pxCurrentTCB                             0x2000001c   Data           4  tasks.o(.data)
    XTLFClock                                0x20000058   Data           4  system_fm33lc0xx.o(.data)
    XTHFClock                                0x2000005c   Data           4  system_fm33lc0xx.o(.data)
    SystemCoreClock                          0x20000060   Data           4  system_fm33lc0xx.o(.data)
    _AT24CXX_Manager_NET                     0x20000064   Data           4  at24cxxdataloader.o(.data)
    XTClock_CheckTask                        0x20000068   Data           8  check_xthf_or_xtlf.o(.data)
    RTC_TASK                                 0x20000070   Data         176  rtc_settime.o(.data)
    SetTime                                  0x20000120   Data         112  settime.o(.data)
    SetLPTime                                0x20000190   Data         208  settime.o(.data)
    HY_FLAG                                  0x20000260   Data           4  at24c02.o(.data)
    AT24CXX_Manager                          0x20000264   Data          36  at24c02.o(.data)
    Now_NetDevParameter                      0x20000288   Data           4  at24c02.o(.data)
    EEprom_Err_Flage                         0x2000028c   Data           1  at24c02.o(.data)
    UART_BAND                                0x20000290   Data           4  define.o(.data)
    Now_DEV_Volt                             0x20000294   Data           4  define.o(.data)
    Now_TemperOrPress                        0x20000298   Data           4  define.o(.data)
    MENU_Id                                  0x2000029c   Data           4  define.o(.data)
    gpioSemaphore                            0x200002a0   Data           4  main.o(.data)
    _RTC_Date                                0x200002a4   Data           4  rtc.o(.data)
    Reboot                                   0x200002ac   Data          16  rtc.o(.data)
    LPUART0Ddata                             0x20004784   Data         518  define.o(.bss)
    LPUART1Ddata                             0x2000498a   Data         518  define.o(.bss)
    __libspace_start                         0x20004b90   Data          96  libspace.o(.bss)
    __temporary_stack_top$libspace           0x20004bf0   Data           0  libspace.o(.bss)



==============================================================================

Memory Map of the image

  Image Entry point : 0x000000c1

  Load Region LR_IROM1 (Base: 0x00000000, Size: 0x0000438c, Max: 0x00020000, ABSOLUTE, COMPRESSED[0x00004114])

    Execution Region ER_IROM1 (Base: 0x00000000, Size: 0x000040d0, Max: 0x00020000, ABSOLUTE)

    Base Addr    Size         Type   Attr      Idx    E Section Name        Object

    0x00000000   0x000000c0   Data   RO         2677    RESET               startup_fm33lc0xx.o
    0x000000c0   0x00000008   Code   RO         4081  * !!!main             c_p.l(__main.o)
    0x000000c8   0x0000003c   Code   RO         4432    !!!scatter          c_p.l(__scatter.o)
    0x00000104   0x0000001c   Code   RO         4434    !!handler_zi        c_p.l(__scatter_zi.o)
    0x00000120   0x00000002   Code   RO         4058    .ARM.Collect$$_printf_percent$$00000000  c_p.l(_printf_percent.o)
    0x00000122   0x0000000a   Code   RO         4053    .ARM.Collect$$_printf_percent$$0000000C  c_p.l(_printf_x.o)
    0x0000012c   0x00000004   Code   RO         4145    .ARM.Collect$$_printf_percent$$00000017  c_p.l(_printf_percent_end.o)
    0x00000130   0x00000002   Code   RO         4237    .ARM.Collect$$libinit$$00000000  c_p.l(libinit.o)
    0x00000132   0x00000000   Code   RO         4239    .ARM.Collect$$libinit$$00000002  c_p.l(libinit2.o)
    0x00000132   0x00000000   Code   RO         4241    .ARM.Collect$$libinit$$00000004  c_p.l(libinit2.o)
    0x00000132   0x00000000   Code   RO         4244    .ARM.Collect$$libinit$$0000000A  c_p.l(libinit2.o)
    0x00000132   0x00000000   Code   RO         4246    .ARM.Collect$$libinit$$0000000C  c_p.l(libinit2.o)
    0x00000132   0x00000000   Code   RO         4248    .ARM.Collect$$libinit$$0000000E  c_p.l(libinit2.o)
    0x00000132   0x00000006   Code   RO         4249    .ARM.Collect$$libinit$$0000000F  c_p.l(libinit2.o)
    0x00000138   0x00000000   Code   RO         4251    .ARM.Collect$$libinit$$00000011  c_p.l(libinit2.o)
    0x00000138   0x0000000c   Code   RO         4252    .ARM.Collect$$libinit$$00000012  c_p.l(libinit2.o)
    0x00000144   0x00000000   Code   RO         4253    .ARM.Collect$$libinit$$00000013  c_p.l(libinit2.o)
    0x00000144   0x00000000   Code   RO         4255    .ARM.Collect$$libinit$$00000015  c_p.l(libinit2.o)
    0x00000144   0x00000000   Code   RO         4257    .ARM.Collect$$libinit$$00000017  c_p.l(libinit2.o)
    0x00000144   0x00000000   Code   RO         4259    .ARM.Collect$$libinit$$00000019  c_p.l(libinit2.o)
    0x00000144   0x00000000   Code   RO         4261    .ARM.Collect$$libinit$$0000001B  c_p.l(libinit2.o)
    0x00000144   0x00000000   Code   RO         4263    .ARM.Collect$$libinit$$0000001D  c_p.l(libinit2.o)
    0x00000144   0x00000000   Code   RO         4265    .ARM.Collect$$libinit$$0000001F  c_p.l(libinit2.o)
    0x00000144   0x00000000   Code   RO         4267    .ARM.Collect$$libinit$$00000021  c_p.l(libinit2.o)
    0x00000144   0x00000000   Code   RO         4269    .ARM.Collect$$libinit$$00000023  c_p.l(libinit2.o)
    0x00000144   0x00000000   Code   RO         4271    .ARM.Collect$$libinit$$00000025  c_p.l(libinit2.o)
    0x00000144   0x00000000   Code   RO         4275    .ARM.Collect$$libinit$$0000002C  c_p.l(libinit2.o)
    0x00000144   0x00000000   Code   RO         4277    .ARM.Collect$$libinit$$0000002E  c_p.l(libinit2.o)
    0x00000144   0x00000000   Code   RO         4279    .ARM.Collect$$libinit$$00000030  c_p.l(libinit2.o)
    0x00000144   0x00000000   Code   RO         4281    .ARM.Collect$$libinit$$00000032  c_p.l(libinit2.o)
    0x00000144   0x00000002   Code   RO         4282    .ARM.Collect$$libinit$$00000033  c_p.l(libinit2.o)
    0x00000146   0x00000002   Code   RO         4362    .ARM.Collect$$libshutdown$$00000000  c_p.l(libshutdown.o)
    0x00000148   0x00000000   Code   RO         4396    .ARM.Collect$$libshutdown$$00000002  c_p.l(libshutdown2.o)
    0x00000148   0x00000000   Code   RO         4398    .ARM.Collect$$libshutdown$$00000004  c_p.l(libshutdown2.o)
    0x00000148   0x00000000   Code   RO         4401    .ARM.Collect$$libshutdown$$00000007  c_p.l(libshutdown2.o)
    0x00000148   0x00000000   Code   RO         4404    .ARM.Collect$$libshutdown$$0000000A  c_p.l(libshutdown2.o)
    0x00000148   0x00000000   Code   RO         4406    .ARM.Collect$$libshutdown$$0000000C  c_p.l(libshutdown2.o)
    0x00000148   0x00000000   Code   RO         4409    .ARM.Collect$$libshutdown$$0000000F  c_p.l(libshutdown2.o)
    0x00000148   0x00000002   Code   RO         4410    .ARM.Collect$$libshutdown$$00000010  c_p.l(libshutdown2.o)
    0x0000014a   0x00000000   Code   RO         4123    .ARM.Collect$$rtentry$$00000000  c_p.l(__rtentry.o)
    0x0000014a   0x00000000   Code   RO         4158    .ARM.Collect$$rtentry$$00000002  c_p.l(__rtentry2.o)
    0x0000014a   0x00000006   Code   RO         4170    .ARM.Collect$$rtentry$$00000004  c_p.l(__rtentry4.o)
    0x00000150   0x00000000   Code   RO         4160    .ARM.Collect$$rtentry$$00000009  c_p.l(__rtentry2.o)
    0x00000150   0x00000004   Code   RO         4161    .ARM.Collect$$rtentry$$0000000A  c_p.l(__rtentry2.o)
    0x00000154   0x00000000   Code   RO         4163    .ARM.Collect$$rtentry$$0000000C  c_p.l(__rtentry2.o)
    0x00000154   0x00000008   Code   RO         4164    .ARM.Collect$$rtentry$$0000000D  c_p.l(__rtentry2.o)
    0x0000015c   0x00000002   Code   RO         4286    .ARM.Collect$$rtexit$$00000000  c_p.l(rtexit.o)
    0x0000015e   0x00000000   Code   RO         4319    .ARM.Collect$$rtexit$$00000002  c_p.l(rtexit2.o)
    0x0000015e   0x00000004   Code   RO         4320    .ARM.Collect$$rtexit$$00000003  c_p.l(rtexit2.o)
    0x00000162   0x00000006   Code   RO         4321    .ARM.Collect$$rtexit$$00000004  c_p.l(rtexit2.o)
    0x00000168   0x00000078   Code   RO          103    .emb_text           port.o
    0x000001e0   0x00000038   Code   RO         4069    .emb_text           c_p.l(rt_memcpy.o)
    0x00000218   0x00000038   Code   RO         2678    .text               startup_fm33lc0xx.o
    0x00000250   0x00000030   Code   RO         4000    .text               c_p.l(llmul.o)
    0x00000280   0x00000102   Code   RO         4002    .text               c_p.l(lludiv.o)
    0x00000382   0x00000002   PAD
    0x00000384   0x00000028   Code   RO         4006    .text               c_p.l(noretval__2sprintf.o)
    0x000003ac   0x0000004e   Code   RO         4010    .text               c_p.l(_printf_pad.o)
    0x000003fa   0x00000002   PAD
    0x000003fc   0x00000058   Code   RO         4015    .text               c_p.l(_printf_hex_int.o)
    0x00000454   0x00000188   Code   RO         4050    .text               c_p.l(__printf_flags_ss_wp.o)
    0x000005dc   0x00000040   Code   RO         4059    .text               c_p.l(__0sscanf.o)
    0x0000061c   0x0000014a   Code   RO         4061    .text               c_p.l(_scanf_int.o)
    0x00000766   0x00000002   PAD
    0x00000768   0x00000044   Code   RO         4067    .text               c_p.l(strlen.o)
    0x000007ac   0x00000040   Code   RO         4073    .text               c_p.l(rt_memclr.o)
    0x000007ec   0x0000015a   Code   RO         4075    .text               c_p.l(aeabi_sdiv.o)
    0x00000946   0x00000006   Code   RO         4079    .text               c_p.l(heapauxi.o)
    0x0000094c   0x00000160   Code   RO         4104    .text               fz_ps.l(fdiv.o)
    0x00000aac   0x0000005e   Code   RO         4107    .text               fz_ps.l(fflti.o)
    0x00000b0a   0x000000b0   Code   RO         4134    .text               c_p.l(_printf_intcommon.o)
    0x00000bba   0x00000002   PAD
    0x00000bbc   0x00000030   Code   RO         4141    .text               c_p.l(_printf_char_common.o)
    0x00000bec   0x0000000a   Code   RO         4143    .text               c_p.l(_sputc.o)
    0x00000bf6   0x0000001e   Code   RO         4146    .text               c_p.l(_chval.o)
    0x00000c14   0x00000030   Code   RO         4148    .text               c_p.l(scanf_char.o)
    0x00000c44   0x00000044   Code   RO         4150    .text               c_p.l(_sgetc.o)
    0x00000c88   0x00000008   Code   RO         4177    .text               c_p.l(rt_locale_intlibspace.o)
    0x00000c90   0x00000012   Code   RO         4186    .text               c_p.l(isspace.o)
    0x00000ca2   0x00000002   PAD
    0x00000ca4   0x00000380   Code   RO         4192    .text               c_p.l(_scanf.o)
    0x00001024   0x00000008   Code   RO         4214    .text               c_p.l(libspace.o)
    0x0000102c   0x0000003e   Code   RO         4217    .text               c_p.l(sys_stackheap_outer.o)
    0x0000106a   0x00000002   PAD
    0x0000106c   0x00000010   Code   RO         4220    .text               c_p.l(rt_ctype_table.o)
    0x0000107c   0x00000010   Code   RO         4224    .text               c_p.l(exit.o)
    0x0000108c   0x00000088   Code   RO         4230    .text               c_p.l(strcmp.o)
    0x00001114   0x0000000c   Code   RO         4316    .text               c_p.l(sys_exit.o)
    0x00001120   0x00000002   Code   RO         4349    .text               c_p.l(use_no_semi.o)
    0x00001122   0x00000000   Code   RO         4351    .text               c_p.l(indicate_semi.o)
    0x00001122   0x00000056   Code   RO         4430    .text               c_p.l(__dczerorl2.o)
    0x00001178   0x00000054   Code   RO         2792    i.AT24CXXLoader_Init  at24cxxdataloader.o
    0x000011cc   0x0000002c   Code   RO         3588    i.BSTIM_IRQHandler  bstim.o
    0x000011f8   0x00000002   Code   RO         3632    i.CheckMeterNum     define.o
    0x000011fa   0x00000002   PAD
    0x000011fc   0x00000118   Code   RO         3810    i.Check_Date_ByHEX  rtc.o
    0x00001314   0x0000005c   Code   RO         3811    i.Check_Time_ByHEX  rtc.o
    0x00001370   0x00000008   Code   RO         2860    i.Config_Init_XTHF_And_XTLF  check_xthf_or_xtlf.o
    0x00001378   0x00000080   Code   RO         3091    i.CountRTCTask      rtc_settime.o
    0x000013f8   0x00000080   Code   RO         3127    i.CountSetTimeTask  settime.o
    0x00001478   0x0000001c   Code   RO         3633    i.Device_Init       define.o
    0x00001494   0x0000001c   Code   RO         3419    i.EEprom_AT24C0XXData_Write  at24c02.o
    0x000014b0   0x00000068   Code   RO         3420    i.EEprom_AT24CXX_Parameter_Init  at24c02.o
    0x00001518   0x0000006c   Code   RO         3421    i.EEprom_Byte1Read  at24c02.o
    0x00001584   0x00000070   Code   RO         3422    i.EEprom_Byte1Read_No_Check  at24c02.o
    0x000015f4   0x00000040   Code   RO         3423    i.EEprom_Byte1Write  at24c02.o
    0x00001634   0x00000050   Code   RO         3424    i.EEprom_Byte1Write_No_Check  at24c02.o
    0x00001684   0x00000030   Code   RO         3428    i.EEprom_SDA_SET_IN  at24c02.o
    0x000016b4   0x00000038   Code   RO         3429    i.EEprom_SDA_SET_OUT  at24c02.o
    0x000016ec   0x0000002a   Code   RO         3430    i.EEprom_Write_Start  at24c02.o
    0x00001716   0x00000006   Code   RO         3257    i.FL_ADC_ClearFlag_EndOfConversion  adc.o
    0x0000171c   0x0000000a   Code   RO         3258    i.FL_ADC_Disable    adc.o
    0x00001726   0x0000000c   Code   RO         3259    i.FL_ADC_DisableSequencerChannel  adc.o
    0x00001732   0x0000000a   Code   RO         3260    i.FL_ADC_Enable     adc.o
    0x0000173c   0x0000000a   Code   RO         3261    i.FL_ADC_EnableSWConversion  adc.o
    0x00001746   0x0000000c   Code   RO         3262    i.FL_ADC_EnableSequencerChannel  adc.o
    0x00001752   0x00000010   Code   RO         3263    i.FL_ADC_IsActiveFlag_EndOfConversion  adc.o
    0x00001762   0x00000002   PAD
    0x00001764   0x00000020   Code   RO          621    i.FL_DelayInit      fm33lc0xx_fl.o
    0x00001784   0x00000018   Code   RO          622    i.FL_DelayMs        fm33lc0xx_fl.o
    0x0000179c   0x00000044   Code   RO          624    i.FL_DelayUs        fm33lc0xx_fl.o
    0x000017e0   0x00000014   Code   RO         2861    i.FL_FDET_DisableIT_XTLFFail  check_xthf_or_xtlf.o
    0x000017f4   0x00000014   Code   RO         2862    i.FL_FDET_IsActiveFlag_XTLFFail  check_xthf_or_xtlf.o
    0x00001808   0x0000000a   Code   RO         1580    i.FL_GPIO_DisablePinAnalogSwitch  fm33lc0xx_fl_gpio.o
    0x00001812   0x0000000a   Code   RO         1581    i.FL_GPIO_DisablePinInput  fm33lc0xx_fl_gpio.o
    0x0000181c   0x0000000a   Code   RO         1582    i.FL_GPIO_DisablePinOpenDrain  fm33lc0xx_fl_gpio.o
    0x00001826   0x0000000a   Code   RO         1583    i.FL_GPIO_DisablePinPullup  fm33lc0xx_fl_gpio.o
    0x00001830   0x0000000a   Code   RO         1584    i.FL_GPIO_DisablePinRemap  fm33lc0xx_fl_gpio.o
    0x0000183a   0x00000002   PAD
    0x0000183c   0x000001b0   Code   RO         1586    i.FL_GPIO_Init      fm33lc0xx_fl_gpio.o
    0x000019ec   0x00000006   Code   RO         3431    i.FL_GPIO_ResetOutputPin  at24c02.o
    0x000019f2   0x00000006   Code   RO         3432    i.FL_GPIO_SetOutputPin  at24c02.o
    0x000019f8   0x0000001a   Code   RO         1587    i.FL_GPIO_SetPinMode  fm33lc0xx_fl_gpio.o
    0x00001a12   0x00000008   Code   RO          626    i.FL_Init           fm33lc0xx_fl.o
    0x00001a1a   0x00000002   PAD
    0x00001a1c   0x00000048   Code   RO          627    i.FL_NVIC_Init      fm33lc0xx_fl.o
    0x00001a64   0x00000018   Code   RO         3264    i.FL_RCC_SetADCPrescaler  adc.o
    0x00001a7c   0x00000014   Code   RO         2863    i.FL_RCC_SetLSCLKClockSource  check_xthf_or_xtlf.o
    0x00001a90   0x00000080   Code   RO         2273    i.FL_RTC_ConfigTime  fm33lc0xx_fl_rtc.o
    0x00001b10   0x0000004a   Code   RO         2275    i.FL_RTC_GetTime    fm33lc0xx_fl_rtc.o
    0x00001b5a   0x00000002   PAD
    0x00001b5c   0x00000040   Code   RO         2276    i.FL_RTC_Init       fm33lc0xx_fl_rtc.o
    0x00001b9c   0x0000000c   Code   RO         3265    i.FL_SVD_DisableADCMonitor  adc.o
    0x00001ba8   0x0000000c   Code   RO         3266    i.FL_SVD_EnableADCMonitor  adc.o
    0x00001bb4   0x0000000a   Code   RO         3267    i.FL_VREF_Disable   adc.o
    0x00001bbe   0x0000000a   Code   RO         3268    i.FL_VREF_Enable    adc.o
    0x00001bc8   0x000000a4   Code   RO         3269    i.GetAVREFSample_POLL  adc.o
    0x00001c6c   0x00000088   Code   RO         3270    i.GetBatVoltage     adc.o
    0x00001cf4   0x00000080   Code   RO         3271    i.GetSingleChannelSample_POLL  adc.o
    0x00001d74   0x00000080   Code   RO         3272    i.GetSingleChannelVoltage_POLL  adc.o
    0x00001df4   0x0000008c   Code   RO         3273    i.GetTempVoltage    adc.o
    0x00001e80   0x00000040   Code   RO         3274    i.Get_Temper_value  adc.o
    0x00001ec0   0x0000004c   Code   RO         3433    i.IIC_Check_Ack     at24c02.o
    0x00001f0c   0x0000006c   Code   RO         3434    i.IIC_RevByte       at24c02.o
    0x00001f78   0x00000068   Code   RO         3436    i.IIC_SendByte      at24c02.o
    0x00001fe0   0x00000048   Code   RO         3437    i.IIC_SendNoAck     at24c02.o
    0x00002028   0x00000054   Code   RO         3438    i.IIC_Start         at24c02.o
    0x0000207c   0x00000048   Code   RO         3439    i.IIC_Stop          at24c02.o
    0x000020c4   0x00000048   Code   RO         2864    i.LFDET_IRQHandler  check_xthf_or_xtlf.o
    0x0000210c   0x00000080   Code   RO         3128    i.LPCountSetTimeTask  settime.o
    0x0000218c   0x0000003c   Code   RO         3672    i.LPTIM_IRQHandler  lptim32.o
    0x000021c8   0x00000002   Code   RO         2685    i.MF_Clock_Init     mf_config.o
    0x000021ca   0x00000012   Code   RO         2686    i.MF_Config_Init    mf_config.o
    0x000021dc   0x00000028   Code   RO         2687    i.MF_GPIO_Init      mf_config.o
    0x00002204   0x00000038   Code   RO         3812    i.MF_RTC_1S_Init    rtc.o
    0x0000223c   0x0000000c   Code   RO         3752    i.MeasureAll        measuretask.o
    0x00002248   0x0000003c   Code   RO         3753    i.MeasureForworld   measuretask.o
    0x00002284   0x00000078   Code   RO          628    i.NVIC_SetPriority  fm33lc0xx_fl.o
    0x000022fc   0x0000002a   Code   RO         3178    i.New_Str_Obj       strlib.o
    0x00002326   0x00000002   PAD
    0x00002328   0x0000005c   Code   RO         3814    i.RTC_GetRTC        rtc.o
    0x00002384   0x00000098   Code   RO         3815    i.RTC_IRQHandler    rtc.o
    0x0000241c   0x00000038   Code   RO         3816    i.RTC_IRQ_Second    rtc.o
    0x00002454   0x00000054   Code   RO         3817    i.RTC_SetRTC        rtc.o
    0x000024a8   0x00000040   Code   RO         3784    i.ReadEEprom        readeepromtask.o
    0x000024e8   0x00000002   Code   RO          104    i.SVC_Handler       port.o
    0x000024ea   0x00000002   PAD
    0x000024ec   0x00000014   Code   RO         3964    i.SendDataByUart    senddatatask.o
    0x00002500   0x00000058   Code   RO         3965    i.SendDataForLoar   senddatatask.o
    0x00002558   0x00000008   Code   RO         3634    i.StartOPenDevMode  define.o
    0x00002560   0x00000024   Code   RO          105    i.SysTick_Handler   port.o
    0x00002584   0x00000190   Code   RO         2640    i.SystemCoreClockUpdate  system_fm33lc0xx.o
    0x00002714   0x00000124   Code   RO         2641    i.SystemInit        system_fm33lc0xx.o
    0x00002838   0x000000c4   Code   RO         2642    i.SystemPLLClockUpdate  system_fm33lc0xx.o
    0x000028fc   0x00000018   Code   RO         3275    i.Test_BatVoltge    adc.o
    0x00002914   0x000000ac   Code   RO         3276    i.Test_InsideT      adc.o
    0x000029c0   0x00000024   Code   RO         2865    i.XTLF_Config_Init  check_xthf_or_xtlf.o
    0x000029e4   0x00000008   Code   RO         3818    i._EC20_ReBoot_In_RTC_By_1Second  rtc.o
    0x000029ec   0x00000044   Code   RO         3092    i._InitRTCTask      rtc_settime.o
    0x00002a30   0x00000044   Code   RO         3129    i._InitSetTimeTask  settime.o
    0x00002a74   0x00000044   Code   RO         3130    i._LPInitSetTimeTask  settime.o
    0x00002ab8   0x00000038   Code   RO         3131    i._LPSetCloseTask   settime.o
    0x00002af0   0x00000038   Code   RO         3093    i._RTCCloseTask     rtc_settime.o
    0x00002b28   0x0000004c   Code   RO         3819    i._RTC_ReBoot_Check  rtc.o
    0x00002b74   0x00000038   Code   RO         3132    i._SetCloseTask     settime.o
    0x00002bac   0x00000030   Code   RO         3375    i.__ARM_common_ll_muluu  adc.o
    0x00002bdc   0x0000001c   Code   RO          601    i.__ARM_common_switch8  tasks.o
    0x00002bf8   0x00000018   Code   RO         3180    i._getStrlen        strlib.o
    0x00002c10   0x0000000e   Code   RO         4043    i._is_digit         c_p.l(__printf_wp.o)
    0x00002c1e   0x00000002   PAD
    0x00002c20   0x0000000c   Code   RO         3181    i._strnewInit       strlib.o
    0x00002c2c   0x0000012a   Code   RO         2944    i.anyBaseToAnyBase  numberbaselib.o
    0x00002d56   0x0000004a   Code   RO         2793    i.checkTimeFrom     at24cxxdataloader.o
    0x00002da0   0x000000b8   Code   RO         2866    i.check_XTClock_isOk  check_xthf_or_xtlf.o
    0x00002e58   0x000000ce   Code   RO         3821    i.getDayOfWeek      rtc.o
    0x00002f26   0x00000002   PAD
    0x00002f28   0x00000030   Code   RO         3823    i.getStrNowDataAndTimeByRTC  rtc.o
    0x00002f58   0x0000004c   Code   RO         3824    i.getStrUserTime    rtc.o
    0x00002fa4   0x000000b4   Code   RO         3707    i.main              main.o
    0x00003058   0x000000a4   Code   RO          347    i.prvAddNewTaskToReadyList  tasks.o
    0x000030fc   0x00000068   Code   RO          348    i.prvCheckTasksWaitingTermination  tasks.o
    0x00003164   0x00000012   Code   RO          349    i.prvDeleteTCB      tasks.o
    0x00003176   0x00000002   PAD
    0x00003178   0x0000007c   Code   RO           45    i.prvHeapInit       heap_4.o
    0x000031f4   0x00000018   Code   RO          350    i.prvIdleTask       tasks.o
    0x0000320c   0x00000022   Code   RO          221    i.prvInitialiseNewQueue  queue.o
    0x0000322e   0x00000084   Code   RO          351    i.prvInitialiseNewTask  tasks.o
    0x000032b2   0x00000002   PAD
    0x000032b4   0x00000064   Code   RO          352    i.prvInitialiseTaskLists  tasks.o
    0x00003318   0x00000068   Code   RO           46    i.prvInsertBlockIntoFreeList  heap_4.o
    0x00003380   0x00000038   Code   RO          353    i.prvResetNextTaskUnblockTime  tasks.o
    0x000033b8   0x00000014   Code   RO          106    i.prvSetupTimerInterrupt  port.o
    0x000033cc   0x00000006   Code   RO          107    i.prvTaskExitError  port.o
    0x000033d2   0x00000002   PAD
    0x000033d4   0x000000d4   Code   RO           47    i.pvPortMalloc      heap_4.o
    0x000034a8   0x00000020   Code   RO          108    i.pxPortInitialiseStack  port.o
    0x000034c8   0x00000010   Code   RO         2794    i.setNetArgumentInit  at24cxxdataloader.o
    0x000034d8   0x000000d0   Code   RO         3827    i.setRtcDate        rtc.o
    0x000035a8   0x00000002   Code   RO         3754    i.startMeasureForworld  measuretask.o
    0x000035aa   0x00000002   Code   RO         3785    i.startReadEEprom   readeepromtask.o
    0x000035ac   0x00000002   Code   RO         3966    i.startSendDataForLoar  senddatatask.o
    0x000035ae   0x00000028   Code   RO          183    i.uxListRemove      list.o
    0x000035d6   0x0000001a   Code   RO          184    i.vListInitialise   list.o
    0x000035f0   0x00000006   Code   RO          185    i.vListInitialiseItem  list.o
    0x000035f6   0x00000018   Code   RO          187    i.vListInsertEnd    list.o
    0x0000360e   0x00000002   PAD
    0x00003610   0x0000001c   Code   RO          110    i.vPortEnterCritical  port.o
    0x0000362c   0x0000001c   Code   RO          111    i.vPortExitCritical  port.o
    0x00003648   0x00000050   Code   RO           48    i.vPortFree         heap_4.o
    0x00003698   0x00000018   Code   RO          112    i.vPortYield        port.o
    0x000036b0   0x00000054   Code   RO          371    i.vTaskStartScheduler  tasks.o
    0x00003704   0x00000010   Code   RO          373    i.vTaskSuspendAll   tasks.o
    0x00003714   0x00000078   Code   RO          374    i.vTaskSwitchContext  tasks.o
    0x0000378c   0x00000038   Code   RO          113    i.xPortStartScheduler  port.o
    0x000037c4   0x0000003c   Code   RO          229    i.xQueueGenericCreate  queue.o
    0x00003800   0x00000078   Code   RO          231    i.xQueueGenericReset  queue.o
    0x00003878   0x0000005c   Code   RO          376    i.xTaskCreate       tasks.o
    0x000038d4   0x00000120   Code   RO          381    i.xTaskIncrementTick  tasks.o
    0x000039f4   0x00000080   Code   RO          384    i.xTaskRemoveFromEventList  tasks.o
    0x00003a74   0x000000e0   Code   RO          386    i.xTaskResumeAll    tasks.o
    0x00003b54   0x0000002c   Code   RO         4291    locale$$code        c_p.l(lc_ctype_c.o)
    0x00003b80   0x0000008c   Code   RO         4098    x$fpl$fadd          fz_ps.l(faddsub.o)
    0x00003c0c   0x00000018   Code   RO         4099    x$fpl$frsb          fz_ps.l(faddsub.o)
    0x00003c24   0x000000d0   Code   RO         4100    x$fpl$fsub          fz_ps.l(faddsub.o)
    0x00003cf4   0x00000000   Code   RO         4156    x$fpl$usenofp       fz_ps.l(usenofp.o)
    0x00003cf4   0x00000230   Data   RO         3277    .constdata          adc.o
    0x00003f24   0x00000028   Data   RO         4016    .constdata          c_p.l(_printf_hex_int.o)
    0x00003f4c   0x00000011   Data   RO         4051    .constdata          c_p.l(__printf_flags_ss_wp.o)
    0x00003f5d   0x00000040   Data   RO         4105    .constdata          fz_ps.l(fdiv.o)
    0x00003f9d   0x00000003   PAD
    0x00003fa0   0x00000020   Data   RO         4428    Region$$Table       anon$$obj.o
    0x00003fc0   0x00000110   Data   RO         4290    locale$$data        c_p.l(lc_ctype_c.o)


    Execution Region RW_IRAM1 (Base: 0x20000000, Size: 0x00005bf0, Max: 0x00006000, ABSOLUTE, COMPRESSED[0x00000044])

    Base Addr    Size         Type   Attr      Idx    E Section Name        Object

    0x20000000   0x00000018   Data   RW           53    .data               heap_4.o
    0x20000018   0x00000004   Data   RW          114    .data               port.o
    0x2000001c   0x0000003c   Data   RW          389    .data               tasks.o
    0x20000058   0x0000000c   Data   RW         2643    .data               system_fm33lc0xx.o
    0x20000064   0x00000004   Data   RW         2795    .data               at24cxxdataloader.o
    0x20000068   0x00000008   Data   RW         2867    .data               check_xthf_or_xtlf.o
    0x20000070   0x000000b0   Data   RW         3094    .data               rtc_settime.o
    0x20000120   0x00000140   Data   RW         3133    .data               settime.o
    0x20000260   0x0000002d   Data   RW         3441    .data               at24c02.o
    0x2000028d   0x00000003   PAD
    0x20000290   0x00000010   Data   RW         3637    .data               define.o
    0x200002a0   0x00000004   Data   RW         3708    .data               main.o
    0x200002a4   0x00000018   Data   RW         3829    .data               rtc.o
    0x200002bc   0x00004400   Zero   RW           52    .bss                heap_4.o
    0x200046bc   0x000000c8   Zero   RW          388    .bss                tasks.o
    0x20004784   0x0000040c   Zero   RW         3635    .bss                define.o
    0x20004b90   0x00000060   Zero   RW         4215    .bss                c_p.l(libspace.o)
    0x20004bf0   0x00000800   Zero   RW         2676    HEAP                startup_fm33lc0xx.o
    0x200053f0   0x00000800   Zero   RW         2675    STACK               startup_fm33lc0xx.o


==============================================================================

Image component sizes


      Code (inc. data)   RO Data    RW Data    ZI Data      Debug   Object Name

      1148        104        560          0          0      81347   adc.o
      1170         64          0         45          0      26475   at24c02.o
       174         18          0          4          0       3324   at24cxxdataloader.o
        44          6          0          0          0       4267   bstim.o
       360         54          0          8          0      33058   check_xthf_or_xtlf.o
        38          6          0         16       1036       3515   define.o
       324         32          0          0          0      33594   fm33lc0xx_fl.o
       508         14          0          0          0      49479   fm33lc0xx_fl_gpio.o
       266         16          0          0          0      13567   fm33lc0xx_fl_rtc.o
       520         64          0         24      17408       5431   heap_4.o
        96          0          0          0          0       2528   list.o
        60         14          0          0          0      13007   lptim32.o
       180         48          0          4          0       2751   main.o
        74          8          0          0          0       1462   measuretask.o
        60          4          0          0          0      17340   mf_config.o
       298          0          0          0          0       1311   numberbaselib.o
       352         54          0          4          0       6664   port.o
       214          0          0          0          0       6207   queue.o
        66         10          0          0          0        991   readeepromtask.o
      1434        142          0         24          0      27603   rtc.o
       252         16          0        176          0       2926   rtc_settime.o
       110         16          0          0          0       1498   senddatatask.o
       504         32          0        320          0       5108   settime.o
        56         26        192          0       4096        748   startup_fm33lc0xx.o
        78          4          0          0          0       2201   strlib.o
       888        126          0         12          0       2479   system_fm33lc0xx.o
      1578        242          0         60        200      13019   tasks.o
         0          0          0          0          0      13780   tickless_hook.o

    ----------------------------------------------------------------------
     10876       1120        784        700      22740     375680   Object Totals
         0          0         32          0          0          0   (incl. Generated)
        24          0          0          3          0          0   (incl. Padding)

    ----------------------------------------------------------------------

      Code (inc. data)   RO Data    RW Data    ZI Data      Debug   Library Member Name

        64         10          0          0          0         84   __0sscanf.o
        86          0          0          0          0          0   __dczerorl2.o
         8          0          0          0          0         68   __main.o
       392          6         17          0          0         76   __printf_flags_ss_wp.o
        14          0          0          0          0         60   __printf_wp.o
         0          0          0          0          0          0   __rtentry.o
        12          0          0          0          0          0   __rtentry2.o
         6          0          0          0          0          0   __rtentry4.o
        60          8          0          0          0          0   __scatter.o
        28          0          0          0          0          0   __scatter_zi.o
        30          0          0          0          0         60   _chval.o
        48          6          0          0          0         88   _printf_char_common.o
        88          4         40          0          0         72   _printf_hex_int.o
       176          0          0          0          0         84   _printf_intcommon.o
        78          0          0          0          0        100   _printf_pad.o
         2          0          0          0          0          0   _printf_percent.o
         4          0          0          0          0          0   _printf_percent_end.o
        10          0          0          0          0          0   _printf_x.o
       896         16          0          0          0         84   _scanf.o
       330          0          0          0          0         84   _scanf_int.o
        68          0          0          0          0         76   _sgetc.o
        10          0          0          0          0         60   _sputc.o
       346          0          0          0          0         92   aeabi_sdiv.o
        16          0          0          0          0         68   exit.o
         6          0          0          0          0        136   heapauxi.o
         0          0          0          0          0          0   indicate_semi.o
        18          0          0          0          0         68   isspace.o
        44         10        272          0          0         76   lc_ctype_c.o
         2          0          0          0          0          0   libinit.o
        20          0          0          0          0          0   libinit2.o
         2          0          0          0          0          0   libshutdown.o
         2          0          0          0          0          0   libshutdown2.o
         8          4          0          0         96         68   libspace.o
        48          0          0          0          0         72   llmul.o
       258          0          0          0          0         88   lludiv.o
        40          4          0          0          0         84   noretval__2sprintf.o
        16          4          0          0          0         76   rt_ctype_table.o
         8          4          0          0          0         68   rt_locale_intlibspace.o
        64          0          0          0          0        108   rt_memclr.o
        56          0          0          0          0         68   rt_memcpy.o
         2          0          0          0          0          0   rtexit.o
        10          0          0          0          0          0   rtexit2.o
        48          8          0          0          0         84   scanf_char.o
       136          4          0          0          0         72   strcmp.o
        68          6          0          0          0         72   strlen.o
        12          4          0          0          0         60   sys_exit.o
        62          0          0          0          0         80   sys_stackheap_outer.o
         2          0          0          0          0         68   use_no_semi.o
       372          8          0          0          0        240   faddsub.o
       352         10         64          0          0         92   fdiv.o
        94          0          0          0          0         92   fflti.o
         0          0          0          0          0          0   usenofp.o

    ----------------------------------------------------------------------
      4536        116        396          0         96       2928   Library Totals
        14          0          3          0          0          0   (incl. Padding)

    ----------------------------------------------------------------------

      Code (inc. data)   RO Data    RW Data    ZI Data      Debug   Library Name

      3704         98        329          0         96       2504   c_p.l
       818         18         64          0          0        424   fz_ps.l

    ----------------------------------------------------------------------
      4536        116        396          0         96       2928   Library Totals

    ----------------------------------------------------------------------

==============================================================================


      Code (inc. data)   RO Data    RW Data    ZI Data      Debug   

     15412       1236       1180        700      22836     370836   Grand Totals
     15412       1236       1180         68      22836     370836   ELF Image Totals (compressed)
     15412       1236       1180         68          0          0   ROM Totals

==============================================================================

    Total RO  Size (Code + RO Data)                16592 (  16.20kB)
    Total RW  Size (RW Data + ZI Data)             23536 (  22.98kB)
    Total ROM Size (Code + RO Data + RW Data)      16660 (  16.27kB)

==============================================================================

