<html>
<body>
<pre>
<h1>µVision Build Log</h1>
<h2>Tool Versions:</h2>
IDE-Version: ¦ÌVision V5.35.0.0
Copyright (C) 2021 ARM Ltd and ARM Germany GmbH. All rights reserved.
License Information: 1 choulei, 1, LIC=VGXG8-3C1ST-IIA5V-PY5HX-N90ME-QZGHJ
 
Tool Versions:
Toolchain:       MDK-ARM Plus  Version: 5.35.0.2
Toolchain Path:  C:\Keil_v5\ARM\ARMCC\Bin
C Compiler:      Armcc.exe V5.06 update 7 (build 960)
Assembler:       Armasm.exe V5.06 update 7 (build 960)
Linker/Locator:  ArmLink.exe V5.06 update 7 (build 960)
Library Manager: ArmAr.exe V5.06 update 7 (build 960)
Hex Converter:   FromElf.exe V5.06 update 7 (build 960)
CPU DLL:         SARMCM3.DLL V5.35.0.2
Dialog DLL:      DARMCM1.DLL V1.19.4.0
Target DLL:      Segger\JL2CM3.dll V2.99.40.0
Dialog DLL:      TARMCM1.DLL V1.14.4.0
 
<h2>Project:</h2>
E:\work\git_room\QiuLei_WorkSpace\ReadDevOfTemperatureOrPressure\FreeRTOS_DeepSleep_Show\MDK-ARM\FreeRTOS_SLEEP.uvprojx
Project File Date:  04/03/2025

<h2>Output:</h2>
*** Using Compiler 'V5.06 update 7 (build 960)', folder: 'C:\Keil_v5\ARM\ARMCC\Bin'
Rebuild target 'FreeRTOS_DeepSleep'
compiling croutine.c...
compiling list.c...
compiling heap_4.c...
compiling queue.c...
compiling timers.c...
compiling tasks.c...
compiling port.c...
compiling Tickless_Hook.c...
compiling fm33lc0xx_fl_adc.c...
compiling fm33lc0xx_fl_aes.c...
compiling fm33lc0xx_fl.c...
compiling fm33lc0xx_fl_atim.c...
compiling fm33lc0xx_fl_bstim32.c...
compiling fm33lc0xx_fl_comp.c...
compiling fm33lc0xx_fl_crc.c...
compiling fm33lc0xx_fl_dma.c...
compiling fm33lc0xx_fl_exti.c...
compiling fm33lc0xx_fl_gpio.c...
compiling fm33lc0xx_fl_gptim.c...
compiling fm33lc0xx_fl_divas.c...
compiling fm33lc0xx_fl_i2c.c...
compiling fm33lc0xx_fl_iwdt.c...
compiling fm33lc0xx_fl_lpuart.c...
compiling fm33lc0xx_fl_opa.c...
compiling fm33lc0xx_fl_pmu.c...
compiling fm33lc0xx_fl_rcc.c...
compiling fm33lc0xx_fl_rng.c...
compiling fm33lc0xx_fl_rtc.c...
assembling startup_fm33lc0xx.s...
compiling fm33lc0xx_fl_spi.c...
compiling fm33lc0xx_fl_svd.c...
compiling fm33lc0xx_fl_u7816.c...
compiling system_fm33lc0xx.c...
compiling fm33lc0xx_fl_wwdt.c...
compiling fm33lc0xx_fl_uart.c...
compiling NumberBaseLib.c...
compiling fm33lc0xx_fl_lcd.c...
compiling mf_config.c...
..\MF-config\Src\mf_config.c(55): warning:  #1215-D: #warning directive: need check;
      #warning need check;
..\MF-config\Src\mf_config.c(87): warning:  #1215-D: #warning directive: need check;
      #warning need check;
..\MF-config\Src\mf_config.c: 2 warnings, 0 errors
compiling AT24CXXDataLoader.c...
..\Interflow\AT24CXXDataLoader.c(88): warning:  #1215-D: #warning directive: need check; 
      #warning need check; 
..\Interflow\AT24CXXDataLoader.c: 1 warning, 0 errors
compiling StrLib.c...
compiling Define.c...
..\Interflow\Define.c(14): warning:  #1215-D: #warning directive: need check;
      #warning need check;
..\Interflow\Define.c(29): warning:  #1215-D: #warning directive: need check;
      #warning need check;
..\Interflow\Define.c: 2 warnings, 0 errors
compiling Check_XTHF_Or_XTLF.c...
compiling PublicLib_No_One.c...
compiling RTC_SetTime.c...
compiling RTC.c...
compiling SetTime.c...
compiling ADC.c...
compiling AT24C02.c...
compiling BSTim.c...
compiling gpio.c...
compiling LPTim32.c...
compiling main.c...
compiling taskgpio.c...
compiling fm33lc0xx_fl_flash.c...
compiling fm33lc0xx_fl_lptim32.c...
linking...
Program Size: Code=13392 RO-data=556 RW-data=1036 ZI-data=21852  
FromELF: creating hex file...
".\Objects\\ADC_Poll.axf" - 0 Error(s), 5 Warning(s).

<h2>Software Packages used:</h2>

Package Vendor: FMSH
                https://fmdevelopers.oss-cn-shanghai.aliyuncs.com/FMSH.FM33LC0XX_DFP.3.0.4.pack
                FMSH.FM33LC0XX_DFP.3.0.4
                FMSH FM33LC0XX Series Device Family Pack

<h2>Collection of Component include folders:</h2>
  C:\Keil_v5\Arm\Packs\FMSH\FM33LC0XX_DFP\3.0.4\Device\Include

<h2>Collection of Component Files used:</h2>
Build Time Elapsed:  00:00:44
</pre>
</body>
</html>
