Component: ARM Compiler 5.06 update 7 (build 960) Tool: armlink [4d3601]

==============================================================================

Section Cross References

    heap_4.o(i.prvHeapInit) refers to heap_4.o(.bss) for ucHeap
    heap_4.o(i.prvHeapInit) refers to heap_4.o(.data) for xStart
    heap_4.o(i.prvInsertBlockIntoFreeList) refers to heap_4.o(.data) for xStart
    heap_4.o(i.pvPortMalloc) refers to tasks.o(i.vTaskSuspendAll) for vTaskSuspendAll
    heap_4.o(i.pvPortMalloc) refers to heap_4.o(i.prvHeapInit) for prvHeapInit
    heap_4.o(i.pvPortMalloc) refers to heap_4.o(i.prvInsertBlockIntoFreeList) for prvInsertBlockIntoFreeList
    heap_4.o(i.pvPortMalloc) refers to tasks.o(i.xTaskResumeAll) for xTaskResumeAll
    heap_4.o(i.pvPortMalloc) refers to heap_4.o(.data) for pxEnd
    heap_4.o(i.vPortFree) refers to tasks.o(i.vTaskSuspendAll) for vTaskSuspendAll
    heap_4.o(i.vPortFree) refers to heap_4.o(i.prvInsertBlockIntoFreeList) for prvInsertBlockIntoFreeList
    heap_4.o(i.vPortFree) refers to tasks.o(i.xTaskResumeAll) for xTaskResumeAll
    heap_4.o(i.vPortFree) refers to heap_4.o(.data) for xBlockAllocatedBit
    heap_4.o(i.xPortGetFreeHeapSize) refers to heap_4.o(.data) for xFreeBytesRemaining
    heap_4.o(i.xPortGetMinimumEverFreeHeapSize) refers to heap_4.o(.data) for xMinimumEverFreeBytesRemaining
    port.o(.emb_text) refers to tasks.o(.data) for pxCurrentTCB
    port.o(.emb_text) refers to tasks.o(i.vTaskSwitchContext) for vTaskSwitchContext
    port.o(i.SysTick_Handler) refers to port.o(.emb_text) for ulSetInterruptMaskFromISR
    port.o(i.SysTick_Handler) refers to tasks.o(i.xTaskIncrementTick) for xTaskIncrementTick
    port.o(i.pxPortInitialiseStack) refers to port.o(i.prvTaskExitError) for prvTaskExitError
    port.o(i.vPortEnterCritical) refers to port.o(.data) for uxCriticalNesting
    port.o(i.vPortExitCritical) refers to port.o(.data) for uxCriticalNesting
    port.o(i.xPortStartScheduler) refers to port.o(i.prvSetupTimerInterrupt) for prvSetupTimerInterrupt
    port.o(i.xPortStartScheduler) refers to port.o(.emb_text) for __asm___6_port_c_39a90d8d__prvPortStartFirstTask
    port.o(i.xPortStartScheduler) refers to port.o(.data) for uxCriticalNesting
    queue.o(i.prvCopyDataFromQueue) refers to rt_memcpy.o(.text) for __aeabi_memcpy
    queue.o(i.prvCopyDataToQueue) refers to rt_memcpy.o(.text) for __aeabi_memcpy
    queue.o(i.prvInitialiseNewQueue) refers to queue.o(i.xQueueGenericReset) for xQueueGenericReset
    queue.o(i.prvIsQueueEmpty) refers to port.o(i.vPortEnterCritical) for vPortEnterCritical
    queue.o(i.prvIsQueueEmpty) refers to port.o(i.vPortExitCritical) for vPortExitCritical
    queue.o(i.prvIsQueueFull) refers to port.o(i.vPortEnterCritical) for vPortEnterCritical
    queue.o(i.prvIsQueueFull) refers to port.o(i.vPortExitCritical) for vPortExitCritical
    queue.o(i.prvUnlockQueue) refers to port.o(i.vPortEnterCritical) for vPortEnterCritical
    queue.o(i.prvUnlockQueue) refers to tasks.o(i.xTaskRemoveFromEventList) for xTaskRemoveFromEventList
    queue.o(i.prvUnlockQueue) refers to tasks.o(i.vTaskMissedYield) for vTaskMissedYield
    queue.o(i.prvUnlockQueue) refers to port.o(i.vPortExitCritical) for vPortExitCritical
    queue.o(i.uxQueueMessagesWaiting) refers to port.o(i.vPortEnterCritical) for vPortEnterCritical
    queue.o(i.uxQueueMessagesWaiting) refers to port.o(i.vPortExitCritical) for vPortExitCritical
    queue.o(i.uxQueueSpacesAvailable) refers to port.o(i.vPortEnterCritical) for vPortEnterCritical
    queue.o(i.uxQueueSpacesAvailable) refers to port.o(i.vPortExitCritical) for vPortExitCritical
    queue.o(i.vQueueDelete) refers to heap_4.o(i.vPortFree) for vPortFree
    queue.o(i.xQueueGenericCreate) refers to heap_4.o(i.pvPortMalloc) for pvPortMalloc
    queue.o(i.xQueueGenericCreate) refers to queue.o(i.prvInitialiseNewQueue) for prvInitialiseNewQueue
    queue.o(i.xQueueGenericReceive) refers to port.o(i.vPortEnterCritical) for vPortEnterCritical
    queue.o(i.xQueueGenericReceive) refers to queue.o(i.prvCopyDataFromQueue) for prvCopyDataFromQueue
    queue.o(i.xQueueGenericReceive) refers to tasks.o(i.xTaskRemoveFromEventList) for xTaskRemoveFromEventList
    queue.o(i.xQueueGenericReceive) refers to port.o(i.vPortYield) for vPortYield
    queue.o(i.xQueueGenericReceive) refers to port.o(i.vPortExitCritical) for vPortExitCritical
    queue.o(i.xQueueGenericReceive) refers to tasks.o(i.vTaskSetTimeOutState) for vTaskSetTimeOutState
    queue.o(i.xQueueGenericReceive) refers to tasks.o(i.vTaskSuspendAll) for vTaskSuspendAll
    queue.o(i.xQueueGenericReceive) refers to tasks.o(i.xTaskCheckForTimeOut) for xTaskCheckForTimeOut
    queue.o(i.xQueueGenericReceive) refers to queue.o(i.prvIsQueueEmpty) for prvIsQueueEmpty
    queue.o(i.xQueueGenericReceive) refers to tasks.o(i.vTaskPlaceOnEventList) for vTaskPlaceOnEventList
[...]
    .ARM.Collect$$libinit$$00000012          0x00000138   Section       12  libinit2.o(.ARM.Collect$$libinit$$00000012)
    .ARM.Collect$$libinit$$00000013          0x00000144   Section        0  libinit2.o(.ARM.Collect$$libinit$$00000013)
    .ARM.Collect$$libinit$$00000015          0x00000144   Section        0  libinit2.o(.ARM.Collect$$libinit$$00000015)
    .ARM.Collect$$libinit$$00000017          0x00000144   Section        0  libinit2.o(.ARM.Collect$$libinit$$00000017)
    .ARM.Collect$$libinit$$00000019          0x00000144   Section        0  libinit2.o(.ARM.Collect$$libinit$$00000019)
    .ARM.Collect$$libinit$$0000001B          0x00000144   Section        0  libinit2.o(.ARM.Collect$$libinit$$0000001B)
    .ARM.Collect$$libinit$$0000001D          0x00000144   Section        0  libinit2.o(.ARM.Collect$$libinit$$0000001D)
    .ARM.Collect$$libinit$$0000001F          0x00000144   Section        0  libinit2.o(.ARM.Collect$$libinit$$0000001F)
    .ARM.Collect$$libinit$$00000021          0x00000144   Section        0  libinit2.o(.ARM.Collect$$libinit$$00000021)
    .ARM.Collect$$libinit$$00000023          0x00000144   Section        0  libinit2.o(.ARM.Collect$$libinit$$00000023)
    .ARM.Collect$$libinit$$00000025          0x00000144   Section        0  libinit2.o(.ARM.Collect$$libinit$$00000025)
    .ARM.Collect$$libinit$$0000002C          0x00000144   Section        0  libinit2.o(.ARM.Collect$$libinit$$0000002C)
    .ARM.Collect$$libinit$$0000002E          0x00000144   Section        0  libinit2.o(.ARM.Collect$$libinit$$0000002E)
    .ARM.Collect$$libinit$$00000030          0x00000144   Section        0  libinit2.o(.ARM.Collect$$libinit$$00000030)
    .ARM.Collect$$libinit$$00000032          0x00000144   Section        0  libinit2.o(.ARM.Collect$$libinit$$00000032)
    .ARM.Collect$$libinit$$00000033          0x00000144   Section        2  libinit2.o(.ARM.Collect$$libinit$$00000033)
    .ARM.Collect$$libshutdown$$00000000      0x00000146   Section        2  libshutdown.o(.ARM.Collect$$libshutdown$$00000000)
    .ARM.Collect$$libshutdown$$00000002      0x00000148   Section        0  libshutdown2.o(.ARM.Collect$$libshutdown$$00000002)
    .ARM.Collect$$libshutdown$$00000004      0x00000148   Section        0  libshutdown2.o(.ARM.Collect$$libshutdown$$00000004)
    .ARM.Collect$$libshutdown$$00000006      0x00000148   Section        0  libshutdown2.o(.ARM.Collect$$libshutdown$$00000006)
    .ARM.Collect$$libshutdown$$00000009      0x00000148   Section        0  libshutdown2.o(.ARM.Collect$$libshutdown$$00000009)
    .ARM.Collect$$libshutdown$$0000000C      0x00000148   Section        0  libshutdown2.o(.ARM.Collect$$libshutdown$$0000000C)
    .ARM.Collect$$libshutdown$$0000000E      0x00000148   Section        0  libshutdown2.o(.ARM.Collect$$libshutdown$$0000000E)
    .ARM.Collect$$libshutdown$$00000011      0x00000148   Section        0  libshutdown2.o(.ARM.Collect$$libshutdown$$00000011)
    .ARM.Collect$$libshutdown$$00000012      0x00000148   Section        2  libshutdown2.o(.ARM.Collect$$libshutdown$$00000012)
    .ARM.Collect$$rtentry$$00000000          0x0000014a   Section        0  __rtentry.o(.ARM.Collect$$rtentry$$00000000)
    .ARM.Collect$$rtentry$$00000002          0x0000014a   Section        0  __rtentry2.o(.ARM.Collect$$rtentry$$00000002)
    .ARM.Collect$$rtentry$$00000004          0x0000014a   Section        6  __rtentry4.o(.ARM.Collect$$rtentry$$00000004)
    .ARM.Collect$$rtentry$$00000009          0x00000150   Section        0  __rtentry2.o(.ARM.Collect$$rtentry$$00000009)
    .ARM.Collect$$rtentry$$0000000A          0x00000150   Section        4  __rtentry2.o(.ARM.Collect$$rtentry$$0000000A)
    .ARM.Collect$$rtentry$$0000000C          0x00000154   Section        0  __rtentry2.o(.ARM.Collect$$rtentry$$0000000C)
    .ARM.Collect$$rtentry$$0000000D          0x00000154   Section        8  __rtentry2.o(.ARM.Collect$$rtentry$$0000000D)
    .ARM.Collect$$rtexit$$00000000           0x0000015c   Section        2  rtexit.o(.ARM.Collect$$rtexit$$00000000)
    .ARM.Collect$$rtexit$$00000002           0x0000015e   Section        0  rtexit2.o(.ARM.Collect$$rtexit$$00000002)
    .ARM.Collect$$rtexit$$00000003           0x0000015e   Section        4  rtexit2.o(.ARM.Collect$$rtexit$$00000003)
    .ARM.Collect$$rtexit$$00000004           0x00000162   Section        6  rtexit2.o(.ARM.Collect$$rtexit$$00000004)
    .emb_text                                0x00000168   Section      120  port.o(.emb_text)
    .emb_text                                0x000001e0   Section       56  rt_memcpy.o(.emb_text)
    .text                                    0x00000218   Section       56  startup_fm33lc0xx.o(.text)
    .text                                    0x00000250   Section        0  llmul.o(.text)
    .text                                    0x00000280   Section        0  lludiv.o(.text)
    .text                                    0x00000384   Section        0  noretval__2sprintf.o(.text)
    .text                                    0x000003ac   Section        0  _printf_pad.o(.text)
    .text                                    0x000003fc   Section        0  _printf_hex_int.o(.text)
    .text                                    0x00000454   Section        0  __printf_flags_ss_wp.o(.text)
    .text                                    0x000005dc   Section        0  __0sscanf.o(.text)
    .text                                    0x0000061c   Section        0  _scanf_int.o(.text)
    .text                                    0x00000768   Section        0  strlen.o(.text)
    .text                                    0x000007ac   Section        0  rt_memclr.o(.text)
    .text                                    0x000007ec   Section      346  aeabi_sdiv.o(.text)
    .text                                    0x00000946   Section        0  heapauxi.o(.text)
    .text                                    0x0000094c   Section        0  _printf_intcommon.o(.text)
    .text                                    0x000009fc   Section        0  _printf_char_common.o(.text)
    _printf_input_char                       0x000009fd   Thumb Code    10  _printf_char_common.o(.text)
    .text                                    0x00000a2c   Section        0  _sputc.o(.text)
    .text                                    0x00000a36   Section        0  _chval.o(.text)
    .text                                    0x00000a54   Section        0  scanf_char.o(.text)
    _scanf_char_input                        0x00000a55   Thumb Code    12  scanf_char.o(.text)
    .text                                    0x00000a84   Section        0  _sgetc.o(.text)
    .text                                    0x00000ac8   Section        8  rt_locale_intlibspace.o(.text)
    .text                                    0x00000ad0   Section        0  isspace.o(.text)
    .text                                    0x00000ae4   Section        0  _scanf.o(.text)
    .text                                    0x00000e78   Section        8  libspace.o(.text)
    .text                                    0x00000e80   Section       62  sys_stackheap_outer.o(.text)
    .text                                    0x00000ec0   Section       16  rt_ctype_table.o(.text)
    .text                                    0x00000ed0   Section        0  exit.o(.text)
    .text                                    0x00000ee0   Section        0  strcmp.o(.text)
    .text                                    0x00000f68   Section        0  sys_exit.o(.text)
    .text                                    0x00000f74   Section        2  use_no_semi.o(.text)
    .text                                    0x00000f76   Section        0  indicate_semi.o(.text)
    .text                                    0x00000f76   Section        0  __dczerorl2.o(.text)
    i.AAA_ADD                                0x00000fcc   Section        0  main.o(i.AAA_ADD)
    i.AT24CXXLoader_Init                     0x00000fd0   Section        0  at24cxxdataloader.o(i.AT24CXXLoader_Init)
    i.BSTIM_IRQHandler                       0x00001030   Section        0  bstim.o(i.BSTIM_IRQHandler)
    i.CheckMeterNum                          0x0000105c   Section        0  define.o(i.CheckMeterNum)
    i.Check_Date_ByHEX                       0x00001060   Section        0  rtc.o(i.Check_Date_ByHEX)
    i.Check_Time_ByHEX                       0x00001178   Section        0  rtc.o(i.Check_Time_ByHEX)
    i.Config_Init_XTHF_And_XTLF              0x000011d4   Section        0  check_xthf_or_xtlf.o(i.Config_Init_XTHF_And_XTLF)
    i.CountRTCTask                           0x000011dc   Section        0  rtc_settime.o(i.CountRTCTask)
    i.CountSetTimeTask                       0x0000125c   Section        0  settime.o(i.CountSetTimeTask)
    i.Device_Init                            0x000012dc   Section        0  define.o(i.Device_Init)
    i.EEprom_AT24C0XXData_Read               0x000012f8   Section        0  at24c02.o(i.EEprom_AT24C0XXData_Read)
    i.EEprom_AT24C0XXData_Write              0x00001314   Section        0  at24c02.o(i.EEprom_AT24C0XXData_Write)
    i.EEprom_AT24CXX_Parameter_Init          0x00001330   Section        0  at24c02.o(i.EEprom_AT24CXX_Parameter_Init)
    i.EEprom_Byte1Read                       0x00001398   Section        0  at24c02.o(i.EEprom_Byte1Read)
    i.EEprom_Byte1Read_No_Check              0x00001404   Section        0  at24c02.o(i.EEprom_Byte1Read_No_Check)
    i.EEprom_Byte1Write                      0x00001474   Section        0  at24c02.o(i.EEprom_Byte1Write)
    i.EEprom_Byte1Write_No_Check             0x000014b4   Section        0  at24c02.o(i.EEprom_Byte1Write_No_Check)
    i.EEprom_Read_Start                      0x00001504   Section        0  at24c02.o(i.EEprom_Read_Start)
    i.EEprom_SDA_SET_IN                      0x00001524   Section        0  at24c02.o(i.EEprom_SDA_SET_IN)
    EEprom_SDA_SET_IN                        0x00001525   Thumb Code    42  at24c02.o(i.EEprom_SDA_SET_IN)
    i.EEprom_SDA_SET_OUT                     0x00001554   Section        0  at24c02.o(i.EEprom_SDA_SET_OUT)
    EEprom_SDA_SET_OUT                       0x00001555   Thumb Code    50  at24c02.o(i.EEprom_SDA_SET_OUT)
    i.EEprom_Write_Start                     0x0000158c   Section        0  at24c02.o(i.EEprom_Write_Start)
    i.FL_DelayInit                           0x000015b8   Section        0  fm33lc0xx_fl.o(i.FL_DelayInit)
    i.FL_DelayMs                             0x000015d8   Section        0  fm33lc0xx_fl.o(i.FL_DelayMs)
    i.FL_DelayUs                             0x000015f0   Section        0  fm33lc0xx_fl.o(i.FL_DelayUs)
    i.FL_FDET_DisableIT_XTLFFail             0x00001634   Section        0  check_xthf_or_xtlf.o(i.FL_FDET_DisableIT_XTLFFail)
    FL_FDET_DisableIT_XTLFFail               0x00001635   Thumb Code    14  check_xthf_or_xtlf.o(i.FL_FDET_DisableIT_XTLFFail)
    i.FL_FDET_IsActiveFlag_XTLFFail          0x00001648   Section        0  check_xthf_or_xtlf.o(i.FL_FDET_IsActiveFlag_XTLFFail)
    FL_FDET_IsActiveFlag_XTLFFail            0x00001649   Thumb Code    16  check_xthf_or_xtlf.o(i.FL_FDET_IsActiveFlag_XTLFFail)
    i.FL_GPIO_DisablePinAnalogSwitch         0x0000165c   Section        0  fm33lc0xx_fl_gpio.o(i.FL_GPIO_DisablePinAnalogSwitch)
    FL_GPIO_DisablePinAnalogSwitch           0x0000165d   Thumb Code    10  fm33lc0xx_fl_gpio.o(i.FL_GPIO_DisablePinAnalogSwitch)
    i.FL_GPIO_DisablePinInput                0x00001666   Section        0  fm33lc0xx_fl_gpio.o(i.FL_GPIO_DisablePinInput)
    FL_GPIO_DisablePinInput                  0x00001667   Thumb Code    10  fm33lc0xx_fl_gpio.o(i.FL_GPIO_DisablePinInput)
    i.FL_GPIO_DisablePinOpenDrain            0x00001670   Section        0  fm33lc0xx_fl_gpio.o(i.FL_GPIO_DisablePinOpenDrain)
    FL_GPIO_DisablePinOpenDrain              0x00001671   Thumb Code    10  fm33lc0xx_fl_gpio.o(i.FL_GPIO_DisablePinOpenDrain)
    i.FL_GPIO_DisablePinPullup               0x0000167a   Section        0  fm33lc0xx_fl_gpio.o(i.FL_GPIO_DisablePinPullup)
    FL_GPIO_DisablePinPullup                 0x0000167b   Thumb Code    10  fm33lc0xx_fl_gpio.o(i.FL_GPIO_DisablePinPullup)
    i.FL_GPIO_DisablePinRemap                0x00001684   Section        0  fm33lc0xx_fl_gpio.o(i.FL_GPIO_DisablePinRemap)
    FL_GPIO_DisablePinRemap                  0x00001685   Thumb Code    10  fm33lc0xx_fl_gpio.o(i.FL_GPIO_DisablePinRemap)
    i.FL_GPIO_Init                           0x00001690   Section        0  fm33lc0xx_fl_gpio.o(i.FL_GPIO_Init)
    i.FL_GPIO_ResetOutputPin                 0x00001840   Section        0  at24c02.o(i.FL_GPIO_ResetOutputPin)
    FL_GPIO_ResetOutputPin                   0x00001841   Thumb Code     6  at24c02.o(i.FL_GPIO_ResetOutputPin)
    i.FL_GPIO_SetOutputPin                   0x00001846   Section        0  at24c02.o(i.FL_GPIO_SetOutputPin)
    FL_GPIO_SetOutputPin                     0x00001847   Thumb Code     6  at24c02.o(i.FL_GPIO_SetOutputPin)
    i.FL_GPIO_SetPinMode                     0x0000184c   Section        0  fm33lc0xx_fl_gpio.o(i.FL_GPIO_SetPinMode)
    FL_GPIO_SetPinMode                       0x0000184d   Thumb Code    26  fm33lc0xx_fl_gpio.o(i.FL_GPIO_SetPinMode)
    i.FL_Init                                0x00001866   Section        0  fm33lc0xx_fl.o(i.FL_Init)
    i.FL_NVIC_Init                           0x00001870   Section        0  fm33lc0xx_fl.o(i.FL_NVIC_Init)
    i.FL_RCC_SetLSCLKClockSource             0x000018b8   Section        0  check_xthf_or_xtlf.o(i.FL_RCC_SetLSCLKClockSource)
    FL_RCC_SetLSCLKClockSource               0x000018b9   Thumb Code    16  check_xthf_or_xtlf.o(i.FL_RCC_SetLSCLKClockSource)
    i.FL_RTC_ConfigTime                      0x000018cc   Section        0  fm33lc0xx_fl_rtc.o(i.FL_RTC_ConfigTime)
    i.FL_RTC_GetTime                         0x0000194c   Section        0  fm33lc0xx_fl_rtc.o(i.FL_RTC_GetTime)
    i.FL_RTC_Init                            0x00001998   Section        0  fm33lc0xx_fl_rtc.o(i.FL_RTC_Init)
    i.IIC_Check_Ack                          0x000019d8   Section        0  at24c02.o(i.IIC_Check_Ack)
    i.IIC_RevByte                            0x00001a24   Section        0  at24c02.o(i.IIC_RevByte)
    i.IIC_SendByte                           0x00001a90   Section        0  at24c02.o(i.IIC_SendByte)
    i.IIC_SendNoAck                          0x00001af8   Section        0  at24c02.o(i.IIC_SendNoAck)
    i.IIC_Start                              0x00001b40   Section        0  at24c02.o(i.IIC_Start)
    i.IIC_Stop                               0x00001b94   Section        0  at24c02.o(i.IIC_Stop)
    i.LFDET_IRQHandler                       0x00001bdc   Section        0  check_xthf_or_xtlf.o(i.LFDET_IRQHandler)
    i.LPCountSetTimeTask                     0x00001c24   Section        0  settime.o(i.LPCountSetTimeTask)
    i.LPTIM_IRQHandler                       0x00001ca4   Section        0  lptim32.o(i.LPTIM_IRQHandler)
    i.MF_Clock_Init                          0x00001ce0   Section        0  mf_config.o(i.MF_Clock_Init)
    i.MF_Config_Init                         0x00001ce2   Section        0  mf_config.o(i.MF_Config_Init)
    i.MF_GPIO_Init                           0x00001cf4   Section        0  mf_config.o(i.MF_GPIO_Init)
    i.MF_RTC_1S_Init                         0x00001d1c   Section        0  rtc.o(i.MF_RTC_1S_Init)
    i.NVIC_SetPriority                       0x00001d54   Section        0  fm33lc0xx_fl.o(i.NVIC_SetPriority)
    NVIC_SetPriority                         0x00001d55   Thumb Code   110  fm33lc0xx_fl.o(i.NVIC_SetPriority)
    i.New_Str_Obj                            0x00001dcc   Section        0  strlib.o(i.New_Str_Obj)
    i.RTC_GetRTC                             0x00001df8   Section        0  rtc.o(i.RTC_GetRTC)
    RTC_GetRTC                               0x00001df9   Thumb Code    88  rtc.o(i.RTC_GetRTC)
    i.RTC_IRQHandler                         0x00001e54   Section        0  rtc.o(i.RTC_IRQHandler)
    i.RTC_IRQ_Second                         0x00001ef0   Section        0  rtc.o(i.RTC_IRQ_Second)
    i.RTC_SetRTC                             0x00001f28   Section        0  rtc.o(i.RTC_SetRTC)
    i.SVC_Handler                            0x00001f7c   Section        0  port.o(i.SVC_Handler)
    i.StartOPenDevMode                       0x00001f7e   Section        0  define.o(i.StartOPenDevMode)
    i.SysTick_Handler                        0x00001f88   Section        0  port.o(i.SysTick_Handler)
    i.SystemCoreClockUpdate                  0x00001fac   Section        0  system_fm33lc0xx.o(i.SystemCoreClockUpdate)
    i.SystemInit                             0x0000213c   Section        0  system_fm33lc0xx.o(i.SystemInit)
    i.SystemPLLClockUpdate                   0x00002260   Section        0  system_fm33lc0xx.o(i.SystemPLLClockUpdate)
    SystemPLLClockUpdate                     0x00002261   Thumb Code   174  system_fm33lc0xx.o(i.SystemPLLClockUpdate)
    i.XTLF_Config_Init                       0x00002324   Section        0  check_xthf_or_xtlf.o(i.XTLF_Config_Init)
    i._EC20_ReBoot_In_RTC_By_1Second         0x00002348   Section        0  rtc.o(i._EC20_ReBoot_In_RTC_By_1Second)
    i._InitRTCTask                           0x00002350   Section        0  rtc_settime.o(i._InitRTCTask)
    _InitRTCTask                             0x00002351   Thumb Code    64  rtc_settime.o(i._InitRTCTask)
    i._InitSetTimeTask                       0x00002394   Section        0  settime.o(i._InitSetTimeTask)
    _InitSetTimeTask                         0x00002395   Thumb Code    64  settime.o(i._InitSetTimeTask)
    i._LPInitSetTimeTask                     0x000023d8   Section        0  settime.o(i._LPInitSetTimeTask)
    _LPInitSetTimeTask                       0x000023d9   Thumb Code    64  settime.o(i._LPInitSetTimeTask)
    i._LPSetCloseTask                        0x0000241c   Section        0  settime.o(i._LPSetCloseTask)
    _LPSetCloseTask                          0x0000241d   Thumb Code    50  settime.o(i._LPSetCloseTask)
    i._RTCCloseTask                          0x00002454   Section        0  rtc_settime.o(i._RTCCloseTask)
    _RTCCloseTask                            0x00002455   Thumb Code    50  rtc_settime.o(i._RTCCloseTask)
    i._RTC_ReBoot_Check                      0x0000248c   Section        0  rtc.o(i._RTC_ReBoot_Check)
    i._SetCloseTask                          0x000024d8   Section        0  settime.o(i._SetCloseTask)
    _SetCloseTask                            0x000024d9   Thumb Code    50  settime.o(i._SetCloseTask)
    i.__ARM_common_switch8                   0x00002510   Section        0  tasks.o(i.__ARM_common_switch8)
    i._getStrlen                             0x0000252c   Section        0  strlib.o(i._getStrlen)
    i._is_digit                              0x00002544   Section        0  __printf_wp.o(i._is_digit)
    i._strnewInit                            0x00002554   Section        0  strlib.o(i._strnewInit)
    i.anyBaseToAnyBase                       0x00002560   Section        0  numberbaselib.o(i.anyBaseToAnyBase)
    i.changeModeForT                         0x0000268c   Section        0  at24c02.o(i.changeModeForT)
    i.checkTimeFrom                          0x00002754   Section        0  at24cxxdataloader.o(i.checkTimeFrom)
    i.check_XTClock_isOk                     0x000027a0   Section        0  check_xthf_or_xtlf.o(i.check_XTClock_isOk)
    check_XTClock_isOk                       0x000027a1   Thumb Code   164  check_xthf_or_xtlf.o(i.check_XTClock_isOk)
    i.getDayOfWeek                           0x00002858   Section        0  rtc.o(i.getDayOfWeek)
    i.getStrNowDataAndTimeByRTC              0x00002928   Section        0  rtc.o(i.getStrNowDataAndTimeByRTC)
    i.getStrUserTime                         0x00002958   Section        0  rtc.o(i.getStrUserTime)
    i.main                                   0x000029a4   Section        0  main.o(i.main)
    i.prvAddNewTaskToReadyList               0x00002a00   Section        0  tasks.o(i.prvAddNewTaskToReadyList)
    prvAddNewTaskToReadyList                 0x00002a01   Thumb Code   140  tasks.o(i.prvAddNewTaskToReadyList)
    i.prvCheckTasksWaitingTermination        0x00002aa4   Section        0  tasks.o(i.prvCheckTasksWaitingTermination)
    prvCheckTasksWaitingTermination          0x00002aa5   Thumb Code    90  tasks.o(i.prvCheckTasksWaitingTermination)
    i.prvDeleteTCB                           0x00002b0c   Section        0  tasks.o(i.prvDeleteTCB)
    prvDeleteTCB                             0x00002b0d   Thumb Code    18  tasks.o(i.prvDeleteTCB)
    i.prvHeapInit                            0x00002b20   Section        0  heap_4.o(i.prvHeapInit)
    prvHeapInit                              0x00002b21   Thumb Code   100  heap_4.o(i.prvHeapInit)
    i.prvIdleTask                            0x00002b9c   Section        0  tasks.o(i.prvIdleTask)
    prvIdleTask                              0x00002b9d   Thumb Code    20  tasks.o(i.prvIdleTask)
    i.prvInitialiseNewQueue                  0x00002bb4   Section        0  queue.o(i.prvInitialiseNewQueue)
    prvInitialiseNewQueue                    0x00002bb5   Thumb Code    34  queue.o(i.prvInitialiseNewQueue)
    i.prvInitialiseNewTask                   0x00002bd6   Section        0  tasks.o(i.prvInitialiseNewTask)
    prvInitialiseNewTask                     0x00002bd7   Thumb Code   132  tasks.o(i.prvInitialiseNewTask)
    i.prvInitialiseTaskLists                 0x00002c5c   Section        0  tasks.o(i.prvInitialiseTaskLists)
    prvInitialiseTaskLists                   0x00002c5d   Thumb Code    68  tasks.o(i.prvInitialiseTaskLists)
    i.prvInsertBlockIntoFreeList             0x00002cc0   Section        0  heap_4.o(i.prvInsertBlockIntoFreeList)
    prvInsertBlockIntoFreeList               0x00002cc1   Thumb Code    96  heap_4.o(i.prvInsertBlockIntoFreeList)
    i.prvResetNextTaskUnblockTime            0x00002d28   Section        0  tasks.o(i.prvResetNextTaskUnblockTime)
    prvResetNextTaskUnblockTime              0x00002d29   Thumb Code    46  tasks.o(i.prvResetNextTaskUnblockTime)
    i.prvSetupTimerInterrupt                 0x00002d60   Section        0  port.o(i.prvSetupTimerInterrupt)
    prvSetupTimerInterrupt                   0x00002d61   Thumb Code    12  port.o(i.prvSetupTimerInterrupt)
    i.prvTaskExitError                       0x00002d74   Section        0  port.o(i.prvTaskExitError)
    prvTaskExitError                         0x00002d75   Thumb Code     6  port.o(i.prvTaskExitError)
    i.pvPortMalloc                           0x00002d7c   Section        0  heap_4.o(i.pvPortMalloc)
    i.pxPortInitialiseStack                  0x00002e50   Section        0  port.o(i.pxPortInitialiseStack)
    i.setRtcDate                             0x00002e70   Section        0  rtc.o(i.setRtcDate)
    i.uxListRemove                           0x00002f40   Section        0  list.o(i.uxListRemove)
    i.vListInitialise                        0x00002f68   Section        0  list.o(i.vListInitialise)
    i.vListInitialiseItem                    0x00002f82   Section        0  list.o(i.vListInitialiseItem)
    i.vListInsertEnd                         0x00002f88   Section        0  list.o(i.vListInsertEnd)
    i.vPortEnterCritical                     0x00002fa0   Section        0  port.o(i.vPortEnterCritical)
    i.vPortExitCritical                      0x00002fbc   Section        0  port.o(i.vPortExitCritical)
    i.vPortFree                              0x00002fd8   Section        0  heap_4.o(i.vPortFree)
    i.vPortYield                             0x00003028   Section        0  port.o(i.vPortYield)
    i.vTaskStartScheduler                    0x00003040   Section        0  tasks.o(i.vTaskStartScheduler)
    i.vTaskSuspendAll                        0x00003094   Section        0  tasks.o(i.vTaskSuspendAll)
    i.vTaskSwitchContext                     0x000030a4   Section        0  tasks.o(i.vTaskSwitchContext)
    i.xPortStartScheduler                    0x0000311c   Section        0  port.o(i.xPortStartScheduler)
    i.xQueueGenericCreate                    0x00003154   Section        0  queue.o(i.xQueueGenericCreate)
    i.xQueueGenericReset                     0x00003190   Section        0  queue.o(i.xQueueGenericReset)
    i.xTaskCreate                            0x00003208   Section        0  tasks.o(i.xTaskCreate)
    i.xTaskIncrementTick                     0x00003264   Section        0  tasks.o(i.xTaskIncrementTick)
    i.xTaskRemoveFromEventList               0x00003384   Section        0  tasks.o(i.xTaskRemoveFromEventList)
    i.xTaskResumeAll                         0x00003404   Section        0  tasks.o(i.xTaskResumeAll)
    locale$$code                             0x000034e4   Section       44  lc_ctype_c.o(locale$$code)
    .constdata                               0x00003510   Section       40  _printf_hex_int.o(.constdata)
    uc_hextab                                0x00003510   Data          20  _printf_hex_int.o(.constdata)
    lc_hextab                                0x00003524   Data          20  _printf_hex_int.o(.constdata)
    .constdata                               0x00003538   Section       17  __printf_flags_ss_wp.o(.constdata)
    maptable                                 0x00003538   Data          17  __printf_flags_ss_wp.o(.constdata)
    locale$$data                             0x0000356c   Section      272  lc_ctype_c.o(locale$$data)
    __lcctype_c_name                         0x00003570   Data           2  lc_ctype_c.o(locale$$data)
    __lcctype_c_start                        0x00003578   Data           0  lc_ctype_c.o(locale$$data)
    __lcctype_c_end                          0x0000367c   Data           0  lc_ctype_c.o(locale$$data)
    .data                                    0x20000000   Section       24  heap_4.o(.data)
    xStart                                   0x20000000   Data           8  heap_4.o(.data)
    pxEnd                                    0x20000008   Data           4  heap_4.o(.data)
    xFreeBytesRemaining                      0x2000000c   Data           4  heap_4.o(.data)
    xMinimumEverFreeBytesRemaining           0x20000010   Data           4  heap_4.o(.data)
    xBlockAllocatedBit                       0x20000014   Data           4  heap_4.o(.data)
    .data                                    0x20000018   Section        4  port.o(.data)
    uxCriticalNesting                        0x20000018   Data           4  port.o(.data)
    .data                                    0x2000001c   Section       60  tasks.o(.data)
    pxDelayedTaskList                        0x20000020   Data           4  tasks.o(.data)
    pxOverflowDelayedTaskList                0x20000024   Data           4  tasks.o(.data)
    uxDeletedTasksWaitingCleanUp             0x20000028   Data           4  tasks.o(.data)
    uxCurrentNumberOfTasks                   0x2000002c   Data           4  tasks.o(.data)
    xTickCount                               0x20000030   Data           4  tasks.o(.data)
    uxTopReadyPriority                       0x20000034   Data           4  tasks.o(.data)
    xSchedulerRunning                        0x20000038   Data           4  tasks.o(.data)
    uxPendedTicks                            0x2000003c   Data           4  tasks.o(.data)
    xYieldPending                            0x20000040   Data           4  tasks.o(.data)
    xNumOfOverflows                          0x20000044   Data           4  tasks.o(.data)
    uxTaskNumber                             0x20000048   Data           4  tasks.o(.data)
    xNextTaskUnblockTime                     0x2000004c   Data           4  tasks.o(.data)
    xIdleTaskHandle                          0x20000050   Data           4  tasks.o(.data)
    uxSchedulerSuspended                     0x20000054   Data           4  tasks.o(.data)
    .data                                    0x20000058   Section       12  system_fm33lc0xx.o(.data)
    .data                                    0x20000064   Section        4  at24cxxdataloader.o(.data)
    .data                                    0x20000068   Section        8  check_xthf_or_xtlf.o(.data)
    .data                                    0x20000070   Section       24  rtc.o(.data)
    IsWriteRTCFlag                           0x20000074   Data           1  rtc.o(.data)
    .data                                    0x20000088   Section      432  rtc_settime.o(.data)
    .data                                    0x20000238   Section      320  settime.o(.data)
    .data                                    0x20000378   Section      141  at24c02.o(.data)
    .data                                    0x20000408   Section        4  main.o(.data)
    .bss                                     0x2000040c   Section    17408  heap_4.o(.bss)
    ucHeap                                   0x2000040c   Data       17408  heap_4.o(.bss)
    .bss                                     0x2000480c   Section      200  tasks.o(.bss)
    pxReadyTasksLists                        0x2000480c   Data         100  tasks.o(.bss)
    xDelayedTaskList1                        0x20004870   Data          20  tasks.o(.bss)
    xDelayedTaskList2                        0x20004884   Data          20  tasks.o(.bss)
    xPendingReadyList                        0x20004898   Data          20  tasks.o(.bss)
    xTasksWaitingTermination                 0x200048ac   Data          20  tasks.o(.bss)
    xSuspendedTaskList                       0x200048c0   Data          20  tasks.o(.bss)
    .bss                                     0x200048d4   Section       48  at24c02.o(.bss)
    .bss                                     0x20004904   Section       96  libspace.o(.bss)
    HEAP                                     0x20004968   Section     2048  startup_fm33lc0xx.o(HEAP)
    Heap_Mem                                 0x20004968   Data        2048  startup_fm33lc0xx.o(HEAP)
    STACK                                    0x20005168   Section     2048  startup_fm33lc0xx.o(STACK)
    Stack_Mem                                0x20005168   Data        2048  startup_fm33lc0xx.o(STACK)
    __initial_sp                             0x20005968   Data           0  startup_fm33lc0xx.o(STACK)

    Global Symbols

    Symbol Name                              Value     Ov Type        Size  Object(Section)

    BuildAttributes$$THM_ISAv3M$S$PE$A:L22$X:L11$S22$IEEE1$IW$USESV6$~STKCKD$USESV7$~SHL$OTIME$ROPI$IEEEX$EBA8$UX$STANDARDLIB$REQ8$PRES8$EABIv2 0x00000000   Number         0  anon$$obj.o ABSOLUTE
    __ARM_use_no_argv                        0x00000000   Number         0  main.o ABSOLUTE
    __Vectors                                0x00000000   Data           4  startup_fm33lc0xx.o(RESET)
    _printf_flags                            0x00000000   Number         0  printf_stubs.o ABSOLUTE
    _printf_return_value                     0x00000000   Number         0  printf_stubs.o ABSOLUTE
    _printf_sizespec                         0x00000000   Number         0  printf_stubs.o ABSOLUTE
    _printf_widthprec                        0x00000000   Number         0  printf_stubs.o ABSOLUTE
    __ARM_exceptions_init                     - Undefined Weak Reference
    __alloca_initialize                       - Undefined Weak Reference
    __arm_fini_                               - Undefined Weak Reference
    __arm_preinit_                            - Undefined Weak Reference
    __cpp_initialize__aeabi_                  - Undefined Weak Reference
    __cxa_finalize                            - Undefined Weak Reference
    __sigvec_lookup                           - Undefined Weak Reference
    _atexit_init                              - Undefined Weak Reference
    _call_atexit_fns                          - Undefined Weak Reference
    _clock_init                               - Undefined Weak Reference
    _fp_trap_init                             - Undefined Weak Reference
    _fp_trap_shutdown                         - Undefined Weak Reference
    _get_lc_collate                           - Undefined Weak Reference
    _get_lc_monetary                          - Undefined Weak Reference
    _get_lc_time                              - Undefined Weak Reference
    _getenv_init                              - Undefined Weak Reference
    _handle_redirection                       - Undefined Weak Reference
    _init_alloc                               - Undefined Weak Reference
    _init_user_alloc                          - Undefined Weak Reference
    _initio                                   - Undefined Weak Reference
    _printf_truncate_unsigned                 - Undefined Weak Reference
    _rand_init                                - Undefined Weak Reference
    _scanf_longlong                           - Undefined Weak Reference
    _scanf_mbtowc                             - Undefined Weak Reference
    _scanf_string                             - Undefined Weak Reference
    _scanf_wctomb                             - Undefined Weak Reference
    _scanf_wstring                            - Undefined Weak Reference
    _signal_finish                            - Undefined Weak Reference
    _signal_init                              - Undefined Weak Reference
    _terminate_alloc                          - Undefined Weak Reference
    _terminate_user_alloc                     - Undefined Weak Reference
    _terminateio                              - Undefined Weak Reference
    __Vectors_End                            0x000000c0   Data           0  startup_fm33lc0xx.o(RESET)
    __Vectors_Size                           0x000000c0   Number         0  startup_fm33lc0xx.o ABSOLUTE
    __main                                   0x000000c1   Thumb Code     8  __main.o(!!!main)
    __scatterload                            0x000000c9   Thumb Code     0  __scatter.o(!!!scatter)
    __scatterload_rt2                        0x000000c9   Thumb Code    52  __scatter.o(!!!scatter)
    __scatterload_rt2_thumb_only             0x000000c9   Thumb Code     0  __scatter.o(!!!scatter)
    __scatterload_null                       0x000000d9   Thumb Code     0  __scatter.o(!!!scatter)
    __scatterload_zeroinit                   0x00000105   Thumb Code    28  __scatter_zi.o(!!handler_zi)
    _printf_percent                          0x00000121   Thumb Code     0  _printf_percent.o(.ARM.Collect$$_printf_percent$$00000000)
    _printf_x                                0x00000123   Thumb Code     0  _printf_x.o(.ARM.Collect$$_printf_percent$$0000000C)
    _printf_percent_end                      0x0000012d   Thumb Code     0  _printf_percent_end.o(.ARM.Collect$$_printf_percent$$00000017)
    __rt_lib_init                            0x00000131   Thumb Code     0  libinit.o(.ARM.Collect$$libinit$$00000000)
    __rt_lib_init_fp_1                       0x00000133   Thumb Code     0  libinit2.o(.ARM.Collect$$libinit$$00000002)
    __rt_lib_init_heap_1                     0x00000133   Thumb Code     0  libinit2.o(.ARM.Collect$$libinit$$0000000A)
    __rt_lib_init_lc_common                  0x00000133   Thumb Code     0  libinit2.o(.ARM.Collect$$libinit$$0000000F)
    __rt_lib_init_preinit_1                  0x00000133   Thumb Code     0  libinit2.o(.ARM.Collect$$libinit$$00000004)
    __rt_lib_init_rand_1                     0x00000133   Thumb Code     0  libinit2.o(.ARM.Collect$$libinit$$0000000E)
    __rt_lib_init_user_alloc_1               0x00000133   Thumb Code     0  libinit2.o(.ARM.Collect$$libinit$$0000000C)
    __rt_lib_init_lc_collate_1               0x00000139   Thumb Code     0  libinit2.o(.ARM.Collect$$libinit$$00000011)
    __rt_lib_init_lc_ctype_2                 0x00000139   Thumb Code     0  libinit2.o(.ARM.Collect$$libinit$$00000012)
    __rt_lib_init_alloca_1                   0x00000145   Thumb Code     0  libinit2.o(.ARM.Collect$$libinit$$0000002E)
    __rt_lib_init_argv_1                     0x00000145   Thumb Code     0  libinit2.o(.ARM.Collect$$libinit$$0000002C)
    __rt_lib_init_atexit_1                   0x00000145   Thumb Code     0  libinit2.o(.ARM.Collect$$libinit$$0000001B)
    __rt_lib_init_clock_1                    0x00000145   Thumb Code     0  libinit2.o(.ARM.Collect$$libinit$$00000021)
    __rt_lib_init_cpp_1                      0x00000145   Thumb Code     0  libinit2.o(.ARM.Collect$$libinit$$00000032)
    __rt_lib_init_exceptions_1               0x00000145   Thumb Code     0  libinit2.o(.ARM.Collect$$libinit$$00000030)
    __rt_lib_init_fp_trap_1                  0x00000145   Thumb Code     0  libinit2.o(.ARM.Collect$$libinit$$0000001F)
    __rt_lib_init_getenv_1                   0x00000145   Thumb Code     0  libinit2.o(.ARM.Collect$$libinit$$00000023)
    __rt_lib_init_lc_ctype_1                 0x00000145   Thumb Code     0  libinit2.o(.ARM.Collect$$libinit$$00000013)
    __rt_lib_init_lc_monetary_1              0x00000145   Thumb Code     0  libinit2.o(.ARM.Collect$$libinit$$00000015)
    __rt_lib_init_lc_numeric_1               0x00000145   Thumb Code     0  libinit2.o(.ARM.Collect$$libinit$$00000017)
    __rt_lib_init_lc_time_1                  0x00000145   Thumb Code     0  libinit2.o(.ARM.Collect$$libinit$$00000019)
    __rt_lib_init_return                     0x00000145   Thumb Code     0  libinit2.o(.ARM.Collect$$libinit$$00000033)
    __rt_lib_init_signal_1                   0x00000145   Thumb Code     0  libinit2.o(.ARM.Collect$$libinit$$0000001D)
    __rt_lib_init_stdio_1                    0x00000145   Thumb Code     0  libinit2.o(.ARM.Collect$$libinit$$00000025)
    __rt_lib_shutdown                        0x00000147   Thumb Code     0  libshutdown.o(.ARM.Collect$$libshutdown$$00000000)
    __rt_lib_shutdown_cpp_1                  0x00000149   Thumb Code     0  libshutdown2.o(.ARM.Collect$$libshutdown$$00000004)
    __rt_lib_shutdown_fini_1                 0x00000149   Thumb Code     0  libshutdown2.o(.ARM.Collect$$libshutdown$$00000002)
    __rt_lib_shutdown_fp_trap_1              0x00000149   Thumb Code     0  libshutdown2.o(.ARM.Collect$$libshutdown$$00000009)
    __rt_lib_shutdown_heap_1                 0x00000149   Thumb Code     0  libshutdown2.o(.ARM.Collect$$libshutdown$$00000011)
    __rt_lib_shutdown_return                 0x00000149   Thumb Code     0  libshutdown2.o(.ARM.Collect$$libshutdown$$00000012)
    __rt_lib_shutdown_signal_1               0x00000149   Thumb Code     0  libshutdown2.o(.ARM.Collect$$libshutdown$$0000000C)
    __rt_lib_shutdown_stdio_1                0x00000149   Thumb Code     0  libshutdown2.o(.ARM.Collect$$libshutdown$$00000006)
    __rt_lib_shutdown_user_alloc_1           0x00000149   Thumb Code     0  libshutdown2.o(.ARM.Collect$$libshutdown$$0000000E)
    __rt_entry                               0x0000014b   Thumb Code     0  __rtentry.o(.ARM.Collect$$rtentry$$00000000)
    __rt_entry_presh_1                       0x0000014b   Thumb Code     0  __rtentry2.o(.ARM.Collect$$rtentry$$00000002)
    __rt_entry_sh                            0x0000014b   Thumb Code     0  __rtentry4.o(.ARM.Collect$$rtentry$$00000004)
    __rt_entry_li                            0x00000151   Thumb Code     0  __rtentry2.o(.ARM.Collect$$rtentry$$0000000A)
    __rt_entry_postsh_1                      0x00000151   Thumb Code     0  __rtentry2.o(.ARM.Collect$$rtentry$$00000009)
    __rt_entry_main                          0x00000155   Thumb Code     0  __rtentry2.o(.ARM.Collect$$rtentry$$0000000D)
    __rt_entry_postli_1                      0x00000155   Thumb Code     0  __rtentry2.o(.ARM.Collect$$rtentry$$0000000C)
    __rt_exit                                0x0000015d   Thumb Code     0  rtexit.o(.ARM.Collect$$rtexit$$00000000)
    __rt_exit_ls                             0x0000015f   Thumb Code     0  rtexit2.o(.ARM.Collect$$rtexit$$00000003)
    __rt_exit_prels_1                        0x0000015f   Thumb Code     0  rtexit2.o(.ARM.Collect$$rtexit$$00000002)
    __rt_exit_exit                           0x00000163   Thumb Code     0  rtexit2.o(.ARM.Collect$$rtexit$$00000004)
    __asm___6_port_c_39a90d8d__prvPortStartFirstTask 0x00000169   Thumb Code    36  port.o(.emb_text)
    ulSetInterruptMaskFromISR                0x00000191   Thumb Code     8  port.o(.emb_text)
    vClearInterruptMaskFromISR               0x00000199   Thumb Code     6  port.o(.emb_text)
    PendSV_Handler                           0x0000019f   Thumb Code    62  port.o(.emb_text)
    __aeabi_memcpy4                          0x000001e1   Thumb Code    56  rt_memcpy.o(.emb_text)
    __aeabi_memcpy8                          0x000001e1   Thumb Code     0  rt_memcpy.o(.emb_text)
    Reset_Handler                            0x00000219   Thumb Code     8  startup_fm33lc0xx.o(.text)
    NMI_Handler                              0x00000221   Thumb Code     2  startup_fm33lc0xx.o(.text)
    HardFault_Handler                        0x00000223   Thumb Code     2  startup_fm33lc0xx.o(.text)
    ADC_IRQHandler                           0x0000022b   Thumb Code     0  startup_fm33lc0xx.o(.text)
    AES_IRQHandler                           0x0000022b   Thumb Code     0  startup_fm33lc0xx.o(.text)
    ATIM_IRQHandler                          0x0000022b   Thumb Code     0  startup_fm33lc0xx.o(.text)
    COMPx_IRQHandler                         0x0000022b   Thumb Code     0  startup_fm33lc0xx.o(.text)
    DMA_IRQHandler                           0x0000022b   Thumb Code     0  startup_fm33lc0xx.o(.text)
    FLASH_IRQHandler                         0x0000022b   Thumb Code     0  startup_fm33lc0xx.o(.text)
    GPIO_IRQHandler                          0x0000022b   Thumb Code     0  startup_fm33lc0xx.o(.text)
    GPTIM0_IRQHandler                        0x0000022b   Thumb Code     0  startup_fm33lc0xx.o(.text)
    GPTIM1_IRQHandler                        0x0000022b   Thumb Code     0  startup_fm33lc0xx.o(.text)
    HFDET_IRQHandler                         0x0000022b   Thumb Code     0  startup_fm33lc0xx.o(.text)
    I2C_IRQHandler                           0x0000022b   Thumb Code     0  startup_fm33lc0xx.o(.text)
    IWDT_IRQHandler                          0x0000022b   Thumb Code     0  startup_fm33lc0xx.o(.text)
    LCD_IRQHandler                           0x0000022b   Thumb Code     0  startup_fm33lc0xx.o(.text)
    LPUART0_IRQHandler                       0x0000022b   Thumb Code     0  startup_fm33lc0xx.o(.text)
    LPUART1_IRQHandler                       0x0000022b   Thumb Code     0  startup_fm33lc0xx.o(.text)
    OPAx_IRQHandler                          0x0000022b   Thumb Code     0  startup_fm33lc0xx.o(.text)
    SPI1_IRQHandler                          0x0000022b   Thumb Code     0  startup_fm33lc0xx.o(.text)
    SPI2_IRQHandler                          0x0000022b   Thumb Code     0  startup_fm33lc0xx.o(.text)
    SVD_IRQHandler                           0x0000022b   Thumb Code     0  startup_fm33lc0xx.o(.text)
    U7816_IRQHandler                         0x0000022b   Thumb Code     0  startup_fm33lc0xx.o(.text)
    UART0_IRQHandler                         0x0000022b   Thumb Code     0  startup_fm33lc0xx.o(.text)
    UART1_IRQHandler                         0x0000022b   Thumb Code     0  startup_fm33lc0xx.o(.text)
    UART4_IRQHandler                         0x0000022b   Thumb Code     0  startup_fm33lc0xx.o(.text)
    UART5_IRQHandler                         0x0000022b   Thumb Code     0  startup_fm33lc0xx.o(.text)
    USB_IRQHandler                           0x0000022b   Thumb Code     0  startup_fm33lc0xx.o(.text)
    VREF_IRQHandler                          0x0000022b   Thumb Code     0  startup_fm33lc0xx.o(.text)
    WKUP_IRQHandler                          0x0000022b   Thumb Code     0  startup_fm33lc0xx.o(.text)
    WWDT_IRQHandler                          0x0000022b   Thumb Code     0  startup_fm33lc0xx.o(.text)
    __user_initial_stackheap                 0x0000022d   Thumb Code     0  startup_fm33lc0xx.o(.text)
    __aeabi_lmul                             0x00000251   Thumb Code    48  llmul.o(.text)
    _ll_mul                                  0x00000251   Thumb Code     0  llmul.o(.text)
    __aeabi_uldivmod                         0x00000281   Thumb Code   258  lludiv.o(.text)
    _ll_udiv                                 0x00000281   Thumb Code     0  lludiv.o(.text)
    __2sprintf                               0x00000385   Thumb Code    36  noretval__2sprintf.o(.text)
    _printf_pre_padding                      0x000003ad   Thumb Code    44  _printf_pad.o(.text)
    _printf_post_padding                     0x000003d9   Thumb Code    34  _printf_pad.o(.text)
    _printf_int_hex                          0x000003fd   Thumb Code    84  _printf_hex_int.o(.text)
    _printf_longlong_hex                     0x000003fd   Thumb Code     0  _printf_hex_int.o(.text)
    __printf                                 0x00000455   Thumb Code   386  __printf_flags_ss_wp.o(.text)
    __0sscanf                                0x000005dd   Thumb Code    54  __0sscanf.o(.text)
    _scanf_int                               0x0000061d   Thumb Code   330  _scanf_int.o(.text)
    strlen                                   0x00000769   Thumb Code    62  strlen.o(.text)
    _memset_w                                0x000007ad   Thumb Code    26  rt_memclr.o(.text)
    _memset                                  0x000007c7   Thumb Code    30  rt_memclr.o(.text)
    __aeabi_memclr                           0x000007e5   Thumb Code     4  rt_memclr.o(.text)
    __rt_memclr                              0x000007e5   Thumb Code     0  rt_memclr.o(.text)
    __aeabi_memclr4                          0x000007e9   Thumb Code     0  rt_memclr.o(.text)
    __aeabi_memclr8                          0x000007e9   Thumb Code     0  rt_memclr.o(.text)
    __rt_memclr_w                            0x000007e9   Thumb Code     4  rt_memclr.o(.text)
    __aeabi_uidiv                            0x000007ed   Thumb Code     0  aeabi_sdiv.o(.text)
    __aeabi_uidivmod                         0x000007ed   Thumb Code    20  aeabi_sdiv.o(.text)
    __aeabi_idiv                             0x00000801   Thumb Code     0  aeabi_sdiv.o(.text)
    __aeabi_idivmod                          0x00000801   Thumb Code   326  aeabi_sdiv.o(.text)
    __use_two_region_memory                  0x00000947   Thumb Code     2  heapauxi.o(.text)
    __rt_heap_escrow$2region                 0x00000949   Thumb Code     2  heapauxi.o(.text)
    __rt_heap_expand$2region                 0x0000094b   Thumb Code     2  heapauxi.o(.text)
    _printf_int_common                       0x0000094d   Thumb Code   176  _printf_intcommon.o(.text)
    _printf_char_common                      0x00000a07   Thumb Code    32  _printf_char_common.o(.text)
    _sputc                                   0x00000a2d   Thumb Code    10  _sputc.o(.text)
    _chval                                   0x00000a37   Thumb Code    30  _chval.o(.text)
    __vfscanf_char                           0x00000a61   Thumb Code    28  scanf_char.o(.text)
    _sgetc                                   0x00000a85   Thumb Code    32  _sgetc.o(.text)
    _sbackspace                              0x00000aa5   Thumb Code    36  _sgetc.o(.text)
    __rt_locale                              0x00000ac9   Thumb Code     8  rt_locale_intlibspace.o(.text)
    isspace                                  0x00000ad1   Thumb Code    18  isspace.o(.text)
    __vfscanf                                0x00000ae5   Thumb Code   900  _scanf.o(.text)
    __user_libspace                          0x00000e79   Thumb Code     8  libspace.o(.text)
    __user_perproc_libspace                  0x00000e79   Thumb Code     0  libspace.o(.text)
    __user_perthread_libspace                0x00000e79   Thumb Code     0  libspace.o(.text)
    __user_setup_stackheap                   0x00000e81   Thumb Code    62  sys_stackheap_outer.o(.text)
    __rt_ctype_table                         0x00000ec1   Thumb Code    16  rt_ctype_table.o(.text)
    exit                                     0x00000ed1   Thumb Code    16  exit.o(.text)
    strcmp                                   0x00000ee1   Thumb Code   132  strcmp.o(.text)
    _sys_exit                                0x00000f69   Thumb Code     8  sys_exit.o(.text)
    __I$use$semihosting                      0x00000f75   Thumb Code     0  use_no_semi.o(.text)
    __use_no_semihosting_swi                 0x00000f75   Thumb Code     2  use_no_semi.o(.text)
    __decompress                             0x00000f77   Thumb Code     0  __dczerorl2.o(.text)
    __decompress1                            0x00000f77   Thumb Code    86  __dczerorl2.o(.text)
    __semihosting_library_function           0x00000f77   Thumb Code     0  indicate_semi.o(.text)
    AAA_ADD                                  0x00000fcd   Thumb Code     2  main.o(i.AAA_ADD)
    AT24CXXLoader_Init                       0x00000fd1   Thumb Code    84  at24cxxdataloader.o(i.AT24CXXLoader_Init)
    BSTIM_IRQHandler                         0x00001031   Thumb Code    38  bstim.o(i.BSTIM_IRQHandler)
    CheckMeterNum                            0x0000105d   Thumb Code     2  define.o(i.CheckMeterNum)
    Check_Date_ByHEX                         0x00001061   Thumb Code   268  rtc.o(i.Check_Date_ByHEX)
    Check_Time_ByHEX                         0x00001179   Thumb Code    92  rtc.o(i.Check_Time_ByHEX)
    Config_Init_XTHF_And_XTLF                0x000011d5   Thumb Code     8  check_xthf_or_xtlf.o(i.Config_Init_XTHF_And_XTLF)
    CountRTCTask                             0x000011dd   Thumb Code   122  rtc_settime.o(i.CountRTCTask)
    CountSetTimeTask                         0x0000125d   Thumb Code   122  settime.o(i.CountSetTimeTask)
    Device_Init                              0x000012dd   Thumb Code    22  define.o(i.Device_Init)
    EEprom_AT24C0XXData_Read                 0x000012f9   Thumb Code    24  at24c02.o(i.EEprom_AT24C0XXData_Read)
    EEprom_AT24C0XXData_Write                0x00001315   Thumb Code    24  at24c02.o(i.EEprom_AT24C0XXData_Write)
    EEprom_AT24CXX_Parameter_Init            0x00001331   Thumb Code   100  at24c02.o(i.EEprom_AT24CXX_Parameter_Init)
    EEprom_Byte1Read                         0x00001399   Thumb Code   102  at24c02.o(i.EEprom_Byte1Read)
    EEprom_Byte1Read_No_Check                0x00001405   Thumb Code   112  at24c02.o(i.EEprom_Byte1Read_No_Check)
    EEprom_Byte1Write                        0x00001475   Thumb Code    60  at24c02.o(i.EEprom_Byte1Write)
    EEprom_Byte1Write_No_Check               0x000014b5   Thumb Code    80  at24c02.o(i.EEprom_Byte1Write_No_Check)
    EEprom_Read_Start                        0x00001505   Thumb Code    32  at24c02.o(i.EEprom_Read_Start)
    EEprom_Write_Start                       0x0000158d   Thumb Code    42  at24c02.o(i.EEprom_Write_Start)
    FL_DelayInit                             0x000015b9   Thumb Code    26  fm33lc0xx_fl.o(i.FL_DelayInit)
    FL_DelayMs                               0x000015d9   Thumb Code    24  fm33lc0xx_fl.o(i.FL_DelayMs)
    FL_DelayUs                               0x000015f1   Thumb Code    56  fm33lc0xx_fl.o(i.FL_DelayUs)
    FL_GPIO_Init                             0x00001691   Thumb Code   418  fm33lc0xx_fl_gpio.o(i.FL_GPIO_Init)
    FL_Init                                  0x00001867   Thumb Code     8  fm33lc0xx_fl.o(i.FL_Init)
    FL_NVIC_Init                             0x00001871   Thumb Code    68  fm33lc0xx_fl.o(i.FL_NVIC_Init)
    FL_RTC_ConfigTime                        0x000018cd   Thumb Code   120  fm33lc0xx_fl_rtc.o(i.FL_RTC_ConfigTime)
    FL_RTC_GetTime                           0x0000194d   Thumb Code    74  fm33lc0xx_fl_rtc.o(i.FL_RTC_GetTime)
    FL_RTC_Init                              0x00001999   Thumb Code    56  fm33lc0xx_fl_rtc.o(i.FL_RTC_Init)
    IIC_Check_Ack                            0x000019d9   Thumb Code    70  at24c02.o(i.IIC_Check_Ack)
    IIC_RevByte                              0x00001a25   Thumb Code   102  at24c02.o(i.IIC_RevByte)
    IIC_SendByte                             0x00001a91   Thumb Code   100  at24c02.o(i.IIC_SendByte)
    IIC_SendNoAck                            0x00001af9   Thumb Code    66  at24c02.o(i.IIC_SendNoAck)
    IIC_Start                                0x00001b41   Thumb Code    78  at24c02.o(i.IIC_Start)
    IIC_Stop                                 0x00001b95   Thumb Code    66  at24c02.o(i.IIC_Stop)
    LFDET_IRQHandler                         0x00001bdd   Thumb Code    56  check_xthf_or_xtlf.o(i.LFDET_IRQHandler)
    LPCountSetTimeTask                       0x00001c25   Thumb Code   122  settime.o(i.LPCountSetTimeTask)
    LPTIM_IRQHandler                         0x00001ca5   Thumb Code    46  lptim32.o(i.LPTIM_IRQHandler)
    MF_Clock_Init                            0x00001ce1   Thumb Code     2  mf_config.o(i.MF_Clock_Init)
    MF_Config_Init                           0x00001ce3   Thumb Code    18  mf_config.o(i.MF_Config_Init)
    MF_GPIO_Init                             0x00001cf5   Thumb Code    36  mf_config.o(i.MF_GPIO_Init)
    MF_RTC_1S_Init                           0x00001d1d   Thumb Code    44  rtc.o(i.MF_RTC_1S_Init)
    New_Str_Obj                              0x00001dcd   Thumb Code    42  strlib.o(i.New_Str_Obj)
    RTC_IRQHandler                           0x00001e55   Thumb Code   140  rtc.o(i.RTC_IRQHandler)
    RTC_IRQ_Second                           0x00001ef1   Thumb Code    46  rtc.o(i.RTC_IRQ_Second)
    RTC_SetRTC                               0x00001f29   Thumb Code    74  rtc.o(i.RTC_SetRTC)
    SVC_Handler                              0x00001f7d   Thumb Code     2  port.o(i.SVC_Handler)
    StartOPenDevMode                         0x00001f7f   Thumb Code     8  define.o(i.StartOPenDevMode)
    SysTick_Handler                          0x00001f89   Thumb Code    32  port.o(i.SysTick_Handler)
    SystemCoreClockUpdate                    0x00001fad   Thumb Code   348  system_fm33lc0xx.o(i.SystemCoreClockUpdate)
    SystemInit                               0x0000213d   Thumb Code   270  system_fm33lc0xx.o(i.SystemInit)
    XTLF_Config_Init                         0x00002325   Thumb Code    32  check_xthf_or_xtlf.o(i.XTLF_Config_Init)
    _EC20_ReBoot_In_RTC_By_1Second           0x00002349   Thumb Code     8  rtc.o(i._EC20_ReBoot_In_RTC_By_1Second)
    _RTC_ReBoot_Check                        0x0000248d   Thumb Code    68  rtc.o(i._RTC_ReBoot_Check)
    __ARM_common_switch8                     0x00002511   Thumb Code    28  tasks.o(i.__ARM_common_switch8)
    _getStrlen                               0x0000252d   Thumb Code    24  strlib.o(i._getStrlen)
    _is_digit                                0x00002545   Thumb Code    14  __printf_wp.o(i._is_digit)
    _strnewInit                              0x00002555   Thumb Code     8  strlib.o(i._strnewInit)
    anyBaseToAnyBase                         0x00002561   Thumb Code   298  numberbaselib.o(i.anyBaseToAnyBase)
    changeModeForT                           0x0000268d   Thumb Code   186  at24c02.o(i.changeModeForT)
    checkTimeFrom                            0x00002755   Thumb Code    74  at24cxxdataloader.o(i.checkTimeFrom)
    getDayOfWeek                             0x00002859   Thumb Code   206  rtc.o(i.getDayOfWeek)
    getStrNowDataAndTimeByRTC                0x00002929   Thumb Code    40  rtc.o(i.getStrNowDataAndTimeByRTC)
    getStrUserTime                           0x00002959   Thumb Code    42  rtc.o(i.getStrUserTime)
    main                                     0x000029a5   Thumb Code    78  main.o(i.main)
    pvPortMalloc                             0x00002d7d   Thumb Code   190  heap_4.o(i.pvPortMalloc)
    pxPortInitialiseStack                    0x00002e51   Thumb Code    26  port.o(i.pxPortInitialiseStack)
    setRtcDate                               0x00002e71   Thumb Code   180  rtc.o(i.setRtcDate)
    uxListRemove                             0x00002f41   Thumb Code    40  list.o(i.uxListRemove)
    vListInitialise                          0x00002f69   Thumb Code    26  list.o(i.vListInitialise)
    vListInitialiseItem                      0x00002f83   Thumb Code     6  list.o(i.vListInitialiseItem)
    vListInsertEnd                           0x00002f89   Thumb Code    24  list.o(i.vListInsertEnd)
    vPortEnterCritical                       0x00002fa1   Thumb Code    22  port.o(i.vPortEnterCritical)
    vPortExitCritical                        0x00002fbd   Thumb Code    22  port.o(i.vPortExitCritical)
    vPortFree                                0x00002fd9   Thumb Code    70  heap_4.o(i.vPortFree)
    vPortYield                               0x00003029   Thumb Code    18  port.o(i.vPortYield)
    vTaskStartScheduler                      0x00003041   Thumb Code    56  tasks.o(i.vTaskStartScheduler)
    vTaskSuspendAll                          0x00003095   Thumb Code    12  tasks.o(i.vTaskSuspendAll)
    vTaskSwitchContext                       0x000030a5   Thumb Code    98  tasks.o(i.vTaskSwitchContext)
    xPortStartScheduler                      0x0000311d   Thumb Code    48  port.o(i.xPortStartScheduler)
    xQueueGenericCreate                      0x00003155   Thumb Code    60  queue.o(i.xQueueGenericCreate)
    xQueueGenericReset                       0x00003191   Thumb Code   120  queue.o(i.xQueueGenericReset)
    xTaskCreate                              0x00003209   Thumb Code    92  tasks.o(i.xTaskCreate)
    xTaskIncrementTick                       0x00003265   Thumb Code   242  tasks.o(i.xTaskIncrementTick)
    xTaskRemoveFromEventList                 0x00003385   Thumb Code   102  tasks.o(i.xTaskRemoveFromEventList)
    xTaskResumeAll                           0x00003405   Thumb Code   192  tasks.o(i.xTaskResumeAll)
    _get_lc_ctype                            0x000034e5   Thumb Code    44  lc_ctype_c.o(locale$$code)
    Region$$Table$$Base                      0x0000354c   Number         0  anon$$obj.o(Region$$Table)
    Region$$Table$$Limit                     0x0000356c   Number         0  anon$$obj.o(Region$$Table)
    __ctype                                  0x00003579   Data           0  lc_ctype_c.o(locale$$data)
    pxCurrentTCB                             0x2000001c   Data           4  tasks.o(.data)
    XTLFClock                                0x20000058   Data           4  system_fm33lc0xx.o(.data)
    XTHFClock                                0x2000005c   Data           4  system_fm33lc0xx.o(.data)
    SystemCoreClock                          0x20000060   Data           4  system_fm33lc0xx.o(.data)
    _AT24CXX_Manager_NET                     0x20000064   Data           4  at24cxxdataloader.o(.data)
    XTClock_CheckTask                        0x20000068   Data           8  check_xthf_or_xtlf.o(.data)
    _RTC_Date                                0x20000070   Data           4  rtc.o(.data)
    Reboot                                   0x20000078   Data          16  rtc.o(.data)
    RTC_TASK                                 0x20000088   Data         432  rtc_settime.o(.data)
    SetTime                                  0x20000238   Data         112  settime.o(.data)
    SetLPTime                                0x200002a8   Data         208  settime.o(.data)
    HY_FLAG                                  0x20000378   Data           4  at24c02.o(.data)
    AT24CXX_Manager                          0x2000037c   Data         136  at24c02.o(.data)
    EEprom_Err_Flage                         0x20000404   Data           1  at24c02.o(.data)
    gpioSemaphore                            0x20000408   Data           4  main.o(.data)
    ModeFor_Now_InsideTSet                   0x200048d4   Data          48  at24c02.o(.bss)
    __libspace_start                         0x20004904   Data          96  libspace.o(.bss)
    __temporary_stack_top$libspace           0x20004964   Data           0  libspace.o(.bss)



==============================================================================

Memory Map of the image

  Image Entry point : 0x000000c1

  Load Region LR_IROM1 (Base: 0x00000000, Size: 0x00003a88, Max: 0x00020000, ABSOLUTE, COMPRESSED[0x000036e0])

    Execution Region ER_IROM1 (Exec base: 0x00000000, Load base: 0x00000000, Size: 0x0000367c, Max: 0x00020000, ABSOLUTE)

    Exec Addr    Load Addr    Size         Type   Attr      Idx    E Section Name        Object

    0x00000000   0x00000000   0x000000c0   Data   RO         2749    RESET               startup_fm33lc0xx.o
    0x000000c0   0x000000c0   0x00000008   Code   RO         4152  * !!!main             c_p.l(__main.o)
    0x000000c8   0x000000c8   0x0000003c   Code   RO         4500    !!!scatter          c_p.l(__scatter.o)
    0x00000104   0x00000104   0x0000001c   Code   RO         4502    !!handler_zi        c_p.l(__scatter_zi.o)
    0x00000120   0x00000120   0x00000002   Code   RO         4129    .ARM.Collect$$_printf_percent$$00000000  c_p.l(_printf_percent.o)
    0x00000122   0x00000122   0x0000000a   Code   RO         4124    .ARM.Collect$$_printf_percent$$0000000C  c_p.l(_printf_x.o)
    0x0000012c   0x0000012c   0x00000004   Code   RO         4210    .ARM.Collect$$_printf_percent$$00000017  c_p.l(_printf_percent_end.o)
    0x00000130   0x00000130   0x00000002   Code   RO         4302    .ARM.Collect$$libinit$$00000000  c_p.l(libinit.o)
    0x00000132   0x00000132   0x00000000   Code   RO         4304    .ARM.Collect$$libinit$$00000002  c_p.l(libinit2.o)
    0x00000132   0x00000132   0x00000000   Code   RO         4306    .ARM.Collect$$libinit$$00000004  c_p.l(libinit2.o)
    0x00000132   0x00000132   0x00000000   Code   RO         4309    .ARM.Collect$$libinit$$0000000A  c_p.l(libinit2.o)
    0x00000132   0x00000132   0x00000000   Code   RO         4311    .ARM.Collect$$libinit$$0000000C  c_p.l(libinit2.o)
    0x00000132   0x00000132   0x00000000   Code   RO         4313    .ARM.Collect$$libinit$$0000000E  c_p.l(libinit2.o)
    0x00000132   0x00000132   0x00000006   Code   RO         4314    .ARM.Collect$$libinit$$0000000F  c_p.l(libinit2.o)
    0x00000138   0x00000138   0x00000000   Code   RO         4316    .ARM.Collect$$libinit$$00000011  c_p.l(libinit2.o)
    0x00000138   0x00000138   0x0000000c   Code   RO         4317    .ARM.Collect$$libinit$$00000012  c_p.l(libinit2.o)
    0x00000144   0x00000144   0x00000000   Code   RO         4318    .ARM.Collect$$libinit$$00000013  c_p.l(libinit2.o)
    0x00000144   0x00000144   0x00000000   Code   RO         4320    .ARM.Collect$$libinit$$00000015  c_p.l(libinit2.o)
    0x00000144   0x00000144   0x00000000   Code   RO         4322    .ARM.Collect$$libinit$$00000017  c_p.l(libinit2.o)
    0x00000144   0x00000144   0x00000000   Code   RO         4324    .ARM.Collect$$libinit$$00000019  c_p.l(libinit2.o)
    0x00000144   0x00000144   0x00000000   Code   RO         4326    .ARM.Collect$$libinit$$0000001B  c_p.l(libinit2.o)
    0x00000144   0x00000144   0x00000000   Code   RO         4328    .ARM.Collect$$libinit$$0000001D  c_p.l(libinit2.o)
    0x00000144   0x00000144   0x00000000   Code   RO         4330    .ARM.Collect$$libinit$$0000001F  c_p.l(libinit2.o)
    0x00000144   0x00000144   0x00000000   Code   RO         4332    .ARM.Collect$$libinit$$00000021  c_p.l(libinit2.o)
    0x00000144   0x00000144   0x00000000   Code   RO         4334    .ARM.Collect$$libinit$$00000023  c_p.l(libinit2.o)
    0x00000144   0x00000144   0x00000000   Code   RO         4336    .ARM.Collect$$libinit$$00000025  c_p.l(libinit2.o)
    0x00000144   0x00000144   0x00000000   Code   RO         4340    .ARM.Collect$$libinit$$0000002C  c_p.l(libinit2.o)
    0x00000144   0x00000144   0x00000000   Code   RO         4342    .ARM.Collect$$libinit$$0000002E  c_p.l(libinit2.o)
    0x00000144   0x00000144   0x00000000   Code   RO         4344    .ARM.Collect$$libinit$$00000030  c_p.l(libinit2.o)
    0x00000144   0x00000144   0x00000000   Code   RO         4346    .ARM.Collect$$libinit$$00000032  c_p.l(libinit2.o)
    0x00000144   0x00000144   0x00000002   Code   RO         4347    .ARM.Collect$$libinit$$00000033  c_p.l(libinit2.o)
    0x00000146   0x00000146   0x00000002   Code   RO         4428    .ARM.Collect$$libshutdown$$00000000  c_p.l(libshutdown.o)
    0x00000148   0x00000148   0x00000000   Code   RO         4462    .ARM.Collect$$libshutdown$$00000002  c_p.l(libshutdown2.o)
    0x00000148   0x00000148   0x00000000   Code   RO         4464    .ARM.Collect$$libshutdown$$00000004  c_p.l(libshutdown2.o)
    0x00000148   0x00000148   0x00000000   Code   RO         4466    .ARM.Collect$$libshutdown$$00000006  c_p.l(libshutdown2.o)
    0x00000148   0x00000148   0x00000000   Code   RO         4469    .ARM.Collect$$libshutdown$$00000009  c_p.l(libshutdown2.o)
    0x00000148   0x00000148   0x00000000   Code   RO         4472    .ARM.Collect$$libshutdown$$0000000C  c_p.l(libshutdown2.o)
    0x00000148   0x00000148   0x00000000   Code   RO         4474    .ARM.Collect$$libshutdown$$0000000E  c_p.l(libshutdown2.o)
    0x00000148   0x00000148   0x00000000   Code   RO         4477    .ARM.Collect$$libshutdown$$00000011  c_p.l(libshutdown2.o)
    0x00000148   0x00000148   0x00000002   Code   RO         4478    .ARM.Collect$$libshutdown$$00000012  c_p.l(libshutdown2.o)
    0x0000014a   0x0000014a   0x00000000   Code   RO         4188    .ARM.Collect$$rtentry$$00000000  c_p.l(__rtentry.o)
    0x0000014a   0x0000014a   0x00000000   Code   RO         4223    .ARM.Collect$$rtentry$$00000002  c_p.l(__rtentry2.o)
    0x0000014a   0x0000014a   0x00000006   Code   RO         4235    .ARM.Collect$$rtentry$$00000004  c_p.l(__rtentry4.o)
    0x00000150   0x00000150   0x00000000   Code   RO         4225    .ARM.Collect$$rtentry$$00000009  c_p.l(__rtentry2.o)
    0x00000150   0x00000150   0x00000004   Code   RO         4226    .ARM.Collect$$rtentry$$0000000A  c_p.l(__rtentry2.o)
    0x00000154   0x00000154   0x00000000   Code   RO         4228    .ARM.Collect$$rtentry$$0000000C  c_p.l(__rtentry2.o)
    0x00000154   0x00000154   0x00000008   Code   RO         4229    .ARM.Collect$$rtentry$$0000000D  c_p.l(__rtentry2.o)
    0x0000015c   0x0000015c   0x00000002   Code   RO         4351    .ARM.Collect$$rtexit$$00000000  c_p.l(rtexit.o)
    0x0000015e   0x0000015e   0x00000000   Code   RO         4385    .ARM.Collect$$rtexit$$00000002  c_p.l(rtexit2.o)
    0x0000015e   0x0000015e   0x00000004   Code   RO         4386    .ARM.Collect$$rtexit$$00000003  c_p.l(rtexit2.o)
    0x00000162   0x00000162   0x00000006   Code   RO         4387    .ARM.Collect$$rtexit$$00000004  c_p.l(rtexit2.o)
    0x00000168   0x00000168   0x00000078   Code   RO          288    .emb_text           port.o
    0x000001e0   0x000001e0   0x00000038   Code   RO         4140    .emb_text           c_p.l(rt_memcpy.o)
    0x00000218   0x00000218   0x00000038   Code   RO         2750    .text               startup_fm33lc0xx.o
    0x00000250   0x00000250   0x00000030   Code   RO         4071    .text               c_p.l(llmul.o)
    0x00000280   0x00000280   0x00000102   Code   RO         4073    .text               c_p.l(lludiv.o)
    0x00000382   0x00000382   0x00000002   PAD
    0x00000384   0x00000384   0x00000028   Code   RO         4077    .text               c_p.l(noretval__2sprintf.o)
    0x000003ac   0x000003ac   0x0000004e   Code   RO         4081    .text               c_p.l(_printf_pad.o)
    0x000003fa   0x000003fa   0x00000002   PAD
    0x000003fc   0x000003fc   0x00000058   Code   RO         4086    .text               c_p.l(_printf_hex_int.o)
    0x00000454   0x00000454   0x00000188   Code   RO         4121    .text               c_p.l(__printf_flags_ss_wp.o)
    0x000005dc   0x000005dc   0x00000040   Code   RO         4130    .text               c_p.l(__0sscanf.o)
    0x0000061c   0x0000061c   0x0000014a   Code   RO         4132    .text               c_p.l(_scanf_int.o)
    0x00000766   0x00000766   0x00000002   PAD
    0x00000768   0x00000768   0x00000044   Code   RO         4138    .text               c_p.l(strlen.o)
    0x000007ac   0x000007ac   0x00000040   Code   RO         4144    .text               c_p.l(rt_memclr.o)
    0x000007ec   0x000007ec   0x0000015a   Code   RO         4146    .text               c_p.l(aeabi_sdiv.o)
    0x00000946   0x00000946   0x00000006   Code   RO         4150    .text               c_p.l(heapauxi.o)
    0x0000094c   0x0000094c   0x000000b0   Code   RO         4199    .text               c_p.l(_printf_intcommon.o)
    0x000009fc   0x000009fc   0x00000030   Code   RO         4206    .text               c_p.l(_printf_char_common.o)
    0x00000a2c   0x00000a2c   0x0000000a   Code   RO         4208    .text               c_p.l(_sputc.o)
    0x00000a36   0x00000a36   0x0000001e   Code   RO         4211    .text               c_p.l(_chval.o)
    0x00000a54   0x00000a54   0x00000030   Code   RO         4213    .text               c_p.l(scanf_char.o)
    0x00000a84   0x00000a84   0x00000044   Code   RO         4215    .text               c_p.l(_sgetc.o)
    0x00000ac8   0x00000ac8   0x00000008   Code   RO         4242    .text               c_p.l(rt_locale_intlibspace.o)
    0x00000ad0   0x00000ad0   0x00000012   Code   RO         4251    .text               c_p.l(isspace.o)
    0x00000ae2   0x00000ae2   0x00000002   PAD
    0x00000ae4   0x00000ae4   0x00000394   Code   RO         4257    .text               c_p.l(_scanf.o)
    0x00000e78   0x00000e78   0x00000008   Code   RO         4279    .text               c_p.l(libspace.o)
    0x00000e80   0x00000e80   0x0000003e   Code   RO         4282    .text               c_p.l(sys_stackheap_outer.o)
    0x00000ebe   0x00000ebe   0x00000002   PAD
    0x00000ec0   0x00000ec0   0x00000010   Code   RO         4285    .text               c_p.l(rt_ctype_table.o)
    0x00000ed0   0x00000ed0   0x00000010   Code   RO         4289    .text               c_p.l(exit.o)
    0x00000ee0   0x00000ee0   0x00000088   Code   RO         4295    .text               c_p.l(strcmp.o)
    0x00000f68   0x00000f68   0x0000000c   Code   RO         4382    .text               c_p.l(sys_exit.o)
    0x00000f74   0x00000f74   0x00000002   Code   RO         4415    .text               c_p.l(use_no_semi.o)
    0x00000f76   0x00000f76   0x00000000   Code   RO         4417    .text               c_p.l(indicate_semi.o)
    0x00000f76   0x00000f76   0x00000056   Code   RO         4498    .text               c_p.l(__dczerorl2.o)
    0x00000fcc   0x00000fcc   0x00000002   Code   RO         3993    i.AAA_ADD           main.o
    0x00000fce   0x00000fce   0x00000002   PAD
    0x00000fd0   0x00000fd0   0x00000060   Code   RO         2813    i.AT24CXXLoader_Init  at24cxxdataloader.o
    0x00001030   0x00001030   0x0000002c   Code   RO         3872    i.BSTIM_IRQHandler  bstim.o
    0x0000105c   0x0000105c   0x00000002   Code   RO         2966    i.CheckMeterNum     define.o
    0x0000105e   0x0000105e   0x00000002   PAD
    0x00001060   0x00001060   0x00000118   Code   RO         3196    i.Check_Date_ByHEX  rtc.o
    0x00001178   0x00001178   0x0000005c   Code   RO         3197    i.Check_Time_ByHEX  rtc.o
    0x000011d4   0x000011d4   0x00000008   Code   RO         2894    i.Config_Init_XTHF_And_XTLF  check_xthf_or_xtlf.o
    0x000011dc   0x000011dc   0x00000080   Code   RO         3353    i.CountRTCTask      rtc_settime.o
    0x0000125c   0x0000125c   0x00000080   Code   RO         3400    i.CountSetTimeTask  settime.o
    0x000012dc   0x000012dc   0x0000001c   Code   RO         2967    i.Device_Init       define.o
    0x000012f8   0x000012f8   0x0000001c   Code   RO         3681    i.EEprom_AT24C0XXData_Read  at24c02.o
    0x00001314   0x00001314   0x0000001c   Code   RO         3682    i.EEprom_AT24C0XXData_Write  at24c02.o
    0x00001330   0x00001330   0x00000068   Code   RO         3683    i.EEprom_AT24CXX_Parameter_Init  at24c02.o
    0x00001398   0x00001398   0x0000006c   Code   RO         3684    i.EEprom_Byte1Read  at24c02.o
    0x00001404   0x00001404   0x00000070   Code   RO         3685    i.EEprom_Byte1Read_No_Check  at24c02.o
    0x00001474   0x00001474   0x00000040   Code   RO         3686    i.EEprom_Byte1Write  at24c02.o
    0x000014b4   0x000014b4   0x00000050   Code   RO         3687    i.EEprom_Byte1Write_No_Check  at24c02.o
    0x00001504   0x00001504   0x00000020   Code   RO         3690    i.EEprom_Read_Start  at24c02.o
    0x00001524   0x00001524   0x00000030   Code   RO         3691    i.EEprom_SDA_SET_IN  at24c02.o
    0x00001554   0x00001554   0x00000038   Code   RO         3692    i.EEprom_SDA_SET_OUT  at24c02.o
    0x0000158c   0x0000158c   0x0000002a   Code   RO         3693    i.EEprom_Write_Start  at24c02.o
    0x000015b6   0x000015b6   0x00000002   PAD
    0x000015b8   0x000015b8   0x00000020   Code   RO          811    i.FL_DelayInit      fm33lc0xx_fl.o
    0x000015d8   0x000015d8   0x00000018   Code   RO          812    i.FL_DelayMs        fm33lc0xx_fl.o
    0x000015f0   0x000015f0   0x00000044   Code   RO          814    i.FL_DelayUs        fm33lc0xx_fl.o
    0x00001634   0x00001634   0x00000014   Code   RO         2895    i.FL_FDET_DisableIT_XTLFFail  check_xthf_or_xtlf.o
    0x00001648   0x00001648   0x00000014   Code   RO         2896    i.FL_FDET_IsActiveFlag_XTLFFail  check_xthf_or_xtlf.o
    0x0000165c   0x0000165c   0x0000000a   Code   RO         1652    i.FL_GPIO_DisablePinAnalogSwitch  fm33lc0xx_fl_gpio.o
    0x00001666   0x00001666   0x0000000a   Code   RO         1653    i.FL_GPIO_DisablePinInput  fm33lc0xx_fl_gpio.o
    0x00001670   0x00001670   0x0000000a   Code   RO         1654    i.FL_GPIO_DisablePinOpenDrain  fm33lc0xx_fl_gpio.o
    0x0000167a   0x0000167a   0x0000000a   Code   RO         1655    i.FL_GPIO_DisablePinPullup  fm33lc0xx_fl_gpio.o
    0x00001684   0x00001684   0x0000000a   Code   RO         1656    i.FL_GPIO_DisablePinRemap  fm33lc0xx_fl_gpio.o
    0x0000168e   0x0000168e   0x00000002   PAD
    0x00001690   0x00001690   0x000001b0   Code   RO         1658    i.FL_GPIO_Init      fm33lc0xx_fl_gpio.o
    0x00001840   0x00001840   0x00000006   Code   RO         3694    i.FL_GPIO_ResetOutputPin  at24c02.o
    0x00001846   0x00001846   0x00000006   Code   RO         3695    i.FL_GPIO_SetOutputPin  at24c02.o
    0x0000184c   0x0000184c   0x0000001a   Code   RO         1659    i.FL_GPIO_SetPinMode  fm33lc0xx_fl_gpio.o
    0x00001866   0x00001866   0x00000008   Code   RO          816    i.FL_Init           fm33lc0xx_fl.o
    0x0000186e   0x0000186e   0x00000002   PAD
    0x00001870   0x00001870   0x00000048   Code   RO          817    i.FL_NVIC_Init      fm33lc0xx_fl.o
    0x000018b8   0x000018b8   0x00000014   Code   RO         2897    i.FL_RCC_SetLSCLKClockSource  check_xthf_or_xtlf.o
    0x000018cc   0x000018cc   0x00000080   Code   RO         2345    i.FL_RTC_ConfigTime  fm33lc0xx_fl_rtc.o
    0x0000194c   0x0000194c   0x0000004a   Code   RO         2347    i.FL_RTC_GetTime    fm33lc0xx_fl_rtc.o
    0x00001996   0x00001996   0x00000002   PAD
    0x00001998   0x00001998   0x00000040   Code   RO         2348    i.FL_RTC_Init       fm33lc0xx_fl_rtc.o
    0x000019d8   0x000019d8   0x0000004c   Code   RO         3696    i.IIC_Check_Ack     at24c02.o
    0x00001a24   0x00001a24   0x0000006c   Code   RO         3697    i.IIC_RevByte       at24c02.o
    0x00001a90   0x00001a90   0x00000068   Code   RO         3699    i.IIC_SendByte      at24c02.o
    0x00001af8   0x00001af8   0x00000048   Code   RO         3700    i.IIC_SendNoAck     at24c02.o
    0x00001b40   0x00001b40   0x00000054   Code   RO         3701    i.IIC_Start         at24c02.o
    0x00001b94   0x00001b94   0x00000048   Code   RO         3702    i.IIC_Stop          at24c02.o
    0x00001bdc   0x00001bdc   0x00000048   Code   RO         2898    i.LFDET_IRQHandler  check_xthf_or_xtlf.o
    0x00001c24   0x00001c24   0x00000080   Code   RO         3401    i.LPCountSetTimeTask  settime.o
    0x00001ca4   0x00001ca4   0x0000003c   Code   RO         3957    i.LPTIM_IRQHandler  lptim32.o
    0x00001ce0   0x00001ce0   0x00000002   Code   RO         2757    i.MF_Clock_Init     mf_config.o
    0x00001ce2   0x00001ce2   0x00000012   Code   RO         2758    i.MF_Config_Init    mf_config.o
    0x00001cf4   0x00001cf4   0x00000028   Code   RO         2759    i.MF_GPIO_Init      mf_config.o
    0x00001d1c   0x00001d1c   0x00000038   Code   RO         3198    i.MF_RTC_1S_Init    rtc.o
    0x00001d54   0x00001d54   0x00000078   Code   RO          818    i.NVIC_SetPriority  fm33lc0xx_fl.o
    0x00001dcc   0x00001dcc   0x0000002a   Code   RO         3455    i.New_Str_Obj       strlib.o
    0x00001df6   0x00001df6   0x00000002   PAD
    0x00001df8   0x00001df8   0x0000005c   Code   RO         3200    i.RTC_GetRTC        rtc.o
    0x00001e54   0x00001e54   0x0000009c   Code   RO         3201    i.RTC_IRQHandler    rtc.o
    0x00001ef0   0x00001ef0   0x00000038   Code   RO         3202    i.RTC_IRQ_Second    rtc.o
    0x00001f28   0x00001f28   0x00000054   Code   RO         3203    i.RTC_SetRTC        rtc.o
    0x00001f7c   0x00001f7c   0x00000002   Code   RO          289    i.SVC_Handler       port.o
    0x00001f7e   0x00001f7e   0x00000008   Code   RO         2968    i.StartOPenDevMode  define.o
    0x00001f86   0x00001f86   0x00000002   PAD
    0x00001f88   0x00001f88   0x00000024   Code   RO          290    i.SysTick_Handler   port.o
    0x00001fac   0x00001fac   0x00000190   Code   RO         2712    i.SystemCoreClockUpdate  system_fm33lc0xx.o
    0x0000213c   0x0000213c   0x00000124   Code   RO         2713    i.SystemInit        system_fm33lc0xx.o
    0x00002260   0x00002260   0x000000c4   Code   RO         2714    i.SystemPLLClockUpdate  system_fm33lc0xx.o
    0x00002324   0x00002324   0x00000024   Code   RO         2899    i.XTLF_Config_Init  check_xthf_or_xtlf.o
    0x00002348   0x00002348   0x00000008   Code   RO         3204    i._EC20_ReBoot_In_RTC_By_1Second  rtc.o
    0x00002350   0x00002350   0x00000044   Code   RO         3354    i._InitRTCTask      rtc_settime.o
    0x00002394   0x00002394   0x00000044   Code   RO         3402    i._InitSetTimeTask  settime.o
    0x000023d8   0x000023d8   0x00000044   Code   RO         3403    i._LPInitSetTimeTask  settime.o
    0x0000241c   0x0000241c   0x00000038   Code   RO         3404    i._LPSetCloseTask   settime.o
    0x00002454   0x00002454   0x00000038   Code   RO         3355    i._RTCCloseTask     rtc_settime.o
    0x0000248c   0x0000248c   0x0000004c   Code   RO         3205    i._RTC_ReBoot_Check  rtc.o
    0x000024d8   0x000024d8   0x00000038   Code   RO         3405    i._SetCloseTask     settime.o
    0x00002510   0x00002510   0x0000001c   Code   RO          791    i.__ARM_common_switch8  tasks.o
    0x0000252c   0x0000252c   0x00000018   Code   RO         3457    i._getStrlen        strlib.o
    0x00002544   0x00002544   0x0000000e   Code   RO         4114    i._is_digit         c_p.l(__printf_wp.o)
    0x00002552   0x00002552   0x00000002   PAD
    0x00002554   0x00002554   0x0000000c   Code   RO         3458    i._strnewInit       strlib.o
    0x00002560   0x00002560   0x0000012a   Code   RO         3021    i.anyBaseToAnyBase  numberbaselib.o
    0x0000268a   0x0000268a   0x00000002   PAD
    0x0000268c   0x0000268c   0x000000c8   Code   RO         3705    i.changeModeForT    at24c02.o
    0x00002754   0x00002754   0x0000004a   Code   RO         2814    i.checkTimeFrom     at24cxxdataloader.o
    0x0000279e   0x0000279e   0x00000002   PAD
    0x000027a0   0x000027a0   0x000000b8   Code   RO         2900    i.check_XTClock_isOk  check_xthf_or_xtlf.o
    0x00002858   0x00002858   0x000000ce   Code   RO         3207    i.getDayOfWeek      rtc.o
    0x00002926   0x00002926   0x00000002   PAD
    0x00002928   0x00002928   0x00000030   Code   RO         3209    i.getStrNowDataAndTimeByRTC  rtc.o
    0x00002958   0x00002958   0x0000004c   Code   RO         3210    i.getStrUserTime    rtc.o
    0x000029a4   0x000029a4   0x0000005c   Code   RO         3994    i.main              main.o
    0x00002a00   0x00002a00   0x000000a4   Code   RO          537    i.prvAddNewTaskToReadyList  tasks.o
    0x00002aa4   0x00002aa4   0x00000068   Code   RO          538    i.prvCheckTasksWaitingTermination  tasks.o
    0x00002b0c   0x00002b0c   0x00000012   Code   RO          539    i.prvDeleteTCB      tasks.o
    0x00002b1e   0x00002b1e   0x00000002   PAD
    0x00002b20   0x00002b20   0x0000007c   Code   RO          230    i.prvHeapInit       heap_4.o
    0x00002b9c   0x00002b9c   0x00000018   Code   RO          540    i.prvIdleTask       tasks.o
    0x00002bb4   0x00002bb4   0x00000022   Code   RO          411    i.prvInitialiseNewQueue  queue.o
    0x00002bd6   0x00002bd6   0x00000084   Code   RO          541    i.prvInitialiseNewTask  tasks.o
    0x00002c5a   0x00002c5a   0x00000002   PAD
    0x00002c5c   0x00002c5c   0x00000064   Code   RO          542    i.prvInitialiseTaskLists  tasks.o
    0x00002cc0   0x00002cc0   0x00000068   Code   RO          231    i.prvInsertBlockIntoFreeList  heap_4.o
    0x00002d28   0x00002d28   0x00000038   Code   RO          543    i.prvResetNextTaskUnblockTime  tasks.o
    0x00002d60   0x00002d60   0x00000014   Code   RO          291    i.prvSetupTimerInterrupt  port.o
    0x00002d74   0x00002d74   0x00000006   Code   RO          292    i.prvTaskExitError  port.o
    0x00002d7a   0x00002d7a   0x00000002   PAD
    0x00002d7c   0x00002d7c   0x000000d4   Code   RO          232    i.pvPortMalloc      heap_4.o
    0x00002e50   0x00002e50   0x00000020   Code   RO          293    i.pxPortInitialiseStack  port.o
    0x00002e70   0x00002e70   0x000000d0   Code   RO         3213    i.setRtcDate        rtc.o
    0x00002f40   0x00002f40   0x00000028   Code   RO          373    i.uxListRemove      list.o
    0x00002f68   0x00002f68   0x0000001a   Code   RO          374    i.vListInitialise   list.o
    0x00002f82   0x00002f82   0x00000006   Code   RO          375    i.vListInitialiseItem  list.o
    0x00002f88   0x00002f88   0x00000018   Code   RO          377    i.vListInsertEnd    list.o
    0x00002fa0   0x00002fa0   0x0000001c   Code   RO          295    i.vPortEnterCritical  port.o
    0x00002fbc   0x00002fbc   0x0000001c   Code   RO          296    i.vPortExitCritical  port.o
    0x00002fd8   0x00002fd8   0x00000050   Code   RO          233    i.vPortFree         heap_4.o
    0x00003028   0x00003028   0x00000018   Code   RO          297    i.vPortYield        port.o
    0x00003040   0x00003040   0x00000054   Code   RO          561    i.vTaskStartScheduler  tasks.o
    0x00003094   0x00003094   0x00000010   Code   RO          563    i.vTaskSuspendAll   tasks.o
    0x000030a4   0x000030a4   0x00000078   Code   RO          564    i.vTaskSwitchContext  tasks.o
    0x0000311c   0x0000311c   0x00000038   Code   RO          298    i.xPortStartScheduler  port.o
    0x00003154   0x00003154   0x0000003c   Code   RO          419    i.xQueueGenericCreate  queue.o
    0x00003190   0x00003190   0x00000078   Code   RO          421    i.xQueueGenericReset  queue.o
    0x00003208   0x00003208   0x0000005c   Code   RO          566    i.xTaskCreate       tasks.o
    0x00003264   0x00003264   0x00000120   Code   RO          571    i.xTaskIncrementTick  tasks.o
    0x00003384   0x00003384   0x00000080   Code   RO          574    i.xTaskRemoveFromEventList  tasks.o
    0x00003404   0x00003404   0x000000e0   Code   RO          576    i.xTaskResumeAll    tasks.o
    0x000034e4   0x000034e4   0x0000002c   Code   RO         4356    locale$$code        c_p.l(lc_ctype_c.o)
    0x00003510   0x00003510   0x00000028   Data   RO         4087    .constdata          c_p.l(_printf_hex_int.o)
    0x00003538   0x00003538   0x00000011   Data   RO         4122    .constdata          c_p.l(__printf_flags_ss_wp.o)
    0x00003549   0x00003549   0x00000003   PAD
    0x0000354c   0x0000354c   0x00000020   Data   RO         4496    Region$$Table       anon$$obj.o
    0x0000356c   0x0000356c   0x00000110   Data   RO         4355    locale$$data        c_p.l(lc_ctype_c.o)


    Execution Region RW_IRAM1 (Exec base: 0x20000000, Load base: 0x0000367c, Size: 0x00005968, Max: 0x00006000, ABSOLUTE, COMPRESSED[0x00000064])

    Exec Addr    Load Addr    Size         Type   Attr      Idx    E Section Name        Object

    0x20000000   COMPRESSED   0x00000018   Data   RW          238    .data               heap_4.o
    0x20000018   COMPRESSED   0x00000004   Data   RW          299    .data               port.o
    0x2000001c   COMPRESSED   0x0000003c   Data   RW          579    .data               tasks.o
    0x20000058   COMPRESSED   0x0000000c   Data   RW         2715    .data               system_fm33lc0xx.o
    0x20000064   COMPRESSED   0x00000004   Data   RW         2817    .data               at24cxxdataloader.o
    0x20000068   COMPRESSED   0x00000008   Data   RW         2901    .data               check_xthf_or_xtlf.o
    0x20000070   COMPRESSED   0x00000018   Data   RW         3215    .data               rtc.o
    0x20000088   COMPRESSED   0x000001b0   Data   RW         3356    .data               rtc_settime.o
    0x20000238   COMPRESSED   0x00000140   Data   RW         3406    .data               settime.o
    0x20000378   COMPRESSED   0x0000008d   Data   RW         3707    .data               at24c02.o
    0x20000405   COMPRESSED   0x00000003   PAD
    0x20000408   COMPRESSED   0x00000004   Data   RW         3995    .data               main.o
    0x2000040c        -       0x00004400   Zero   RW          237    .bss                heap_4.o
    0x2000480c        -       0x000000c8   Zero   RW          578    .bss                tasks.o
    0x200048d4        -       0x00000030   Zero   RW         3706    .bss                at24c02.o
    0x20004904        -       0x00000060   Zero   RW         4280    .bss                c_p.l(libspace.o)
    0x20004964   COMPRESSED   0x00000004   PAD
    0x20004968        -       0x00000800   Zero   RW         2748    HEAP                startup_fm33lc0xx.o
    0x20005168        -       0x00000800   Zero   RW         2747    STACK               startup_fm33lc0xx.o


==============================================================================

Image component sizes


      Code (inc. data)   RO Data    RW Data    ZI Data      Debug   Object Name

      1430         82          0        141         48      29546   at24c02.o
       170         12          0          4          0       4191   at24cxxdataloader.o
        44          6          0          0          0       4271   bstim.o
       360         54          0          8          0      33058   check_xthf_or_xtlf.o
        38          6          0          0          0       2461   define.o
       324         32          0          0          0      11010   fm33lc0xx_fl.o
       508         14          0          0          0      49599   fm33lc0xx_fl_gpio.o
       266         16          0          0          0      13691   fm33lc0xx_fl_rtc.o
       520         64          0         24      17408       5499   heap_4.o
        96          0          0          0          0       2648   list.o
        60         14          0          0          0      13007   lptim32.o
        94         14          0          4          0       3165   main.o
        60          4          0          0          0      16332   mf_config.o
       298          0          0          0          0       1311   numberbaselib.o
       352         54          0          4          0       6744   port.o
       214          0          0          0          0       6319   queue.o
      1438        142          0         24          0      27991   rtc.o
       252         16          0        432          0       2910   rtc_settime.o
       504         32          0        320          0       5172   settime.o
        56         26        192          0       4096        748   startup_fm33lc0xx.o
        78          4          0          0          0       2313   strlib.o
       888        126          0         12          0       2479   system_fm33lc0xx.o
      1578        242          0         60        200      13131   tasks.o
         0          0          0          0          0      36516   tickless_hook.o

    ----------------------------------------------------------------------
      9656        960        224       1036      21752     294112   Object Totals
         0          0         32          0          0          0   (incl. Generated)
        28          0          0          3          0          0   (incl. Padding)

    ----------------------------------------------------------------------

      Code (inc. data)   RO Data    RW Data    ZI Data      Debug   Library Member Name

        64         10          0          0          0         84   __0sscanf.o
        86          0          0          0          0          0   __dczerorl2.o
         8          0          0          0          0         68   __main.o
       392          6         17          0          0         76   __printf_flags_ss_wp.o
        14          0          0          0          0         60   __printf_wp.o
         0          0          0          0          0          0   __rtentry.o
        12          0          0          0          0          0   __rtentry2.o
         6          0          0          0          0          0   __rtentry4.o
        60          8          0          0          0          0   __scatter.o
        28          0          0          0          0          0   __scatter_zi.o
        30          0          0          0          0         60   _chval.o
        48          6          0          0          0         88   _printf_char_common.o
        88          4         40          0          0         72   _printf_hex_int.o
       176          0          0          0          0         84   _printf_intcommon.o
        78          0          0          0          0        100   _printf_pad.o
         2          0          0          0          0          0   _printf_percent.o
         4          0          0          0          0          0   _printf_percent_end.o
        10          0          0          0          0          0   _printf_x.o
       916         16          0          0          0         84   _scanf.o
       330          0          0          0          0         84   _scanf_int.o
        68          0          0          0          0         76   _sgetc.o
        10          0          0          0          0         60   _sputc.o
       346          0          0          0          0         92   aeabi_sdiv.o
        16          0          0          0          0         68   exit.o
         6          0          0          0          0        136   heapauxi.o
         0          0          0          0          0          0   indicate_semi.o
        18          0          0          0          0         68   isspace.o
        44         10        272          0          0         76   lc_ctype_c.o
         2          0          0          0          0          0   libinit.o
        20          0          0          0          0          0   libinit2.o
         2          0          0          0          0          0   libshutdown.o
         2          0          0          0          0          0   libshutdown2.o
         8          4          0          0         96         68   libspace.o
        48          0          0          0          0         72   llmul.o
       258          0          0          0          0         88   lludiv.o
        40          4          0          0          0         84   noretval__2sprintf.o
        16          4          0          0          0         76   rt_ctype_table.o
         8          4          0          0          0         68   rt_locale_intlibspace.o
        64          0          0          0          0        108   rt_memclr.o
        56          0          0          0          0         68   rt_memcpy.o
         2          0          0          0          0          0   rtexit.o
        10          0          0          0          0          0   rtexit2.o
        48          8          0          0          0         84   scanf_char.o
       136          4          0          0          0         72   strcmp.o
        68          6          0          0          0         72   strlen.o
        12          4          0          0          0         60   sys_exit.o
        62          0          0          0          0         80   sys_stackheap_outer.o
         2          0          0          0          0         68   use_no_semi.o

    ----------------------------------------------------------------------
      3736         98        332          0        100       2504   Library Totals
        12          0          3          0          4          0   (incl. Padding)

    ----------------------------------------------------------------------

      Code (inc. data)   RO Data    RW Data    ZI Data      Debug   Library Name

      3724         98        329          0         96       2504   c_p.l

    ----------------------------------------------------------------------
      3736         98        332          0        100       2504   Library Totals

    ----------------------------------------------------------------------

==============================================================================


      Code (inc. data)   RO Data    RW Data    ZI Data      Debug   

     13392       1058        556       1036      21852     290276   Grand Totals
     13392       1058        556        100      21852     290276   ELF Image Totals (compressed)
     13392       1058        556        100          0          0   ROM Totals

==============================================================================

    Total RO  Size (Code + RO Data)                13948 (  13.62kB)
    Total RW  Size (RW Data + ZI Data)             22888 (  22.35kB)
    Total ROM Size (Code + RO Data + RW Data)      14048 (  13.72kB)

==============================================================================

