Component: ARM Compiler 5.06 update 4 (build 422) Tool: armlink [4d35d2]

==============================================================================

Section Cross References

    startup_fm33lc0xx.o(STACK) refers (Special) to heapauxi.o(.text) for __use_two_region_memory
    startup_fm33lc0xx.o(HEAP) refers (Special) to heapauxi.o(.text) for __use_two_region_memory
    startup_fm33lc0xx.o(RESET) refers (Special) to heapauxi.o(.text) for __use_two_region_memory
    startup_fm33lc0xx.o(RESET) refers to startup_fm33lc0xx.o(STACK) for __initial_sp
    startup_fm33lc0xx.o(RESET) refers to startup_fm33lc0xx.o(.text) for Reset_Handler
    startup_fm33lc0xx.o(RESET) refers to port.o(i.SVC_Handler) for SVC_Handler
    startup_fm33lc0xx.o(RESET) refers to port.o(.emb_text) for PendSV_Handler
    startup_fm33lc0xx.o(RESET) refers to port.o(i.SysTick_Handler) for SysTick_Handler
    startup_fm33lc0xx.o(RESET) refers to lptim32_timing.o(i.LPTIM_IRQHandler) for LPTIM_IRQHandler
    startup_fm33lc0xx.o(RESET) refers to gpio.o(i.GPIO_IRQHandler) for GPIO_IRQHandler
    startup_fm33lc0xx.o(.text) refers (Special) to heapauxi.o(.text) for __use_two_region_memory
    startup_fm33lc0xx.o(.text) refers to system_fm33lc0xx.o(i.SystemInit) for SystemInit
    startup_fm33lc0xx.o(.text) refers to __main.o(!!!main) for __main
    startup_fm33lc0xx.o(.text) refers to startup_fm33lc0xx.o(HEAP) for Heap_Mem
    startup_fm33lc0xx.o(.text) refers to startup_fm33lc0xx.o(STACK) for Stack_Mem
    mf_config.o(i.MF_Config_Init) refers to mf_config.o(i.MF_GPIO_Init) for MF_GPIO_Init
    mf_config.o(i.MF_GPIO_Init) refers to fm33lc0xx_fl_gpio.o(i.FL_GPIO_Init) for FL_GPIO_Init
    main.o(i.main) refers to mf_config.o(i.MF_Clock_Init) for MF_Clock_Init
    main.o(i.main) refers to mf_config.o(i.MF_SystemClock_Config) for MF_SystemClock_Config
    main.o(i.main) refers to fm33lc0xx_fl.o(i.FL_Init) for FL_Init
    main.o(i.main) refers to mf_config.o(i.MF_Config_Init) for MF_Config_Init
    main.o(i.main) refers to gpio.o(i.GPIO_interrupt_init) for GPIO_interrupt_init
    main.o(i.main) refers to lptim32_timing.o(i.LPTIM32_Init) for LPTIM32_Init
    main.o(i.main) refers to queue.o(i.xQueueGenericCreate) for xQueueGenericCreate
    main.o(i.main) refers to tasks.o(i.xTaskCreate) for xTaskCreate
    main.o(i.main) refers to tasks.o(i.vTaskStartScheduler) for vTaskStartScheduler
    main.o(i.main) refers to main.o(.data) for gpioSemaphore
    main.o(i.main) refers to taskgpio.o(i.GPIOTask) for GPIOTask
    lptim32_timing.o(i.LPTIM32_Init) refers to rt_memclr.o(.text) for __aeabi_memclr4
    lptim32_timing.o(i.LPTIM32_Init) refers to fm33lc0xx_fl_lptim32.o(i.FL_LPTIM32_Init) for FL_LPTIM32_Init
    lptim32_timing.o(i.LPTIM32_Init) refers to fm33lc0xx_fl_lptim32.o(i.FL_LPTIM32_OC_Init) for FL_LPTIM32_OC_Init
    lptim32_timing.o(i.LPTIM32_Init) refers to lptim32_timing.o(i.FL_LPTIM32_ClearFlag_CC) for FL_LPTIM32_ClearFlag_CC
    lptim32_timing.o(i.LPTIM_IRQHandler) refers to lptim32_timing.o(i.FL_LPTIM32_ClearFlag_CC) for FL_LPTIM32_ClearFlag_CC
    gpio.o(i.GPIO_IRQHandler) refers to gpio.o(i.FL_GPIO_ClearFlag_EXTI) for FL_GPIO_ClearFlag_EXTI
    gpio.o(i.GPIO_IRQHandler) refers to taskgpio.o(i.GPIO_IRQCallBack) for GPIO_IRQCallBack
    gpio.o(i.GPIO_interrupt_init) refers to rt_memclr.o(.text) for __aeabi_memclr4
    gpio.o(i.GPIO_interrupt_init) refers to fm33lc0xx_fl_gpio.o(i.FL_GPIO_Init) for FL_GPIO_Init
    gpio.o(i.GPIO_interrupt_init) refers to gpio.o(i.FL_GPIO_SetTriggerEdge) for FL_GPIO_SetTriggerEdge
    gpio.o(i.GPIO_interrupt_init) refers to gpio.o(i.FL_GPIO_ClearFlag_EXTI) for FL_GPIO_ClearFlag_EXTI
    gpio.o(i.GPIO_interrupt_init) refers to gpio.o(i.NVIC_SetPriority) for NVIC_SetPriority
    taskgpio.o(i.GPIOTask) refers to queue.o(i.xQueueGenericReceive) for xQueueGenericReceive
    taskgpio.o(i.GPIOTask) refers to main.o(.data) for gpioSemaphore
    taskgpio.o(i.GPIO_IRQCallBack) refers to queue.o(i.xQueueGiveFromISR) for xQueueGiveFromISR
    taskgpio.o(i.GPIO_IRQCallBack) refers to taskgpio.o(.data) for xHigherPriorityTaskWoken
    taskgpio.o(i.GPIO_IRQCallBack) refers to main.o(.data) for gpioSemaphore
    system_fm33lc0xx.o(i.SystemCoreClockUpdate) refers to system_fm33lc0xx.o(i.__ARM_common_switch8) for __ARM_common_switch8
    system_fm33lc0xx.o(i.SystemCoreClockUpdate) refers to system_fm33lc0xx.o(i.SystemPLLClockUpdate) for SystemPLLClockUpdate
    system_fm33lc0xx.o(i.SystemCoreClockUpdate) refers to system_fm33lc0xx.o(.data) for XTHFClock
    system_fm33lc0xx.o(i.SystemInit) refers to system_fm33lc0xx.o(i.SystemCoreClockUpdate) for SystemCoreClockUpdate
    system_fm33lc0xx.o(i.SystemPLLClockUpdate) refers to system_fm33lc0xx.o(i.__ARM_common_switch8) for __ARM_common_switch8
    system_fm33lc0xx.o(i.SystemPLLClockUpdate) refers to aeabi_sdiv.o(.text) for __aeabi_uidivmod
[...]
    Removing fm33lc0xx_fl_flash.o(i.FL_FLASH_Write_Dma), (320 bytes).
    Removing fm33lc0xx_fl_flash.o(i.FL_RCC_DisableGroup2BusClock), (16 bytes).
    Removing fm33lc0xx_fl_flash.o(i.FL_RCC_DisableGroup2OperationClock), (16 bytes).
    Removing fm33lc0xx_fl_flash.o(i.FL_RCC_EnableGroup2BusClock), (16 bytes).
    Removing fm33lc0xx_fl_flash.o(i.FL_RCC_EnableGroup2OperationClock), (16 bytes).
    Removing fm33lc0xx_fl_flash.o(i.__get_PRIMASK), (6 bytes).
    Removing fm33lc0xx_fl_flash.o(i.__set_PRIMASK), (6 bytes).
    Removing fm33lc0xx_fl_gpio.o(.rev16_text), (4 bytes).
    Removing fm33lc0xx_fl_gpio.o(.revsh_text), (4 bytes).
    Removing fm33lc0xx_fl_gpio.o(i.FL_GPIO_ALLPIN_LPM_MODE), (56 bytes).
    Removing fm33lc0xx_fl_gpio.o(i.FL_GPIO_DeInit), (172 bytes).
    Removing fm33lc0xx_fl_gpio.o(i.FL_GPIO_EnableWakeup), (18 bytes).
    Removing fm33lc0xx_fl_gpio.o(i.FL_GPIO_StructInit), (24 bytes).
    Removing fm33lc0xx_fl_gpio.o(i.FL_WKUP_DeInit), (72 bytes).
    Removing fm33lc0xx_fl_gpio.o(i.FL_WKUP_Init), (132 bytes).
    Removing fm33lc0xx_fl_gpio.o(i.FL_WKUP_StructInit), (6 bytes).
    Removing fm33lc0xx_fl_gptim.o(.rev16_text), (4 bytes).
    Removing fm33lc0xx_fl_gptim.o(.revsh_text), (4 bytes).
    Removing fm33lc0xx_fl_gptim.o(i.FL_GPTIM_CC_SetChannelMode), (80 bytes).
    Removing fm33lc0xx_fl_gptim.o(i.FL_GPTIM_DeInit), (140 bytes).
    Removing fm33lc0xx_fl_gptim.o(i.FL_GPTIM_ETR_Init), (388 bytes).
    Removing fm33lc0xx_fl_gptim.o(i.FL_GPTIM_ETR_StructInit), (12 bytes).
    Removing fm33lc0xx_fl_gptim.o(i.FL_GPTIM_IC_Init), (744 bytes).
    Removing fm33lc0xx_fl_gptim.o(i.FL_GPTIM_IC_StructInit), (18 bytes).
    Removing fm33lc0xx_fl_gptim.o(i.FL_GPTIM_Init), (352 bytes).
    Removing fm33lc0xx_fl_gptim.o(i.FL_GPTIM_OC_Init), (480 bytes).
    Removing fm33lc0xx_fl_gptim.o(i.FL_GPTIM_OC_StructInit), (16 bytes).
    Removing fm33lc0xx_fl_gptim.o(i.FL_GPTIM_SetCounterAlignedMode), (12 bytes).
    Removing fm33lc0xx_fl_gptim.o(i.FL_GPTIM_SetSlaveMode), (12 bytes).
    Removing fm33lc0xx_fl_gptim.o(i.FL_GPTIM_SlaveMode_Init), (340 bytes).
    Removing fm33lc0xx_fl_gptim.o(i.FL_GPTIM_SlaveMode_StructInit), (16 bytes).
    Removing fm33lc0xx_fl_gptim.o(i.FL_GPTIM_StructInit), (24 bytes).
    Removing fm33lc0xx_fl_gptim.o(i.FL_RCC_DisableGroup4BusClock), (16 bytes).
    Removing fm33lc0xx_fl_gptim.o(i.FL_RCC_DisableResetAPB1Peripheral), (16 bytes).
    Removing fm33lc0xx_fl_gptim.o(i.FL_RCC_EnableGroup4BusClock), (16 bytes).
    Removing fm33lc0xx_fl_gptim.o(i.FL_RCC_EnableResetAPB1Peripheral), (16 bytes).
    Removing fm33lc0xx_fl_gptim.o(i.OCConfig), (416 bytes).
    Removing fm33lc0xx_fl_divas.o(.rev16_text), (4 bytes).
    Removing fm33lc0xx_fl_divas.o(.revsh_text), (4 bytes).
    Removing fm33lc0xx_fl_divas.o(i.FL_DIVAS_DeInit), (108 bytes).
    Removing fm33lc0xx_fl_divas.o(i.FL_DIVAS_Hdiv_Calculation), (112 bytes).
    Removing fm33lc0xx_fl_divas.o(i.FL_DIVAS_Init), (56 bytes).
    Removing fm33lc0xx_fl_i2c.o(.rev16_text), (4 bytes).
    Removing fm33lc0xx_fl_i2c.o(.revsh_text), (4 bytes).
    Removing fm33lc0xx_fl_i2c.o(i.FL_I2C_DeInit), (120 bytes).
    Removing fm33lc0xx_fl_i2c.o(i.FL_I2C_MasterMode_Init), (364 bytes).
    Removing fm33lc0xx_fl_i2c.o(i.FL_I2C_MasterMode_StructInit), (16 bytes).
    Removing fm33lc0xx_fl_i2c.o(i.FL_I2C_SlaveMode_Init), (284 bytes).
    Removing fm33lc0xx_fl_i2c.o(i.FL_I2C_SlaveMode_StructInit), (16 bytes).
    Removing fm33lc0xx_fl_i2c.o(i.FL_I2C_Slave_WriteSlaveAddress), (12 bytes).
    Removing fm33lc0xx_fl_i2c.o(i.FL_RCC_EnableGroup3BusClock), (16 bytes).
    Removing fm33lc0xx_fl_iwdt.o(.rev16_text), (4 bytes).
    Removing fm33lc0xx_fl_iwdt.o(.revsh_text), (4 bytes).
    Removing fm33lc0xx_fl_iwdt.o(i.FL_IWDT_DeInit), (36 bytes).
    Removing fm33lc0xx_fl_iwdt.o(i.FL_IWDT_Init), (272 bytes).
    Removing fm33lc0xx_fl_iwdt.o(i.FL_IWDT_StructInit), (10 bytes).
    Removing fm33lc0xx_fl_lptim32.o(.rev16_text), (4 bytes).
    Removing fm33lc0xx_fl_lptim32.o(.revsh_text), (4 bytes).
    Removing fm33lc0xx_fl_lptim32.o(i.FL_LPTIM32_DeInit), (128 bytes).
    Removing fm33lc0xx_fl_lptim32.o(i.FL_LPTIM32_IC_Init), (284 bytes).
    Removing fm33lc0xx_fl_lptim32.o(i.FL_LPTIM32_IC_StructInit), (8 bytes).
    Removing fm33lc0xx_fl_lptim32.o(i.FL_LPTIM32_OC_StructInit), (8 bytes).
    Removing fm33lc0xx_fl_lptim32.o(i.FL_LPTIM32_StructInit), (20 bytes).
    Removing fm33lc0xx_fl_lpuart.o(.rev16_text), (4 bytes).
    Removing fm33lc0xx_fl_lpuart.o(.revsh_text), (4 bytes).
    Removing fm33lc0xx_fl_lpuart.o(i.FL_LPUART_DeInit), (172 bytes).
    Removing fm33lc0xx_fl_lpuart.o(i.FL_LPUART_Init), (632 bytes).
    Removing fm33lc0xx_fl_lpuart.o(i.FL_LPUART_StructInit), (24 bytes).
    Removing fm33lc0xx_fl_lpuart.o(i.FL_RCC_DisableGroup1OperationClock), (16 bytes).
    Removing fm33lc0xx_fl_lpuart.o(i.FL_RCC_EnableGroup1OperationClock), (16 bytes).
    Removing fm33lc0xx_fl_lpuart.o(i.FL_RCC_EnableGroup3BusClock), (16 bytes).
    Removing fm33lc0xx_fl_lpuart.o(i.FL_RCC_IsEnabledGroup3BusClock), (24 bytes).
    Removing fm33lc0xx_fl_lpuart.o(i.FL_RCC_RCMF_Enable), (20 bytes).
    Removing fm33lc0xx_fl_opa.o(.rev16_text), (4 bytes).
    Removing fm33lc0xx_fl_opa.o(.revsh_text), (4 bytes).
    Removing fm33lc0xx_fl_opa.o(i.FL_OPA_DeInit), (116 bytes).
    Removing fm33lc0xx_fl_opa.o(i.FL_OPA_Init), (460 bytes).
    Removing fm33lc0xx_fl_opa.o(i.FL_OPA_StructInit), (18 bytes).
    Removing fm33lc0xx_fl_pmu.o(.rev16_text), (4 bytes).
    Removing fm33lc0xx_fl_pmu.o(.revsh_text), (4 bytes).
    Removing fm33lc0xx_fl_pmu.o(i.FL_PMU_Sleep_DeInit), (56 bytes).
    Removing fm33lc0xx_fl_pmu.o(i.FL_PMU_Sleep_Init), (316 bytes).
    Removing fm33lc0xx_fl_pmu.o(i.FL_PMU_StructInit), (18 bytes).
    Removing fm33lc0xx_fl_rcc.o(.rev16_text), (4 bytes).
    Removing fm33lc0xx_fl_rcc.o(.revsh_text), (4 bytes).
    Removing fm33lc0xx_fl_rcc.o(i.FL_RCC_GetAHBClockFreq), (120 bytes).
    Removing fm33lc0xx_fl_rcc.o(i.FL_RCC_GetAPB1ClockFreq), (120 bytes).
    Removing fm33lc0xx_fl_rcc.o(i.FL_RCC_GetAPB2ClockFreq), (120 bytes).
    Removing fm33lc0xx_fl_rcc.o(i.FL_RCC_GetPLLClockFreq), (172 bytes).
    Removing fm33lc0xx_fl_rcc.o(i.FL_RCC_GetRCHFClockFreq), (68 bytes).
    Removing fm33lc0xx_fl_rcc.o(i.FL_RCC_GetRCMFClockFreq), (80 bytes).
    Removing fm33lc0xx_fl_rcc.o(i.FL_RCC_GetSystemClockFreq), (108 bytes).
    Removing fm33lc0xx_fl_rcc.o(i.FL_RCC_GetUSBClockFreqToSysclk), (36 bytes).
    Removing fm33lc0xx_fl_rng.o(.rev16_text), (4 bytes).
    Removing fm33lc0xx_fl_rng.o(.revsh_text), (4 bytes).
    Removing fm33lc0xx_fl_rng.o(i.FL_RCC_SetRNGPrescaler), (24 bytes).
    Removing fm33lc0xx_fl_rng.o(i.FL_RNG_ClearFlag_CRCComplete), (10 bytes).
    Removing fm33lc0xx_fl_rng.o(i.FL_RNG_DeInit), (108 bytes).
    Removing fm33lc0xx_fl_rng.o(i.FL_RNG_Disable), (10 bytes).
    Removing fm33lc0xx_fl_rng.o(i.FL_RNG_Init), (180 bytes).
    Removing fm33lc0xx_fl_rng.o(i.GetCrc32), (136 bytes).
    Removing fm33lc0xx_fl_rng.o(i.GetRandomNumber), (96 bytes).
    Removing fm33lc0xx_fl_rtc.o(.rev16_text), (4 bytes).
    Removing fm33lc0xx_fl_rtc.o(.revsh_text), (4 bytes).
    Removing fm33lc0xx_fl_rtc.o(i.FL_RTC_ConfigTime), (128 bytes).
    Removing fm33lc0xx_fl_rtc.o(i.FL_RTC_DeInit), (68 bytes).
    Removing fm33lc0xx_fl_rtc.o(i.FL_RTC_GetTime), (74 bytes).
    Removing fm33lc0xx_fl_rtc.o(i.FL_RTC_Init), (64 bytes).
    Removing fm33lc0xx_fl_rtc.o(i.FL_RTC_StructInit), (18 bytes).
    Removing fm33lc0xx_fl_spi.o(.rev16_text), (4 bytes).
    Removing fm33lc0xx_fl_spi.o(.revsh_text), (4 bytes).
    Removing fm33lc0xx_fl_spi.o(i.FL_RCC_DisableGroup3BusClock), (16 bytes).
    Removing fm33lc0xx_fl_spi.o(i.FL_RCC_EnableGroup3BusClock), (16 bytes).
    Removing fm33lc0xx_fl_spi.o(i.FL_SPI_DeInit), (172 bytes).
    Removing fm33lc0xx_fl_spi.o(i.FL_SPI_Init), (472 bytes).
    Removing fm33lc0xx_fl_spi.o(i.FL_SPI_StructInit), (28 bytes).
    Removing fm33lc0xx_fl_svd.o(.rev16_text), (4 bytes).
    Removing fm33lc0xx_fl_svd.o(.revsh_text), (4 bytes).
    Removing fm33lc0xx_fl_svd.o(i.FL_SVD_DeInit), (52 bytes).
    Removing fm33lc0xx_fl_svd.o(i.FL_SVD_Init), (364 bytes).
    Removing fm33lc0xx_fl_svd.o(i.FL_SVD_StructInit), (16 bytes).
    Removing fm33lc0xx_fl_u7816.o(.rev16_text), (4 bytes).
    Removing fm33lc0xx_fl_u7816.o(.revsh_text), (4 bytes).
    Removing fm33lc0xx_fl_u7816.o(i.FL_U7816_DeInit), (108 bytes).
    Removing fm33lc0xx_fl_u7816.o(i.FL_U7816_Init), (760 bytes).
    Removing fm33lc0xx_fl_u7816.o(i.FL_U7816_StructInit), (60 bytes).
    Removing fm33lc0xx_fl_uart.o(.rev16_text), (4 bytes).
    Removing fm33lc0xx_fl_uart.o(.revsh_text), (4 bytes).
    Removing fm33lc0xx_fl_uart.o(i.FL_RCC_DisableGroup1OperationClock), (16 bytes).
    Removing fm33lc0xx_fl_uart.o(i.FL_RCC_DisableGroup3BusClock), (16 bytes).
    Removing fm33lc0xx_fl_uart.o(i.FL_RCC_DisableResetAPB1Peripheral), (16 bytes).
    Removing fm33lc0xx_fl_uart.o(i.FL_RCC_DisableResetAPB2Peripheral), (16 bytes).
    Removing fm33lc0xx_fl_uart.o(i.FL_RCC_EnableGroup1OperationClock), (16 bytes).
    Removing fm33lc0xx_fl_uart.o(i.FL_RCC_EnableGroup3BusClock), (16 bytes).
    Removing fm33lc0xx_fl_uart.o(i.FL_RCC_EnableResetAPB1Peripheral), (16 bytes).
    Removing fm33lc0xx_fl_uart.o(i.FL_RCC_EnableResetAPB2Peripheral), (16 bytes).
    Removing fm33lc0xx_fl_uart.o(i.FL_UART_DeInit), (216 bytes).
    Removing fm33lc0xx_fl_uart.o(i.FL_UART_InfraRed_Init), (528 bytes).
    Removing fm33lc0xx_fl_uart.o(i.FL_UART_InfraRed_StructInit), (20 bytes).
    Removing fm33lc0xx_fl_uart.o(i.FL_UART_Init), (680 bytes).
    Removing fm33lc0xx_fl_uart.o(i.FL_UART_StructInit), (28 bytes).
    Removing fm33lc0xx_fl_wwdt.o(.rev16_text), (4 bytes).
    Removing fm33lc0xx_fl_wwdt.o(.revsh_text), (4 bytes).
    Removing fm33lc0xx_fl_wwdt.o(i.FL_WWDT_DeInit), (36 bytes).
    Removing fm33lc0xx_fl_wwdt.o(i.FL_WWDT_Init), (144 bytes).
    Removing fm33lc0xx_fl_wwdt.o(i.FL_WWDT_StructInit), (6 bytes).
    Removing fm33lc0xx_fl_lcd.o(.rev16_text), (4 bytes).
    Removing fm33lc0xx_fl_lcd.o(.revsh_text), (4 bytes).
    Removing fm33lc0xx_fl_lcd.o(i.FL_LCD_4COMDisplay), (30 bytes).
    Removing fm33lc0xx_fl_lcd.o(i.FL_LCD_6COMDisplay), (30 bytes).
    Removing fm33lc0xx_fl_lcd.o(i.FL_LCD_8COMDisplay), (30 bytes).
    Removing fm33lc0xx_fl_lcd.o(i.FL_LCD_DeInit), (108 bytes).
    Removing fm33lc0xx_fl_lcd.o(i.FL_LCD_DisplayFreq), (212 bytes).
    Removing fm33lc0xx_fl_lcd.o(i.FL_LCD_FlickTime), (236 bytes).
    Removing fm33lc0xx_fl_lcd.o(i.FL_LCD_GetCOMNumber), (10 bytes).
    Removing fm33lc0xx_fl_lcd.o(i.FL_LCD_Init), (612 bytes).
    Removing fm33lc0xx_fl_lcd.o(i.FL_LCD_StructInit), (40 bytes).
    Removing queue.o(i.prvCopyDataToQueue), (108 bytes).
    Removing queue.o(i.prvIsQueueFull), (30 bytes).
    Removing queue.o(i.uxQueueMessagesWaiting), (18 bytes).
    Removing queue.o(i.uxQueueMessagesWaitingFromISR), (6 bytes).
    Removing queue.o(i.uxQueueSpacesAvailable), (24 bytes).
    Removing queue.o(i.vQueueDelete), (14 bytes).
    Removing queue.o(i.xQueueGenericSend), (252 bytes).
    Removing queue.o(i.xQueueGenericSendFromISR), (124 bytes).
    Removing queue.o(i.xQueueIsQueueEmptyFromISR), (16 bytes).
    Removing queue.o(i.xQueueIsQueueFullFromISR), (18 bytes).
    Removing queue.o(i.xQueuePeekFromISR), (48 bytes).
    Removing queue.o(i.xQueueReceiveFromISR), (120 bytes).
    Removing tasks.o(i.pcTaskGetName), (28 bytes).
    Removing tasks.o(i.prvTaskIsTaskSuspended), (72 bytes).
    Removing tasks.o(i.ulTaskNotifyTake), (108 bytes).
    Removing tasks.o(i.uxTaskGetNumberOfTasks), (12 bytes).
    Removing tasks.o(i.uxTaskPriorityGet), (36 bytes).
    Removing tasks.o(i.uxTaskPriorityGetFromISR), (40 bytes).
    Removing tasks.o(i.uxTaskResetEventItemValue), (28 bytes).
    Removing tasks.o(i.vTaskDelay), (38 bytes).
    Removing tasks.o(i.vTaskDelayUntil), (96 bytes).
    Removing tasks.o(i.vTaskDelete), (152 bytes).
    Removing tasks.o(i.vTaskEndScheduler), (20 bytes).
    Removing tasks.o(i.vTaskNotifyGiveFromISR), (152 bytes).
    Removing tasks.o(i.vTaskPlaceOnUnorderedEventList), (48 bytes).
    Removing tasks.o(i.vTaskPrioritySet), (196 bytes).
    Removing tasks.o(i.vTaskResume), (104 bytes).
    Removing tasks.o(i.vTaskSuspend), (140 bytes).
    Removing tasks.o(i.xTaskGenericNotify), (176 bytes).
    Removing tasks.o(i.xTaskGenericNotifyFromISR), (228 bytes).
    Removing tasks.o(i.xTaskGetTickCount), (12 bytes).
    Removing tasks.o(i.xTaskGetTickCountFromISR), (12 bytes).
    Removing tasks.o(i.xTaskNotifyStateClear), (56 bytes).
    Removing tasks.o(i.xTaskNotifyWait), (144 bytes).
    Removing tasks.o(i.xTaskRemoveFromUnorderedEventList), (104 bytes).
    Removing tasks.o(i.xTaskResumeFromISR), (128 bytes).
    Removing heap_4.o(i.vPortInitialiseBlocks), (2 bytes).
    Removing heap_4.o(i.xPortGetFreeHeapSize), (12 bytes).
    Removing heap_4.o(i.xPortGetMinimumEverFreeHeapSize), (12 bytes).
    Removing port.o(i.vPortEndScheduler), (2 bytes).
    Removing tickless_hook.o(.rev16_text), (4 bytes).
    Removing tickless_hook.o(.revsh_text), (4 bytes).

339 unused section(s) (total 29088 bytes) removed from the image.

==============================================================================

Image Symbol Table

    Local Symbols

    Symbol Name                              Value     Ov Type        Size  Object(Section)

    RESET                                    0x00000000   Section      192  startup_fm33lc0xx.o(RESET)
    ../Drivers/CMSIS/Device/FM/FM33xx/Source/Templates/arm/startup_fm33lc0xx.s 0x00000000   Number         0  startup_fm33lc0xx.o ABSOLUTE
    ../clib/angel/boardlib.s                 0x00000000   Number         0  boardinit2.o ABSOLUTE
    ../clib/angel/boardlib.s                 0x00000000   Number         0  boardinit1.o ABSOLUTE
    ../clib/angel/boardlib.s                 0x00000000   Number         0  boardshut.o ABSOLUTE
    ../clib/angel/boardlib.s                 0x00000000   Number         0  boardinit3.o ABSOLUTE
    ../clib/angel/handlers.s                 0x00000000   Number         0  __scatter_copy.o ABSOLUTE
    ../clib/angel/handlers.s                 0x00000000   Number         0  __scatter_zi.o ABSOLUTE
    ../clib/angel/kernel.s                   0x00000000   Number         0  __rtentry2.o ABSOLUTE
    ../clib/angel/kernel.s                   0x00000000   Number         0  __rtentry4.o ABSOLUTE
    ../clib/angel/kernel.s                   0x00000000   Number         0  rtexit2.o ABSOLUTE
    ../clib/angel/kernel.s                   0x00000000   Number         0  __rtentry.o ABSOLUTE
    ../clib/angel/kernel.s                   0x00000000   Number         0  rtexit.o ABSOLUTE
    ../clib/angel/rt.s                       0x00000000   Number         0  rt_div0.o ABSOLUTE
    ../clib/angel/rt.s                       0x00000000   Number         0  aeabi_idiv0.o ABSOLUTE
    ../clib/angel/rt.s                       0x00000000   Number         0  rt_raise.o ABSOLUTE
    ../clib/angel/rt.s                       0x00000000   Number         0  aeabi_idiv0_sigfpe.o ABSOLUTE
    ../clib/angel/scatterp.s                 0x00000000   Number         0  __scatter.o ABSOLUTE
    ../clib/angel/startup.s                  0x00000000   Number         0  __main.o ABSOLUTE
    ../clib/angel/sys.s                      0x00000000   Number         0  libspace.o ABSOLUTE
    ../clib/angel/sys.s                      0x00000000   Number         0  sys_stackheap_outer.o ABSOLUTE
    ../clib/angel/sys.s                      0x00000000   Number         0  indicate_semi.o ABSOLUTE
    ../clib/angel/sys.s                      0x00000000   Number         0  use_no_semi.o ABSOLUTE
    ../clib/angel/sys.s                      0x00000000   Number         0  tempstk.o ABSOLUTE
    ../clib/angel/sysapp.c                   0x00000000   Number         0  sys_wrch.o ABSOLUTE
    ../clib/angel/sysapp.c                   0x00000000   Number         0  sys_exit.o ABSOLUTE
    ../clib/angel/sysapp.c                   0x00000000   Number         0  sys_command.o ABSOLUTE
    ../clib/armsys.c                         0x00000000   Number         0  argv_veneer.o ABSOLUTE
    ../clib/armsys.c                         0x00000000   Number         0  _get_argv_nomalloc.o ABSOLUTE
    ../clib/armsys.c                         0x00000000   Number         0  no_argv.o ABSOLUTE
    ../clib/division.s                       0x00000000   Number         0  aeabi_sdiv_div0.o ABSOLUTE
    ../clib/division.s                       0x00000000   Number         0  aeabi_sdiv.o ABSOLUTE
    ../clib/heapalloc.c                      0x00000000   Number         0  hrguard.o ABSOLUTE
    ../clib/heapaux.c                        0x00000000   Number         0  heapauxi.o ABSOLUTE
    ../clib/libinit.s                        0x00000000   Number         0  libinit.o ABSOLUTE
    ../clib/libinit.s                        0x00000000   Number         0  libshutdown2.o ABSOLUTE
    ../clib/libinit.s                        0x00000000   Number         0  libinit2.o ABSOLUTE
    ../clib/libinit.s                        0x00000000   Number         0  libshutdown.o ABSOLUTE
    ../clib/memcpset.c                       0x00000000   Number         0  rt_memcpy.o ABSOLUTE
    ../clib/memcpset.c                       0x00000000   Number         0  rt_memclr.o ABSOLUTE
    ../clib/memcpset.c                       0x00000000   Number         0  rt_memcpy.o ABSOLUTE
    ../clib/signal.c                         0x00000000   Number         0  defsig_stak_inner.o ABSOLUTE
    ../clib/signal.c                         0x00000000   Number         0  defsig_general.o ABSOLUTE
    ../clib/signal.c                         0x00000000   Number         0  defsig_rtred_inner.o ABSOLUTE
    ../clib/signal.c                         0x00000000   Number         0  defsig_rtmem_inner.o ABSOLUTE
    ../clib/signal.c                         0x00000000   Number         0  defsig_fpe_outer.o ABSOLUTE
    ../clib/signal.c                         0x00000000   Number         0  defsig_other.o ABSOLUTE
    ../clib/signal.c                         0x00000000   Number         0  defsig_rtmem_formal.o ABSOLUTE
    ../clib/signal.c                         0x00000000   Number         0  defsig_fpe_formal.o ABSOLUTE
    ../clib/signal.c                         0x00000000   Number         0  defsig_segv_inner.o ABSOLUTE
    ../clib/signal.c                         0x00000000   Number         0  defsig_cppl_inner.o ABSOLUTE
    ../clib/signal.c                         0x00000000   Number         0  defsig_exit.o ABSOLUTE
    ../clib/signal.c                         0x00000000   Number         0  defsig_fpe_inner.o ABSOLUTE
    ../clib/signal.c                         0x00000000   Number         0  defsig_pvfn_inner.o ABSOLUTE
    ../clib/signal.c                         0x00000000   Number         0  defsig_rtmem_outer.o ABSOLUTE
    ../clib/signal.c                         0x00000000   Number         0  defsig_abrt_inner.o ABSOLUTE
    ../clib/signal.c                         0x00000000   Number         0  __raise.o ABSOLUTE
    ../clib/signal.s                         0x00000000   Number         0  defsig.o ABSOLUTE
    ../clib/stdlib.c                         0x00000000   Number         0  exit.o ABSOLUTE
    ../fplib/cfplib/cmpret.c                 0x00000000   Number         0  cmpret.o ABSOLUTE
    ../fplib/cfplib/d2f.c                    0x00000000   Number         0  d2f.o ABSOLUTE
    ../fplib/cfplib/daddsub.c                0x00000000   Number         0  daddsub.o ABSOLUTE
    ../fplib/cfplib/ddiv.c                   0x00000000   Number         0  ddiv.o ABSOLUTE
    ../fplib/cfplib/dmul.c                   0x00000000   Number         0  dmul.o ABSOLUTE
    ../fplib/cfplib/f2d.c                    0x00000000   Number         0  f2d.o ABSOLUTE
    ../fplib/cfplib/fcmpin.c                 0x00000000   Number         0  fcmpin.o ABSOLUTE
    ../fplib/cfplib/fdiv.c                   0x00000000   Number         0  fdiv.o ABSOLUTE
    ../fplib/cfplib/ffix.c                   0x00000000   Number         0  dfixui.o ABSOLUTE
    ../fplib/cfplib/fflt.c                   0x00000000   Number         0  fflti.o ABSOLUTE
    ../fplib/cfplib/fflt.c                   0x00000000   Number         0  dflti.o ABSOLUTE
    ../fplib/cfplib/fpinit.c                 0x00000000   Number         0  fpinit.o ABSOLUTE
    ../fplib/cfplib/nan2.c                   0x00000000   Number         0  fnan2.o ABSOLUTE
    ../fplib/cfplib/retnan.c                 0x00000000   Number         0  retnan.o ABSOLUTE
    ../fplib/fleqf6m.s                       0x00000000   Number         0  flef.o ABSOLUTE
    ../fplib/usenofp.s                       0x00000000   Number         0  usenofp.o ABSOLUTE
    ..\Drivers\CMSIS\Device\FM\FM33xx\Source\system_fm33lc0xx.c 0x00000000   Number         0  system_fm33lc0xx.o ABSOLUTE
    ..\Drivers\FM33LC0xx_FL_Driver\Src\fm33lc0xx_fl.c 0x00000000   Number         0  fm33lc0xx_fl.o ABSOLUTE
    ..\Drivers\FM33LC0xx_FL_Driver\Src\fm33lc0xx_fl_adc.c 0x00000000   Number         0  fm33lc0xx_fl_adc.o ABSOLUTE
    ..\Drivers\FM33LC0xx_FL_Driver\Src\fm33lc0xx_fl_aes.c 0x00000000   Number         0  fm33lc0xx_fl_aes.o ABSOLUTE
    ..\Drivers\FM33LC0xx_FL_Driver\Src\fm33lc0xx_fl_atim.c 0x00000000   Number         0  fm33lc0xx_fl_atim.o ABSOLUTE
    ..\Drivers\FM33LC0xx_FL_Driver\Src\fm33lc0xx_fl_bstim32.c 0x00000000   Number         0  fm33lc0xx_fl_bstim32.o ABSOLUTE
    ..\Drivers\FM33LC0xx_FL_Driver\Src\fm33lc0xx_fl_comp.c 0x00000000   Number         0  fm33lc0xx_fl_comp.o ABSOLUTE
    ..\Drivers\FM33LC0xx_FL_Driver\Src\fm33lc0xx_fl_crc.c 0x00000000   Number         0  fm33lc0xx_fl_crc.o ABSOLUTE
    ..\Drivers\FM33LC0xx_FL_Driver\Src\fm33lc0xx_fl_divas.c 0x00000000   Number         0  fm33lc0xx_fl_divas.o ABSOLUTE
    ..\Drivers\FM33LC0xx_FL_Driver\Src\fm33lc0xx_fl_dma.c 0x00000000   Number         0  fm33lc0xx_fl_dma.o ABSOLUTE
    ..\Drivers\FM33LC0xx_FL_Driver\Src\fm33lc0xx_fl_exti.c 0x00000000   Number         0  fm33lc0xx_fl_exti.o ABSOLUTE
    ..\Drivers\FM33LC0xx_FL_Driver\Src\fm33lc0xx_fl_flash.c 0x00000000   Number         0  fm33lc0xx_fl_flash.o ABSOLUTE
    ..\Drivers\FM33LC0xx_FL_Driver\Src\fm33lc0xx_fl_gpio.c 0x00000000   Number         0  fm33lc0xx_fl_gpio.o ABSOLUTE
    ..\Drivers\FM33LC0xx_FL_Driver\Src\fm33lc0xx_fl_gptim.c 0x00000000   Number         0  fm33lc0xx_fl_gptim.o ABSOLUTE
    ..\Drivers\FM33LC0xx_FL_Driver\Src\fm33lc0xx_fl_i2c.c 0x00000000   Number         0  fm33lc0xx_fl_i2c.o ABSOLUTE
    ..\Drivers\FM33LC0xx_FL_Driver\Src\fm33lc0xx_fl_iwdt.c 0x00000000   Number         0  fm33lc0xx_fl_iwdt.o ABSOLUTE
    ..\Drivers\FM33LC0xx_FL_Driver\Src\fm33lc0xx_fl_lcd.c 0x00000000   Number         0  fm33lc0xx_fl_lcd.o ABSOLUTE
    ..\Drivers\FM33LC0xx_FL_Driver\Src\fm33lc0xx_fl_lptim32.c 0x00000000   Number         0  fm33lc0xx_fl_lptim32.o ABSOLUTE
    ..\Drivers\FM33LC0xx_FL_Driver\Src\fm33lc0xx_fl_lpuart.c 0x00000000   Number         0  fm33lc0xx_fl_lpuart.o ABSOLUTE
    ..\Drivers\FM33LC0xx_FL_Driver\Src\fm33lc0xx_fl_opa.c 0x00000000   Number         0  fm33lc0xx_fl_opa.o ABSOLUTE
    ..\Drivers\FM33LC0xx_FL_Driver\Src\fm33lc0xx_fl_pmu.c 0x00000000   Number         0  fm33lc0xx_fl_pmu.o ABSOLUTE
    ..\Drivers\FM33LC0xx_FL_Driver\Src\fm33lc0xx_fl_rcc.c 0x00000000   Number         0  fm33lc0xx_fl_rcc.o ABSOLUTE
    ..\Drivers\FM33LC0xx_FL_Driver\Src\fm33lc0xx_fl_rng.c 0x00000000   Number         0  fm33lc0xx_fl_rng.o ABSOLUTE
    ..\Drivers\FM33LC0xx_FL_Driver\Src\fm33lc0xx_fl_rtc.c 0x00000000   Number         0  fm33lc0xx_fl_rtc.o ABSOLUTE
    ..\Drivers\FM33LC0xx_FL_Driver\Src\fm33lc0xx_fl_spi.c 0x00000000   Number         0  fm33lc0xx_fl_spi.o ABSOLUTE
    ..\Drivers\FM33LC0xx_FL_Driver\Src\fm33lc0xx_fl_svd.c 0x00000000   Number         0  fm33lc0xx_fl_svd.o ABSOLUTE
    ..\Drivers\FM33LC0xx_FL_Driver\Src\fm33lc0xx_fl_u7816.c 0x00000000   Number         0  fm33lc0xx_fl_u7816.o ABSOLUTE
    ..\Drivers\FM33LC0xx_FL_Driver\Src\fm33lc0xx_fl_uart.c 0x00000000   Number         0  fm33lc0xx_fl_uart.o ABSOLUTE
    ..\Drivers\FM33LC0xx_FL_Driver\Src\fm33lc0xx_fl_wwdt.c 0x00000000   Number         0  fm33lc0xx_fl_wwdt.o ABSOLUTE
    ..\FreeRTOS\croutine.c                   0x00000000   Number         0  croutine.o ABSOLUTE
    ..\FreeRTOS\list.c                       0x00000000   Number         0  list.o ABSOLUTE
    ..\FreeRTOS\portable\MemMang\heap_4.c    0x00000000   Number         0  heap_4.o ABSOLUTE
    ..\FreeRTOS\portable\RVDS\ARM_CM0\port.c 0x00000000   Number         0  port.o ABSOLUTE
    ..\FreeRTOS\queue.c                      0x00000000   Number         0  queue.o ABSOLUTE
    ..\FreeRTOS\tasks.c                      0x00000000   Number         0  tasks.o ABSOLUTE
    ..\FreeRTOS\timers.c                     0x00000000   Number         0  timers.o ABSOLUTE
    ..\MF-config\Src\mf_config.c             0x00000000   Number         0  mf_config.o ABSOLUTE
    ..\Src\gpio.c                            0x00000000   Number         0  gpio.o ABSOLUTE
    ..\Src\lptim32_timing.c                  0x00000000   Number         0  lptim32_timing.o ABSOLUTE
    ..\Src\main.c                            0x00000000   Number         0  main.o ABSOLUTE
    ..\Src\taskgpio.c                        0x00000000   Number         0  taskgpio.o ABSOLUTE
    ..\Tickless\Tickless_Hook.c              0x00000000   Number         0  tickless_hook.o ABSOLUTE
    ..\\Drivers\\CMSIS\\Device\\FM\\FM33xx\\Source\\system_fm33lc0xx.c 0x00000000   Number         0  system_fm33lc0xx.o ABSOLUTE
    ..\\Drivers\\FM33LC0xx_FL_Driver\\Src\\fm33lc0xx_fl.c 0x00000000   Number         0  fm33lc0xx_fl.o ABSOLUTE
    ..\\Drivers\\FM33LC0xx_FL_Driver\\Src\\fm33lc0xx_fl_adc.c 0x00000000   Number         0  fm33lc0xx_fl_adc.o ABSOLUTE
    ..\\Drivers\\FM33LC0xx_FL_Driver\\Src\\fm33lc0xx_fl_aes.c 0x00000000   Number         0  fm33lc0xx_fl_aes.o ABSOLUTE
    ..\\Drivers\\FM33LC0xx_FL_Driver\\Src\\fm33lc0xx_fl_atim.c 0x00000000   Number         0  fm33lc0xx_fl_atim.o ABSOLUTE
    ..\\Drivers\\FM33LC0xx_FL_Driver\\Src\\fm33lc0xx_fl_bstim32.c 0x00000000   Number         0  fm33lc0xx_fl_bstim32.o ABSOLUTE
    ..\\Drivers\\FM33LC0xx_FL_Driver\\Src\\fm33lc0xx_fl_comp.c 0x00000000   Number         0  fm33lc0xx_fl_comp.o ABSOLUTE
    ..\\Drivers\\FM33LC0xx_FL_Driver\\Src\\fm33lc0xx_fl_crc.c 0x00000000   Number         0  fm33lc0xx_fl_crc.o ABSOLUTE
    ..\\Drivers\\FM33LC0xx_FL_Driver\\Src\\fm33lc0xx_fl_divas.c 0x00000000   Number         0  fm33lc0xx_fl_divas.o ABSOLUTE
    ..\\Drivers\\FM33LC0xx_FL_Driver\\Src\\fm33lc0xx_fl_dma.c 0x00000000   Number         0  fm33lc0xx_fl_dma.o ABSOLUTE
    ..\\Drivers\\FM33LC0xx_FL_Driver\\Src\\fm33lc0xx_fl_exti.c 0x00000000   Number         0  fm33lc0xx_fl_exti.o ABSOLUTE
    ..\\Drivers\\FM33LC0xx_FL_Driver\\Src\\fm33lc0xx_fl_flash.c 0x00000000   Number         0  fm33lc0xx_fl_flash.o ABSOLUTE
    ..\\Drivers\\FM33LC0xx_FL_Driver\\Src\\fm33lc0xx_fl_gpio.c 0x00000000   Number         0  fm33lc0xx_fl_gpio.o ABSOLUTE
    ..\\Drivers\\FM33LC0xx_FL_Driver\\Src\\fm33lc0xx_fl_gptim.c 0x00000000   Number         0  fm33lc0xx_fl_gptim.o ABSOLUTE
    ..\\Drivers\\FM33LC0xx_FL_Driver\\Src\\fm33lc0xx_fl_i2c.c 0x00000000   Number         0  fm33lc0xx_fl_i2c.o ABSOLUTE
    ..\\Drivers\\FM33LC0xx_FL_Driver\\Src\\fm33lc0xx_fl_iwdt.c 0x00000000   Number         0  fm33lc0xx_fl_iwdt.o ABSOLUTE
    ..\\Drivers\\FM33LC0xx_FL_Driver\\Src\\fm33lc0xx_fl_lcd.c 0x00000000   Number         0  fm33lc0xx_fl_lcd.o ABSOLUTE
    ..\\Drivers\\FM33LC0xx_FL_Driver\\Src\\fm33lc0xx_fl_lptim32.c 0x00000000   Number         0  fm33lc0xx_fl_lptim32.o ABSOLUTE
    ..\\Drivers\\FM33LC0xx_FL_Driver\\Src\\fm33lc0xx_fl_lpuart.c 0x00000000   Number         0  fm33lc0xx_fl_lpuart.o ABSOLUTE
    ..\\Drivers\\FM33LC0xx_FL_Driver\\Src\\fm33lc0xx_fl_opa.c 0x00000000   Number         0  fm33lc0xx_fl_opa.o ABSOLUTE
    ..\\Drivers\\FM33LC0xx_FL_Driver\\Src\\fm33lc0xx_fl_pmu.c 0x00000000   Number         0  fm33lc0xx_fl_pmu.o ABSOLUTE
    ..\\Drivers\\FM33LC0xx_FL_Driver\\Src\\fm33lc0xx_fl_rcc.c 0x00000000   Number         0  fm33lc0xx_fl_rcc.o ABSOLUTE
    ..\\Drivers\\FM33LC0xx_FL_Driver\\Src\\fm33lc0xx_fl_rng.c 0x00000000   Number         0  fm33lc0xx_fl_rng.o ABSOLUTE
    ..\\Drivers\\FM33LC0xx_FL_Driver\\Src\\fm33lc0xx_fl_rtc.c 0x00000000   Number         0  fm33lc0xx_fl_rtc.o ABSOLUTE
    ..\\Drivers\\FM33LC0xx_FL_Driver\\Src\\fm33lc0xx_fl_spi.c 0x00000000   Number         0  fm33lc0xx_fl_spi.o ABSOLUTE
    ..\\Drivers\\FM33LC0xx_FL_Driver\\Src\\fm33lc0xx_fl_svd.c 0x00000000   Number         0  fm33lc0xx_fl_svd.o ABSOLUTE
    ..\\Drivers\\FM33LC0xx_FL_Driver\\Src\\fm33lc0xx_fl_u7816.c 0x00000000   Number         0  fm33lc0xx_fl_u7816.o ABSOLUTE
    ..\\Drivers\\FM33LC0xx_FL_Driver\\Src\\fm33lc0xx_fl_uart.c 0x00000000   Number         0  fm33lc0xx_fl_uart.o ABSOLUTE
    ..\\Drivers\\FM33LC0xx_FL_Driver\\Src\\fm33lc0xx_fl_wwdt.c 0x00000000   Number         0  fm33lc0xx_fl_wwdt.o ABSOLUTE
    ..\\FreeRTOS\\portable\\RVDS\\ARM_CM0\\port.c 0x00000000   Number         0  port.o ABSOLUTE
    ..\\MF-config\\Src\\mf_config.c          0x00000000   Number         0  mf_config.o ABSOLUTE
    ..\\Src\\gpio.c                          0x00000000   Number         0  gpio.o ABSOLUTE
    ..\\Src\\lptim32_timing.c                0x00000000   Number         0  lptim32_timing.o ABSOLUTE
    ..\\Src\\main.c                          0x00000000   Number         0  main.o ABSOLUTE
    ..\\Src\\taskgpio.c                      0x00000000   Number         0  taskgpio.o ABSOLUTE
    ..\\Tickless\\Tickless_Hook.c            0x00000000   Number         0  tickless_hook.o ABSOLUTE
    dc.s                                     0x00000000   Number         0  dc.o ABSOLUTE
    !!!main                                  0x000000c0   Section        8  __main.o(!!!main)
    !!!scatter                               0x000000c8   Section       60  __scatter.o(!!!scatter)
    !!handler_copy                           0x00000104   Section       26  __scatter_copy.o(!!handler_copy)
    !!handler_zi                             0x00000120   Section       28  __scatter_zi.o(!!handler_zi)
    .ARM.Collect$$libinit$$00000000          0x0000013c   Section        2  libinit.o(.ARM.Collect$$libinit$$00000000)
    .ARM.Collect$$libinit$$00000002          0x0000013e   Section        0  libinit2.o(.ARM.Collect$$libinit$$00000002)
    .ARM.Collect$$libinit$$00000004          0x0000013e   Section        0  libinit2.o(.ARM.Collect$$libinit$$00000004)
    .ARM.Collect$$libinit$$0000000A          0x0000013e   Section        0  libinit2.o(.ARM.Collect$$libinit$$0000000A)
    .ARM.Collect$$libinit$$0000000C          0x0000013e   Section        0  libinit2.o(.ARM.Collect$$libinit$$0000000C)
    .ARM.Collect$$libinit$$0000000E          0x0000013e   Section        0  libinit2.o(.ARM.Collect$$libinit$$0000000E)
    .ARM.Collect$$libinit$$00000011          0x0000013e   Section        0  libinit2.o(.ARM.Collect$$libinit$$00000011)
    .ARM.Collect$$libinit$$00000013          0x0000013e   Section        0  libinit2.o(.ARM.Collect$$libinit$$00000013)
    .ARM.Collect$$libinit$$00000015          0x0000013e   Section        0  libinit2.o(.ARM.Collect$$libinit$$00000015)
    .ARM.Collect$$libinit$$00000017          0x0000013e   Section        0  libinit2.o(.ARM.Collect$$libinit$$00000017)
    .ARM.Collect$$libinit$$00000019          0x0000013e   Section        0  libinit2.o(.ARM.Collect$$libinit$$00000019)
    .ARM.Collect$$libinit$$0000001B          0x0000013e   Section        0  libinit2.o(.ARM.Collect$$libinit$$0000001B)
    .ARM.Collect$$libinit$$0000001D          0x0000013e   Section        0  libinit2.o(.ARM.Collect$$libinit$$0000001D)
    .ARM.Collect$$libinit$$0000001F          0x0000013e   Section        0  libinit2.o(.ARM.Collect$$libinit$$0000001F)
    .ARM.Collect$$libinit$$00000021          0x0000013e   Section        0  libinit2.o(.ARM.Collect$$libinit$$00000021)
    .ARM.Collect$$libinit$$00000023          0x0000013e   Section        0  libinit2.o(.ARM.Collect$$libinit$$00000023)
    .ARM.Collect$$libinit$$00000025          0x0000013e   Section        0  libinit2.o(.ARM.Collect$$libinit$$00000025)
    .ARM.Collect$$libinit$$0000002C          0x0000013e   Section        0  libinit2.o(.ARM.Collect$$libinit$$0000002C)
    .ARM.Collect$$libinit$$0000002E          0x0000013e   Section        0  libinit2.o(.ARM.Collect$$libinit$$0000002E)
    .ARM.Collect$$libinit$$00000030          0x0000013e   Section        0  libinit2.o(.ARM.Collect$$libinit$$00000030)
    .ARM.Collect$$libinit$$00000032          0x0000013e   Section        0  libinit2.o(.ARM.Collect$$libinit$$00000032)
    .ARM.Collect$$libinit$$00000033          0x0000013e   Section        2  libinit2.o(.ARM.Collect$$libinit$$00000033)
    .ARM.Collect$$libshutdown$$00000000      0x00000140   Section        2  libshutdown.o(.ARM.Collect$$libshutdown$$00000000)
    .ARM.Collect$$libshutdown$$00000002      0x00000142   Section        0  libshutdown2.o(.ARM.Collect$$libshutdown$$00000002)
    .ARM.Collect$$libshutdown$$00000004      0x00000142   Section        0  libshutdown2.o(.ARM.Collect$$libshutdown$$00000004)
    .ARM.Collect$$libshutdown$$00000007      0x00000142   Section        0  libshutdown2.o(.ARM.Collect$$libshutdown$$00000007)
    .ARM.Collect$$libshutdown$$0000000A      0x00000142   Section        0  libshutdown2.o(.ARM.Collect$$libshutdown$$0000000A)
    .ARM.Collect$$libshutdown$$0000000C      0x00000142   Section        0  libshutdown2.o(.ARM.Collect$$libshutdown$$0000000C)
    .ARM.Collect$$libshutdown$$0000000F      0x00000142   Section        0  libshutdown2.o(.ARM.Collect$$libshutdown$$0000000F)
    .ARM.Collect$$libshutdown$$00000010      0x00000142   Section        2  libshutdown2.o(.ARM.Collect$$libshutdown$$00000010)
    .ARM.Collect$$rtentry$$00000000          0x00000144   Section        0  __rtentry.o(.ARM.Collect$$rtentry$$00000000)
    .ARM.Collect$$rtentry$$00000002          0x00000144   Section        0  __rtentry2.o(.ARM.Collect$$rtentry$$00000002)
    .ARM.Collect$$rtentry$$00000004          0x00000144   Section        6  __rtentry4.o(.ARM.Collect$$rtentry$$00000004)
    .ARM.Collect$$rtentry$$00000009          0x0000014a   Section        0  __rtentry2.o(.ARM.Collect$$rtentry$$00000009)
    .ARM.Collect$$rtentry$$0000000A          0x0000014a   Section        4  __rtentry2.o(.ARM.Collect$$rtentry$$0000000A)
    .ARM.Collect$$rtentry$$0000000C          0x0000014e   Section        0  __rtentry2.o(.ARM.Collect$$rtentry$$0000000C)
    .ARM.Collect$$rtentry$$0000000D          0x0000014e   Section        8  __rtentry2.o(.ARM.Collect$$rtentry$$0000000D)
    .ARM.Collect$$rtexit$$00000000           0x00000156   Section        2  rtexit.o(.ARM.Collect$$rtexit$$00000000)
    .ARM.Collect$$rtexit$$00000002           0x00000158   Section        0  rtexit2.o(.ARM.Collect$$rtexit$$00000002)
    .ARM.Collect$$rtexit$$00000003           0x00000158   Section        4  rtexit2.o(.ARM.Collect$$rtexit$$00000003)
    .ARM.Collect$$rtexit$$00000004           0x0000015c   Section        6  rtexit2.o(.ARM.Collect$$rtexit$$00000004)
    .emb_text                                0x00000164   Section      120  port.o(.emb_text)
    .emb_text                                0x000001dc   Section       56  rt_memcpy.o(.emb_text)
    .text                                    0x00000214   Section       56  startup_fm33lc0xx.o(.text)
    .text                                    0x0000024c   Section        0  rt_memcpy.o(.text)
    .text                                    0x000002ce   Section        0  rt_memclr.o(.text)
    .text                                    0x0000030e   Section      346  aeabi_sdiv.o(.text)
    .text                                    0x00000468   Section        0  heapauxi.o(.text)
    .text                                    0x0000046e   Section       62  sys_stackheap_outer.o(.text)
    .text                                    0x000004ac   Section        0  exit.o(.text)
    .text                                    0x000004bc   Section        8  libspace.o(.text)
    .text                                    0x000004c4   Section        0  sys_exit.o(.text)
    .text                                    0x000004d0   Section        2  use_no_semi.o(.text)
    .text                                    0x000004d2   Section        0  indicate_semi.o(.text)
    i.FL_DelayInit                           0x000004d4   Section        0  fm33lc0xx_fl.o(i.FL_DelayInit)
    i.FL_GPIO_ClearFlag_EXTI                 0x000004f4   Section        0  gpio.o(i.FL_GPIO_ClearFlag_EXTI)
    FL_GPIO_ClearFlag_EXTI                   0x000004f5   Thumb Code     6  gpio.o(i.FL_GPIO_ClearFlag_EXTI)
    i.FL_GPIO_DisablePinAnalogSwitch         0x000004fa   Section        0  fm33lc0xx_fl_gpio.o(i.FL_GPIO_DisablePinAnalogSwitch)
    FL_GPIO_DisablePinAnalogSwitch           0x000004fb   Thumb Code    10  fm33lc0xx_fl_gpio.o(i.FL_GPIO_DisablePinAnalogSwitch)
    i.FL_GPIO_DisablePinInput                0x00000504   Section        0  fm33lc0xx_fl_gpio.o(i.FL_GPIO_DisablePinInput)
    FL_GPIO_DisablePinInput                  0x00000505   Thumb Code    10  fm33lc0xx_fl_gpio.o(i.FL_GPIO_DisablePinInput)
    i.FL_GPIO_DisablePinOpenDrain            0x0000050e   Section        0  fm33lc0xx_fl_gpio.o(i.FL_GPIO_DisablePinOpenDrain)
    FL_GPIO_DisablePinOpenDrain              0x0000050f   Thumb Code    10  fm33lc0xx_fl_gpio.o(i.FL_GPIO_DisablePinOpenDrain)
    i.FL_GPIO_DisablePinPullup               0x00000518   Section        0  fm33lc0xx_fl_gpio.o(i.FL_GPIO_DisablePinPullup)
    FL_GPIO_DisablePinPullup                 0x00000519   Thumb Code    10  fm33lc0xx_fl_gpio.o(i.FL_GPIO_DisablePinPullup)
    i.FL_GPIO_DisablePinRemap                0x00000522   Section        0  fm33lc0xx_fl_gpio.o(i.FL_GPIO_DisablePinRemap)
    FL_GPIO_DisablePinRemap                  0x00000523   Thumb Code    10  fm33lc0xx_fl_gpio.o(i.FL_GPIO_DisablePinRemap)
    i.FL_GPIO_Init                           0x0000052c   Section        0  fm33lc0xx_fl_gpio.o(i.FL_GPIO_Init)
    i.FL_GPIO_SetPinMode                     0x000006dc   Section        0  fm33lc0xx_fl_gpio.o(i.FL_GPIO_SetPinMode)
    FL_GPIO_SetPinMode                       0x000006dd   Thumb Code    26  fm33lc0xx_fl_gpio.o(i.FL_GPIO_SetPinMode)
    i.FL_GPIO_SetTriggerEdge                 0x000006f6   Section        0  gpio.o(i.FL_GPIO_SetTriggerEdge)
    FL_GPIO_SetTriggerEdge                   0x000006f7   Thumb Code    26  gpio.o(i.FL_GPIO_SetTriggerEdge)
    i.FL_Init                                0x00000710   Section        0  fm33lc0xx_fl.o(i.FL_Init)
    i.FL_LPTIM32_ClearFlag_CC                0x00000718   Section        0  lptim32_timing.o(i.FL_LPTIM32_ClearFlag_CC)
    FL_LPTIM32_ClearFlag_CC                  0x00000719   Thumb Code     8  lptim32_timing.o(i.FL_LPTIM32_ClearFlag_CC)
    i.FL_LPTIM32_EnableETRFilter             0x00000720   Section        0  fm33lc0xx_fl_lptim32.o(i.FL_LPTIM32_EnableETRFilter)
    FL_LPTIM32_EnableETRFilter               0x00000721   Thumb Code    12  fm33lc0xx_fl_lptim32.o(i.FL_LPTIM32_EnableETRFilter)
    i.FL_LPTIM32_Init                        0x0000072c   Section        0  fm33lc0xx_fl_lptim32.o(i.FL_LPTIM32_Init)
    i.FL_LPTIM32_OC_Init                     0x00000970   Section        0  fm33lc0xx_fl_lptim32.o(i.FL_LPTIM32_OC_Init)
    i.FL_LPTIM32_SetChannelMode              0x00000a2c   Section        0  fm33lc0xx_fl_lptim32.o(i.FL_LPTIM32_SetChannelMode)
    FL_LPTIM32_SetChannelMode                0x00000a2d   Thumb Code    42  fm33lc0xx_fl_lptim32.o(i.FL_LPTIM32_SetChannelMode)
    i.FL_LPTIM32_SetETRCountEdge             0x00000a56   Section        0  fm33lc0xx_fl_lptim32.o(i.FL_LPTIM32_SetETRCountEdge)
    FL_LPTIM32_SetETRCountEdge               0x00000a57   Thumb Code    12  fm33lc0xx_fl_lptim32.o(i.FL_LPTIM32_SetETRCountEdge)
    i.FL_LPTIM32_SetETRTriggerEdge           0x00000a62   Section        0  fm33lc0xx_fl_lptim32.o(i.FL_LPTIM32_SetETRTriggerEdge)
    FL_LPTIM32_SetETRTriggerEdge             0x00000a63   Thumb Code    12  fm33lc0xx_fl_lptim32.o(i.FL_LPTIM32_SetETRTriggerEdge)
    i.GPIOTask                               0x00000a70   Section        0  taskgpio.o(i.GPIOTask)
    i.GPIO_IRQCallBack                       0x00000aac   Section        0  taskgpio.o(i.GPIO_IRQCallBack)
    i.GPIO_IRQHandler                        0x00000ac4   Section        0  gpio.o(i.GPIO_IRQHandler)
    i.GPIO_interrupt_init                    0x00000af4   Section        0  gpio.o(i.GPIO_interrupt_init)
    i.LPTIM32_Init                           0x00000bc8   Section        0  lptim32_timing.o(i.LPTIM32_Init)
    i.LPTIM_IRQHandler                       0x00000c1c   Section        0  lptim32_timing.o(i.LPTIM_IRQHandler)
    i.MF_Clock_Init                          0x00000c2c   Section        0  mf_config.o(i.MF_Clock_Init)
    i.MF_Config_Init                         0x00000c2e   Section        0  mf_config.o(i.MF_Config_Init)
    i.MF_GPIO_Init                           0x00000c38   Section        0  mf_config.o(i.MF_GPIO_Init)
    i.MF_SystemClock_Config                  0x00000c60   Section        0  mf_config.o(i.MF_SystemClock_Config)
    i.NVIC_SetPriority                       0x00000c64   Section        0  gpio.o(i.NVIC_SetPriority)
    NVIC_SetPriority                         0x00000c65   Thumb Code   110  gpio.o(i.NVIC_SetPriority)
    i.SVC_Handler                            0x00000cdc   Section        0  port.o(i.SVC_Handler)
    i.SysTick_Handler                        0x00000ce0   Section        0  port.o(i.SysTick_Handler)
    i.SystemCoreClockUpdate                  0x00000d04   Section        0  system_fm33lc0xx.o(i.SystemCoreClockUpdate)
    i.SystemInit                             0x00000e94   Section        0  system_fm33lc0xx.o(i.SystemInit)
    i.SystemPLLClockUpdate                   0x00000fb8   Section        0  system_fm33lc0xx.o(i.SystemPLLClockUpdate)
    SystemPLLClockUpdate                     0x00000fb9   Thumb Code   174  system_fm33lc0xx.o(i.SystemPLLClockUpdate)
    i.__ARM_common_switch8                   0x0000107c   Section        0  system_fm33lc0xx.o(i.__ARM_common_switch8)
    i.main                                   0x00001098   Section        0  main.o(i.main)
    i.prvAddCurrentTaskToDelayedList         0x000010ec   Section        0  tasks.o(i.prvAddCurrentTaskToDelayedList)
    prvAddCurrentTaskToDelayedList           0x000010ed   Thumb Code   100  tasks.o(i.prvAddCurrentTaskToDelayedList)
    i.prvAddNewTaskToReadyList               0x00001168   Section        0  tasks.o(i.prvAddNewTaskToReadyList)
    prvAddNewTaskToReadyList                 0x00001169   Thumb Code   140  tasks.o(i.prvAddNewTaskToReadyList)
    i.prvCheckTasksWaitingTermination        0x0000120c   Section        0  tasks.o(i.prvCheckTasksWaitingTermination)
    prvCheckTasksWaitingTermination          0x0000120d   Thumb Code    90  tasks.o(i.prvCheckTasksWaitingTermination)
    i.prvCopyDataFromQueue                   0x00001274   Section        0  queue.o(i.prvCopyDataFromQueue)
    prvCopyDataFromQueue                     0x00001275   Thumb Code    44  queue.o(i.prvCopyDataFromQueue)
    i.prvDeleteTCB                           0x000012a0   Section        0  tasks.o(i.prvDeleteTCB)
    prvDeleteTCB                             0x000012a1   Thumb Code    18  tasks.o(i.prvDeleteTCB)
    i.prvHeapInit                            0x000012b4   Section        0  heap_4.o(i.prvHeapInit)
    prvHeapInit                              0x000012b5   Thumb Code   100  heap_4.o(i.prvHeapInit)
    i.prvIdleTask                            0x00001330   Section        0  tasks.o(i.prvIdleTask)
    prvIdleTask                              0x00001331   Thumb Code    20  tasks.o(i.prvIdleTask)
    i.prvInitialiseNewQueue                  0x00001348   Section        0  queue.o(i.prvInitialiseNewQueue)
    prvInitialiseNewQueue                    0x00001349   Thumb Code    34  queue.o(i.prvInitialiseNewQueue)
    i.prvInitialiseNewTask                   0x0000136a   Section        0  tasks.o(i.prvInitialiseNewTask)
    prvInitialiseNewTask                     0x0000136b   Thumb Code   132  tasks.o(i.prvInitialiseNewTask)
    i.prvInitialiseTaskLists                 0x000013f0   Section        0  tasks.o(i.prvInitialiseTaskLists)
    prvInitialiseTaskLists                   0x000013f1   Thumb Code    68  tasks.o(i.prvInitialiseTaskLists)
    i.prvInsertBlockIntoFreeList             0x00001454   Section        0  heap_4.o(i.prvInsertBlockIntoFreeList)
    prvInsertBlockIntoFreeList               0x00001455   Thumb Code    96  heap_4.o(i.prvInsertBlockIntoFreeList)
    i.prvIsQueueEmpty                        0x000014bc   Section        0  queue.o(i.prvIsQueueEmpty)
    prvIsQueueEmpty                          0x000014bd   Thumb Code    28  queue.o(i.prvIsQueueEmpty)
    i.prvResetNextTaskUnblockTime            0x000014d8   Section        0  tasks.o(i.prvResetNextTaskUnblockTime)
    prvResetNextTaskUnblockTime              0x000014d9   Thumb Code    46  tasks.o(i.prvResetNextTaskUnblockTime)
    i.prvSetupTimerInterrupt                 0x00001510   Section        0  port.o(i.prvSetupTimerInterrupt)
    prvSetupTimerInterrupt                   0x00001511   Thumb Code    12  port.o(i.prvSetupTimerInterrupt)
    i.prvTaskExitError                       0x00001524   Section        0  port.o(i.prvTaskExitError)
    prvTaskExitError                         0x00001525   Thumb Code     6  port.o(i.prvTaskExitError)
    i.prvUnlockQueue                         0x0000152a   Section        0  queue.o(i.prvUnlockQueue)
    prvUnlockQueue                           0x0000152b   Thumb Code   142  queue.o(i.prvUnlockQueue)
    i.pvPortMalloc                           0x000015b8   Section        0  heap_4.o(i.pvPortMalloc)
    i.pxPortInitialiseStack                  0x0000168c   Section        0  port.o(i.pxPortInitialiseStack)
    i.uxListRemove                           0x000016ac   Section        0  list.o(i.uxListRemove)
    i.vListInitialise                        0x000016d4   Section        0  list.o(i.vListInitialise)
    i.vListInitialiseItem                    0x000016ee   Section        0  list.o(i.vListInitialiseItem)
    i.vListInsert                            0x000016f4   Section        0  list.o(i.vListInsert)
    i.vListInsertEnd                         0x0000172a   Section        0  list.o(i.vListInsertEnd)
    i.vPortEnterCritical                     0x00001744   Section        0  port.o(i.vPortEnterCritical)
    i.vPortExitCritical                      0x00001760   Section        0  port.o(i.vPortExitCritical)
    i.vPortFree                              0x0000177c   Section        0  heap_4.o(i.vPortFree)
    i.vPortYield                             0x000017cc   Section        0  port.o(i.vPortYield)
    i.vTaskMissedYield                       0x000017e4   Section        0  tasks.o(i.vTaskMissedYield)
    i.vTaskPlaceOnEventList                  0x000017f0   Section        0  tasks.o(i.vTaskPlaceOnEventList)
    i.vTaskSetTimeOutState                   0x00001810   Section        0  tasks.o(i.vTaskSetTimeOutState)
    i.vTaskStartScheduler                    0x00001828   Section        0  tasks.o(i.vTaskStartScheduler)
    i.vTaskSuspendAll                        0x0000187c   Section        0  tasks.o(i.vTaskSuspendAll)
    i.vTaskSwitchContext                     0x0000188c   Section        0  tasks.o(i.vTaskSwitchContext)
    i.xPortStartScheduler                    0x00001904   Section        0  port.o(i.xPortStartScheduler)
    i.xQueueGenericCreate                    0x0000193c   Section        0  queue.o(i.xQueueGenericCreate)
    i.xQueueGenericReceive                   0x00001978   Section        0  queue.o(i.xQueueGenericReceive)
    i.xQueueGenericReset                     0x00001a9e   Section        0  queue.o(i.xQueueGenericReset)
    i.xQueueGiveFromISR                      0x00001b16   Section        0  queue.o(i.xQueueGiveFromISR)
    i.xTaskCheckForTimeOut                   0x00001b84   Section        0  tasks.o(i.xTaskCheckForTimeOut)
    i.xTaskCreate                            0x00001be4   Section        0  tasks.o(i.xTaskCreate)
    i.xTaskIncrementTick                     0x00001c40   Section        0  tasks.o(i.xTaskIncrementTick)
    i.xTaskRemoveFromEventList               0x00001d60   Section        0  tasks.o(i.xTaskRemoveFromEventList)
    i.xTaskResumeAll                         0x00001de0   Section        0  tasks.o(i.xTaskResumeAll)
    .data                                    0x20000000   Section        4  main.o(.data)
    .data                                    0x20000004   Section        4  taskgpio.o(.data)
    xHigherPriorityTaskWoken                 0x20000004   Data           4  taskgpio.o(.data)
    .data                                    0x20000008   Section       12  system_fm33lc0xx.o(.data)
    .data                                    0x20000014   Section       60  tasks.o(.data)
    pxDelayedTaskList                        0x20000018   Data           4  tasks.o(.data)
    pxOverflowDelayedTaskList                0x2000001c   Data           4  tasks.o(.data)
    uxDeletedTasksWaitingCleanUp             0x20000020   Data           4  tasks.o(.data)
    uxCurrentNumberOfTasks                   0x20000024   Data           4  tasks.o(.data)
    xTickCount                               0x20000028   Data           4  tasks.o(.data)
    uxTopReadyPriority                       0x2000002c   Data           4  tasks.o(.data)
    xSchedulerRunning                        0x20000030   Data           4  tasks.o(.data)
    uxPendedTicks                            0x20000034   Data           4  tasks.o(.data)
    xYieldPending                            0x20000038   Data           4  tasks.o(.data)
    xNumOfOverflows                          0x2000003c   Data           4  tasks.o(.data)
    uxTaskNumber                             0x20000040   Data           4  tasks.o(.data)
    xNextTaskUnblockTime                     0x20000044   Data           4  tasks.o(.data)
    xIdleTaskHandle                          0x20000048   Data           4  tasks.o(.data)
    uxSchedulerSuspended                     0x2000004c   Data           4  tasks.o(.data)
    .data                                    0x20000050   Section       24  heap_4.o(.data)
    xStart                                   0x20000050   Data           8  heap_4.o(.data)
    pxEnd                                    0x20000058   Data           4  heap_4.o(.data)
    xFreeBytesRemaining                      0x2000005c   Data           4  heap_4.o(.data)
    xMinimumEverFreeBytesRemaining           0x20000060   Data           4  heap_4.o(.data)
    xBlockAllocatedBit                       0x20000064   Data           4  heap_4.o(.data)
    .data                                    0x20000068   Section        4  port.o(.data)
    uxCriticalNesting                        0x20000068   Data           4  port.o(.data)
    .bss                                     0x2000006c   Section      200  tasks.o(.bss)
    pxReadyTasksLists                        0x2000006c   Data         100  tasks.o(.bss)
    xDelayedTaskList1                        0x200000d0   Data          20  tasks.o(.bss)
    xDelayedTaskList2                        0x200000e4   Data          20  tasks.o(.bss)
    xPendingReadyList                        0x200000f8   Data          20  tasks.o(.bss)
    xTasksWaitingTermination                 0x2000010c   Data          20  tasks.o(.bss)
    xSuspendedTaskList                       0x20000120   Data          20  tasks.o(.bss)
    .bss                                     0x20000134   Section    17408  heap_4.o(.bss)
    ucHeap                                   0x20000134   Data       17408  heap_4.o(.bss)
    .bss                                     0x20004534   Section       96  libspace.o(.bss)
    HEAP                                     0x20004598   Section     2048  startup_fm33lc0xx.o(HEAP)
    Heap_Mem                                 0x20004598   Data        2048  startup_fm33lc0xx.o(HEAP)
    STACK                                    0x20004d98   Section     2048  startup_fm33lc0xx.o(STACK)
    Stack_Mem                                0x20004d98   Data        2048  startup_fm33lc0xx.o(STACK)
    __initial_sp                             0x20005598   Data           0  startup_fm33lc0xx.o(STACK)

    Global Symbols

    Symbol Name                              Value     Ov Type        Size  Object(Section)

    BuildAttributes$$THM_ISAv3M$S$PE$A:L22$X:L11$S22$IEEE1$IW$USESV6$~STKCKD$USESV7$~SHL$OSPACE$ROPI$EBA8$UX$STANDARDLIB$REQ8$PRES8$EABIv2 0x00000000   Number         0  anon$$obj.o ABSOLUTE
    __ARM_use_no_argv                        0x00000000   Number         0  main.o ABSOLUTE
    __Vectors                                0x00000000   Data           4  startup_fm33lc0xx.o(RESET)
    __ARM_exceptions_init                     - Undefined Weak Reference
    __alloca_initialize                       - Undefined Weak Reference
    __arm_preinit_                            - Undefined Weak Reference
    __cpp_initialize__aeabi_                  - Undefined Weak Reference
    __cxa_finalize                            - Undefined Weak Reference
    __rt_locale                               - Undefined Weak Reference
    __sigvec_lookup                           - Undefined Weak Reference
    _atexit_init                              - Undefined Weak Reference
    _call_atexit_fns                          - Undefined Weak Reference
    _clock_init                               - Undefined Weak Reference
    _fp_trap_init                             - Undefined Weak Reference
    _fp_trap_shutdown                         - Undefined Weak Reference
    _get_lc_collate                           - Undefined Weak Reference
    _get_lc_ctype                             - Undefined Weak Reference
    _get_lc_monetary                          - Undefined Weak Reference
    _get_lc_numeric                           - Undefined Weak Reference
    _get_lc_time                              - Undefined Weak Reference
    _getenv_init                              - Undefined Weak Reference
    _handle_redirection                       - Undefined Weak Reference
    _init_alloc                               - Undefined Weak Reference
    _init_user_alloc                          - Undefined Weak Reference
    _initio                                   - Undefined Weak Reference
    _rand_init                                - Undefined Weak Reference
    _signal_finish                            - Undefined Weak Reference
    _signal_init                              - Undefined Weak Reference
    _terminate_alloc                          - Undefined Weak Reference
    _terminate_user_alloc                     - Undefined Weak Reference
    _terminateio                              - Undefined Weak Reference
    __Vectors_End                            0x000000c0   Data           0  startup_fm33lc0xx.o(RESET)
    __Vectors_Size                           0x000000c0   Number         0  startup_fm33lc0xx.o ABSOLUTE
    __main                                   0x000000c1   Thumb Code     8  __main.o(!!!main)
    __scatterload                            0x000000c9   Thumb Code     0  __scatter.o(!!!scatter)
    __scatterload_rt2                        0x000000c9   Thumb Code    52  __scatter.o(!!!scatter)
    __scatterload_rt2_thumb_only             0x000000c9   Thumb Code     0  __scatter.o(!!!scatter)
    __scatterload_null                       0x000000d9   Thumb Code     0  __scatter.o(!!!scatter)
    __scatterload_copy                       0x00000105   Thumb Code    26  __scatter_copy.o(!!handler_copy)
    __scatterload_zeroinit                   0x00000121   Thumb Code    28  __scatter_zi.o(!!handler_zi)
    __rt_lib_init                            0x0000013d   Thumb Code     0  libinit.o(.ARM.Collect$$libinit$$00000000)
    __rt_lib_init_alloca_1                   0x0000013f   Thumb Code     0  libinit2.o(.ARM.Collect$$libinit$$0000002E)
    __rt_lib_init_argv_1                     0x0000013f   Thumb Code     0  libinit2.o(.ARM.Collect$$libinit$$0000002C)
    __rt_lib_init_atexit_1                   0x0000013f   Thumb Code     0  libinit2.o(.ARM.Collect$$libinit$$0000001B)
    __rt_lib_init_clock_1                    0x0000013f   Thumb Code     0  libinit2.o(.ARM.Collect$$libinit$$00000021)
    __rt_lib_init_cpp_1                      0x0000013f   Thumb Code     0  libinit2.o(.ARM.Collect$$libinit$$00000032)
    __rt_lib_init_exceptions_1               0x0000013f   Thumb Code     0  libinit2.o(.ARM.Collect$$libinit$$00000030)
    __rt_lib_init_fp_1                       0x0000013f   Thumb Code     0  libinit2.o(.ARM.Collect$$libinit$$00000002)
    __rt_lib_init_fp_trap_1                  0x0000013f   Thumb Code     0  libinit2.o(.ARM.Collect$$libinit$$0000001F)
    __rt_lib_init_getenv_1                   0x0000013f   Thumb Code     0  libinit2.o(.ARM.Collect$$libinit$$00000023)
    __rt_lib_init_heap_1                     0x0000013f   Thumb Code     0  libinit2.o(.ARM.Collect$$libinit$$0000000A)
    __rt_lib_init_lc_collate_1               0x0000013f   Thumb Code     0  libinit2.o(.ARM.Collect$$libinit$$00000011)
    __rt_lib_init_lc_ctype_1                 0x0000013f   Thumb Code     0  libinit2.o(.ARM.Collect$$libinit$$00000013)
    __rt_lib_init_lc_monetary_1              0x0000013f   Thumb Code     0  libinit2.o(.ARM.Collect$$libinit$$00000015)
    __rt_lib_init_lc_numeric_1               0x0000013f   Thumb Code     0  libinit2.o(.ARM.Collect$$libinit$$00000017)
    __rt_lib_init_lc_time_1                  0x0000013f   Thumb Code     0  libinit2.o(.ARM.Collect$$libinit$$00000019)
    __rt_lib_init_preinit_1                  0x0000013f   Thumb Code     0  libinit2.o(.ARM.Collect$$libinit$$00000004)
    __rt_lib_init_rand_1                     0x0000013f   Thumb Code     0  libinit2.o(.ARM.Collect$$libinit$$0000000E)
    __rt_lib_init_return                     0x0000013f   Thumb Code     0  libinit2.o(.ARM.Collect$$libinit$$00000033)
    __rt_lib_init_signal_1                   0x0000013f   Thumb Code     0  libinit2.o(.ARM.Collect$$libinit$$0000001D)
    __rt_lib_init_stdio_1                    0x0000013f   Thumb Code     0  libinit2.o(.ARM.Collect$$libinit$$00000025)
    __rt_lib_init_user_alloc_1               0x0000013f   Thumb Code     0  libinit2.o(.ARM.Collect$$libinit$$0000000C)
    __rt_lib_shutdown                        0x00000141   Thumb Code     0  libshutdown.o(.ARM.Collect$$libshutdown$$00000000)
    __rt_lib_shutdown_cpp_1                  0x00000143   Thumb Code     0  libshutdown2.o(.ARM.Collect$$libshutdown$$00000002)
    __rt_lib_shutdown_fp_trap_1              0x00000143   Thumb Code     0  libshutdown2.o(.ARM.Collect$$libshutdown$$00000007)
    __rt_lib_shutdown_heap_1                 0x00000143   Thumb Code     0  libshutdown2.o(.ARM.Collect$$libshutdown$$0000000F)
    __rt_lib_shutdown_return                 0x00000143   Thumb Code     0  libshutdown2.o(.ARM.Collect$$libshutdown$$00000010)
    __rt_lib_shutdown_signal_1               0x00000143   Thumb Code     0  libshutdown2.o(.ARM.Collect$$libshutdown$$0000000A)
    __rt_lib_shutdown_stdio_1                0x00000143   Thumb Code     0  libshutdown2.o(.ARM.Collect$$libshutdown$$00000004)
    __rt_lib_shutdown_user_alloc_1           0x00000143   Thumb Code     0  libshutdown2.o(.ARM.Collect$$libshutdown$$0000000C)
    __rt_entry                               0x00000145   Thumb Code     0  __rtentry.o(.ARM.Collect$$rtentry$$00000000)
    __rt_entry_presh_1                       0x00000145   Thumb Code     0  __rtentry2.o(.ARM.Collect$$rtentry$$00000002)
    __rt_entry_sh                            0x00000145   Thumb Code     0  __rtentry4.o(.ARM.Collect$$rtentry$$00000004)
    __rt_entry_li                            0x0000014b   Thumb Code     0  __rtentry2.o(.ARM.Collect$$rtentry$$0000000A)
    __rt_entry_postsh_1                      0x0000014b   Thumb Code     0  __rtentry2.o(.ARM.Collect$$rtentry$$00000009)
    __rt_entry_main                          0x0000014f   Thumb Code     0  __rtentry2.o(.ARM.Collect$$rtentry$$0000000D)
    __rt_entry_postli_1                      0x0000014f   Thumb Code     0  __rtentry2.o(.ARM.Collect$$rtentry$$0000000C)
    __rt_exit                                0x00000157   Thumb Code     0  rtexit.o(.ARM.Collect$$rtexit$$00000000)
    __rt_exit_ls                             0x00000159   Thumb Code     0  rtexit2.o(.ARM.Collect$$rtexit$$00000003)
    __rt_exit_prels_1                        0x00000159   Thumb Code     0  rtexit2.o(.ARM.Collect$$rtexit$$00000002)
    __rt_exit_exit                           0x0000015d   Thumb Code     0  rtexit2.o(.ARM.Collect$$rtexit$$00000004)
    __asm___6_port_c_39a90d8d__prvPortStartFirstTask 0x00000165   Thumb Code    36  port.o(.emb_text)
    ulSetInterruptMaskFromISR                0x0000018d   Thumb Code     8  port.o(.emb_text)
    vClearInterruptMaskFromISR               0x00000195   Thumb Code     6  port.o(.emb_text)
    PendSV_Handler                           0x0000019b   Thumb Code    62  port.o(.emb_text)
    __aeabi_memcpy4                          0x000001dd   Thumb Code    56  rt_memcpy.o(.emb_text)
    __aeabi_memcpy8                          0x000001dd   Thumb Code     0  rt_memcpy.o(.emb_text)
    Reset_Handler                            0x00000215   Thumb Code     8  startup_fm33lc0xx.o(.text)
    NMI_Handler                              0x0000021d   Thumb Code     2  startup_fm33lc0xx.o(.text)
    HardFault_Handler                        0x0000021f   Thumb Code     2  startup_fm33lc0xx.o(.text)
    ADC_IRQHandler                           0x00000227   Thumb Code     0  startup_fm33lc0xx.o(.text)
    AES_IRQHandler                           0x00000227   Thumb Code     0  startup_fm33lc0xx.o(.text)
    ATIM_IRQHandler                          0x00000227   Thumb Code     0  startup_fm33lc0xx.o(.text)
    BSTIM_IRQHandler                         0x00000227   Thumb Code     0  startup_fm33lc0xx.o(.text)
    COMPx_IRQHandler                         0x00000227   Thumb Code     0  startup_fm33lc0xx.o(.text)
    DMA_IRQHandler                           0x00000227   Thumb Code     0  startup_fm33lc0xx.o(.text)
    FLASH_IRQHandler                         0x00000227   Thumb Code     0  startup_fm33lc0xx.o(.text)
    GPTIM0_IRQHandler                        0x00000227   Thumb Code     0  startup_fm33lc0xx.o(.text)
    GPTIM1_IRQHandler                        0x00000227   Thumb Code     0  startup_fm33lc0xx.o(.text)
    HFDET_IRQHandler                         0x00000227   Thumb Code     0  startup_fm33lc0xx.o(.text)
    I2C_IRQHandler                           0x00000227   Thumb Code     0  startup_fm33lc0xx.o(.text)
    IWDT_IRQHandler                          0x00000227   Thumb Code     0  startup_fm33lc0xx.o(.text)
    LCD_IRQHandler                           0x00000227   Thumb Code     0  startup_fm33lc0xx.o(.text)
    LFDET_IRQHandler                         0x00000227   Thumb Code     0  startup_fm33lc0xx.o(.text)
    LPUART0_IRQHandler                       0x00000227   Thumb Code     0  startup_fm33lc0xx.o(.text)
    LPUART1_IRQHandler                       0x00000227   Thumb Code     0  startup_fm33lc0xx.o(.text)
    OPAx_IRQHandler                          0x00000227   Thumb Code     0  startup_fm33lc0xx.o(.text)
    RTC_IRQHandler                           0x00000227   Thumb Code     0  startup_fm33lc0xx.o(.text)
    SPI1_IRQHandler                          0x00000227   Thumb Code     0  startup_fm33lc0xx.o(.text)
    SPI2_IRQHandler                          0x00000227   Thumb Code     0  startup_fm33lc0xx.o(.text)
    SVD_IRQHandler                           0x00000227   Thumb Code     0  startup_fm33lc0xx.o(.text)
    U7816_IRQHandler                         0x00000227   Thumb Code     0  startup_fm33lc0xx.o(.text)
    UART0_IRQHandler                         0x00000227   Thumb Code     0  startup_fm33lc0xx.o(.text)
    UART1_IRQHandler                         0x00000227   Thumb Code     0  startup_fm33lc0xx.o(.text)
    UART4_IRQHandler                         0x00000227   Thumb Code     0  startup_fm33lc0xx.o(.text)
    UART5_IRQHandler                         0x00000227   Thumb Code     0  startup_fm33lc0xx.o(.text)
    USB_IRQHandler                           0x00000227   Thumb Code     0  startup_fm33lc0xx.o(.text)
    VREF_IRQHandler                          0x00000227   Thumb Code     0  startup_fm33lc0xx.o(.text)
    WKUP_IRQHandler                          0x00000227   Thumb Code     0  startup_fm33lc0xx.o(.text)
    WWDT_IRQHandler                          0x00000227   Thumb Code     0  startup_fm33lc0xx.o(.text)
    __user_initial_stackheap                 0x00000229   Thumb Code     0  startup_fm33lc0xx.o(.text)
    __aeabi_memcpy                           0x0000024d   Thumb Code   130  rt_memcpy.o(.text)
    __rt_memcpy                              0x0000024d   Thumb Code     0  rt_memcpy.o(.text)
    _memset_w                                0x000002cf   Thumb Code    26  rt_memclr.o(.text)
    _memset                                  0x000002e9   Thumb Code    30  rt_memclr.o(.text)
    __aeabi_memclr                           0x00000307   Thumb Code     4  rt_memclr.o(.text)
    __rt_memclr                              0x00000307   Thumb Code     0  rt_memclr.o(.text)
    __aeabi_memclr4                          0x0000030b   Thumb Code     0  rt_memclr.o(.text)
    __aeabi_memclr8                          0x0000030b   Thumb Code     0  rt_memclr.o(.text)
    __rt_memclr_w                            0x0000030b   Thumb Code     4  rt_memclr.o(.text)
    __aeabi_uidiv                            0x0000030f   Thumb Code     0  aeabi_sdiv.o(.text)
    __aeabi_uidivmod                         0x0000030f   Thumb Code    20  aeabi_sdiv.o(.text)
    __aeabi_idiv                             0x00000323   Thumb Code     0  aeabi_sdiv.o(.text)
    __aeabi_idivmod                          0x00000323   Thumb Code   326  aeabi_sdiv.o(.text)
    __use_two_region_memory                  0x00000469   Thumb Code     2  heapauxi.o(.text)
    __rt_heap_escrow$2region                 0x0000046b   Thumb Code     2  heapauxi.o(.text)
    __rt_heap_expand$2region                 0x0000046d   Thumb Code     2  heapauxi.o(.text)
    __user_setup_stackheap                   0x0000046f   Thumb Code    62  sys_stackheap_outer.o(.text)
    exit                                     0x000004ad   Thumb Code    16  exit.o(.text)
    __user_libspace                          0x000004bd   Thumb Code     8  libspace.o(.text)
    __user_perproc_libspace                  0x000004bd   Thumb Code     0  libspace.o(.text)
    __user_perthread_libspace                0x000004bd   Thumb Code     0  libspace.o(.text)
    _sys_exit                                0x000004c5   Thumb Code     8  sys_exit.o(.text)
    __I$use$semihosting                      0x000004d1   Thumb Code     0  use_no_semi.o(.text)
    __use_no_semihosting_swi                 0x000004d1   Thumb Code     2  use_no_semi.o(.text)
    __semihosting_library_function           0x000004d3   Thumb Code     0  indicate_semi.o(.text)
    FL_DelayInit                             0x000004d5   Thumb Code    26  fm33lc0xx_fl.o(i.FL_DelayInit)
    FL_GPIO_Init                             0x0000052d   Thumb Code   418  fm33lc0xx_fl_gpio.o(i.FL_GPIO_Init)
    FL_Init                                  0x00000711   Thumb Code     8  fm33lc0xx_fl.o(i.FL_Init)
    FL_LPTIM32_Init                          0x0000072d   Thumb Code   572  fm33lc0xx_fl_lptim32.o(i.FL_LPTIM32_Init)
    FL_LPTIM32_OC_Init                       0x00000971   Thumb Code   184  fm33lc0xx_fl_lptim32.o(i.FL_LPTIM32_OC_Init)
    GPIOTask                                 0x00000a71   Thumb Code    50  taskgpio.o(i.GPIOTask)
    GPIO_IRQCallBack                         0x00000aad   Thumb Code    14  taskgpio.o(i.GPIO_IRQCallBack)
    GPIO_IRQHandler                          0x00000ac5   Thumb Code    42  gpio.o(i.GPIO_IRQHandler)
    GPIO_interrupt_init                      0x00000af5   Thumb Code   200  gpio.o(i.GPIO_interrupt_init)
    LPTIM32_Init                             0x00000bc9   Thumb Code    80  lptim32_timing.o(i.LPTIM32_Init)
    LPTIM_IRQHandler                         0x00000c1d   Thumb Code    12  lptim32_timing.o(i.LPTIM_IRQHandler)
    MF_Clock_Init                            0x00000c2d   Thumb Code     2  mf_config.o(i.MF_Clock_Init)
    MF_Config_Init                           0x00000c2f   Thumb Code     8  mf_config.o(i.MF_Config_Init)
    MF_GPIO_Init                             0x00000c39   Thumb Code    36  mf_config.o(i.MF_GPIO_Init)
    MF_SystemClock_Config                    0x00000c61   Thumb Code     2  mf_config.o(i.MF_SystemClock_Config)
    SVC_Handler                              0x00000cdd   Thumb Code     2  port.o(i.SVC_Handler)
    SysTick_Handler                          0x00000ce1   Thumb Code    32  port.o(i.SysTick_Handler)
    SystemCoreClockUpdate                    0x00000d05   Thumb Code   348  system_fm33lc0xx.o(i.SystemCoreClockUpdate)
    SystemInit                               0x00000e95   Thumb Code   270  system_fm33lc0xx.o(i.SystemInit)
    __ARM_common_switch8                     0x0000107d   Thumb Code    28  system_fm33lc0xx.o(i.__ARM_common_switch8)
    main                                     0x00001099   Thumb Code    68  main.o(i.main)
    pvPortMalloc                             0x000015b9   Thumb Code   190  heap_4.o(i.pvPortMalloc)
    pxPortInitialiseStack                    0x0000168d   Thumb Code    26  port.o(i.pxPortInitialiseStack)
    uxListRemove                             0x000016ad   Thumb Code    40  list.o(i.uxListRemove)
    vListInitialise                          0x000016d5   Thumb Code    26  list.o(i.vListInitialise)
    vListInitialiseItem                      0x000016ef   Thumb Code     6  list.o(i.vListInitialiseItem)
    vListInsert                              0x000016f5   Thumb Code    54  list.o(i.vListInsert)
    vListInsertEnd                           0x0000172b   Thumb Code    24  list.o(i.vListInsertEnd)
    vPortEnterCritical                       0x00001745   Thumb Code    22  port.o(i.vPortEnterCritical)
    vPortExitCritical                        0x00001761   Thumb Code    22  port.o(i.vPortExitCritical)
    vPortFree                                0x0000177d   Thumb Code    70  heap_4.o(i.vPortFree)
    vPortYield                               0x000017cd   Thumb Code    18  port.o(i.vPortYield)
    vTaskMissedYield                         0x000017e5   Thumb Code     8  tasks.o(i.vTaskMissedYield)
    vTaskPlaceOnEventList                    0x000017f1   Thumb Code    28  tasks.o(i.vTaskPlaceOnEventList)
    vTaskSetTimeOutState                     0x00001811   Thumb Code    14  tasks.o(i.vTaskSetTimeOutState)
    vTaskStartScheduler                      0x00001829   Thumb Code    56  tasks.o(i.vTaskStartScheduler)
    vTaskSuspendAll                          0x0000187d   Thumb Code    12  tasks.o(i.vTaskSuspendAll)
    vTaskSwitchContext                       0x0000188d   Thumb Code    98  tasks.o(i.vTaskSwitchContext)
    xPortStartScheduler                      0x00001905   Thumb Code    48  port.o(i.xPortStartScheduler)
    xQueueGenericCreate                      0x0000193d   Thumb Code    60  queue.o(i.xQueueGenericCreate)
    xQueueGenericReceive                     0x00001979   Thumb Code   294  queue.o(i.xQueueGenericReceive)
    xQueueGenericReset                       0x00001a9f   Thumb Code   120  queue.o(i.xQueueGenericReset)
    xQueueGiveFromISR                        0x00001b17   Thumb Code   110  queue.o(i.xQueueGiveFromISR)
    xTaskCheckForTimeOut                     0x00001b85   Thumb Code    86  tasks.o(i.xTaskCheckForTimeOut)
    xTaskCreate                              0x00001be5   Thumb Code    92  tasks.o(i.xTaskCreate)
    xTaskIncrementTick                       0x00001c41   Thumb Code   242  tasks.o(i.xTaskIncrementTick)
    xTaskRemoveFromEventList                 0x00001d61   Thumb Code   102  tasks.o(i.xTaskRemoveFromEventList)
    xTaskResumeAll                           0x00001de1   Thumb Code   192  tasks.o(i.xTaskResumeAll)
    Region$$Table$$Base                      0x00001ec0   Number         0  anon$$obj.o(Region$$Table)
    Region$$Table$$Limit                     0x00001ee0   Number         0  anon$$obj.o(Region$$Table)
    gpioSemaphore                            0x20000000   Data           4  main.o(.data)
    XTLFClock                                0x20000008   Data           4  system_fm33lc0xx.o(.data)
    XTHFClock                                0x2000000c   Data           4  system_fm33lc0xx.o(.data)
    SystemCoreClock                          0x20000010   Data           4  system_fm33lc0xx.o(.data)
    pxCurrentTCB                             0x20000014   Data           4  tasks.o(.data)
    __libspace_start                         0x20004534   Data          96  libspace.o(.bss)
    __temporary_stack_top$libspace           0x20004594   Data           0  libspace.o(.bss)



==============================================================================

Memory Map of the image

  Image Entry point : 0x000000c1

  Load Region LR_IROM1 (Base: 0x00000000, Size: 0x00001f4c, Max: 0x00040000, ABSOLUTE)

    Execution Region ER_IROM1 (Base: 0x00000000, Size: 0x00001ee0, Max: 0x00040000, ABSOLUTE)

    Base Addr    Size         Type   Attr      Idx    E Section Name        Object

    0x00000000   0x000000c0   Data   RO            3    RESET               startup_fm33lc0xx.o
    0x000000c0   0x00000008   Code   RO         2929  * !!!main             c_p.l(__main.o)
    0x000000c8   0x0000003c   Code   RO         3129    !!!scatter          c_p.l(__scatter.o)
    0x00000104   0x0000001a   Code   RO         3131    !!handler_copy      c_p.l(__scatter_copy.o)
    0x0000011e   0x00000002   PAD
    0x00000120   0x0000001c   Code   RO         3133    !!handler_zi        c_p.l(__scatter_zi.o)
    0x0000013c   0x00000002   Code   RO         2996    .ARM.Collect$$libinit$$00000000  c_p.l(libinit.o)
    0x0000013e   0x00000000   Code   RO         3012    .ARM.Collect$$libinit$$00000002  c_p.l(libinit2.o)
    0x0000013e   0x00000000   Code   RO         3014    .ARM.Collect$$libinit$$00000004  c_p.l(libinit2.o)
    0x0000013e   0x00000000   Code   RO         3017    .ARM.Collect$$libinit$$0000000A  c_p.l(libinit2.o)
    0x0000013e   0x00000000   Code   RO         3019    .ARM.Collect$$libinit$$0000000C  c_p.l(libinit2.o)
    0x0000013e   0x00000000   Code   RO         3021    .ARM.Collect$$libinit$$0000000E  c_p.l(libinit2.o)
    0x0000013e   0x00000000   Code   RO         3024    .ARM.Collect$$libinit$$00000011  c_p.l(libinit2.o)
    0x0000013e   0x00000000   Code   RO         3026    .ARM.Collect$$libinit$$00000013  c_p.l(libinit2.o)
    0x0000013e   0x00000000   Code   RO         3028    .ARM.Collect$$libinit$$00000015  c_p.l(libinit2.o)
    0x0000013e   0x00000000   Code   RO         3030    .ARM.Collect$$libinit$$00000017  c_p.l(libinit2.o)
    0x0000013e   0x00000000   Code   RO         3032    .ARM.Collect$$libinit$$00000019  c_p.l(libinit2.o)
    0x0000013e   0x00000000   Code   RO         3034    .ARM.Collect$$libinit$$0000001B  c_p.l(libinit2.o)
    0x0000013e   0x00000000   Code   RO         3036    .ARM.Collect$$libinit$$0000001D  c_p.l(libinit2.o)
    0x0000013e   0x00000000   Code   RO         3038    .ARM.Collect$$libinit$$0000001F  c_p.l(libinit2.o)
    0x0000013e   0x00000000   Code   RO         3040    .ARM.Collect$$libinit$$00000021  c_p.l(libinit2.o)
    0x0000013e   0x00000000   Code   RO         3042    .ARM.Collect$$libinit$$00000023  c_p.l(libinit2.o)
    0x0000013e   0x00000000   Code   RO         3044    .ARM.Collect$$libinit$$00000025  c_p.l(libinit2.o)
    0x0000013e   0x00000000   Code   RO         3048    .ARM.Collect$$libinit$$0000002C  c_p.l(libinit2.o)
    0x0000013e   0x00000000   Code   RO         3050    .ARM.Collect$$libinit$$0000002E  c_p.l(libinit2.o)
    0x0000013e   0x00000000   Code   RO         3052    .ARM.Collect$$libinit$$00000030  c_p.l(libinit2.o)
    0x0000013e   0x00000000   Code   RO         3054    .ARM.Collect$$libinit$$00000032  c_p.l(libinit2.o)
    0x0000013e   0x00000002   Code   RO         3055    .ARM.Collect$$libinit$$00000033  c_p.l(libinit2.o)
    0x00000140   0x00000002   Code   RO         3086    .ARM.Collect$$libshutdown$$00000000  c_p.l(libshutdown.o)
    0x00000142   0x00000000   Code   RO         3112    .ARM.Collect$$libshutdown$$00000002  c_p.l(libshutdown2.o)
    0x00000142   0x00000000   Code   RO         3114    .ARM.Collect$$libshutdown$$00000004  c_p.l(libshutdown2.o)
    0x00000142   0x00000000   Code   RO         3117    .ARM.Collect$$libshutdown$$00000007  c_p.l(libshutdown2.o)
    0x00000142   0x00000000   Code   RO         3120    .ARM.Collect$$libshutdown$$0000000A  c_p.l(libshutdown2.o)
    0x00000142   0x00000000   Code   RO         3122    .ARM.Collect$$libshutdown$$0000000C  c_p.l(libshutdown2.o)
    0x00000142   0x00000000   Code   RO         3125    .ARM.Collect$$libshutdown$$0000000F  c_p.l(libshutdown2.o)
    0x00000142   0x00000002   Code   RO         3126    .ARM.Collect$$libshutdown$$00000010  c_p.l(libshutdown2.o)
    0x00000144   0x00000000   Code   RO         2953    .ARM.Collect$$rtentry$$00000000  c_p.l(__rtentry.o)
    0x00000144   0x00000000   Code   RO         2962    .ARM.Collect$$rtentry$$00000002  c_p.l(__rtentry2.o)
    0x00000144   0x00000006   Code   RO         2974    .ARM.Collect$$rtentry$$00000004  c_p.l(__rtentry4.o)
    0x0000014a   0x00000000   Code   RO         2964    .ARM.Collect$$rtentry$$00000009  c_p.l(__rtentry2.o)
    0x0000014a   0x00000004   Code   RO         2965    .ARM.Collect$$rtentry$$0000000A  c_p.l(__rtentry2.o)
    0x0000014e   0x00000000   Code   RO         2967    .ARM.Collect$$rtentry$$0000000C  c_p.l(__rtentry2.o)
    0x0000014e   0x00000008   Code   RO         2968    .ARM.Collect$$rtentry$$0000000D  c_p.l(__rtentry2.o)
    0x00000156   0x00000002   Code   RO         3003    .ARM.Collect$$rtexit$$00000000  c_p.l(rtexit.o)
    0x00000158   0x00000000   Code   RO         3059    .ARM.Collect$$rtexit$$00000002  c_p.l(rtexit2.o)
    0x00000158   0x00000004   Code   RO         3060    .ARM.Collect$$rtexit$$00000003  c_p.l(rtexit2.o)
    0x0000015c   0x00000006   Code   RO         3061    .ARM.Collect$$rtexit$$00000004  c_p.l(rtexit2.o)
    0x00000162   0x00000002   PAD
    0x00000164   0x00000078   Code   RO         2831    .emb_text           port.o
    0x000001dc   0x00000038   Code   RO         2917    .emb_text           c_p.l(rt_memcpy.o)
    0x00000214   0x00000038   Code   RO            4    .text               startup_fm33lc0xx.o
    0x0000024c   0x00000082   Code   RO         2918    .text               c_p.l(rt_memcpy.o)
    0x000002ce   0x00000040   Code   RO         2921    .text               c_p.l(rt_memclr.o)
    0x0000030e   0x0000015a   Code   RO         2923    .text               c_p.l(aeabi_sdiv.o)
    0x00000468   0x00000006   Code   RO         2927    .text               c_p.l(heapauxi.o)
    0x0000046e   0x0000003e   Code   RO         2982    .text               c_p.l(sys_stackheap_outer.o)
    0x000004ac   0x00000010   Code   RO         2985    .text               c_p.l(exit.o)
    0x000004bc   0x00000008   Code   RO         2999    .text               c_p.l(libspace.o)
    0x000004c4   0x0000000c   Code   RO         3056    .text               c_p.l(sys_exit.o)
    0x000004d0   0x00000002   Code   RO         3075    .text               c_p.l(use_no_semi.o)
    0x000004d2   0x00000000   Code   RO         3077    .text               c_p.l(indicate_semi.o)
    0x000004d2   0x00000002   PAD
    0x000004d4   0x00000020   Code   RO          438    i.FL_DelayInit      fm33lc0xx_fl.o
    0x000004f4   0x00000006   Code   RO          314    i.FL_GPIO_ClearFlag_EXTI  gpio.o
    0x000004fa   0x0000000a   Code   RO         1276    i.FL_GPIO_DisablePinAnalogSwitch  fm33lc0xx_fl_gpio.o
    0x00000504   0x0000000a   Code   RO         1277    i.FL_GPIO_DisablePinInput  fm33lc0xx_fl_gpio.o
    0x0000050e   0x0000000a   Code   RO         1278    i.FL_GPIO_DisablePinOpenDrain  fm33lc0xx_fl_gpio.o
    0x00000518   0x0000000a   Code   RO         1279    i.FL_GPIO_DisablePinPullup  fm33lc0xx_fl_gpio.o
    0x00000522   0x0000000a   Code   RO         1280    i.FL_GPIO_DisablePinRemap  fm33lc0xx_fl_gpio.o
    0x0000052c   0x000001b0   Code   RO         1282    i.FL_GPIO_Init      fm33lc0xx_fl_gpio.o
    0x000006dc   0x0000001a   Code   RO         1283    i.FL_GPIO_SetPinMode  fm33lc0xx_fl_gpio.o
    0x000006f6   0x0000001a   Code   RO          315    i.FL_GPIO_SetTriggerEdge  gpio.o
    0x00000710   0x00000008   Code   RO          443    i.FL_Init           fm33lc0xx_fl.o
    0x00000718   0x00000008   Code   RO          280    i.FL_LPTIM32_ClearFlag_CC  lptim32_timing.o
    0x00000720   0x0000000c   Code   RO         1628    i.FL_LPTIM32_EnableETRFilter  fm33lc0xx_fl_lptim32.o
    0x0000072c   0x00000244   Code   RO         1631    i.FL_LPTIM32_Init   fm33lc0xx_fl_lptim32.o
    0x00000970   0x000000bc   Code   RO         1632    i.FL_LPTIM32_OC_Init  fm33lc0xx_fl_lptim32.o
    0x00000a2c   0x0000002a   Code   RO         1634    i.FL_LPTIM32_SetChannelMode  fm33lc0xx_fl_lptim32.o
    0x00000a56   0x0000000c   Code   RO         1635    i.FL_LPTIM32_SetETRCountEdge  fm33lc0xx_fl_lptim32.o
    0x00000a62   0x0000000c   Code   RO         1636    i.FL_LPTIM32_SetETRTriggerEdge  fm33lc0xx_fl_lptim32.o
    0x00000a6e   0x00000002   PAD
    0x00000a70   0x0000003c   Code   RO          364    i.GPIOTask          taskgpio.o
    0x00000aac   0x00000018   Code   RO          365    i.GPIO_IRQCallBack  taskgpio.o
    0x00000ac4   0x00000030   Code   RO          316    i.GPIO_IRQHandler   gpio.o
    0x00000af4   0x000000d4   Code   RO          317    i.GPIO_interrupt_init  gpio.o
    0x00000bc8   0x00000054   Code   RO          281    i.LPTIM32_Init      lptim32_timing.o
    0x00000c1c   0x00000010   Code   RO          282    i.LPTIM_IRQHandler  lptim32_timing.o
    0x00000c2c   0x00000002   Code   RO           13    i.MF_Clock_Init     mf_config.o
    0x00000c2e   0x00000008   Code   RO           14    i.MF_Config_Init    mf_config.o
    0x00000c36   0x00000002   PAD
    0x00000c38   0x00000028   Code   RO           15    i.MF_GPIO_Init      mf_config.o
    0x00000c60   0x00000002   Code   RO           16    i.MF_SystemClock_Config  mf_config.o
    0x00000c62   0x00000002   PAD
    0x00000c64   0x00000078   Code   RO          318    i.NVIC_SetPriority  gpio.o
    0x00000cdc   0x00000002   Code   RO         2832    i.SVC_Handler       port.o
    0x00000cde   0x00000002   PAD
    0x00000ce0   0x00000024   Code   RO         2833    i.SysTick_Handler   port.o
    0x00000d04   0x00000190   Code   RO          398    i.SystemCoreClockUpdate  system_fm33lc0xx.o
    0x00000e94   0x00000124   Code   RO          399    i.SystemInit        system_fm33lc0xx.o
    0x00000fb8   0x000000c4   Code   RO          400    i.SystemPLLClockUpdate  system_fm33lc0xx.o
    0x0000107c   0x0000001c   Code   RO          427    i.__ARM_common_switch8  system_fm33lc0xx.o
    0x00001098   0x00000054   Code   RO          190    i.main              main.o
    0x000010ec   0x0000007c   Code   RO         2512    i.prvAddCurrentTaskToDelayedList  tasks.o
    0x00001168   0x000000a4   Code   RO         2513    i.prvAddNewTaskToReadyList  tasks.o
    0x0000120c   0x00000068   Code   RO         2514    i.prvCheckTasksWaitingTermination  tasks.o
    0x00001274   0x0000002c   Code   RO         2388    i.prvCopyDataFromQueue  queue.o
    0x000012a0   0x00000012   Code   RO         2515    i.prvDeleteTCB      tasks.o
    0x000012b2   0x00000002   PAD
    0x000012b4   0x0000007c   Code   RO         2782    i.prvHeapInit       heap_4.o
    0x00001330   0x00000018   Code   RO         2516    i.prvIdleTask       tasks.o
    0x00001348   0x00000022   Code   RO         2390    i.prvInitialiseNewQueue  queue.o
    0x0000136a   0x00000084   Code   RO         2517    i.prvInitialiseNewTask  tasks.o
    0x000013ee   0x00000002   PAD
    0x000013f0   0x00000064   Code   RO         2518    i.prvInitialiseTaskLists  tasks.o
    0x00001454   0x00000068   Code   RO         2783    i.prvInsertBlockIntoFreeList  heap_4.o
    0x000014bc   0x0000001c   Code   RO         2391    i.prvIsQueueEmpty   queue.o
    0x000014d8   0x00000038   Code   RO         2519    i.prvResetNextTaskUnblockTime  tasks.o
    0x00001510   0x00000014   Code   RO         2834    i.prvSetupTimerInterrupt  port.o
    0x00001524   0x00000006   Code   RO         2835    i.prvTaskExitError  port.o
    0x0000152a   0x0000008e   Code   RO         2393    i.prvUnlockQueue    queue.o
    0x000015b8   0x000000d4   Code   RO         2784    i.pvPortMalloc      heap_4.o
    0x0000168c   0x00000020   Code   RO         2836    i.pxPortInitialiseStack  port.o
    0x000016ac   0x00000028   Code   RO         2343    i.uxListRemove      list.o
    0x000016d4   0x0000001a   Code   RO         2344    i.vListInitialise   list.o
    0x000016ee   0x00000006   Code   RO         2345    i.vListInitialiseItem  list.o
    0x000016f4   0x00000036   Code   RO         2346    i.vListInsert       list.o
    0x0000172a   0x00000018   Code   RO         2347    i.vListInsertEnd    list.o
    0x00001742   0x00000002   PAD
    0x00001744   0x0000001c   Code   RO         2838    i.vPortEnterCritical  port.o
    0x00001760   0x0000001c   Code   RO         2839    i.vPortExitCritical  port.o
    0x0000177c   0x00000050   Code   RO         2785    i.vPortFree         heap_4.o
    0x000017cc   0x00000018   Code   RO         2840    i.vPortYield        port.o
    0x000017e4   0x0000000c   Code   RO         2530    i.vTaskMissedYield  tasks.o
    0x000017f0   0x00000020   Code   RO         2532    i.vTaskPlaceOnEventList  tasks.o
    0x00001810   0x00000018   Code   RO         2536    i.vTaskSetTimeOutState  tasks.o
    0x00001828   0x00000054   Code   RO         2537    i.vTaskStartScheduler  tasks.o
    0x0000187c   0x00000010   Code   RO         2539    i.vTaskSuspendAll   tasks.o
    0x0000188c   0x00000078   Code   RO         2540    i.vTaskSwitchContext  tasks.o
    0x00001904   0x00000038   Code   RO         2841    i.xPortStartScheduler  port.o
    0x0000193c   0x0000003c   Code   RO         2398    i.xQueueGenericCreate  queue.o
    0x00001978   0x00000126   Code   RO         2399    i.xQueueGenericReceive  queue.o
    0x00001a9e   0x00000078   Code   RO         2400    i.xQueueGenericReset  queue.o
    0x00001b16   0x0000006e   Code   RO         2403    i.xQueueGiveFromISR  queue.o
    0x00001b84   0x00000060   Code   RO         2541    i.xTaskCheckForTimeOut  tasks.o
    0x00001be4   0x0000005c   Code   RO         2542    i.xTaskCreate       tasks.o
    0x00001c40   0x00000120   Code   RO         2547    i.xTaskIncrementTick  tasks.o
    0x00001d60   0x00000080   Code   RO         2550    i.xTaskRemoveFromEventList  tasks.o
    0x00001de0   0x000000e0   Code   RO         2552    i.xTaskResumeAll    tasks.o
    0x00001ec0   0x00000020   Data   RO         3127    Region$$Table       anon$$obj.o


    Execution Region RW_IRAM1 (Base: 0x20000000, Size: 0x00005598, Max: 0x00006000, ABSOLUTE)

    Base Addr    Size         Type   Attr      Idx    E Section Name        Object

    0x20000000   0x00000004   Data   RW          191    .data               main.o
    0x20000004   0x00000004   Data   RW          366    .data               taskgpio.o
    0x20000008   0x0000000c   Data   RW          401    .data               system_fm33lc0xx.o
    0x20000014   0x0000003c   Data   RW         2555    .data               tasks.o
    0x20000050   0x00000018   Data   RW         2790    .data               heap_4.o
    0x20000068   0x00000004   Data   RW         2842    .data               port.o
    0x2000006c   0x000000c8   Zero   RW         2554    .bss                tasks.o
    0x20000134   0x00004400   Zero   RW         2789    .bss                heap_4.o
    0x20004534   0x00000060   Zero   RW         3000    .bss                c_p.l(libspace.o)
    0x20004594   0x00000004   PAD
    0x20004598   0x00000800   Zero   RW            2    HEAP                startup_fm33lc0xx.o
    0x20004d98   0x00000800   Zero   RW            1    STACK               startup_fm33lc0xx.o


==============================================================================

Image component sizes


      Code (inc. data)   RO Data    RW Data    ZI Data      Debug   Object Name

        40          6          0          0          0        949   fm33lc0xx_fl.o
       508         14          0          0          0      49087   fm33lc0xx_fl_gpio.o
       846         12          0          0          0      46103   fm33lc0xx_fl_lptim32.o
       412         28          0          0          0      52712   gpio.o
       520         64          0         24      17408       3739   heap_4.o
       150          0          0          0          0       4410   list.o
       108          8          0          0          0      11614   lptim32_timing.o
        84         16          0          4          0      14103   main.o
        52          4          0          0          0      32980   mf_config.o
       352         54          0          4          0       6168   port.o
       832          0          0          0          0       7318   queue.o
        56         26        192          0       4096        744   startup_fm33lc0xx.o
       916        126          0         12          0       2403   system_fm33lc0xx.o
        84         20          0          4          0      15734   taskgpio.o
      1838        294          0         60        200      15180   tasks.o

    ----------------------------------------------------------------------
      6812        672        224        108      21704     263244   Object Totals
         0          0         32          0          0          0   (incl. Generated)
        14          0          0          0          0          0   (incl. Padding)

    ----------------------------------------------------------------------

      Code (inc. data)   RO Data    RW Data    ZI Data      Debug   Library Member Name

         8          0          0          0          0         68   __main.o
         0          0          0          0          0          0   __rtentry.o
        12          0          0          0          0          0   __rtentry2.o
         6          0          0          0          0          0   __rtentry4.o
        60          8          0          0          0          0   __scatter.o
        26          0          0          0          0          0   __scatter_copy.o
        28          0          0          0          0          0   __scatter_zi.o
       346          0          0          0          0         92   aeabi_sdiv.o
        16          0          0          0          0         68   exit.o
         6          0          0          0          0        136   heapauxi.o
         0          0          0          0          0          0   indicate_semi.o
         2          0          0          0          0          0   libinit.o
         2          0          0          0          0          0   libinit2.o
         2          0          0          0          0          0   libshutdown.o
         2          0          0          0          0          0   libshutdown2.o
         8          4          0          0         96         68   libspace.o
        64          0          0          0          0        108   rt_memclr.o
       186          0          0          0          0        144   rt_memcpy.o
         2          0          0          0          0          0   rtexit.o
        10          0          0          0          0          0   rtexit2.o
        12          4          0          0          0         60   sys_exit.o
        62          0          0          0          0         80   sys_stackheap_outer.o
         2          0          0          0          0         68   use_no_semi.o

    ----------------------------------------------------------------------
       868         16          0          0        100        892   Library Totals
         6          0          0          0          4          0   (incl. Padding)

    ----------------------------------------------------------------------

      Code (inc. data)   RO Data    RW Data    ZI Data      Debug   Library Name

       862         16          0          0         96        892   c_p.l

    ----------------------------------------------------------------------
       868         16          0          0        100        892   Library Totals

    ----------------------------------------------------------------------

==============================================================================


      Code (inc. data)   RO Data    RW Data    ZI Data      Debug   

      7680        688        224        108      21804     260456   Grand Totals
      7680        688        224        108      21804     260456   ELF Image Totals
      7680        688        224        108          0          0   ROM Totals

==============================================================================

    Total RO  Size (Code + RO Data)                 7904 (   7.72kB)
    Total RW  Size (RW Data + ZI Data)             21912 (  21.40kB)
    Total ROM Size (Code + RO Data + RW Data)       8012 (   7.82kB)

==============================================================================

