<html>
<body>
<pre>
<h1>µVision Build Log</h1>
<h2>Tool Versions:</h2>
IDE-Version: ¦ÌVision V5.23.0.0
Copyright (C) 2017 ARM Ltd and ARM Germany GmbH. All rights reserved.
License Information: 1 admin, 1, LIC=14HV2-97ADH-CXEU6-D1FQE-HPE1A-WYZDQ
 
Tool Versions:
Toolchain:       MDK-ARM Plus  Version: 5.23
Toolchain Path:  C:\Keil_v5\ARM\ARMCC\Bin
C Compiler:      Armcc.exe V5.06 update 4 (build 422)
Assembler:       Armasm.exe V5.06 update 4 (build 422)
Linker/Locator:  ArmLink.exe V5.06 update 4 (build 422)
Library Manager: ArmAr.exe V5.06 update 4 (build 422)
Hex Converter:   FromElf.exe V5.06 update 4 (build 422)
CPU DLL:         SARMCM3.DLL V5.23
Dialog DLL:      DARMCM1.DLL V1.17.0.0
Target DLL:      UL2CM3.DLL V1.159.7.0
Dialog DLL:      TARMCM1.DLL V1.12.0.0
 
<h2>Project:</h2>
e:\work\git_room\FreeRTOS_Learn\FreeRTOS_DeepSleep\MDK-ARM\FreeRTOS_SLEEP.uvprojx
Project File Date:  04/02/2025

<h2>Output:</h2>
*** Using Compiler 'V5.06 update 4 (build 422)', folder: 'C:\Keil_v5\ARM\ARMCC\Bin'
Rebuild target 'FreeRTOS_DeepSleep'
compiling fm33lc0xx_fl_crc.c...
assembling startup_fm33lc0xx.s...
compiling mf_config.c...
compiling fm33lc0xx_fl_flash.c...
compiling system_fm33lc0xx.c...
compiling fm33lc0xx_fl_exti.c...
compiling main.c...
compiling fm33lc0xx_fl_adc.c...
compiling fm33lc0xx_fl_aes.c...
compiling fm33lc0xx_fl_bstim32.c...
compiling fm33lc0xx_fl_gpio.c...
compiling lptim32_timing.c...
compiling gpio.c...
compiling fm33lc0xx_fl_comp.c...
compiling fm33lc0xx_fl.c...
compiling fm33lc0xx_fl_dma.c...
compiling fm33lc0xx_fl_divas.c...
compiling taskgpio.c...
compiling fm33lc0xx_fl_gptim.c...
compiling fm33lc0xx_fl_atim.c...
compiling fm33lc0xx_fl_i2c.c...
compiling fm33lc0xx_fl_iwdt.c...
compiling fm33lc0xx_fl_lpuart.c...
compiling fm33lc0xx_fl_lptim32.c...
compiling fm33lc0xx_fl_opa.c...
compiling fm33lc0xx_fl_pmu.c...
compiling fm33lc0xx_fl_rcc.c...
compiling fm33lc0xx_fl_rng.c...
compiling fm33lc0xx_fl_rtc.c...
compiling list.c...
compiling croutine.c...
compiling fm33lc0xx_fl_spi.c...
compiling timers.c...
compiling queue.c...
compiling heap_4.c...
compiling tasks.c...
compiling port.c...
compiling fm33lc0xx_fl_svd.c...
compiling fm33lc0xx_fl_u7816.c...
compiling fm33lc0xx_fl_uart.c...
compiling fm33lc0xx_fl_lcd.c...
compiling fm33lc0xx_fl_wwdt.c...
compiling Tickless_Hook.c...
linking...
Program Size: Code=7680 RO-data=224 RW-data=108 ZI-data=21804  
FromELF: creating hex file...
".\Objects\\ADC_Poll.axf" - 0 Error(s), 0 Warning(s).

<h2>Collection of Component include folders:</h2>
  .\RTE\_FreeRTOS_DeepSleep
  C:\Keil_v5\ARM\PACK\FMSH\FM33LC0XX_DFP\3.0.4\Device\Include

<h2>Collection of Component Files used:</h2>
Build Time Elapsed:  00:00:02
</pre>
</body>
</html>
